*** SOLVE (FeasShoot) ***
iter    cost       merit      stop      |grad|      preg       dreg      step   ||ffeas||  ||gfeas||  ||hfeas||   dV-exp       dV      dPhi-exp     dPhi
   0  1.567e+01  1.876e+01  3.267e+00  3.722e+01  1.000e-09  1.000e-09  0.5000  1.471e-01  0.000e+00  3.120e+00  9.854e+00  8.148e+00  9.883e+00  8.206e+00
   1  6.823e+01  6.998e+01  3.717e+00  4.347e+01  1.000e-09  1.000e-09  1.0000  0.000e+00  0.000e+00  3.717e+00 -2.191e+01 -5.256e+01 -2.212e+01 -5.277e+01
   2  4.166e+01  6.418e+01  1.211e+00  1.361e+02  1.000e-09  1.000e-09  0.5000  4.337e-19  0.000e+00  1.211e+00  4.611e+01  2.656e+01  6.941e+01  7.316e+01
   3  2.974e+01  5.880e+01  1.094e+00  7.390e+01  1.000e-09  1.000e-09  1.0000  0.000e+00  0.000e+00  7.327e-01  3.363e+01  1.192e+01  5.261e+01  3.091e+01
   4  9.751e+00  2.766e+01  2.167e+00  4.527e+01  1.000e-09  1.000e-09  0.5000  5.551e-17  0.000e+00  3.942e-01  1.714e+01  1.999e+01  2.483e+01  3.537e+01
   5  9.390e+00  1.307e+01  3.391e-01  6.339e+00  1.000e-09  1.000e-09  1.0000  0.000e+00  0.000e+00  1.621e-01  3.524e+00  3.610e-01  8.796e+00  5.634e+00
   6  6.981e+00  7.807e+00  3.940e-01  6.547e+00  1.000e-09  1.000e-09  1.0000  0.000e+00  0.000e+00  2.978e-02  3.144e+00  2.409e+00  6.811e+00  6.076e+00
   7  6.232e+00  6.252e+00  1.037e-01  1.445e+00  1.000e-09  1.000e-09  1.0000  0.000e+00  0.000e+00  5.535e-04  7.497e-01  7.491e-01  1.801e+00  1.800e+00
   8  6.231e+00  6.232e+00  1.317e-04  1.044e-03  1.000e-09  1.000e-09  1.0000  0.000e+00  0.000e+00  2.428e-05  9.520e-04  9.373e-04  1.047e-02  1.045e-02
   9  6.231e+00  6.231e+00  4.918e-06  4.103e-05  1.000e-09  1.000e-09  1.0000  0.000e+00  0.000e+00  2.895e-06  3.556e-05  3.416e-05  2.278e-04  2.264e-04
iter    cost       merit      stop      |grad|      preg       dreg      step   ||ffeas||  ||gfeas||  ||hfeas||   dV-exp       dV      dPhi-exp     dPhi
  10  6.231e+00  6.231e+00  5.496e-07  4.645e-06  1.000e-08  1.000e-08  1.0000  0.000e+00  0.000e+00  3.123e-07  3.975e-06  3.850e-06  1.558e-05  1.546e-05
  11  6.231e+00  6.231e+00  6.122e-08  5.254e-07  1.000e-07  1.000e-07  1.0000  0.000e+00  0.000e+00  3.891e-08  4.427e-07  4.271e-07  1.057e-06  1.042e-06
  12  6.231e+00  6.231e+00  7.579e-09  6.501e-08  1.000e-06  1.000e-06  1.0000  0.000e+00  0.000e+00  4.766e-09  5.480e-08  5.292e-08  1.235e-07  1.216e-07
*** SOLVE (MultiShoot) ***
iter    cost       merit      stop      |grad|      preg       dreg      step   ||ffeas||  ||gfeas||  ||hfeas||   dV-exp       dV      dPhi-exp     dPhi
   0  2.013e+01  2.266e+01  2.518e+00  3.722e+01  1.000e-09  1.000e-09  0.2500  2.661e-01  0.000e+00  2.252e+00  7.115e+00  3.688e+00  7.319e+00  4.504e+00
   1  1.841e+01  1.953e+01  2.234e+00  3.171e+01  1.000e-09  1.000e-09  0.1250  2.678e-01  0.000e+00  1.966e+00  3.230e+00  1.725e+00  3.248e+00  1.868e+00
   2  1.686e+01  1.736e+01  1.975e+00  2.698e+01  1.000e-09  1.000e-09  0.1250  2.580e-01  0.000e+00  1.717e+00  2.751e+00  1.546e+00  2.760e+00  1.611e+00
   3  1.560e+01  1.582e+01  1.744e+00  2.262e+01  1.000e-09  1.000e-09  0.1250  2.447e-01  0.000e+00  1.500e+00  2.343e+00  1.260e+00  2.347e+00  1.289e+00
   4  1.465e+01  1.474e+01  1.541e+00  1.911e+01  1.000e-09  1.000e-09  0.1250  2.304e-01  0.000e+00  1.311e+00  2.022e+00  9.530e-01  2.023e+00  9.658e-01
   5  1.388e+01  1.392e+01  1.376e+00  1.653e+01  1.000e-09  1.000e-09  0.1250  2.302e-01  0.000e+00  1.146e+00  1.784e+00  7.698e-01  1.784e+00  7.749e-01
   6  1.317e+01  1.353e+01  1.245e+00  1.453e+01  1.000e-09  1.000e-09  0.1250  2.434e-01  0.000e+00  1.002e+00  1.594e+00  7.046e-01  1.598e+00  7.424e-01
   7  1.248e+01  1.415e+01  1.122e+00  1.279e+01  1.000e-09  1.000e-09  0.1250  2.460e-01  0.000e+00  8.762e-01  1.420e+00  6.928e-01  1.443e+00  8.765e-01
   8  1.248e+01  1.459e+01  9.360e-01  1.116e+01  1.000e-09  1.000e-09  0.2500  2.800e-01  0.000e+00  6.560e-01  2.202e+00 -8.485e-04  2.307e+00  4.185e-01
   9  1.161e+01  1.527e+01  7.546e-01  1.066e+01  1.000e-09  1.000e-09  0.2500  2.631e-01  0.000e+00  4.915e-01  2.198e+00  8.660e-01  2.418e+00  1.746e+00
iter    cost       merit      stop      |grad|      preg       dreg      step   ||ffeas||  ||gfeas||  ||hfeas||   dV-exp       dV      dPhi-exp     dPhi
  10  1.110e+01  1.384e+01  4.865e-01  8.568e+00  1.000e-09  1.000e-09  0.5000  2.384e-01  0.000e+00  2.481e-01  2.886e+00  5.166e-01  3.642e+00  2.028e+00
  11  9.085e+00  1.025e+01  2.988e-01  6.846e+00  1.000e-09  1.000e-09  1.0000  1.069e-01  0.000e+00  2.490e-02  3.013e+00  2.013e+00  6.151e+00  5.151e+00
  12  7.933e+00  7.957e+00  1.301e-01  2.083e+00  1.000e-09  1.000e-09  1.0000  1.531e-03  0.000e+00  3.300e-04  1.162e+00  1.151e+00  2.799e+00  2.788e+00
  13  7.923e+00  7.924e+00  1.125e-03  1.091e-02  1.000e-09  1.000e-09  1.0000  7.623e-05  0.000e+00  1.227e-06  1.004e-02  1.015e-02  2.378e-02  2.389e-02
  14  7.923e+00  7.923e+00  2.127e-05  1.638e-04  1.000e-09  1.000e-09  1.0000  3.583e-06  0.000e+00  1.515e-07 -1.898e-04 -1.920e-04  9.427e-05  9.205e-05
  15  7.923e+00  7.923e+00  2.871e-07  9.571e-07  1.000e-08  1.000e-08  1.0000  2.433e-07  0.000e+00  1.498e-08 -2.562e-06 -2.757e-06  4.136e-06  3.940e-06
  16  7.923e+00  7.923e+00  1.763e-08  1.798e-09  1.000e-07  1.000e-07  1.0000  1.621e-08  0.000e+00  1.419e-09 -1.041e-07 -1.139e-07  1.277e-07  1.179e-07
  17  7.923e+00  7.923e+00  1.173e-09  2.901e-09  1.000e-06  1.000e-06  1.0000  1.052e-09  0.000e+00  1.220e-10 -9.676e-09 -9.976e-09  6.172e-09  5.872e-09
*** SOLVE (HybridShoot: 11) ***
iter    cost       merit      stop      |grad|      preg       dreg      step   ||ffeas||  ||gfeas||  ||hfeas||   dV-exp       dV      dPhi-exp     dPhi
   0  1.858e+01  2.223e+01  3.859e+00  3.722e+01  1.000e-09  1.000e-09  0.2500  1.607e+00  0.000e+00  2.252e+00  7.115e+00  5.236e+00  6.990e+00  4.735e+00
   1  1.649e+01  1.827e+01  3.767e+00  2.883e+01  1.000e-09  1.000e-09  0.1250  1.801e+00  0.000e+00  1.966e+00  2.900e+00  2.089e+00  2.905e+00  2.132e+00
   2  1.492e+01  1.576e+01  3.577e+00  2.356e+01  1.000e-09  1.000e-09  0.1250  1.860e+00  0.000e+00  1.717e+00  2.360e+00  1.576e+00  2.365e+00  1.621e+00
   3  1.378e+01  1.417e+01  3.326e+00  1.923e+01  1.000e-09  1.000e-09  0.1250  1.827e+00  0.000e+00  1.500e+00  1.953e+00  1.138e+00  1.957e+00  1.168e+00
   4  1.298e+01  1.316e+01  3.051e+00  1.596e+01  1.000e-09  1.000e-09  0.1250  1.740e+00  0.000e+00  1.311e+00  1.658e+00  8.009e-01  1.660e+00  8.172e-01
   5  1.236e+01  1.245e+01  2.771e+00  1.363e+01  1.000e-09  1.000e-09  0.1250  1.625e+00  0.000e+00  1.146e+00  1.447e+00  6.151e-01  1.448e+00  6.233e-01
   6  1.181e+01  1.185e+01  2.499e+00  1.188e+01  1.000e-09  1.000e-09  0.1250  1.497e+00  0.000e+00  1.002e+00  1.285e+00  5.508e-01  1.285e+00  5.548e-01
   7  1.127e+01  1.147e+01  2.242e+00  1.040e+01  1.000e-09  1.000e-09  0.1250  1.366e+00  0.000e+00  8.762e-01  1.140e+00  5.421e-01  1.142e+00  5.645e-01
   8  1.073e+01  1.167e+01  2.065e+00  9.013e+00  1.000e-09  1.000e-09  0.1250  1.298e+00  0.000e+00  7.664e-01  9.969e-01  5.383e-01  1.007e+00  6.185e-01
   9  1.022e+01  1.145e+01  1.936e+00  7.683e+00  1.000e-09  1.000e-09  0.1250  1.265e+00  0.000e+00  6.704e-01  8.548e-01  5.170e-01  8.651e-01  5.995e-01
iter    cost       merit      stop      |grad|      preg       dreg      step   ||ffeas||  ||gfeas||  ||hfeas||   dV-exp       dV      dPhi-exp     dPhi
  10  9.914e+00  1.118e+01  1.855e+00  6.427e+00  1.000e-09  1.000e-09  0.2500  1.352e+00  0.000e+00  5.023e-01  1.263e+00  3.013e-01  1.277e+00  3.567e-01
  11  9.322e+00  1.092e+01  1.612e+00  5.373e+00  1.000e-09  1.000e-09  0.2500  1.236e+00  0.000e+00  3.765e-01  1.088e+00  5.917e-01  1.148e+00  8.327e-01
  12  8.946e+00  1.013e+01  1.303e+00  3.850e+00  1.000e-09  1.000e-09  0.5000  1.115e+00  0.000e+00  1.879e-01  1.219e+00  3.766e-01  1.360e+00  6.580e-01
  13  8.309e+00  8.817e+00  4.955e-01  2.496e+00  1.000e-09  1.000e-09  1.0000  4.804e-01  0.000e+00  1.508e-02  9.367e-01  6.370e-01  1.766e+00  1.466e+00
  14  7.933e+00  7.946e+00  4.316e-02  6.219e-01  1.000e-09  1.000e-09  1.0000  1.185e-02  0.000e+00  1.374e-04  3.856e-01  3.760e-01  9.230e-01  9.135e-01
  15  7.923e+00  7.923e+00  1.039e-03  1.010e-02  1.000e-09  1.000e-09  1.0000  1.170e-04  0.000e+00  3.056e-07  9.272e-03  9.267e-03  2.239e-02  2.238e-02
  16  7.923e+00  7.923e+00  9.628e-06  1.679e-05  1.000e-09  1.000e-09  1.0000  9.569e-06  0.000e+00  5.960e-08 -2.780e-05 -2.916e-05  3.169e-05  3.033e-05
  17  7.923e+00  7.923e+00  6.501e-07  3.932e-09  1.000e-08  1.000e-08  1.0000  6.434e-07  0.000e+00  6.668e-09 -6.927e-07 -7.785e-07  1.787e-06  1.701e-06
  18  7.923e+00  7.923e+00  4.113e-08  9.399e-10  1.000e-07  1.000e-07  1.0000  4.053e-08  0.000e+00  6.000e-10 -4.303e-08 -4.794e-08  4.106e-08  3.615e-08
  19  7.923e+00  7.923e+00  2.541e-09  5.376e-10  1.000e-06  1.000e-06  1.0000  2.488e-09  0.000e+00  5.285e-11 -3.448e-09 -3.585e-09 -7.842e-10 -9.213e-10
Target end-effector pose:
   position: [1. 0. 1.]
   quaternion: [ 0.6124  0.3536  0.6124 -0.3536]
Terminal end-effector pose:
   position: [1. 0. 1.]
   quaternion: [ 0.6124  0.3536  0.6124 -0.3536]
