*** SOLVE walking (FeasShoot) ***
iter    cost       merit      stop      |grad|      preg       dreg      step   ||ffeas||  ||gfeas||  ||hfeas||   dV-exp       dV      dPhi-exp     dPhi
   0  6.265e+06  6.265e+06  3.614e+00  4.529e+07  1.000e-09  1.000e-09  0.5000  7.248e-15  0.000e+00  0.000e+00  1.698e+07  1.639e+07  1.698e+07  1.639e+07
   1  3.910e+04  3.910e+04  1.601e+02  1.252e+07  1.000e-09  1.000e-09  1.0000  0.000e+00  0.000e+00  0.000e+00  6.260e+06  6.226e+06  6.260e+06  6.226e+06
   2  1.084e+04  1.084e+04  3.137e+00  6.803e+04  1.000e-09  1.000e-09  1.0000  0.000e+00  0.000e+00  0.000e+00  3.402e+04  2.826e+04  3.402e+04  2.826e+04
   3  7.888e+03  7.888e+03  7.176e-01  1.132e+04  1.000e-09  1.000e-09  0.5000  4.336e-19  0.000e+00  0.000e+00  4.246e+03  2.953e+03  4.246e+03  2.953e+03
   4  6.451e+03  6.451e+03  4.201e-01  5.422e+03  1.000e-09  1.000e-09  0.5000  1.084e-19  0.000e+00  0.000e+00  2.033e+03  1.437e+03  2.033e+03  1.437e+03
   5  5.377e+03  5.377e+03  2.375e-01  2.554e+03  1.000e-09  1.000e-09  1.0000  0.000e+00  0.000e+00  0.000e+00  1.277e+03  1.074e+03  1.277e+03  1.074e+03
   6  5.356e+03  5.356e+03  7.464e-02  7.998e+02  1.000e-09  1.000e-09  0.0625  2.033e-19  0.000e+00  0.000e+00  4.842e+01  2.078e+01  4.842e+01  2.078e+01
   7  5.281e+03  5.281e+03  4.811e-02  5.083e+02  1.000e-09  1.000e-09  0.5000  2.168e-19  0.000e+00  0.000e+00  1.906e+02  7.572e+01  1.906e+02  7.572e+01
   8  5.118e+03  5.118e+03  3.314e-02  3.393e+02  1.000e-09  1.000e-09  1.0000  0.000e+00  0.000e+00  0.000e+00  1.696e+02  1.630e+02  1.696e+02  1.630e+02
   9  5.114e+03  5.114e+03  1.895e-03  1.939e+01  1.000e-09  1.000e-09  0.2500  3.253e-19  0.000e+00  0.000e+00  4.242e+00  3.310e+00  4.242e+00  3.310e+00
iter    cost       merit      stop      |grad|      preg       dreg      step   ||ffeas||  ||gfeas||  ||hfeas||   dV-exp       dV      dPhi-exp     dPhi
  10  5.109e+03  5.109e+03  1.059e-03  1.083e+01  1.000e-09  1.000e-09  1.0000  0.000e+00  0.000e+00  0.000e+00  5.413e+00  5.071e+00  5.413e+00  5.071e+00
  11  5.109e+03  5.109e+03  8.411e-05  8.596e-01  1.000e-09  1.000e-09  1.0000  0.000e+00  0.000e+00  0.000e+00  4.298e-01  2.890e-01  4.298e-01  2.890e-01
  12  5.109e+03  5.109e+03  2.784e-05  2.846e-01  1.000e-09  1.000e-09  1.0000  0.000e+00  0.000e+00  0.000e+00  1.423e-01  1.423e-01  1.423e-01  1.423e-01
*** SOLVE walking (MultiShoot) ***
iter    cost       merit      stop      |grad|      preg       dreg      step   ||ffeas||  ||gfeas||  ||hfeas||   dV-exp       dV      dPhi-exp     dPhi
   0  1.686e+05  1.686e+05  1.343e+02  4.529e+07  1.000e-09  1.000e-09  1.0000  9.960e-01  0.000e+00  0.000e+00  2.264e+07  2.248e+07  2.264e+07  2.248e+07
   1  3.317e+04  1.026e+05  4.941e+00  3.279e+05  1.000e-09  1.000e-09  1.0000  2.955e-01  0.000e+00  0.000e+00  1.639e+05  1.354e+05  3.285e+05  3.000e+05
   2  2.946e+04  4.378e+04  9.453e-01  5.575e+04  1.000e-09  1.000e-09  1.0000  1.063e-01  0.000e+00  0.000e+00  2.785e+04  3.704e+03  5.333e+04  2.918e+04
   3  1.757e+04  3.069e+04  1.387e+00  4.875e+04  1.000e-09  1.000e-09  1.0000  4.004e-02  0.000e+00  0.000e+00  2.438e+04  1.189e+04  4.609e+04  3.360e+04
   4  5.370e+03  3.299e+04  2.304e+00  2.475e+04  1.000e-09  1.000e-09  1.0000  6.256e-02  0.000e+00  0.000e+00  1.237e+04  1.220e+04  2.434e+03  2.262e+03
   5  8.863e+03  1.488e+04  4.157e-02  7.348e+02  1.000e-09  1.000e-09  1.0000  2.724e-02  0.000e+00  0.000e+00  3.685e+02 -3.493e+03  8.163e+03  4.302e+03
   6  5.449e+03  1.314e+04  6.818e-01  7.431e+03  1.000e-09  1.000e-09  1.0000  3.949e-02  0.000e+00  0.000e+00  3.716e+03  3.413e+03  1.330e+03  1.027e+03
   7  5.400e+03  7.263e+03  6.909e-02  7.457e+02  1.000e-09  1.000e-09  0.5000  1.912e-02  0.000e+00  0.000e+00  2.797e+02  4.969e+01  1.272e+03  2.034e+03
   8  5.110e+03  5.457e+03  5.659e-02  5.783e+02  1.000e-09  1.000e-09  1.0000  7.110e-03  0.000e+00  0.000e+00  2.893e+02  2.893e+02  8.746e+02  8.746e+02
   9  5.115e+03  5.193e+03  3.210e-03  3.374e+00  1.000e-09  1.000e-09  1.0000  3.210e-03  0.000e+00  0.000e+00  1.752e+00 -4.203e+00  9.674e+01  9.079e+01
iter    cost       merit      stop      |grad|      preg       dreg      step   ||ffeas||  ||gfeas||  ||hfeas||   dV-exp       dV      dPhi-exp     dPhi
  10  5.118e+03  5.132e+03  1.158e-03  1.079e+01  1.000e-09  1.000e-09  1.0000  1.158e-03  0.000e+00  0.000e+00  5.398e+00 -3.299e+00  3.039e+01  2.169e+01
  11  5.118e+03  5.125e+03  1.834e-03  1.878e+01  1.000e-09  1.000e-09  0.5000  6.017e-04  0.000e+00  0.000e+00  7.041e+00  2.557e-01  1.026e+01  6.698e+00
  12  5.109e+03  5.117e+03  1.668e-03  1.705e+01  1.000e-09  1.000e-09  1.0000  3.708e-04  0.000e+00  0.000e+00  8.524e+00  8.618e+00  1.320e+01  1.329e+01
  13  5.109e+03  5.113e+03  3.505e-04  3.582e+00  1.000e-09  1.000e-09  0.0625  3.488e-04  0.000e+00  0.000e+00  2.169e-01 -8.579e-02  2.308e-01  1.363e-01
  14  5.109e+03  5.109e+03  6.765e-05  6.917e-01  1.000e-09  1.000e-09  1.0000  6.763e-05  0.000e+00  0.000e+00  3.457e-01  3.463e-01  1.768e+00  1.769e+00
  15  5.109e+03  5.109e+03  2.820e-07  3.036e-03  1.000e-09  1.000e-09  1.0000  1.529e-07  0.000e+00  0.000e+00  1.441e-03  1.441e-03  1.722e-01  1.722e-01
*** SOLVE walking (HybridShoot: 30) ***
iter    cost       merit      stop      |grad|      preg       dreg      step   ||ffeas||  ||gfeas||  ||hfeas||   dV-exp       dV      dPhi-exp     dPhi
   0  2.111e+06  2.117e+06  1.073e+01  4.529e+07  1.000e-09  1.000e-09  1.0000  2.384e+00  0.000e+00  0.000e+00  2.264e+07  2.054e+07  2.264e+07  2.053e+07
   1  3.772e+04  5.203e+05  5.583e+01  4.213e+06  1.000e-09  1.000e-09  1.0000  3.823e-01  0.000e+00  0.000e+00  2.106e+06  2.074e+06  4.633e+06  4.600e+06
   2  2.945e+04  7.141e+04  1.099e+00  6.483e+04  1.000e-09  1.000e-09  1.0000  6.649e-02  0.000e+00  0.000e+00  3.237e+04  8.273e+03  2.317e+05  2.076e+05
   3  9.597e+03  2.368e+04  2.539e+00  4.874e+04  1.000e-09  1.000e-09  1.0000  2.690e-02  0.000e+00  0.000e+00  2.437e+04  1.985e+04  4.509e+04  4.058e+04
   4  8.171e+03  1.711e+04  5.457e-01  8.915e+03  1.000e-09  1.000e-09  1.0000  3.414e-02  0.000e+00  0.000e+00  4.459e+03  1.426e+03  2.566e+03 -4.678e+02
   5  7.039e+03  9.293e+03  4.390e-01  6.177e+03  1.000e-09  1.000e-09  0.5000  1.722e-02  0.000e+00  0.000e+00  2.317e+03  1.132e+03  3.424e+03  3.346e+03
   6  6.371e+03  7.725e+03  2.988e-01  3.805e+03  1.000e-09  1.000e-09  0.5000  8.577e-03  0.000e+00  0.000e+00  1.427e+03  6.679e+02  2.110e+03  2.033e+03
   7  5.134e+03  6.064e+03  2.396e-01  2.461e+03  1.000e-09  1.000e-09  1.0000  4.537e-03  0.000e+00  0.000e+00  1.231e+03  1.237e+03  2.059e+03  2.065e+03
   8  5.163e+03  5.530e+03  1.026e-02  1.059e+02  1.000e-09  1.000e-09  0.2500  3.576e-03  0.000e+00  0.000e+00  2.317e+01 -2.897e+01  4.780e+01  6.955e+01
   9  5.192e+03  5.272e+03  1.062e-02  1.103e+02  1.000e-09  1.000e-09  1.0000  1.560e-03  0.000e+00  0.000e+00  5.514e+01 -2.854e+01  1.584e+02  7.476e+01
iter    cost       merit      stop      |grad|      preg       dreg      step   ||ffeas||  ||gfeas||  ||hfeas||   dV-exp       dV      dPhi-exp     dPhi
  10  5.129e+03  5.212e+03  1.614e-02  1.653e+02  1.000e-09  1.000e-09  1.0000  1.094e-03  0.000e+00  0.000e+00  8.279e+01  6.269e+01  1.181e+02  9.805e+01
  11  5.136e+03  5.167e+03  4.388e-03  4.538e+01  1.000e-09  1.000e-09  0.2500  8.187e-04  0.000e+00  0.000e+00  9.918e+00 -6.581e+00  1.252e+01  3.846e+00
  12  5.109e+03  5.110e+03  5.227e-03  5.365e+01  1.000e-09  1.000e-09  1.0000  3.278e-05  0.000e+00  0.000e+00  2.671e+01  2.679e+01  6.334e+01  6.342e+01
  13  5.109e+03  5.110e+03  5.469e-05  5.614e-01  1.000e-09  1.000e-09  0.1250  2.872e-05  0.000e+00  0.000e+00  6.577e-02 -6.159e-02  7.762e-02  3.320e-02
  14  5.109e+03  5.109e+03  3.280e-05  3.374e-01  1.000e-09  1.000e-09  1.0000  3.153e-07  0.000e+00  0.000e+00  1.676e-01  1.676e-01  4.985e-01  4.985e-01

*** SOLVE walking (FeasShoot) ***
iter    cost       merit      stop      |grad|      preg       dreg      step   ||ffeas||  ||gfeas||  ||hfeas||   dV-exp       dV      dPhi-exp     dPhi
   0  9.817e+06  3.576e+07  3.700e+00  7.263e+07  1.000e-09  1.000e-09  0.5000  5.075e-01  0.000e+00  0.000e+00  2.724e+07  2.652e+07  4.021e+07  5.246e+07
   1  2.440e+06  9.444e+06  4.019e+00  1.961e+07  1.000e-09  1.000e-09  0.5000  2.537e-01  0.000e+00  0.000e+00  7.354e+06  7.377e+06  1.086e+07  1.438e+07
   2  1.258e+05  1.258e+05  1.931e+01  4.860e+06  1.000e-09  1.000e-09  1.0000  0.000e+00  0.000e+00  0.000e+00  2.430e+06  2.314e+06  5.933e+06  5.816e+06
   3  3.680e+04  3.680e+04  3.250e+00  2.391e+05  1.000e-09  1.000e-09  1.0000  0.000e+00  0.000e+00  0.000e+00  1.196e+05  8.903e+04  1.196e+05  8.903e+04
   4  2.984e+04  2.984e+04  1.029e+00  6.143e+04  1.000e-09  1.000e-09  1.0000  0.000e+00  0.000e+00  0.000e+00  3.072e+04  6.955e+03  3.072e+04  6.955e+03
   5  1.706e+04  1.706e+04  1.382e+00  4.715e+04  1.000e-09  1.000e-09  1.0000  0.000e+00  0.000e+00  0.000e+00  2.358e+04  1.278e+04  2.358e+04  1.278e+04
   6  8.233e+03  8.233e+03  1.315e+00  2.165e+04  1.000e-09  1.000e-09  1.0000  0.000e+00  0.000e+00  0.000e+00  1.082e+04  8.831e+03  1.082e+04  8.831e+03
   7  6.750e+03  6.750e+03  3.054e-01  4.124e+03  1.000e-09  1.000e-09  1.0000  0.000e+00  0.000e+00  0.000e+00  2.062e+03  1.482e+03  2.062e+03  1.482e+03
   8  6.613e+03  6.613e+03  9.471e-02  1.253e+03  1.000e-09  1.000e-09  0.5000  2.168e-19  0.000e+00  0.000e+00  4.698e+02  1.375e+02  4.698e+02  1.375e+02
   9  6.406e+03  6.406e+03  7.436e-02  9.529e+02  1.000e-09  1.000e-09  1.0000  0.000e+00  0.000e+00  0.000e+00  4.764e+02  2.069e+02  4.764e+02  2.069e+02
iter    cost       merit      stop      |grad|      preg       dreg      step   ||ffeas||  ||gfeas||  ||hfeas||   dV-exp       dV      dPhi-exp     dPhi
  10  6.284e+03  6.284e+03  4.685e-02  5.889e+02  1.000e-09  1.000e-09  0.5000  1.084e-19  0.000e+00  0.000e+00  2.208e+02  1.219e+02  2.208e+02  1.219e+02
  11  6.132e+03  6.132e+03  2.556e-02  3.135e+02  1.000e-09  1.000e-09  1.0000  0.000e+00  0.000e+00  0.000e+00  1.568e+02  1.518e+02  1.568e+02  1.518e+02
  12  6.127e+03  6.127e+03  8.674e-04  1.063e+01  1.000e-09  1.000e-09  1.0000  0.000e+00  0.000e+00  0.000e+00  5.315e+00  5.270e+00  5.315e+00  5.270e+00
  13  6.127e+03  6.127e+03  6.825e-06  8.365e-02  1.000e-09  1.000e-09  1.0000  0.000e+00  0.000e+00  0.000e+00  4.183e-02  4.395e-02  4.183e-02  4.395e-02
*** SOLVE walking (MultiShoot) ***
iter    cost       merit      stop      |grad|      preg       dreg      step   ||ffeas||  ||gfeas||  ||hfeas||   dV-exp       dV      dPhi-exp     dPhi
   0  1.084e+06  6.214e+07  3.349e+01  7.263e+07  1.000e-09  1.000e-09  1.0000  1.194e+00  0.000e+00  0.000e+00  3.632e+07  3.525e+07  2.715e+07  2.608e+07
   1  6.247e+05  3.010e+07  1.719e+00  2.153e+06  1.000e-09  1.000e-09  0.2500  1.153e+00  0.000e+00  0.000e+00  4.708e+05  4.596e+05  7.333e+05  1.509e+06
   2  1.810e+05  1.322e+07  3.410e+00  1.235e+06  1.000e-09  1.000e-09  0.5000  1.020e+00  0.000e+00  0.000e+00  4.630e+05  4.437e+05  1.315e+06  2.148e+06
   3  3.082e+04  3.206e+06  5.656e+00  3.479e+05  1.000e-09  1.000e-09  1.0000  4.969e-01  0.000e+00  0.000e+00  1.743e+05  1.502e+05  3.516e+06  3.492e+06
   4  2.655e+04  7.228e+05  9.372e-01  4.957e+04  1.000e-09  1.000e-09  1.0000  2.179e-01  0.000e+00  0.000e+00  2.488e+04  4.268e+03  9.161e+05  8.955e+05
   5  1.057e+04  2.224e+05  1.921e+00  4.055e+04  1.000e-09  1.000e-09  1.0000  1.326e-01  0.000e+00  0.000e+00  2.030e+04  1.599e+04  1.566e+05  1.523e+05
   6  9.245e+03  6.369e+04  5.011e-01  9.261e+03  1.000e-09  1.000e-09  0.5000  6.817e-02  0.000e+00  0.000e+00  3.473e+03  1.320e+03  2.920e+04  5.278e+04
   7  6.274e+03  1.617e+04  4.805e-01  6.029e+03  1.000e-09  1.000e-09  1.0000  2.478e-02  0.000e+00  0.000e+00  3.015e+03  2.972e+03  2.034e+04  2.030e+04
   8  7.262e+03  1.040e+04  2.587e-02  3.760e+02  1.000e-09  1.000e-09  1.0000  1.570e-02  0.000e+00  0.000e+00  1.879e+02 -9.887e+02  2.002e+03  8.252e+02
   9  6.762e+03  8.421e+03  1.623e-01  2.195e+03  1.000e-09  1.000e-09  1.0000  1.661e-02  0.000e+00  0.000e+00  1.097e+03  5.001e+02  1.007e+03  4.092e+02
iter    cost       merit      stop      |grad|      preg       dreg      step   ||ffeas||  ||gfeas||  ||hfeas||   dV-exp       dV      dPhi-exp     dPhi
  10  6.649e+03  7.376e+03  1.014e-01  1.349e+03  1.000e-09  1.000e-09  0.5000  1.253e-02  0.000e+00  0.000e+00  5.057e+02  1.128e+02  6.240e+02  3.493e+02
  11  6.139e+03  6.998e+03  8.140e-02  9.997e+02  1.000e-09  1.000e-09  1.0000  1.507e-02  0.000e+00  0.000e+00  4.998e+02  5.102e+02  3.550e+02  3.655e+02
  12  6.147e+03  6.468e+03  1.129e-02  4.609e+01  1.000e-09  1.000e-09  0.2500  1.129e-02  0.000e+00  0.000e+00  1.009e+01 -7.386e+00  3.699e+01  1.002e+02
  13  6.127e+03  6.170e+03  3.180e-03  3.900e+01  1.000e-09  1.000e-09  1.0000  3.045e-03  0.000e+00  0.000e+00  1.949e+01  1.949e+01  1.370e+02  1.370e+02
  14  6.130e+03  6.131e+03  1.063e-04  2.792e-01  1.000e-09  1.000e-09  1.0000  1.063e-04  0.000e+00  0.000e+00  1.478e-01 -3.074e+00  2.108e+01  1.786e+01
  15  6.127e+03  6.128e+03  4.750e-04  5.823e+00  1.000e-09  1.000e-09  1.0000  2.774e-05  0.000e+00  0.000e+00  2.911e+00  3.006e+00  5.985e+00  6.080e+00
  16  6.127e+03  6.128e+03  1.579e-04  1.935e+00  1.000e-09  1.000e-09  0.0312  2.746e-05  0.000e+00  0.000e+00  5.953e-02  2.208e-02  5.997e-02  3.615e-02
  17  6.127e+03  6.130e+03  1.071e-04  3.083e-01  1.000e-09  1.000e-09  1.0000  1.071e-04  0.000e+00  0.000e+00  1.543e-01  1.541e-01 -1.830e+00 -1.830e+00
  18  6.127e+03  6.127e+03  5.000e-07  5.557e-04  1.000e-09  1.000e-09  1.0000  5.000e-07  0.000e+00  0.000e+00  4.786e-04  4.055e-04  1.328e+00  1.328e+00
*** SOLVE walking (HybridShoot: 30) ***
iter    cost       merit      stop      |grad|      preg       dreg      step   ||ffeas||  ||gfeas||  ||hfeas||   dV-exp       dV      dPhi-exp     dPhi
   0  9.654e+06  5.085e+07  3.762e+00  7.263e+07  1.000e-09  1.000e-09  0.5000  8.060e-01  0.000e+00  0.000e+00  2.724e+07  2.668e+07  3.258e+07  3.736e+07
   1  2.393e+06  1.812e+07  4.030e+00  1.928e+07  1.000e-09  1.000e-09  0.5000  6.152e-01  0.000e+00  0.000e+00  7.232e+06  7.261e+06  9.670e+06  1.214e+07
   2  1.240e+05  5.177e+06  1.922e+01  4.766e+06  1.000e-09  1.000e-09  1.0000  3.954e-01  0.000e+00  0.000e+00  2.384e+06  2.269e+06  5.193e+06  5.078e+06
   3  3.983e+04  1.115e+06  2.967e+00  2.364e+05  1.000e-09  1.000e-09  1.0000  1.682e-01  0.000e+00  0.000e+00  1.182e+05  8.416e+04  1.570e+06  1.536e+06
   4  3.268e+04  5.358e+05  1.029e+00  6.729e+04  1.000e-09  1.000e-09  1.0000  1.575e-01  0.000e+00  0.000e+00  3.364e+04  7.157e+03  6.787e+04  4.138e+04
   5  2.528e+04  8.406e+04  1.049e+00  5.305e+04  1.000e-09  1.000e-09  1.0000  3.680e-02  0.000e+00  0.000e+00  2.652e+04  7.399e+03  2.193e+05  2.002e+05
   6  6.779e+03  2.906e+04  2.808e+00  3.808e+04  1.000e-09  1.000e-09  1.0000  2.789e-02  0.000e+00  0.000e+00  1.904e+04  1.850e+04  2.615e+04  2.561e+04
   7  6.634e+03  1.325e+04  9.888e-02  1.311e+03  1.000e-09  1.000e-09  1.0000  1.657e-02  0.000e+00  0.000e+00  6.561e+02  1.449e+02  5.176e+03  4.665e+03
   8  7.085e+03  8.828e+03  6.969e-02  9.870e+02  1.000e-09  1.000e-09  1.0000  8.729e-03  0.000e+00  0.000e+00  4.938e+02 -4.509e+02  2.060e+03  1.116e+03
   9  6.589e+03  8.356e+03  1.347e-01  1.776e+03  1.000e-09  1.000e-09  1.0000  1.216e-02  0.000e+00  0.000e+00  8.879e+02  4.965e+02  3.890e+02 -2.480e+00
iter    cost       merit      stop      |grad|      preg       dreg      step   ||ffeas||  ||gfeas||  ||hfeas||   dV-exp       dV      dPhi-exp     dPhi
  10  6.328e+03  6.721e+03  7.302e-02  9.239e+02  1.000e-09  1.000e-09  1.0000  5.411e-03  0.000e+00  0.000e+00  4.621e+02  2.612e+02  9.526e+02  7.517e+02
  11  6.169e+03  6.206e+03  3.221e-02  3.973e+02  1.000e-09  1.000e-09  1.0000  6.895e-04  0.000e+00  0.000e+00  1.987e+02  1.582e+02  4.465e+02  4.060e+02
  12  6.165e+03  6.193e+03  7.015e-03  8.653e+01  1.000e-09  1.000e-09  0.5000  3.089e-04  0.000e+00  0.000e+00  3.245e+01  3.968e+00  4.950e+01  3.809e+01
  13  6.127e+03  6.134e+03  6.157e-03  7.547e+01  1.000e-09  1.000e-09  1.0000  3.704e-05  0.000e+00  0.000e+00  3.773e+01  3.807e+01  8.517e+01  8.551e+01
  14  6.128e+03  6.131e+03  3.158e-04  3.866e+00  1.000e-09  1.000e-09  0.1250  3.241e-05  0.000e+00  0.000e+00  4.531e-01 -3.532e-01  5.036e-01  5.076e-02
  15  6.127e+03  6.127e+03  1.163e-04  1.422e+00  1.000e-09  1.000e-09  1.0000  2.412e-07  0.000e+00  0.000e+00  7.127e-01  7.136e-01  2.116e+00  2.117e+00
  16  6.127e+03  6.127e+03  1.851e-06  2.240e-02  1.000e-09  1.000e-09  0.2500  1.793e-07  0.000e+00  0.000e+00  4.910e-03  4.079e-03  5.949e-03  8.236e-03

*** SOLVE walking (FeasShoot) ***
iter    cost       merit      stop      |grad|      preg       dreg      step   ||ffeas||  ||gfeas||  ||hfeas||   dV-exp       dV      dPhi-exp     dPhi
   0  9.832e+06  3.578e+07  3.694e+00  7.264e+07  1.000e-09  1.000e-09  0.5000  4.677e-01  0.000e+00  0.000e+00  2.724e+07  2.651e+07  4.021e+07  5.245e+07
   1  2.430e+06  9.445e+06  4.042e+00  1.964e+07  1.000e-09  1.000e-09  0.5000  2.339e-01  0.000e+00  0.000e+00  7.365e+06  7.403e+06  1.087e+07  1.442e+07
   2  3.167e+04  3.167e+04  7.639e+01  4.839e+06  1.000e-09  1.000e-09  1.0000  0.000e+00  0.000e+00  0.000e+00  2.420e+06  2.398e+06  5.927e+06  5.905e+06
   3  1.698e+04  1.698e+04  1.493e+00  5.070e+04  1.000e-09  1.000e-09  0.5000  4.337e-19  0.000e+00  0.000e+00  1.901e+04  1.470e+04  1.901e+04  1.470e+04
   4  1.037e+04  1.037e+04  1.048e+00  2.173e+04  1.000e-09  1.000e-09  0.5000  4.336e-19  0.000e+00  0.000e+00  8.150e+03  6.608e+03  8.150e+03  6.608e+03
   5  8.235e+03  8.235e+03  4.971e-01  8.189e+03  1.000e-09  1.000e-09  0.5000  2.168e-19  0.000e+00  0.000e+00  3.071e+03  2.133e+03  3.071e+03  2.133e+03
   6  7.691e+03  7.691e+03  2.499e-01  3.845e+03  1.000e-09  1.000e-09  0.5000  8.674e-19  0.000e+00  0.000e+00  1.442e+03  5.444e+02  1.442e+03  5.444e+02
   7  6.745e+03  6.745e+03  1.990e-01  2.684e+03  1.000e-09  1.000e-09  1.0000  0.000e+00  0.000e+00  0.000e+00  1.342e+03  9.465e+02  1.342e+03  9.465e+02
   8  6.662e+03  6.662e+03  6.548e-02  8.726e+02  1.000e-09  1.000e-09  0.5000  5.421e-20  0.000e+00  0.000e+00  3.272e+02  8.278e+01  3.272e+02  8.278e+01
   9  6.357e+03  6.357e+03  5.417e-02  6.888e+02  1.000e-09  1.000e-09  1.0000  0.000e+00  0.000e+00  0.000e+00  3.444e+02  3.050e+02  3.444e+02  3.050e+02
iter    cost       merit      stop      |grad|      preg       dreg      step   ||ffeas||  ||gfeas||  ||hfeas||   dV-exp       dV      dPhi-exp     dPhi
  10  6.327e+03  6.327e+03  8.456e-03  1.070e+02  1.000e-09  1.000e-09  0.5000  1.084e-19  0.000e+00  0.000e+00  4.013e+01  2.968e+01  4.013e+01  2.968e+01
  11  6.304e+03  6.304e+03  3.504e-03  4.419e+01  1.000e-09  1.000e-09  1.0000  0.000e+00  0.000e+00  0.000e+00  2.209e+01  2.263e+01  2.209e+01  2.263e+01
  12  6.304e+03  6.304e+03  4.354e-04  5.491e+00  1.000e-09  1.000e-09  0.0625  1.626e-18  0.000e+00  0.000e+00  3.325e-01  2.236e-01  3.325e-01  2.236e-01
  13  6.303e+03  6.303e+03  1.893e-04  2.387e+00  1.000e-09  1.000e-09  1.0000  0.000e+00  0.000e+00  0.000e+00  1.193e+00  1.110e+00  1.193e+00  1.110e+00
  14  6.303e+03  6.303e+03  1.812e-05  2.285e-01  1.000e-09  1.000e-09  1.0000  0.000e+00  0.000e+00  0.000e+00  1.143e-01  1.143e-01  1.143e-01  1.143e-01
*** SOLVE walking (MultiShoot) ***
iter    cost       merit      stop      |grad|      preg       dreg      step   ||ffeas||  ||gfeas||  ||hfeas||   dV-exp       dV      dPhi-exp     dPhi
   0  1.038e+06  6.276e+07  3.498e+01  7.264e+07  1.000e-09  1.000e-09  1.0000  1.113e+00  0.000e+00  0.000e+00  3.632e+07  3.530e+07  2.649e+07  2.547e+07
   1  5.979e+05  2.776e+07  1.722e+00  2.062e+06  1.000e-09  1.000e-09  0.2500  9.792e-01  0.000e+00  0.000e+00  4.509e+05  4.404e+05  1.377e+06  4.143e+06
   2  1.733e+05  1.204e+07  3.409e+00  1.181e+06  1.000e-09  1.000e-09  0.5000  8.559e-01  0.000e+00  0.000e+00  4.430e+05  4.246e+05  1.298e+06  2.135e+06
   3  2.476e+04  2.809e+06  6.731e+00  3.328e+05  1.000e-09  1.000e-09  1.0000  4.015e-01  0.000e+00  0.000e+00  1.667e+05  1.486e+05  3.317e+06  3.299e+06
   4  1.364e+04  8.897e+05  1.352e+00  3.676e+04  1.000e-09  1.000e-09  1.0000  2.527e-01  0.000e+00  0.000e+00  1.844e+04  1.112e+04  5.345e+05  5.271e+05
   5  1.786e+04  1.786e+05  4.100e-01  1.462e+04  1.000e-09  1.000e-09  1.0000  9.272e-02  0.000e+00  0.000e+00  7.323e+03 -4.222e+03  2.847e+05  2.731e+05
   6  7.365e+03  4.293e+04  1.568e+00  2.310e+04  1.000e-09  1.000e-09  1.0000  4.104e-02  0.000e+00  0.000e+00  1.155e+04  1.050e+04  5.634e+04  5.529e+04
   7  6.369e+03  2.166e+04  1.631e-01  2.077e+03  1.000e-09  1.000e-09  1.0000  3.528e-02  0.000e+00  0.000e+00  1.039e+03  9.961e+02  3.533e+03  3.490e+03
   8  6.795e+03  1.164e+04  2.235e-02  1.636e+02  1.000e-09  1.000e-09  1.0000  2.235e-02  0.000e+00  0.000e+00  8.192e+01 -4.264e+02  2.884e+03  2.375e+03
   9  6.593e+03  8.139e+03  7.164e-02  9.446e+02  1.000e-09  1.000e-09  1.0000  1.427e-02  0.000e+00  0.000e+00  4.724e+02  2.019e+02  1.349e+03  1.078e+03
iter    cost       merit      stop      |grad|      preg       dreg      step   ||ffeas||  ||gfeas||  ||hfeas||   dV-exp       dV      dPhi-exp     dPhi
  10  6.477e+03  6.882e+03  4.741e-02  6.141e+02  1.000e-09  1.000e-09  0.5000  7.472e-03  0.000e+00  0.000e+00  2.303e+02  1.161e+02  4.143e+02  4.841e+02
  11  6.310e+03  6.452e+03  2.592e-02  3.270e+02  1.000e-09  1.000e-09  1.0000  4.526e-03  0.000e+00  0.000e+00  1.636e+02  1.665e+02  2.557e+02  2.586e+02
  12  6.310e+03  6.373e+03  4.049e-03  5.112e+01  1.000e-09  1.000e-09  0.1250  3.993e-03  0.000e+00  0.000e+00  5.990e+00  3.594e-02  7.032e+00  8.369e+00
  13  6.305e+03  6.340e+03  4.538e-03  1.427e+01  1.000e-09  1.000e-09  0.5000  4.538e-03  0.000e+00  0.000e+00  5.345e+00  5.376e+00  3.215e+00  1.117e+00
  14  6.303e+03  6.304e+03  3.263e-04  3.726e+00  1.000e-09  1.000e-09  1.0000  3.263e-04  0.000e+00  0.000e+00  1.854e+00  1.859e+00  1.832e+01  1.832e+01
  15  6.303e+03  6.303e+03  2.818e-05  9.515e-02  1.000e-09  1.000e-09  1.0000  2.818e-05  0.000e+00  0.000e+00  5.062e-02  5.090e-02  6.332e-01  6.335e-01
*** SOLVE walking (HybridShoot: 30) ***
iter    cost       merit      stop      |grad|      preg       dreg      step   ||ffeas||  ||gfeas||  ||hfeas||   dV-exp       dV      dPhi-exp     dPhi
   0  9.695e+06  5.223e+07  3.746e+00  7.264e+07  1.000e-09  1.000e-09  0.5000  7.668e-01  0.000e+00  0.000e+00  2.724e+07  2.664e+07  3.192e+07  3.600e+07
   1  2.395e+06  2.505e+07  4.043e+00  1.937e+07  1.000e-09  1.000e-09  0.5000  8.169e-01  0.000e+00  0.000e+00  7.263e+06  7.300e+06  6.568e+06  5.911e+06
   2  7.754e+04  4.700e+06  3.077e+01  4.770e+06  1.000e-09  1.000e-09  1.0000  3.333e-01  0.000e+00  0.000e+00  2.386e+06  2.318e+06  9.092e+06  9.024e+06
   3  3.172e+04  1.126e+06  2.260e+00  1.435e+05  1.000e-09  1.000e-09  1.0000  1.579e-01  0.000e+00  0.000e+00  7.171e+04  4.581e+04  1.288e+06  1.262e+06
   4  1.471e+04  1.227e+05  1.713e+00  5.040e+04  1.000e-09  1.000e-09  1.0000  3.115e-02  0.000e+00  0.000e+00  2.520e+04  1.701e+04  4.646e+05  4.564e+05
   5  1.078e+04  3.353e+04  7.794e-01  1.680e+04  1.000e-09  1.000e-09  0.5000  1.313e-02  0.000e+00  0.000e+00  6.299e+03  3.936e+03  2.192e+04  3.517e+04
   6  6.745e+03  1.618e+04  6.450e-01  8.703e+03  1.000e-09  1.000e-09  1.0000  1.089e-02  0.000e+00  0.000e+00  4.351e+03  4.030e+03  6.296e+03  5.975e+03
   7  6.942e+03  1.024e+04  8.444e-02  1.172e+03  1.000e-09  1.000e-09  0.2500  7.617e-03  0.000e+00  0.000e+00  2.564e+02 -1.974e+02  6.105e+02  1.219e+03
   8  6.595e+03  8.545e+03  9.508e-02  1.254e+03  1.000e-09  1.000e-09  1.0000  8.997e-03  0.000e+00  0.000e+00  6.272e+02  3.467e+02  3.282e+02  4.772e+01
   9  6.435e+03  7.518e+03  4.123e-02  5.300e+02  1.000e-09  1.000e-09  0.5000  9.994e-03  0.000e+00  0.000e+00  1.988e+02  1.607e+02  1.448e+02  5.268e+01
iter    cost       merit      stop      |grad|      preg       dreg      step   ||ffeas||  ||gfeas||  ||hfeas||   dV-exp       dV      dPhi-exp     dPhi
  10  6.349e+03  6.467e+03  2.065e-02  2.621e+02  1.000e-09  1.000e-09  1.0000  2.179e-03  0.000e+00  0.000e+00  1.311e+02  8.574e+01  5.545e+02  5.091e+02
  11  6.358e+03  6.390e+03  7.350e-03  9.343e+01  1.000e-09  1.000e-09  0.5000  1.053e-03  0.000e+00  0.000e+00  3.504e+01 -8.689e+00  5.230e+01  2.582e+01
  12  6.305e+03  6.310e+03  8.528e-03  1.075e+02  1.000e-09  1.000e-09  1.0000  7.708e-05  0.000e+00  0.000e+00  5.378e+01  5.300e+01  1.250e+02  1.242e+02
  13  6.305e+03  6.308e+03  4.713e-04  5.937e+00  1.000e-09  1.000e-09  0.1250  6.746e-05  0.000e+00  0.000e+00  6.958e-01 -6.476e-02  7.620e-01  4.649e-01
  14  6.303e+03  6.303e+03  2.680e-04  3.372e+00  1.000e-09  1.000e-09  1.0000  3.622e-06  0.000e+00  0.000e+00  1.689e+00  1.693e+00  3.973e+00  3.976e+00
  15  6.303e+03  6.303e+03  3.225e-06  4.068e-02  1.000e-09  1.000e-09  1.0000  9.104e-08  0.000e+00  0.000e+00  2.033e-02  2.029e-02  8.348e-02  8.344e-02

*** SOLVE walking (FeasShoot) ***
iter    cost       merit      stop      |grad|      preg       dreg      step   ||ffeas||  ||gfeas||  ||hfeas||   dV-exp       dV      dPhi-exp     dPhi
   0  9.872e+06  3.582e+07  3.680e+00  7.265e+07  1.000e-09  1.000e-09  0.5000  4.493e-01  0.000e+00  0.000e+00  2.724e+07  2.647e+07  4.022e+07  5.241e+07
   1  2.430e+06  9.474e+06  4.057e+00  1.972e+07  1.000e-09  1.000e-09  0.5000  2.247e-01  0.000e+00  0.000e+00  7.395e+06  7.441e+06  1.092e+07  1.448e+07
   2  9.111e+04  9.111e+04  2.657e+01  4.840e+06  1.000e-09  1.000e-09  1.0000  0.000e+00  0.000e+00  0.000e+00  2.421e+06  2.339e+06  5.942e+06  5.861e+06
   3  3.022e+04  3.022e+04  2.797e+00  1.691e+05  1.000e-09  1.000e-09  1.0000  0.000e+00  0.000e+00  0.000e+00  8.455e+04  6.089e+04  8.455e+04  6.089e+04
   4  1.283e+04  1.283e+04  1.843e+00  4.729e+04  1.000e-09  1.000e-09  1.0000  0.000e+00  0.000e+00  0.000e+00  2.365e+04  1.739e+04  2.365e+04  1.739e+04
   5  9.374e+03  9.374e+03  6.708e-01  1.258e+04  1.000e-09  1.000e-09  0.5000  2.168e-19  0.000e+00  0.000e+00  4.716e+03  3.457e+03  4.716e+03  3.457e+03
   6  7.583e+03  7.583e+03  3.602e-01  5.464e+03  1.000e-09  1.000e-09  1.0000  0.000e+00  0.000e+00  0.000e+00  2.732e+03  1.791e+03  2.732e+03  1.791e+03
   7  6.996e+03  6.996e+03  1.608e-01  2.250e+03  1.000e-09  1.000e-09  0.5000  4.337e-19  0.000e+00  0.000e+00  8.438e+02  5.877e+02  8.438e+02  5.877e+02
   8  6.543e+03  6.543e+03  7.181e-02  9.399e+02  1.000e-09  1.000e-09  1.0000  0.000e+00  0.000e+00  0.000e+00  4.700e+02  4.524e+02  4.700e+02  4.524e+02
   9  6.537e+03  6.537e+03  5.545e-03  7.251e+01  1.000e-09  1.000e-09  0.2500  0.000e+00  0.000e+00  0.000e+00  1.586e+01  6.325e+00  1.586e+01  6.325e+00
iter    cost       merit      stop      |grad|      preg       dreg      step   ||ffeas||  ||gfeas||  ||hfeas||   dV-exp       dV      dPhi-exp     dPhi
  10  6.523e+03  6.523e+03  3.834e-03  5.002e+01  1.000e-09  1.000e-09  0.5000  1.084e-19  0.000e+00  0.000e+00  1.876e+01  1.424e+01  1.876e+01  1.424e+01
  11  6.512e+03  6.512e+03  1.637e-03  2.132e+01  1.000e-09  1.000e-09  1.0000  0.000e+00  0.000e+00  0.000e+00  1.066e+01  1.035e+01  1.066e+01  1.035e+01
  12  6.512e+03  6.512e+03  1.913e-04  2.492e+00  1.000e-09  1.000e-09  0.0625  2.033e-19  0.000e+00  0.000e+00  1.509e-01  9.460e-02  1.509e-01  9.460e-02
  13  6.512e+03  6.512e+03  1.297e-04  1.690e+00  1.000e-09  1.000e-09  0.5000  1.084e-19  0.000e+00  0.000e+00  6.336e-01  6.253e-01  6.336e-01  6.253e-01
  14  6.512e+03  6.512e+03  2.903e-05  3.781e-01  1.000e-09  1.000e-09  0.2500  1.626e-19  0.000e+00  0.000e+00  8.271e-02  6.498e-02  8.271e-02  6.498e-02
*** SOLVE walking (MultiShoot) ***
iter    cost       merit      stop      |grad|      preg       dreg      step   ||ffeas||  ||gfeas||  ||hfeas||   dV-exp       dV      dPhi-exp     dPhi
   0  1.042e+06  6.655e+07  3.487e+01  7.265e+07  1.000e-09  1.000e-09  1.0000  1.134e+00  0.000e+00  0.000e+00  3.632e+07  3.530e+07  2.271e+07  2.168e+07
   1  6.000e+05  2.689e+07  1.722e+00  2.068e+06  1.000e-09  1.000e-09  0.2500  9.107e-01  0.000e+00  0.000e+00  4.524e+05  4.418e+05  2.067e+06  6.900e+06
   2  1.738e+05  1.150e+07  3.412e+00  1.185e+06  1.000e-09  1.000e-09  0.5000  7.848e-01  0.000e+00  0.000e+00  4.446e+05  4.262e+05  1.354e+06  2.244e+06
   3  2.073e+04  2.494e+06  8.046e+00  3.331e+05  1.000e-09  1.000e-09  1.0000  3.427e-01  0.000e+00  0.000e+00  1.668e+05  1.530e+05  3.358e+06  3.344e+06
   4  2.368e+04  9.963e+05  6.103e-01  2.877e+04  1.000e-09  1.000e-09  1.0000  2.695e-01  0.000e+00  0.000e+00  1.445e+04 -2.943e+03  2.785e+05  2.611e+05
   5  1.153e+04  1.987e+05  1.482e+00  3.416e+04  1.000e-09  1.000e-09  1.0000  1.037e-01  0.000e+00  0.000e+00  1.709e+04  1.214e+04  3.162e+05  3.113e+05
   6  8.282e+03  5.107e+04  5.997e-01  9.935e+03  1.000e-09  1.000e-09  1.0000  4.742e-02  0.000e+00  0.000e+00  4.967e+03  3.252e+03  5.578e+04  5.406e+04
   7  6.984e+03  2.536e+04  2.496e-01  3.488e+03  1.000e-09  1.000e-09  1.0000  4.073e-02  0.000e+00  0.000e+00  1.744e+03  1.298e+03  4.764e+03  4.319e+03
   8  7.221e+03  1.249e+04  6.836e-02  9.880e+02  1.000e-09  1.000e-09  1.0000  2.334e-02  0.000e+00  0.000e+00  4.937e+02 -2.375e+02  4.416e+03  3.685e+03
   9  6.543e+03  7.883e+03  1.045e-01  1.368e+03  1.000e-09  1.000e-09  1.0000  1.188e-02  0.000e+00  0.000e+00  6.842e+02  6.777e+02  1.977e+03  1.970e+03
iter    cost       merit      stop      |grad|      preg       dreg      step   ||ffeas||  ||gfeas||  ||hfeas||   dV-exp       dV      dPhi-exp     dPhi
  10  6.640e+03  7.036e+03  7.283e-03  9.648e+01  1.000e-09  1.000e-09  0.5000  7.019e-03  0.000e+00  0.000e+00  3.621e+01 -9.662e+01  1.733e+02  1.775e+02
  11  6.565e+03  6.697e+03  1.807e-02  2.371e+02  1.000e-09  1.000e-09  1.0000  4.683e-03  0.000e+00  0.000e+00  1.186e+02  7.450e+01  1.845e+02  1.404e+02
  12  6.564e+03  6.661e+03  1.111e-02  1.459e+02  1.000e-09  1.000e-09  0.2500  4.353e-03  0.000e+00  0.000e+00  3.191e+01  1.545e+00  3.374e+01  8.878e+00
  13  6.521e+03  6.545e+03  8.042e-03  1.049e+02  1.000e-09  1.000e-09  1.0000  1.360e-03  0.000e+00  0.000e+00  5.245e+01  4.257e+01  1.040e+02  9.410e+01
  14  6.524e+03  6.532e+03  1.648e-03  2.149e+01  1.000e-09  1.000e-09  0.5000  6.800e-04  0.000e+00  0.000e+00  8.060e+00 -2.512e+00  1.190e+01  5.171e+00
  15  6.512e+03  6.520e+03  1.755e-03  2.285e+01  1.000e-09  1.000e-09  1.0000  3.196e-04  0.000e+00  0.000e+00  1.143e+01  1.184e+01  2.009e+01  2.050e+01
  16  6.513e+03  6.516e+03  2.406e-04  2.114e+00  1.000e-09  1.000e-09  0.2500  2.406e-04  0.000e+00  0.000e+00  4.624e-01 -6.804e-01  6.995e-01  2.682e-01
  17  6.512e+03  6.513e+03  2.693e-04  2.349e+00  1.000e-09  1.000e-09  1.0000  2.693e-04  0.000e+00  0.000e+00  1.174e+00  1.106e+00  9.739e-01  9.060e-01
  18  6.512e+03  6.512e+03  7.524e-06  9.830e-02  1.000e-09  1.000e-09  1.0000  5.016e-07  0.000e+00  0.000e+00  4.900e-02  4.900e-02  9.863e-01  9.863e-01
*** SOLVE walking (HybridShoot: 30) ***
iter    cost       merit      stop      |grad|      preg       dreg      step   ||ffeas||  ||gfeas||  ||hfeas||   dV-exp       dV      dPhi-exp     dPhi
   0  9.738e+06  5.299e+07  3.730e+00  7.265e+07  1.000e-09  1.000e-09  0.5000  7.490e-01  0.000e+00  0.000e+00  2.724e+07  2.660e+07  3.156e+07  3.525e+07
   1  2.401e+06  1.958e+07  4.051e+00  1.945e+07  1.000e-09  1.000e-09  0.5000  5.950e-01  0.000e+00  0.000e+00  7.295e+06  7.337e+06  9.518e+06  1.178e+07
   2  6.751e+04  4.709e+06  3.542e+01  4.781e+06  1.000e-09  1.000e-09  1.0000  3.215e-01  0.000e+00  0.000e+00  2.391e+06  2.334e+06  6.339e+06  6.281e+06
   3  2.769e+04  1.205e+06  2.220e+00  1.230e+05  1.000e-09  1.000e-09  1.0000  1.632e-01  0.000e+00  0.000e+00  6.149e+04  3.982e+04  1.205e+06  1.183e+06
   4  5.343e+04  2.006e+05  3.913e-01  4.181e+04  1.000e-09  1.000e-09  1.0000  4.078e-02  0.000e+00  0.000e+00  2.091e+04 -2.573e+04  4.626e+05  4.159e+05
   5  1.691e+04  7.670e+04  2.776e+00  9.390e+04  1.000e-09  1.000e-09  1.0000  3.313e-02  0.000e+00  0.000e+00  4.695e+04  3.652e+04  6.075e+04  5.032e+04
   6  1.192e+04  3.049e+04  8.752e-01  2.087e+04  1.000e-09  1.000e-09  0.5000  2.058e-02  0.000e+00  0.000e+00  7.825e+03  4.991e+03  1.349e+04  1.632e+04
   7  9.023e+03  1.330e+04  5.920e-01  1.068e+04  1.000e-09  1.000e-09  0.5000  9.489e-03  0.000e+00  0.000e+00  4.007e+03  2.897e+03  6.509e+03  7.901e+03
   8  6.736e+03  8.379e+03  3.657e-01  4.927e+03  1.000e-09  1.000e-09  1.0000  4.428e-03  0.000e+00  0.000e+00  2.464e+03  2.287e+03  4.341e+03  4.165e+03
   9  6.681e+03  7.469e+03  3.433e-02  4.582e+02  1.000e-09  1.000e-09  0.2500  4.248e-03  0.000e+00  0.000e+00  1.002e+02  5.536e+01  1.086e+02  8.892e+01
iter    cost       merit      stop      |grad|      preg       dreg      step   ||ffeas||  ||gfeas||  ||hfeas||   dV-exp       dV      dPhi-exp     dPhi
  10  6.588e+03  6.900e+03  2.580e-02  3.396e+02  1.000e-09  1.000e-09  0.5000  3.360e-03  0.000e+00  0.000e+00  1.274e+02  9.282e+01  1.685e+02  1.751e+02
  11  6.584e+03  6.672e+03  1.096e-02  1.441e+02  1.000e-09  1.000e-09  1.0000  1.911e-03  0.000e+00  0.000e+00  7.216e+01  4.139e+00  1.393e+02  7.131e+01
  12  6.592e+03  6.594e+03  1.090e-02  1.437e+02  1.000e-09  1.000e-09  1.0000  4.052e-05  0.000e+00  0.000e+00  7.187e+01 -8.202e+00  1.724e+02  9.229e+01
  13  6.594e+03  6.686e+03  1.304e-02  1.719e+02  1.000e-09  1.000e-09  0.2500  3.038e-05  0.000e+00  0.000e+00  3.761e+01 -1.656e+00  4.529e+01  2.907e+01
  14  6.542e+03  6.547e+03  1.205e-02  1.577e+02  1.000e-09  1.000e-09  1.0000  1.398e-06  0.000e+00  0.000e+00  7.885e+01  5.199e+01  1.863e+02  1.594e+02
  15  6.522e+03  6.859e+03  4.399e-03  5.739e+01  1.000e-09  1.000e-09  1.0000  1.149e-05  0.000e+00  0.000e+00  2.870e+01  1.922e+01 -2.670e+02 -2.765e+02
  16  6.513e+03  6.562e+03  1.618e-03  2.108e+01  1.000e-09  1.000e-09  1.0000  3.319e-06  0.000e+00  0.000e+00  1.054e+01  9.296e+00  1.302e+02  1.290e+02
  17  6.512e+03  6.513e+03  2.054e-04  2.676e+00  1.000e-09  1.000e-09  1.0000  1.300e-07  0.000e+00  0.000e+00  1.338e+00  1.137e+00  2.471e+01  2.451e+01
  18  6.512e+03  6.513e+03  7.306e-05  9.515e-01  1.000e-09  1.000e-09  1.0000  2.827e-07  0.000e+00  0.000e+00  4.758e-01  4.774e-01 -3.233e-01 -3.218e-01
  19  6.512e+03  6.512e+03  1.643e-06  2.138e-02  1.000e-09  1.000e-09  1.0000  3.887e-08  0.000e+00  0.000e+00  1.070e-02  1.070e-02  6.485e-01  6.485e-01
