*** SOLVE walking ***
iter    cost       merit      stop      |grad|      preg       dreg      step   ||ffeas||  ||gfeas||  ||hfeas||   dV-exp       dV      dPhi-exp     dPhi
   0  1.699e+05  1.699e+05  1.329e+02  4.516e+07  1.000e-09  1.000e-09  1.0000  0.000e+00  0.000e+00  0.000e+00  2.258e+07  2.241e+07  2.258e+07  2.241e+07
   1  3.101e+04  3.101e+04  5.326e+00  3.303e+05  1.000e-09  1.000e-09  1.0000  0.000e+00  0.000e+00  0.000e+00  1.652e+05  1.389e+05  1.652e+05  1.389e+05
   2  2.388e+04  2.388e+04  1.080e+00  5.160e+04  1.000e-09  1.000e-09  1.0000  0.000e+00  0.000e+00  0.000e+00  2.580e+04  7.124e+03  2.580e+04  7.124e+03
   3  1.159e+04  1.159e+04  1.625e+00  3.767e+04  1.000e-09  1.000e-09  1.0000  0.000e+00  0.000e+00  0.000e+00  1.883e+04  1.230e+04  1.883e+04  1.230e+04
   4  1.063e+04  1.063e+04  6.063e-01  1.289e+04  1.000e-09  1.000e-09  1.0000  0.000e+00  0.000e+00  0.000e+00  6.444e+03  9.599e+02  6.444e+03  9.599e+02
   5  6.960e+03  6.960e+03  7.986e-01  1.112e+04  1.000e-09  1.000e-09  1.0000  0.000e+00  0.000e+00  0.000e+00  5.559e+03  3.667e+03  5.559e+03  3.667e+03
   6  6.218e+03  6.218e+03  3.061e-01  3.808e+03  1.000e-09  1.000e-09  1.0000  0.000e+00  0.000e+00  0.000e+00  1.904e+03  7.417e+02  1.904e+03  7.417e+02
   7  5.347e+03  5.347e+03  2.074e-01  2.218e+03  1.000e-09  1.000e-09  1.0000  0.000e+00  0.000e+00  0.000e+00  1.109e+03  8.718e+02  1.109e+03  8.718e+02
   8  5.208e+03  5.208e+03  5.539e-02  5.770e+02  1.000e-09  1.000e-09  0.5000  4.337e-19  0.000e+00  0.000e+00  2.164e+02  1.388e+02  2.164e+02  1.388e+02
   9  5.071e+03  5.071e+03  2.657e-02  2.695e+02  1.000e-09  1.000e-09  1.0000  0.000e+00  0.000e+00  0.000e+00  1.348e+02  1.366e+02  1.348e+02  1.366e+02
iter    cost       merit      stop      |grad|      preg       dreg      step   ||ffeas||  ||gfeas||  ||hfeas||   dV-exp       dV      dPhi-exp     dPhi
  10  5.070e+03  5.070e+03  4.492e-04  4.556e+00  1.000e-09  1.000e-09  1.0000  0.000e+00  0.000e+00  0.000e+00  2.278e+00  1.134e+00  2.278e+00  1.134e+00
  11  5.069e+03  5.069e+03  3.257e-04  3.302e+00  1.000e-09  1.000e-09  1.0000  0.000e+00  0.000e+00  0.000e+00  1.651e+00  1.239e+00  1.651e+00  1.239e+00
  12  5.068e+03  5.068e+03  7.874e-05  7.983e-01  1.000e-09  1.000e-09  1.0000  0.000e+00  0.000e+00  0.000e+00  3.991e-01  4.120e-01  3.991e-01  4.120e-01
  13  5.068e+03  5.068e+03  6.699e-06  6.792e-02  1.000e-09  1.000e-09  1.0000  0.000e+00  0.000e+00  0.000e+00  3.396e-02  3.392e-02  3.396e-02  3.392e-02
  14  5.068e+03  5.068e+03  5.525e-09  5.602e-05  1.000e-09  1.000e-09  1.0000  0.000e+00  0.000e+00  0.000e+00  2.801e-05  2.805e-05  2.801e-05  2.805e-05
*** SOLVE jumping ***
iter    cost       merit      stop      |grad|      preg       dreg      step   ||ffeas||  ||gfeas||  ||hfeas||   dV-exp       dV      dPhi-exp     dPhi
   0  7.051e+06  1.832e+07  1.953e+00  1.814e+07  1.000e-09  1.000e-09  0.1250  1.953e+00  0.000e+00  0.000e+00  2.125e+06  2.018e+06  2.326e+06  3.627e+06
   1  4.222e+06  1.169e+07  1.652e+00  1.408e+07  1.000e-09  1.000e-09  0.2500  1.465e+00  0.000e+00  0.000e+00  3.077e+06  2.830e+06  3.699e+06  5.320e+06
   2  3.096e+06  7.532e+06  1.338e+00  8.386e+06  1.000e-09  1.000e-09  0.2500  1.098e+00  0.000e+00  0.000e+00  1.831e+06  1.126e+06  2.201e+06  2.605e+06
   3  2.398e+06  6.197e+06  1.267e+00  6.126e+06  1.000e-09  1.000e-09  0.1250  9.611e-01  0.000e+00  0.000e+00  7.175e+05  6.977e+05  7.853e+05  1.240e+06
   4  1.764e+06  4.279e+06  1.330e+00  4.731e+06  1.000e-09  1.000e-09  0.2500  7.208e-01  0.000e+00  0.000e+00  1.034e+06  6.337e+05  1.243e+06  1.472e+06
   5  5.197e+05  1.751e+06  3.318e+00  3.469e+06  1.000e-09  1.000e-09  0.5000  3.604e-01  0.000e+00  0.000e+00  1.298e+06  1.245e+06  1.914e+06  2.476e+06
   6  2.144e+05  5.653e+05  2.291e+00  9.888e+05  1.000e-09  1.000e-09  0.5000  1.802e-01  0.000e+00  0.000e+00  3.700e+05  3.053e+05  5.455e+05  6.562e+05
   7  8.575e+04  2.209e+05  2.206e+00  3.809e+05  1.000e-09  1.000e-09  0.5000  9.010e-02  0.000e+00  0.000e+00  1.425e+05  1.286e+05  2.101e+05  2.638e+05
   8  6.101e+04  6.101e+04  1.017e+00  1.252e+05  1.000e-09  1.000e-09  1.0000  0.000e+00  0.000e+00  0.000e+00  6.203e+04  2.475e+04  1.507e+05  1.134e+05
   9  4.247e+04  4.247e+04  8.890e-01  7.552e+04  1.000e-09  1.000e-09  1.0000  0.000e+00  0.000e+00  0.000e+00  3.776e+04  1.854e+04  3.776e+04  1.854e+04
iter    cost       merit      stop      |grad|      preg       dreg      step   ||ffeas||  ||gfeas||  ||hfeas||   dV-exp       dV      dPhi-exp     dPhi
  10  3.069e+04  3.069e+04  6.352e-01  3.899e+04  1.000e-09  1.000e-09  0.5000  3.483e-18  0.000e+00  0.000e+00  1.462e+04  1.178e+04  1.462e+04  1.178e+04
  11  2.555e+04  2.555e+04  3.063e-01  1.565e+04  1.000e-09  1.000e-09  0.5000  3.469e-18  0.000e+00  0.000e+00  5.870e+03  5.140e+03  5.870e+03  5.140e+03
  12  2.460e+04  2.460e+04  1.080e-01  5.316e+03  1.000e-09  1.000e-09  0.2500  3.253e-19  0.000e+00  0.000e+00  1.163e+03  9.526e+02  1.163e+03  9.526e+02
  13  2.335e+04  2.335e+04  7.348e-02  3.432e+03  1.000e-09  1.000e-09  0.5000  3.469e-18  0.000e+00  0.000e+00  1.287e+03  1.245e+03  1.287e+03  1.245e+03
  14  2.291e+04  2.291e+04  2.039e-02  9.340e+02  1.000e-09  1.000e-09  1.0000  0.000e+00  0.000e+00  0.000e+00  4.670e+02  4.493e+02  4.670e+02  4.493e+02
  15  2.283e+04  2.283e+04  8.075e-03  3.688e+02  1.000e-09  1.000e-09  0.2500  1.301e-18  0.000e+00  0.000e+00  8.067e+01  7.239e+01  8.067e+01  7.239e+01
  16  2.281e+04  2.281e+04  7.447e-03  3.397e+02  1.000e-09  1.000e-09  0.1250  6.072e-18  0.000e+00  0.000e+00  3.981e+01  2.454e+01  3.981e+01  2.454e+01
  17  2.273e+04  2.273e+04  5.962e-03  2.711e+02  1.000e-09  1.000e-09  0.5000  3.463e-18  0.000e+00  0.000e+00  1.017e+02  7.558e+01  1.017e+02  7.558e+01
  18  2.272e+04  2.272e+04  2.576e-03  1.170e+02  1.000e-09  1.000e-09  0.5000  4.337e-19  0.000e+00  0.000e+00  4.389e+01  1.625e+01  4.389e+01  1.625e+01
  19  2.263e+04  2.263e+04  4.880e-03  2.209e+02  1.000e-09  1.000e-09  0.5000  0.000e+00  0.000e+00  0.000e+00  8.285e+01  8.335e+01  8.285e+01  8.335e+01
iter    cost       merit      stop      |grad|      preg       dreg      step   ||ffeas||  ||gfeas||  ||hfeas||   dV-exp       dV      dPhi-exp     dPhi
  20  2.263e+04  2.263e+04  2.233e-03  1.011e+02  1.000e-09  1.000e-09  0.2500  6.505e-19  0.000e+00  0.000e+00  2.211e+01  3.143e+00  2.211e+01  3.143e+00
  21  2.260e+04  2.260e+04  1.148e-03  5.190e+01  1.000e-09  1.000e-09  1.0000  0.000e+00  0.000e+00  0.000e+00  2.595e+01  2.551e+01  2.595e+01  2.551e+01
  22  2.260e+04  2.260e+04  1.677e-05  7.584e-01  1.000e-09  1.000e-09  1.0000  0.000e+00  0.000e+00  0.000e+00  3.792e-01  2.593e-01  3.792e-01  2.593e-01
  23  2.260e+04  2.260e+04  4.941e-06  2.234e-01  1.000e-09  1.000e-09  1.0000  0.000e+00  0.000e+00  0.000e+00  1.117e-01  2.636e-02  1.117e-01  2.636e-02
  24  2.260e+04  2.260e+04  3.362e-06  1.520e-01  1.000e-09  1.000e-09  1.0000  0.000e+00  0.000e+00  0.000e+00  7.600e-02  1.129e-02  7.600e-02  1.129e-02
  25  2.260e+04  2.260e+04  2.563e-06  1.159e-01  1.000e-09  1.000e-09  1.0000  0.000e+00  0.000e+00  0.000e+00  5.794e-02  5.981e-03  5.794e-02  5.981e-03
  26  2.260e+04  2.260e+04  2.109e-06  9.534e-02  1.000e-09  1.000e-09  0.5000  1.084e-19  0.000e+00  0.000e+00  3.575e-02  2.472e-02  3.575e-02  2.472e-02
  27  2.260e+04  2.260e+04  8.952e-09  4.047e-04  1.000e-09  1.000e-09  1.0000  0.000e+00  0.000e+00  0.000e+00  2.024e-04  7.298e-05  2.024e-04  7.298e-05
*** SOLVE walking ***
iter    cost       merit      stop      |grad|      preg       dreg      step   ||ffeas||  ||gfeas||  ||hfeas||   dV-exp       dV      dPhi-exp     dPhi
   0  8.312e+05  8.312e+05  4.350e+01  7.231e+07  1.000e-09  1.000e-09  1.0000  0.000e+00  0.000e+00  0.000e+00  3.616e+07  3.533e+07  8.781e+07  8.698e+07
   1  1.476e+05  1.476e+05  5.544e+00  1.637e+06  1.000e-09  1.000e-09  1.0000  0.000e+00  0.000e+00  0.000e+00  8.185e+05  6.836e+05  8.185e+05  6.836e+05
   2  7.665e+04  7.665e+04  1.773e+00  2.718e+05  1.000e-09  1.000e-09  0.5000  0.000e+00  0.000e+00  0.000e+00  1.019e+05  7.099e+04  1.019e+05  7.099e+04
   3  4.709e+04  4.709e+04  1.334e+00  1.256e+05  1.000e-09  1.000e-09  1.0000  0.000e+00  0.000e+00  0.000e+00  6.281e+04  2.956e+04  6.281e+04  2.956e+04
   4  3.318e+04  3.318e+04  1.014e+00  6.732e+04  1.000e-09  1.000e-09  1.0000  0.000e+00  0.000e+00  0.000e+00  3.366e+04  1.391e+04  3.366e+04  1.391e+04
   5  1.841e+04  1.841e+04  1.091e+00  4.016e+04  1.000e-09  1.000e-09  1.0000  0.000e+00  0.000e+00  0.000e+00  2.008e+04  1.477e+04  2.008e+04  1.477e+04
   6  1.312e+04  1.312e+04  4.099e-01  1.076e+04  1.000e-09  1.000e-09  1.0000  0.000e+00  0.000e+00  0.000e+00  5.379e+03  5.286e+03  5.379e+03  5.286e+03
   7  1.307e+04  1.307e+04  1.106e-02  2.889e+02  1.000e-09  1.000e-09  1.0000  0.000e+00  0.000e+00  0.000e+00  1.445e+02  5.759e+01  1.445e+02  5.759e+01
   8  1.300e+04  1.300e+04  6.716e-03  1.747e+02  1.000e-09  1.000e-09  1.0000  0.000e+00  0.000e+00  0.000e+00  8.734e+01  6.097e+01  8.734e+01  6.097e+01
   9  1.298e+04  1.298e+04  1.939e-03  5.034e+01  1.000e-09  1.000e-09  1.0000  0.000e+00  0.000e+00  0.000e+00  2.517e+01  2.528e+01  2.517e+01  2.528e+01
iter    cost       merit      stop      |grad|      preg       dreg      step   ||ffeas||  ||gfeas||  ||hfeas||   dV-exp       dV      dPhi-exp     dPhi
  10  1.298e+04  1.298e+04  3.871e-05  1.005e+00  1.000e-09  1.000e-09  1.0000  0.000e+00  0.000e+00  0.000e+00  5.024e-01  4.967e-01  5.024e-01  4.967e-01
  11  1.298e+04  1.298e+04  1.288e-07  3.343e-03  1.000e-09  1.000e-09  1.0000  0.000e+00  0.000e+00  0.000e+00  1.671e-03  1.377e-03  1.671e-03  1.377e-03
  12  1.298e+04  1.298e+04  6.124e-09  1.590e-04  1.000e-09  1.000e-09  1.0000  0.000e+00  0.000e+00  0.000e+00  7.949e-05  6.122e-05  7.949e-05  6.122e-05
