*** SOLVE walking (FeasShoot) ***
iter    cost       merit      stop      |grad|      preg       dreg      step   ||ffeas||  ||gfeas||  ||hfeas||   dV-exp       dV      dPhi-exp     dPhi
   0  2.806e+05  2.806e+05  8.046e+01  4.516e+07  1.000e-09  1.000e-09  1.0000  0.000e+00  0.000e+00  0.000e+00  2.258e+07  2.230e+07  2.258e+07  2.230e+07
   1  7.170e+04  7.170e+04  3.844e+00  5.512e+05  1.000e-09  1.000e-09  1.0000  0.000e+00  0.000e+00  0.000e+00  2.756e+05  2.089e+05  2.756e+05  2.089e+05
   2  1.971e+04  1.971e+04  3.379e+00  1.332e+05  1.000e-09  1.000e-09  1.0000  0.000e+00  0.000e+00  0.000e+00  6.660e+04  5.199e+04  6.660e+04  5.199e+04
   3  8.557e+03  8.557e+03  1.683e+00  2.881e+04  1.000e-09  1.000e-09  1.0000  0.000e+00  0.000e+00  0.000e+00  1.441e+04  1.115e+04  1.441e+04  1.115e+04
   4  6.653e+03  6.653e+03  5.115e-01  6.807e+03  1.000e-09  1.000e-09  0.5000  4.337e-19  0.000e+00  0.000e+00  2.553e+03  1.904e+03  2.553e+03  1.904e+03
   5  5.761e+03  5.761e+03  2.677e-01  3.085e+03  1.000e-09  1.000e-09  0.5000  4.337e-19  0.000e+00  0.000e+00  1.157e+03  8.918e+02  1.157e+03  8.918e+02
   6  5.171e+03  5.171e+03  1.161e-01  1.201e+03  1.000e-09  1.000e-09  1.0000  0.000e+00  0.000e+00  0.000e+00  6.005e+02  5.907e+02  6.005e+02  5.907e+02
   7  5.145e+03  5.145e+03  1.450e-02  1.493e+02  1.000e-09  1.000e-09  0.2500  6.505e-19  0.000e+00  0.000e+00  3.265e+01  2.520e+01  3.265e+01  2.520e+01
   8  5.135e+03  5.135e+03  6.904e-03  7.092e+01  1.000e-09  1.000e-09  0.5000  4.337e-19  0.000e+00  0.000e+00  2.660e+01  9.968e+00  2.660e+01  9.968e+00
   9  5.123e+03  5.123e+03  4.661e-03  4.776e+01  1.000e-09  1.000e-09  1.0000  0.000e+00  0.000e+00  0.000e+00  2.388e+01  1.230e+01  2.388e+01  1.230e+01
iter    cost       merit      stop      |grad|      preg       dreg      step   ||ffeas||  ||gfeas||  ||hfeas||   dV-exp       dV      dPhi-exp     dPhi
  10  5.119e+03  5.119e+03  2.268e-03  2.322e+01  1.000e-09  1.000e-09  1.0000  0.000e+00  0.000e+00  0.000e+00  1.161e+01  4.606e+00  1.161e+01  4.606e+00
  11  5.112e+03  5.112e+03  1.303e-03  1.333e+01  1.000e-09  1.000e-09  1.0000  0.000e+00  0.000e+00  0.000e+00  6.663e+00  6.731e+00  6.663e+00  6.731e+00
  12  5.112e+03  5.112e+03  2.676e-05  2.736e-01  1.000e-09  1.000e-09  1.0000  0.000e+00  0.000e+00  0.000e+00  1.368e-01  1.369e-01  1.368e-01  1.369e-01
  13  5.112e+03  5.112e+03  4.518e-09  4.620e-05  1.000e-09  1.000e-09  1.0000  0.000e+00  0.000e+00  0.000e+00  2.310e-05  2.408e-05  2.310e-05  2.408e-05
*** SOLVE walking (MultiShoot) ***
iter    cost       merit      stop      |grad|      preg       dreg      step   ||ffeas||  ||gfeas||  ||hfeas||   dV-exp       dV      dPhi-exp     dPhi
   0  1.635e+05  1.635e+05  1.381e+02  4.516e+07  1.000e-09  1.000e-09  1.0000  1.910e+00  0.000e+00  0.000e+00  2.258e+07  2.242e+07  2.258e+07  2.242e+07
   1  6.149e+04  1.014e+05  2.586e+00  3.185e+05  1.000e-09  1.000e-09  1.0000  3.359e-01  0.000e+00  0.000e+00  1.590e+05  1.020e+05  3.462e+05  2.892e+05
   2  3.276e+04  6.316e+04  1.717e+00  1.125e+05  1.000e-09  1.000e-09  1.0000  1.271e-01  0.000e+00  0.000e+00  5.626e+04  2.873e+04  1.062e+05  7.870e+04
   3  7.883e+03  3.063e+04  3.494e+00  5.508e+04  1.000e-09  1.000e-09  1.0000  7.346e-02  0.000e+00  0.000e+00  2.754e+04  2.488e+04  4.414e+04  4.147e+04
   4  6.461e+03  1.734e+04  4.524e-01  5.848e+03  1.000e-09  1.000e-09  0.5000  7.028e-02  0.000e+00  0.000e+00  2.193e+03  1.422e+03  2.439e+03  1.914e+03
   5  5.540e+03  1.091e+04  2.307e-01  2.557e+03  1.000e-09  1.000e-09  0.5000  6.939e-02  0.000e+00  0.000e+00  9.588e+02  9.213e+02  9.933e+02  9.904e+02
   6  5.260e+03  6.561e+03  7.095e-02  7.457e+02  1.000e-09  1.000e-09  0.5000  3.359e-02  0.000e+00  0.000e+00  2.797e+02  2.791e+02  9.726e+02  1.665e+03
   7  5.288e+03  5.514e+03  2.735e-02  2.888e+02  1.000e-09  1.000e-09  1.0000  1.171e-02  0.000e+00  0.000e+00  1.446e+02 -2.703e+01  5.683e+02  3.966e+02
   8  5.155e+03  5.281e+03  3.356e-02  3.460e+02  1.000e-09  1.000e-09  1.0000  5.970e-03  0.000e+00  0.000e+00  1.731e+02  1.326e+02  2.942e+02  2.538e+02
   9  5.152e+03  5.198e+03  8.435e-03  8.713e+01  1.000e-09  1.000e-09  1.0000  4.421e-03  0.000e+00  0.000e+00  4.347e+01  3.137e+00  5.983e+01  1.950e+01
iter    cost       merit      stop      |grad|      preg       dreg      step   ||ffeas||  ||gfeas||  ||hfeas||   dV-exp       dV      dPhi-exp     dPhi
  10  5.113e+03  5.186e+03  7.609e-03  7.780e+01  1.000e-09  1.000e-09  1.0000  5.844e-03  0.000e+00  0.000e+00  3.891e+01  3.890e+01  2.102e+01  2.101e+01
  11  5.112e+03  5.126e+03  2.212e-03  1.580e+00  1.000e-09  1.000e-09  1.0000  2.212e-03  0.000e+00  0.000e+00  7.899e-01  8.108e-01  2.362e+01  2.364e+01
  12  5.112e+03  5.113e+03  5.483e-04  6.507e-01  1.000e-09  1.000e-09  1.0000  5.483e-04  0.000e+00  0.000e+00  3.369e-01  3.201e-01  5.568e+00  5.551e+00
  13  5.112e+03  5.112e+03  2.295e-06  2.275e-02  1.000e-09  1.000e-09  1.0000  2.307e-07  0.000e+00  0.000e+00  1.173e-02  1.173e-02  8.732e-01  8.732e-01
  14  5.112e+03  5.112e+03  7.688e-09  1.276e-05  1.000e-09  1.000e-09  1.0000  7.688e-09  0.000e+00  0.000e+00  8.041e-06  7.792e-06  1.833e-04  1.831e-04
*** SOLVE walking (HybridShoot: 13) ***
iter    cost       merit      stop      |grad|      preg       dreg      step   ||ffeas||  ||gfeas||  ||hfeas||   dV-exp       dV      dPhi-exp     dPhi
   0  2.645e+05  2.652e+05  8.537e+01  4.516e+07  1.000e-09  1.000e-09  1.0000  9.343e-01  0.000e+00  0.000e+00  2.258e+07  2.232e+07  2.258e+07  2.232e+07
   1  4.779e+04  2.632e+05  5.434e+00  5.195e+05  1.000e-09  1.000e-09  1.0000  5.425e-01  0.000e+00  0.000e+00  2.597e+05  2.167e+05  4.152e+05  3.722e+05
   2  7.250e+04  9.115e+04  5.913e-01  8.575e+04  1.000e-09  1.000e-09  1.0000  9.396e-02  0.000e+00  0.000e+00  4.287e+04 -2.471e+04  1.319e+05  6.435e+04
   3  2.278e+04  1.122e+05  2.952e+00  1.345e+05  1.000e-09  1.000e-09  0.5000  8.748e-02  0.000e+00  0.000e+00  5.042e+04  4.972e+04  5.373e+04  5.634e+04
   4  5.430e+03  3.502e+04  3.192e+00  3.467e+04  1.000e-09  1.000e-09  1.0000  5.789e-02  0.000e+00  0.000e+00  1.734e+04  1.735e+04  3.246e+04  3.247e+04
   5  5.478e+03  1.653e+04  9.654e-02  1.057e+03  1.000e-09  1.000e-09  0.2500  4.325e-02  0.000e+00  0.000e+00  2.312e+02 -4.744e+01  1.167e+03  3.695e+03
   6  5.224e+03  8.746e+03  6.768e-02  7.049e+02  1.000e-09  1.000e-09  0.5000  2.756e-02  0.000e+00  0.000e+00  2.646e+02  2.532e+02  1.267e+03  2.259e+03
   7  5.118e+03  5.971e+03  2.049e-02  2.082e+02  1.000e-09  1.000e-09  1.0000  1.335e-02  0.000e+00  0.000e+00  1.049e+02  1.059e+02  1.013e+03  1.014e+03
   8  5.113e+03  5.142e+03  1.308e-03  1.284e+01  1.000e-09  1.000e-09  1.0000  9.155e-04  0.000e+00  0.000e+00  6.688e+00  5.802e+00  4.039e+02  4.030e+02
   9  5.112e+03  5.112e+03  1.787e-04  2.262e+00  1.000e-09  1.000e-09  1.0000  1.754e-05  0.000e+00  0.000e+00  9.135e-01  8.957e-01  1.526e+01  1.524e+01
iter    cost       merit      stop      |grad|      preg       dreg      step   ||ffeas||  ||gfeas||  ||hfeas||   dV-exp       dV      dPhi-exp     dPhi
  10  5.112e+03  5.112e+03  2.570e-06  2.421e-02  1.000e-09  1.000e-09  1.0000  1.419e-07  0.000e+00  0.000e+00  1.314e-02  1.314e-02  1.521e-01  1.521e-01
  11  5.112e+03  5.112e+03  2.616e-09  8.803e-06  1.000e-09  1.000e-09  1.0000  2.616e-09  0.000e+00  0.000e+00  2.983e-06  3.174e-06  5.593e-04  5.595e-04
*** SOLVE walking (OdynSQP) ***
iter    cost       merit      stop      |grad|      preg       dreg      step   ||ffeas||  ||gfeas||  ||hfeas||   dV-exp       dV      dPhi-exp     dPhi
   0  7.197e+05  4.783e+07  5.019e+01  7.224e+07  1.000e-09  1.000e-09  1.0000  2.800e+00  2.445e+01  0.000e+00  3.612e+07  3.541e+07  4.062e+07  3.991e+07
   1  1.992e+05  1.182e+07  1.344e+01  1.421e+06  1.000e-09  1.000e-09  0.5000  1.424e+00  1.201e+01  0.000e+00  5.325e+05  5.205e+05  6.502e+06  1.246e+07
   2  6.043e+04  2.906e+06  6.583e+00  3.779e+05  1.000e-09  1.000e-09  0.5000  7.298e-01  5.854e+00  0.000e+00  1.415e+05  1.387e+05  1.623e+06  3.102e+06
   3  1.132e+04  1.377e+06  6.317e+00  9.940e+04  1.000e-09  1.000e-09  1.0000  1.703e-01  6.147e+00  0.000e+00  4.920e+04  4.911e+04  1.068e+05  1.067e+05
   4  1.118e+04  4.541e+04  3.168e-01  2.404e+02  1.000e-09  1.000e-09  1.0000  1.472e-02  3.021e-01  0.000e+00  1.452e+02  1.452e+02  6.485e+05  6.485e+05
   5  1.117e+04  1.409e+04  5.399e-02  6.402e+00  1.000e-09  1.000e-09  1.0000  2.440e-03  5.155e-02  0.000e+00  4.501e+00  4.243e+00  1.420e+04  1.420e+04
   6  1.117e+04  1.167e+04  1.852e-02  1.512e+00  1.000e-09  1.000e-09  1.0000  9.089e-04  1.761e-02  0.000e+00  5.647e-01  3.306e-01  9.588e+02  9.585e+02
   7  1.117e+04  1.139e+04  1.578e-02  1.189e+00  1.000e-09  1.000e-09  1.0000  6.585e-04  1.512e-02  0.000e+00  2.681e-01  3.238e-02  3.729e+01  3.705e+01
   8  1.117e+04  1.125e+04  1.225e-02  1.194e+00  1.000e-09  1.000e-09  0.5000  5.198e-04  1.173e-02  0.000e+00  3.617e-01  2.997e-01  1.230e+01  2.417e+01
   9  1.117e+04  1.117e+04  4.644e-05  5.137e-01  1.000e-09  1.000e-09  1.0000  2.101e-07  6.596e-06  0.000e+00 -5.189e-01 -5.189e-01  4.082e+01  4.082e+01
iter    cost       merit      stop      |grad|      preg       dreg      step   ||ffeas||  ||gfeas||  ||hfeas||   dV-exp       dV      dPhi-exp     dPhi
  10  1.117e+04  1.117e+04  2.042e-06  1.149e-03  1.000e-09  1.000e-09  1.0000  1.147e-07  1.927e-06  0.000e+00  1.034e-03  1.009e-03  9.078e-03  9.054e-03
  11  1.117e+04  1.117e+04  1.677e-06  1.054e-04  1.000e-08  1.000e-08  1.0000  7.036e-08  1.606e-06  0.000e+00  5.080e-06 -1.939e-05  3.133e-04  2.888e-04
  12  1.117e+04  1.117e+04  1.310e-06  1.829e-04  1.000e-07  1.000e-07  0.5000  5.578e-08  1.254e-06  0.000e+00  6.600e-05  5.959e-05  1.434e-04  2.143e-04
  13  1.117e+04  1.117e+04  5.203e-09  5.807e-05  1.000e-06  1.000e-06  1.0000  5.514e-11  1.523e-09  0.000e+00 -5.814e-05 -5.814e-05  2.180e-04  2.180e-04

*** SOLVE jumping (FeasShoot) ***
iter    cost       merit      stop      |grad|      preg       dreg      step   ||ffeas||  ||gfeas||  ||hfeas||   dV-exp       dV      dPhi-exp     dPhi
   0  7.042e+06  1.831e+07  1.958e+00  1.814e+07  1.000e-09  1.000e-09  0.1250  1.958e+00  0.000e+00  0.000e+00  2.125e+06  2.027e+06  2.326e+06  3.637e+06
   1  4.234e+06  1.170e+07  1.645e+00  1.406e+07  1.000e-09  1.000e-09  0.2500  1.469e+00  0.000e+00  0.000e+00  3.072e+06  2.808e+06  3.694e+06  5.295e+06
   2  3.251e+06  8.442e+06  1.285e+00  8.411e+06  1.000e-09  1.000e-09  0.1250  1.285e+00  0.000e+00  0.000e+00  9.848e+05  9.834e+05  1.078e+06  1.725e+06
   3  2.501e+06  6.482e+06  1.274e+00  6.441e+06  1.000e-09  1.000e-09  0.1250  1.125e+00  0.000e+00  0.000e+00  7.543e+05  7.502e+05  8.254e+05  1.319e+06
   4  1.933e+06  4.990e+06  1.265e+00  4.941e+06  1.000e-09  1.000e-09  0.1250  9.840e-01  0.000e+00  0.000e+00  5.786e+05  5.673e+05  6.332e+05  1.004e+06
   5  1.493e+06  3.850e+06  1.263e+00  3.807e+06  1.000e-09  1.000e-09  0.1250  8.610e-01  0.000e+00  0.000e+00  4.458e+05  4.401e+05  4.879e+05  7.768e+05
   6  8.223e+05  2.375e+06  1.763e+00  2.927e+06  1.000e-09  1.000e-09  0.2500  6.458e-01  0.000e+00  0.000e+00  6.394e+05  6.708e+05  7.688e+05  1.188e+06
   7  2.274e+05  7.892e+05  3.458e+00  1.590e+06  1.000e-09  1.000e-09  0.5000  3.229e-01  0.000e+00  0.000e+00  5.941e+05  5.949e+05  8.750e+05  1.157e+06
   8  1.648e+05  3.077e+05  1.214e+00  4.055e+05  1.000e-09  1.000e-09  0.5000  1.614e-01  0.000e+00  0.000e+00  1.514e+05  6.265e+04  2.229e+05  2.056e+05
   9  1.367e+05  1.367e+05  1.028e+00  2.833e+05  1.000e-09  1.000e-09  1.0000  0.000e+00  0.000e+00  0.000e+00  1.405e+05  2.807e+04  3.413e+05  2.289e+05
iter    cost       merit      stop      |grad|      preg       dreg      step   ||ffeas||  ||gfeas||  ||hfeas||   dV-exp       dV      dPhi-exp     dPhi
  10  9.358e+04  9.358e+04  1.214e+00  2.273e+05  1.000e-09  1.000e-09  1.0000  0.000e+00  0.000e+00  0.000e+00  1.136e+05  4.314e+04  1.136e+05  4.314e+04
  11  5.682e+04  5.682e+04  1.245e+00  1.415e+05  1.000e-09  1.000e-09  1.0000  0.000e+00  0.000e+00  0.000e+00  7.075e+04  3.676e+04  7.075e+04  3.676e+04
  12  3.524e+04  3.524e+04  9.565e-01  6.742e+04  1.000e-09  1.000e-09  0.5000  3.469e-18  0.000e+00  0.000e+00  2.528e+04  2.158e+04  2.528e+04  2.158e+04
  13  3.170e+04  3.170e+04  3.856e-01  2.445e+04  1.000e-09  1.000e-09  1.0000  0.000e+00  0.000e+00  0.000e+00  1.222e+04  3.543e+03  1.222e+04  3.543e+03
  14  2.658e+04  2.658e+04  3.449e-01  1.833e+04  1.000e-09  1.000e-09  0.5000  1.084e-19  0.000e+00  0.000e+00  6.875e+03  5.119e+03  6.875e+03  5.119e+03
  15  2.482e+04  2.482e+04  1.557e-01  7.728e+03  1.000e-09  1.000e-09  0.5000  0.000e+00  0.000e+00  0.000e+00  2.898e+03  1.764e+03  2.898e+03  1.764e+03
  16  2.343e+04  2.343e+04  9.291e-02  4.354e+03  1.000e-09  1.000e-09  0.5000  0.000e+00  0.000e+00  0.000e+00  1.633e+03  1.383e+03  1.633e+03  1.383e+03
  17  2.286e+04  2.286e+04  3.534e-02  1.616e+03  1.000e-09  1.000e-09  1.0000  0.000e+00  0.000e+00  0.000e+00  8.079e+02  5.698e+02  8.079e+02  5.698e+02
  18  2.280e+04  2.280e+04  1.268e-02  5.783e+02  1.000e-09  1.000e-09  0.1250  1.518e-18  0.000e+00  0.000e+00  6.777e+01  6.751e+01  6.777e+01  6.751e+01
  19  2.279e+04  2.279e+04  9.652e-03  4.400e+02  1.000e-09  1.000e-09  0.0625  1.626e-18  0.000e+00  0.000e+00  2.664e+01  5.007e+00  2.664e+01  5.007e+00
iter    cost       merit      stop      |grad|      preg       dreg      step   ||ffeas||  ||gfeas||  ||hfeas||   dV-exp       dV      dPhi-exp     dPhi
  20  2.262e+04  2.262e+04  8.258e-03  3.736e+02  1.000e-09  1.000e-09  1.0000  0.000e+00  0.000e+00  0.000e+00  1.868e+02  1.745e+02  1.868e+02  1.745e+02
  21  2.260e+04  2.260e+04  1.292e-03  5.839e+01  1.000e-09  1.000e-09  0.5000  0.000e+00  0.000e+00  0.000e+00  2.190e+01  1.595e+01  2.190e+01  1.595e+01
  22  2.259e+04  2.259e+04  4.657e-04  2.105e+01  1.000e-09  1.000e-09  1.0000  0.000e+00  0.000e+00  0.000e+00  1.052e+01  6.512e+00  1.052e+01  6.512e+00
  23  2.259e+04  2.259e+04  1.720e-04  7.773e+00  1.000e-09  1.000e-09  1.0000  0.000e+00  0.000e+00  0.000e+00  3.887e+00  3.837e+00  3.887e+00  3.837e+00
  24  2.259e+04  2.259e+04  1.537e-06  6.943e-02  1.000e-09  1.000e-09  1.0000  0.000e+00  0.000e+00  0.000e+00  3.472e-02  1.075e-02  3.472e-02  1.075e-02
  25  2.259e+04  2.259e+04  7.873e-07  3.557e-02  1.000e-09  1.000e-09  1.0000  0.000e+00  0.000e+00  0.000e+00  1.779e-02  4.063e-03  1.779e-02  4.063e-03
  26  2.259e+04  2.259e+04  4.857e-07  2.194e-02  1.000e-08  1.000e-08  1.0000  0.000e+00  0.000e+00  0.000e+00  1.097e-02  1.921e-03  1.097e-02  1.921e-03
  27  2.259e+04  2.259e+04  3.405e-07  1.539e-02  1.000e-07  1.000e-07  1.0000  0.000e+00  0.000e+00  0.000e+00  7.693e-03  9.753e-04  7.693e-03  9.753e-04
  28  2.259e+04  2.259e+04  2.660e-07  1.202e-02  1.000e-06  1.000e-06  0.5000  8.674e-19  0.000e+00  0.000e+00  4.507e-03  3.135e-03  4.507e-03  3.135e-03
  29  2.259e+04  2.259e+04  1.470e-09  6.640e-05  1.000e-05  1.000e-05  1.0000  0.000e+00  0.000e+00  0.000e+00  3.321e-05  9.696e-06  3.321e-05  9.696e-06
*** SOLVE jumping (MultiShoot) ***
iter    cost       merit      stop      |grad|      preg       dreg      step   ||ffeas||  ||gfeas||  ||hfeas||   dV-exp       dV      dPhi-exp     dPhi
   0  5.226e+06  1.501e+07  1.725e+00  1.814e+07  1.000e-09  1.000e-09  0.2500  1.702e+00  0.000e+00  0.000e+00  3.964e+06  3.843e+06  4.736e+06  6.930e+06
   1  3.206e+06  9.714e+06  1.604e+00  1.043e+07  1.000e-09  1.000e-09  0.2500  1.508e+00  0.000e+00  0.000e+00  2.276e+06  2.019e+06  2.486e+06  2.857e+06
   2  9.114e+05  8.673e+06  3.439e+00  6.357e+06  1.000e-09  1.000e-09  0.5000  2.613e+00  0.000e+00  0.000e+00  2.373e+06  2.295e+06  7.310e+05 -9.890e+05
   3  9.394e+04  4.310e+06  9.167e+00  1.750e+06  1.000e-09  1.000e-09  1.0000  2.838e+00  0.000e+00  0.000e+00  8.612e+05  8.175e+05  5.265e+05  4.828e+05
   4  5.373e+04  1.025e+06  1.308e+00  1.342e+05  1.000e-09  1.000e-09  0.5000  1.308e+00  0.000e+00  0.000e+00  5.058e+04  4.021e+04  6.187e+05  1.176e+06
   5  4.292e+04  4.790e+05  1.175e+00  5.049e+04  1.000e-09  1.000e-09  0.2500  1.175e+00  0.000e+00  0.000e+00  1.087e+04  1.081e+04  2.329e+04  6.047e+04
   6  3.622e+04  2.458e+05  1.129e+00  3.178e+04  1.000e-09  1.000e-09  0.2500  1.129e+00  0.000e+00  0.000e+00  6.842e+03  6.700e+03  8.968e+03  1.520e+04
   7  2.870e+04  1.380e+05  1.178e+00  2.087e+04  1.000e-09  1.000e-09  0.5000  1.178e+00  0.000e+00  0.000e+00  7.576e+03  7.521e+03  5.293e+03  2.955e+03
   8  2.491e+04  4.372e+04  4.054e-01  8.268e+03  1.000e-09  1.000e-09  1.0000  4.054e-01  0.000e+00  0.000e+00  4.019e+03  3.791e+03  3.988e+04  3.965e+04
   9  2.656e+04  2.882e+04  9.738e-02  2.514e+03  1.000e-09  1.000e-09  1.0000  9.738e-02  0.000e+00  0.000e+00  1.507e+03 -1.655e+03  8.654e+03  5.492e+03
iter    cost       merit      stop      |grad|      preg       dreg      step   ||ffeas||  ||gfeas||  ||hfeas||   dV-exp       dV      dPhi-exp     dPhi
  10  2.513e+04  2.785e+04  1.516e-01  7.592e+03  1.000e-09  1.000e-09  0.5000  4.858e-02  0.000e+00  0.000e+00  2.851e+03  1.434e+03  4.215e+03  4.162e+03
  11  2.495e+04  2.666e+04  9.461e-02  4.754e+03  1.000e-09  1.000e-09  0.5000  2.450e-02  0.000e+00  0.000e+00  1.779e+03  1.760e+02  2.615e+03  1.848e+03
  12  2.336e+04  2.600e+04  9.066e-02  4.254e+03  1.000e-09  1.000e-09  0.5000  2.134e-02  0.000e+00  0.000e+00  1.593e+03  1.595e+03  1.788e+03  1.985e+03
  13  2.307e+04  2.442e+04  2.869e-02  1.331e+03  1.000e-09  1.000e-09  0.2500  2.192e-02  0.000e+00  0.000e+00  2.910e+02  2.905e+02  2.820e+02  2.544e+02
  14  2.300e+04  2.360e+04  1.947e-02  7.840e+02  1.000e-09  1.000e-09  0.2500  1.947e-02  0.000e+00  0.000e+00  1.713e+02  7.001e+01  1.902e+02  1.457e+02
  15  2.284e+04  2.308e+04  1.423e-02  6.540e+02  1.000e-09  1.000e-09  0.5000  1.005e-02  0.000e+00  0.000e+00  2.447e+02  1.548e+02  3.571e+02  3.795e+02
  16  2.271e+04  2.289e+04  7.778e-03  3.546e+02  1.000e-09  1.000e-09  0.5000  7.031e-03  0.000e+00  0.000e+00  1.328e+02  1.303e+02  1.707e+02  2.061e+02
  17  2.266e+04  2.282e+04  6.203e-03  2.669e+02  1.000e-09  1.000e-09  0.2500  6.203e-03  0.000e+00  0.000e+00  5.836e+01  5.798e+01  6.396e+01  8.037e+01
  18  2.264e+04  2.275e+04  6.254e-03  1.549e+02  1.000e-09  1.000e-09  0.1250  6.254e-03  0.000e+00  0.000e+00  1.815e+01  1.293e+01  1.804e+01  1.203e+01
  19  2.266e+04  2.272e+04  4.430e-03  1.147e+02  1.000e-09  1.000e-09  0.5000  4.430e-03  0.000e+00  0.000e+00  4.296e+01 -1.395e+01  5.487e+01  9.877e+00
iter    cost       merit      stop      |grad|      preg       dreg      step   ||ffeas||  ||gfeas||  ||hfeas||   dV-exp       dV      dPhi-exp     dPhi
  20  2.260e+04  2.263e+04  2.962e-03  1.341e+02  1.000e-09  1.000e-09  1.0000  1.500e-03  0.000e+00  0.000e+00  6.696e+01  5.743e+01  1.302e+02  1.207e+02
  21  2.259e+04  2.260e+04  1.277e-03  2.018e+01  1.000e-09  1.000e-09  1.0000  1.277e-03  0.000e+00  0.000e+00  1.011e+01  1.006e+01  1.252e+01  1.246e+01
  22  2.259e+04  2.259e+04  1.004e-05  1.833e-01  1.000e-09  1.000e-09  1.0000  1.004e-05  0.000e+00  0.000e+00  8.210e-02  8.190e-02  6.922e+00  6.922e+00
  23  2.259e+04  2.259e+04  5.441e-06  1.670e-02  1.000e-09  1.000e-09  1.0000  5.441e-06  0.000e+00  0.000e+00  1.177e-03  1.080e-03  1.360e-02  1.350e-02
  24  2.259e+04  2.259e+04  4.670e-06  1.361e-02  1.000e-09  1.000e-09  1.0000  4.670e-06  0.000e+00  0.000e+00 -1.255e-04 -2.395e-04  9.137e-04  7.997e-04
  25  2.259e+04  2.259e+04  4.161e-06  1.255e-02  1.000e-08  1.000e-08  1.0000  4.161e-06  0.000e+00  0.000e+00 -2.179e-04 -3.224e-04  1.260e-04  2.154e-05
  26  2.259e+04  2.259e+04  3.640e-06  1.192e-02  1.000e-07  1.000e-07  1.0000  3.640e-06  0.000e+00  0.000e+00 -1.834e-04 -2.904e-04 -7.694e-06 -1.147e-04
  27  2.259e+04  2.259e+04  3.292e-06  1.145e-02  1.000e-06  1.000e-06  1.0000  3.292e-06  0.000e+00  0.000e+00 -1.320e-04 -2.369e-04 -7.334e-05 -1.782e-04
  28  2.259e+04  2.259e+04  3.000e-06  1.104e-02  1.000e-05  1.000e-05  1.0000  3.000e-06  0.000e+00  0.000e+00 -1.033e-04 -2.077e-04 -7.864e-05 -1.830e-04
  29  2.259e+04  2.259e+04  2.712e-06  1.053e-02  1.000e-04  1.000e-04  1.0000  2.712e-06  0.000e+00  0.000e+00 -9.305e-05 -1.941e-04 -8.091e-05 -1.820e-04
iter    cost       merit      stop      |grad|      preg       dreg      step   ||ffeas||  ||gfeas||  ||hfeas||   dV-exp       dV      dPhi-exp     dPhi
  30  2.259e+04  2.259e+04  2.015e-06  8.890e-03  1.000e-03  1.000e-03  1.0000  2.015e-06  0.000e+00  0.000e+00 -2.415e-04 -3.276e-04 -2.268e-04 -3.129e-04
  31  2.259e+04  2.259e+04  7.313e-07  2.303e-03  1.000e-02  1.000e-02  1.0000  7.313e-07  0.000e+00  0.000e+00 -1.965e-03 -2.000e-03 -1.952e-03 -1.987e-03
  32  2.259e+04  2.259e+04  1.212e-07  2.189e-03  1.000e-01  1.000e-01  1.0000  5.367e-08  0.000e+00  0.000e+00 -2.738e-03 -2.740e-03 -2.735e-03 -2.736e-03
  33  2.259e+04  2.259e+04  9.875e-09  2.120e-04  1.000e+00  1.000e+00  1.0000  1.691e-09  0.000e+00  0.000e+00 -2.231e-04 -2.231e-04 -2.229e-04 -2.230e-04
*** SOLVE jumping (HybridShoot: 8) ***
iter    cost       merit      stop      |grad|      preg       dreg      step   ||ffeas||  ||gfeas||  ||hfeas||   dV-exp       dV      dPhi-exp     dPhi
   0  7.001e+06  1.927e+07  2.134e+00  1.814e+07  1.000e-09  1.000e-09  0.1250  2.134e+00  0.000e+00  0.000e+00  2.125e+06  2.068e+06  2.200e+06  2.670e+06
   1  4.180e+06  2.565e+07  4.630e+00  1.398e+07  1.000e-09  1.000e-09  0.2500  4.630e+00  0.000e+00  0.000e+00  3.055e+06  2.821e+06  1.610e+05 -8.755e+06
   2  2.478e+06  1.142e+07  3.859e+00  8.320e+06  1.000e-09  1.000e-09  0.2500  3.859e+00  0.000e+00  0.000e+00  1.817e+06  1.702e+06  2.264e+06  3.490e+06
   3  1.473e+06  4.454e+06  2.572e+00  4.907e+06  1.000e-09  1.000e-09  0.2500  2.572e+00  0.000e+00  0.000e+00  1.072e+06  1.006e+06  1.445e+06  2.497e+06
   4  8.570e+05  2.583e+06  2.173e+00  2.893e+06  1.000e-09  1.000e-09  0.2500  2.173e+00  0.000e+00  0.000e+00  6.318e+05  6.157e+05  7.111e+05  9.330e+05
   5  2.502e+05  1.347e+06  3.280e+00  1.662e+06  1.000e-09  1.000e-09  0.5000  2.033e+00  0.000e+00  0.000e+00  6.206e+05  6.068e+05  6.582e+05  6.820e+05
   6  1.531e+05  6.239e+05  1.745e+00  4.516e+05  1.000e-09  1.000e-09  0.2500  1.745e+00  0.000e+00  0.000e+00  9.856e+04  9.716e+04  1.180e+05  1.749e+05
   7  6.041e+04  3.667e+05  2.270e+00  2.580e+05  1.000e-09  1.000e-09  0.5000  2.270e+00  0.000e+00  0.000e+00  9.616e+04  9.265e+04  6.075e+04  2.184e+04
   8  6.016e+04  1.135e+05  7.913e-01  7.454e+04  1.000e-09  1.000e-09  1.0000  7.913e-01  0.000e+00  0.000e+00  3.635e+04  2.528e+02  1.361e+05  1.000e+05
   9  5.951e+04  9.656e+04  6.243e-01  7.417e+04  1.000e-09  1.000e-09  0.5000  5.523e-01  0.000e+00  0.000e+00  2.783e+04  6.508e+02  3.584e+04  1.668e+04
iter    cost       merit      stop      |grad|      preg       dreg      step   ||ffeas||  ||gfeas||  ||hfeas||   dV-exp       dV      dPhi-exp     dPhi
  10  4.227e+04  7.024e+04  8.596e-01  7.263e+04  1.000e-09  1.000e-09  1.0000  2.977e-01  0.000e+00  0.000e+00  3.633e+04  1.725e+04  6.027e+04  4.118e+04
  11  2.859e+04  3.323e+04  6.773e-01  3.874e+04  1.000e-09  1.000e-09  1.0000  4.986e-02  0.000e+00  0.000e+00  1.937e+04  1.367e+04  4.240e+04  3.670e+04
  12  2.739e+04  3.202e+04  2.168e-01  1.188e+04  1.000e-09  1.000e-09  0.5000  2.724e-02  0.000e+00  0.000e+00  4.455e+03  1.206e+03  6.379e+03  5.054e+03
  13  2.651e+04  3.234e+04  1.670e-01  8.870e+03  1.000e-09  1.000e-09  0.2500  2.509e-02  0.000e+00  0.000e+00  1.940e+03  8.756e+02  2.065e+03  1.376e+03
  14  2.580e+04  3.162e+04  1.309e-01  6.764e+03  1.000e-09  1.000e-09  1.0000  3.025e-02  0.000e+00  0.000e+00  3.377e+03  7.107e+02  2.384e+03 -2.823e+02
  15  2.462e+04  2.884e+04  1.279e-01  6.280e+03  1.000e-09  1.000e-09  0.5000  2.837e-02  0.000e+00  0.000e+00  2.357e+03  1.182e+03  2.497e+03  1.461e+03
  16  2.350e+04  2.476e+04  7.438e-02  3.507e+03  1.000e-09  1.000e-09  0.5000  1.428e-02  0.000e+00  0.000e+00  1.314e+03  1.118e+03  1.934e+03  2.358e+03
  17  2.297e+04  2.358e+04  3.117e-02  1.439e+03  1.000e-09  1.000e-09  0.5000  8.514e-03  0.000e+00  0.000e+00  5.389e+02  5.329e+02  7.454e+02  9.459e+02
  18  2.279e+04  2.332e+04  1.895e-02  8.674e+02  1.000e-09  1.000e-09  0.2500  7.359e-03  0.000e+00  0.000e+00  1.896e+02  1.828e+02  2.105e+02  2.665e+02
  19  2.273e+04  2.311e+04  1.026e-02  3.811e+02  1.000e-09  1.000e-09  1.0000  1.026e-02  0.000e+00  0.000e+00  1.903e+02  5.707e+01  8.315e+01 -5.010e+01
iter    cost       merit      stop      |grad|      preg       dreg      step   ||ffeas||  ||gfeas||  ||hfeas||   dV-exp       dV      dPhi-exp     dPhi
  20  2.261e+04  2.265e+04  6.123e-03  2.664e+02  1.000e-09  1.000e-09  1.0000  2.389e-03  0.000e+00  0.000e+00  1.384e+02  1.207e+02  2.901e+02  2.724e+02
  21  2.259e+04  2.260e+04  8.398e-04  3.854e+01  1.000e-09  1.000e-09  1.0000  4.211e-04  0.000e+00  0.000e+00  1.897e+01  1.816e+01  4.130e+01  4.049e+01
  22  2.259e+04  2.259e+04  1.622e-04  1.244e+00  1.000e-09  1.000e-09  1.0000  1.622e-04  0.000e+00  0.000e+00  5.863e-01  1.771e-01  2.055e+00  1.645e+00
  23  2.259e+04  2.259e+04  9.468e-05  6.537e-01  1.000e-09  1.000e-09  1.0000  9.468e-05  0.000e+00  0.000e+00  2.941e-01  5.189e-02  4.857e-01  2.435e-01
  24  2.259e+04  2.259e+04  5.396e-05  4.028e-01  1.000e-09  1.000e-09  1.0000  5.396e-05  0.000e+00  0.000e+00  1.823e-01  3.801e-02  2.944e-01  1.500e-01
  25  2.259e+04  2.259e+04  4.403e-05  2.559e-01  1.000e-09  1.000e-09  1.0000  4.403e-05  0.000e+00  0.000e+00  1.133e-01  1.916e-02  1.431e-01  4.896e-02
  26  2.259e+04  2.259e+04  4.182e-05  1.818e-01  1.000e-09  1.000e-09  1.0000  4.182e-05  0.000e+00  0.000e+00  7.783e-02  1.160e-02  8.342e-02  1.718e-02
  27  2.259e+04  2.259e+04  4.002e-05  1.410e-01  1.000e-09  1.000e-09  1.0000  4.002e-05  0.000e+00  0.000e+00  5.758e-02  6.800e-03  6.110e-02  1.032e-02
  28  2.259e+04  2.259e+04  3.865e-05  1.182e-01  1.000e-09  1.000e-09  1.0000  3.865e-05  0.000e+00  0.000e+00  4.593e-02  4.256e-03  4.818e-02  6.503e-03
  29  2.259e+04  2.259e+04  3.743e-05  1.044e-01  1.000e-08  1.000e-08  1.0000  3.743e-05  0.000e+00  0.000e+00  3.880e-02  2.574e-03  4.054e-02  4.323e-03
iter    cost       merit      stop      |grad|      preg       dreg      step   ||ffeas||  ||gfeas||  ||hfeas||   dV-exp       dV      dPhi-exp     dPhi
  30  2.259e+04  2.259e+04  2.782e-05  9.578e-02  1.000e-07  1.000e-07  0.5000  2.782e-05  0.000e+00  0.000e+00  3.253e-02  2.438e-02  3.882e-02  3.697e-02
  31  2.259e+04  2.259e+04  8.992e-07  2.026e-02  2.000e-08  2.000e-08  1.0000  1.349e-08  0.000e+00  0.000e+00 -2.031e-02 -2.035e-02 -2.103e-03 -2.137e-03
  32  2.259e+04  2.259e+04  7.781e-09  5.320e-05  2.000e-07  2.000e-07  1.0000  7.781e-09  0.000e+00  0.000e+00  2.390e-05  5.124e-06  2.764e-05  8.865e-06
*** SOLVE jumping (OdynSQP) ***
iter    cost       merit      stop      |grad|      preg       dreg      step   ||ffeas||  ||gfeas||  ||hfeas||   dV-exp       dV      dPhi-exp     dPhi
   0  5.136e+06  2.788e+07  5.253e+00  1.819e+07  1.000e-09  1.000e-09  0.2500  2.093e+00  3.160e+00  0.000e+00  3.973e+06  3.955e+06  1.500e+06 -5.937e+06
   1  2.897e+06  1.507e+07  5.622e+00  1.025e+07  1.000e-09  1.000e-09  0.2500  1.575e+00  4.046e+00  0.000e+00  2.240e+06  2.239e+06  2.040e+06  1.441e+06
   2  7.441e+05  7.464e+06  6.208e+00  5.754e+06  1.000e-09  1.000e-09  0.5000  1.870e+00  4.338e+00  0.000e+00  2.153e+06  2.153e+06  1.835e+06  1.518e+06
   3  2.090e+05  1.395e+06  3.378e+00  1.433e+06  1.000e-09  1.000e-09  0.5000  7.935e-01  1.398e+00  0.000e+00  5.347e+05  5.351e+05  1.622e+06  2.709e+06
   4  3.142e+04  5.752e+05  5.650e+00  3.628e+05  1.000e-09  1.000e-09  1.0000  1.036e+00  9.734e-01  0.000e+00  1.775e+05  1.775e+05  2.267e+05  2.267e+05
   5  2.737e+04  2.448e+05  1.607e+00  1.874e+04  1.000e-09  1.000e-09  0.2500  7.341e-01  8.730e-01  0.000e+00  4.045e+03  4.044e+03  1.765e+04  5.848e+04
   6  2.832e+04  5.043e+05  7.036e+00  1.949e+03  1.000e-09  1.000e-09  1.0000  5.876e-01  6.448e+00  0.000e+00 -9.414e+02 -9.439e+02 -3.682e+05 -3.682e+05
   7  2.462e+04  1.585e+05  3.958e+00  1.049e+04  1.000e-09  1.000e-09  0.5000  3.256e-01  3.632e+00  0.000e+00  3.698e+03  3.695e+03  5.575e+04  1.078e+05
   8  2.741e+04  9.545e+04  4.023e+00  1.627e+03  1.000e-09  1.000e-09  1.0000  2.219e-01  3.801e+00  0.000e+00 -2.783e+03 -2.782e+03 -3.888e+03 -3.887e+03
   9  2.556e+04  5.949e+04  4.013e+00  5.403e+03  1.000e-09  1.000e-09  0.5000  1.606e-01  3.852e+00  0.000e+00  1.846e+03  1.846e+03  1.890e+03  1.935e+03
iter    cost       merit      stop      |grad|      preg       dreg      step   ||ffeas||  ||gfeas||  ||hfeas||   dV-exp       dV      dPhi-exp     dPhi
  10  2.712e+04  3.685e+04  2.299e+00  7.610e+02  1.000e-09  1.000e-09  1.0000  1.068e-01  2.193e+00  0.000e+00 -1.566e+03 -1.565e+03  5.679e+03  5.679e+03
  11  2.570e+04  3.151e+04  2.750e+00  4.204e+03  1.000e-09  1.000e-09  0.5000  1.364e-01  2.614e+00  0.000e+00  1.426e+03  1.426e+03  9.498e+02  4.738e+02
  12  2.700e+04  2.858e+04  1.502e+00  6.954e+02  1.000e-09  1.000e-09  1.0000  9.769e-02  1.404e+00  0.000e+00 -1.298e+03 -1.298e+03  2.139e+01  2.159e+01
  13  2.592e+04  2.839e+04  2.320e+00  3.180e+03  1.000e-09  1.000e-09  0.5000  1.157e-01  2.205e+00  0.000e+00  1.075e+03  1.075e+03  6.395e+02  2.047e+02
  14  2.686e+04  2.754e+04  1.271e+00  4.739e+02  1.000e-09  1.000e-09  1.0000  2.099e-01  1.061e+00  0.000e+00 -9.427e+02 -9.427e+02 -3.846e+02 -3.846e+02
  15  2.608e+04  2.756e+04  1.617e+00  2.305e+03  1.000e-09  1.000e-09  0.5000  1.064e-01  1.511e+00  0.000e+00  7.788e+02  7.790e+02  6.208e+02  4.629e+02
  16  2.675e+04  2.719e+04  9.656e-01  3.343e+02  1.000e-09  1.000e-09  1.0000  6.290e-02  9.027e-01  0.000e+00 -6.656e+02 -6.657e+02 -3.686e+02 -3.686e+02
  17  2.622e+04  2.714e+04  1.129e+00  1.579e+03  1.000e-09  1.000e-09  0.5000  6.999e-02  1.059e+00  0.000e+00  5.334e+02  5.335e+02  4.665e+02  3.997e+02
  18  2.668e+04  2.697e+04  7.014e-01  2.438e+02  1.000e-09  1.000e-09  1.0000  3.435e-02  6.671e-01  0.000e+00 -4.603e+02 -4.604e+02 -2.851e+02 -2.852e+02
  19  2.634e+04  2.677e+04  6.183e-01  1.008e+03  1.000e-09  1.000e-09  0.5000  1.590e-01  4.594e-01  0.000e+00  3.382e+02  3.382e+02  3.674e+02  3.967e+02
iter    cost       merit      stop      |grad|      preg       dreg      step   ||ffeas||  ||gfeas||  ||hfeas||   dV-exp       dV      dPhi-exp     dPhi
  20  2.664e+04  2.684e+04  5.651e-01  1.576e+02  1.000e-09  1.000e-09  1.0000  2.259e-02  5.425e-01  0.000e+00 -3.034e+02 -3.034e+02 -2.847e+02 -2.847e+02
  21  2.641e+04  2.675e+04  5.860e-01  6.896e+02  1.000e-09  1.000e-09  0.5000  4.488e-02  5.411e-01  0.000e+00  2.302e+02  2.302e+02  2.240e+02  2.180e+02
  22  2.664e+04  2.673e+04  3.040e-01  1.354e+02  1.000e-09  1.000e-09  1.0000  1.908e-02  2.849e-01  0.000e+00 -2.270e+02 -2.270e+02 -1.447e+02 -1.446e+02
  23  2.649e+04  2.674e+04  3.578e-01  4.407e+02  1.000e-09  1.000e-09  0.5000  3.554e-02  3.223e-01  0.000e+00  1.463e+02  1.463e+02  1.280e+02  1.098e+02
  24  2.664e+04  2.671e+04  2.040e-01  9.316e+01  1.000e-09  1.000e-09  1.0000  1.627e-02  1.877e-01  0.000e+00 -1.515e+02 -1.515e+02 -9.925e+01 -9.923e+01
  25  2.655e+04  2.671e+04  2.443e-01  2.872e+02  1.000e-09  1.000e-09  0.5000  2.854e-02  2.157e-01  0.000e+00  9.517e+01  9.518e+01  8.198e+01  6.880e+01
  26  2.665e+04  2.669e+04  1.332e-01  6.194e+01  1.000e-09  1.000e-09  1.0000  1.252e-02  1.207e-01  0.000e+00 -1.002e+02 -1.002e+02 -6.386e+01 -6.385e+01
  27  2.659e+04  2.669e+04  1.619e-01  1.923e+02  1.000e-09  1.000e-09  0.5000  2.259e-02  1.393e-01  0.000e+00  6.377e+01  6.378e+01  5.410e+01  4.444e+01
  28  2.665e+04  2.668e+04  7.630e-02  4.098e+01  1.000e-09  1.000e-09  1.0000  8.716e-03  6.758e-02  0.000e+00 -6.696e+01 -6.695e+01 -3.813e+01 -3.812e+01
  29  2.661e+04  2.669e+04  9.803e-02  1.326e+02  1.000e-09  1.000e-09  0.5000  1.670e-02  8.133e-02  0.000e+00  4.409e+01  4.410e+01  3.519e+01  2.630e+01
iter    cost       merit      stop      |grad|      preg       dreg      step   ||ffeas||  ||gfeas||  ||hfeas||   dV-exp       dV      dPhi-exp     dPhi
  30  2.665e+04  2.667e+04  4.262e-02  2.727e+01  1.000e-09  1.000e-09  1.0000  5.919e-03  3.671e-02  0.000e+00 -4.557e+01 -4.557e+01 -2.289e+01 -2.288e+01
  31  2.662e+04  2.669e+04  6.268e-02  9.451e+01  1.000e-09  1.000e-09  0.5000  1.176e-02  5.093e-02  0.000e+00  3.154e+01  3.154e+01  2.090e+01  1.027e+01
  32  2.665e+04  2.667e+04  2.781e-02  1.805e+01  1.000e-09  1.000e-09  1.0000  4.375e-03  2.343e-02  0.000e+00 -3.153e+01 -3.153e+01 -1.303e+01 -1.303e+01
  33  2.663e+04  2.669e+04  4.322e-02  7.370e+01  1.000e-09  1.000e-09  0.5000  9.029e-03  3.419e-02  0.000e+00  2.484e+01  2.484e+01  1.468e+01  4.518e+00
  34  2.665e+04  2.667e+04  2.102e-02  1.154e+01  1.000e-09  1.000e-09  1.0000  3.331e-03  1.769e-02  0.000e+00 -2.295e+01 -2.295e+01 -8.308e+00 -8.305e+00
  35  2.663e+04  2.668e+04  3.330e-02  6.544e+01  1.000e-09  1.000e-09  0.5000  7.342e-03  2.596e-02  0.000e+00  2.224e+01  2.224e+01  1.243e+01  2.616e+00
  36  2.665e+04  2.667e+04  2.920e-02  7.155e+00  1.000e-09  1.000e-09  1.0000  2.616e-03  2.658e-02  0.000e+00 -1.846e+01 -1.846e+01 -1.519e+01 -1.518e+01
  37  2.663e+04  2.666e+04  2.782e-02  6.744e+01  1.000e-09  1.000e-09  0.5000  6.045e-03  2.177e-02  0.000e+00  2.303e+01  2.303e+01  2.386e+01  2.469e+01
  38  2.664e+04  2.667e+04  4.577e-02  4.125e+00  1.000e-09  1.000e-09  1.0000  1.109e-02  3.468e-02  0.000e+00 -1.701e+01 -1.701e+01 -2.784e+01 -2.784e+01
  39  2.662e+04  2.664e+04  2.932e-02  7.805e+01  1.000e-09  1.000e-09  0.5000  5.694e-03  2.363e-02  0.000e+00  2.667e+01  2.667e+01  3.402e+01  4.137e+01
iter    cost       merit      stop      |grad|      preg       dreg      step   ||ffeas||  ||gfeas||  ||hfeas||   dV-exp       dV      dPhi-exp     dPhi
  40  2.663e+04  2.666e+04  5.082e-02  1.760e+00  1.000e-09  1.000e-09  1.0000  8.266e-03  4.256e-02  0.000e+00 -1.779e+01 -1.778e+01 -2.739e+01 -2.739e+01
  41  2.660e+04  2.667e+04  6.580e-02  9.664e+01  1.000e-09  1.000e-09  0.5000  5.842e-03  5.995e-02  0.000e+00  3.314e+01  3.315e+01  2.558e+01  1.802e+01
  42  2.662e+04  2.664e+04  2.898e-02  2.279e+00  1.000e-09  1.000e-09  1.0000  7.417e-03  2.156e-02  0.000e+00 -2.098e+01 -2.097e+01 -2.388e+00 -2.380e+00
  43  2.658e+04  2.667e+04  4.365e-02  1.071e+02  1.000e-09  1.000e-09  0.5000  3.538e-03  4.011e-02  0.000e+00  3.680e+01  3.680e+01  2.228e+01  7.775e+00
  44  2.661e+04  2.663e+04  2.526e-02  2.983e+00  1.000e-09  1.000e-09  1.0000  4.064e-03  2.119e-02  0.000e+00 -2.260e+01 -2.259e+01 -4.412e+00 -4.400e+00
  45  2.657e+04  2.664e+04  3.007e-02  1.023e+02  1.000e-09  1.000e-09  0.5000  3.423e-03  2.664e-02  0.000e+00  3.540e+01  3.541e+01  3.006e+01  2.472e+01
  46  2.659e+04  2.661e+04  1.771e-02  1.039e+00  1.000e-09  1.000e-09  1.0000  4.268e-03  1.344e-02  0.000e+00 -1.826e+01 -1.825e+01 -4.538e+00 -4.528e+00
  47  2.656e+04  2.664e+04  2.508e-02  9.342e+01  1.000e-09  1.000e-09  0.5000  6.799e-03  1.828e-02  0.000e+00  3.300e+01  3.300e+01  2.153e+01  1.007e+01
  48  2.657e+04  2.666e+04  6.355e-02  1.045e+01  1.000e-09  1.000e-09  1.0000  2.033e-02  4.322e-02  0.000e+00 -8.582e+00 -8.573e+00 -6.842e+01 -6.841e+01
  49  2.653e+04  2.661e+04  9.243e-02  8.430e+01  1.000e-09  1.000e-09  1.0000  4.526e-02  4.717e-02  0.000e+00  3.901e+01  3.900e+01  1.369e+01  1.369e+01
iter    cost       merit      stop      |grad|      preg       dreg      step   ||ffeas||  ||gfeas||  ||hfeas||   dV-exp       dV      dPhi-exp     dPhi
  50  2.649e+04  2.675e+04  2.287e-01  1.942e+02  1.000e-09  1.000e-09  0.2500  7.341e-02  1.553e-01  0.000e+00  4.117e+01  4.117e+01  1.120e+00 -1.190e+02
  51  2.650e+04  2.660e+04  1.647e-01  6.104e+00  1.000e-09  1.000e-09  1.0000  7.364e-02  9.107e-02  0.000e+00 -1.878e+01 -1.877e+01  1.884e+01  1.884e+01
  52  2.646e+04  2.649e+04  8.843e-02  1.001e+02  1.000e-09  1.000e-09  1.0000  1.418e-02  7.426e-02  0.000e+00  4.854e+01  4.854e+01  8.065e+01  8.066e+01
  53  2.639e+04  2.649e+04  8.463e-02  1.861e+02  1.000e-09  1.000e-09  0.5000  3.854e-02  4.609e-02  0.000e+00  6.479e+01  6.479e+01  6.703e+01  6.928e+01
  54  2.642e+04  2.646e+04  7.346e-02  1.275e+00  1.000e-09  1.000e-09  1.0000  2.477e-02  4.869e-02  0.000e+00 -2.699e+01 -2.700e+01 -2.040e+01 -2.041e+01
  55  2.637e+04  2.644e+04  7.833e-02  9.593e+01  1.000e-09  1.000e-09  1.0000  7.511e-03  7.082e-02  0.000e+00  5.158e+01  5.158e+01  4.669e+01  4.669e+01
  56  2.631e+04  2.647e+04  1.333e-01  1.461e+02  1.000e-09  1.000e-09  0.5000  3.007e-02  1.032e-01  0.000e+00  5.271e+01  5.271e+01  2.031e+01 -1.208e+01
  57  2.631e+04  2.639e+04  1.405e-01  2.567e+01  1.000e-09  1.000e-09  0.5000  1.467e-02  1.258e-01  0.000e+00  6.545e+00  6.545e+00  4.423e+00  2.300e+00
  58  2.629e+04  2.633e+04  1.423e-01  3.725e+01  1.000e-09  1.000e-09  1.0000  6.873e-03  1.355e-01  0.000e+00  1.481e+01  1.480e+01  1.425e+01  1.425e+01
  59  2.624e+04  2.630e+04  1.169e-01  7.278e+01  1.000e-09  1.000e-09  1.0000  8.472e-03  1.084e-01  0.000e+00  4.796e+01  4.795e+01  6.022e+01  6.021e+01
iter    cost       merit      stop      |grad|      preg       dreg      step   ||ffeas||  ||gfeas||  ||hfeas||   dV-exp       dV      dPhi-exp     dPhi
  60  2.620e+04  2.622e+04  4.168e-02  5.414e+01  1.000e-09  1.000e-09  1.0000  2.164e-02  2.004e-02  0.000e+00  4.339e+01  4.340e+01  8.327e+01  8.328e+01
  61  2.619e+04  2.620e+04  2.072e-02  1.141e+01  1.000e-09  1.000e-09  1.0000  1.186e-02  8.856e-03  0.000e+00  7.710e+00  7.712e+00  1.327e+01  1.327e+01
  62  2.619e+04  2.619e+04  2.213e-02  5.155e+00  1.000e-09  1.000e-09  1.0000  2.042e-03  2.009e-02  0.000e+00  1.318e+00  1.319e+00  1.130e+00  1.131e+00
  63  2.619e+04  2.619e+04  1.655e-02  6.727e+00  1.000e-09  1.000e-09  1.0000  9.050e-04  1.564e-02  0.000e+00  1.265e+00  1.267e+00  1.721e+00  1.723e+00
  64  2.619e+04  2.619e+04  1.667e-02  1.155e+01  1.000e-09  1.000e-09  0.5000  2.035e-03  1.463e-02  0.000e+00  3.492e+00  3.493e+00  3.479e+00  3.468e+00
  65  2.619e+04  2.619e+04  5.059e-04  6.130e+00  1.000e-09  1.000e-09  1.0000  3.859e-05  4.673e-04  0.000e+00 -6.336e+00 -6.335e+00 -4.652e+00 -4.652e+00
  66  2.619e+04  2.619e+04  4.674e-04  4.597e-01  1.000e-09  1.000e-09  0.5000  2.175e-05  4.456e-04  0.000e+00  1.442e-01  1.442e-01  1.505e-01  1.569e-01
  67  2.619e+04  2.619e+04  4.809e-05  1.792e-01  1.000e-09  1.000e-09  1.0000  6.189e-06  4.190e-05  0.000e+00 -2.005e-01 -2.005e-01 -1.313e-01 -1.313e-01
  68  2.619e+04  2.619e+04  3.730e-05  5.216e-02  1.000e-09  1.000e-09  0.5000  5.589e-06  3.171e-05  0.000e+00  1.904e-02  1.904e-02  2.289e-02  2.674e-02
  69  2.619e+04  2.619e+04  4.631e-05  1.406e-02  1.000e-09  1.000e-09  1.0000  2.825e-06  4.349e-05  0.000e+00  4.007e-03  4.006e-03  7.914e-04  7.902e-04
iter    cost       merit      stop      |grad|      preg       dreg      step   ||ffeas||  ||gfeas||  ||hfeas||   dV-exp       dV      dPhi-exp     dPhi
  70  2.619e+04  2.619e+04  5.205e-05  3.217e-02  1.000e-08  1.000e-08  0.2500  2.275e-06  4.978e-05  0.000e+00  7.323e-03  7.323e-03  6.408e-03  3.664e-03
  71  2.619e+04  2.619e+04  5.272e-05  2.956e-02  1.000e-07  1.000e-07  1.0000  1.841e-06  5.088e-05  0.000e+00  1.853e-02  1.853e-02  1.819e-02  1.819e-02
  72  2.619e+04  2.619e+04  4.399e-05  3.771e-02  2.000e-08  2.000e-08  1.0000  2.253e-06  4.173e-05  0.000e+00  2.459e-02  2.459e-02  3.041e-02  3.041e-02
  73  2.619e+04  2.619e+04  4.109e-05  4.543e-02  4.000e-09  4.000e-09  0.5000  1.884e-06  3.920e-05  0.000e+00  1.873e-02  1.873e-02  2.012e-02  2.150e-02
  74  2.619e+04  2.619e+04  6.444e-05  4.465e-02  1.000e-09  1.000e-09  1.0000  3.442e-06  6.100e-05  0.000e+00  2.774e-02  2.773e-02  5.217e-03  5.215e-03
  75  2.619e+04  2.619e+04  7.961e-05  5.944e-02  1.000e-09  1.000e-09  1.0000  4.374e-06  7.524e-05  0.000e+00  3.897e-02  3.897e-02  2.586e-02  2.586e-02
  76  2.619e+04  2.619e+04  8.265e-05  7.204e-02  1.000e-09  1.000e-09  1.0000  5.451e-06  7.720e-05  0.000e+00  4.724e-02  4.723e-02  4.466e-02  4.465e-02
  77  2.619e+04  2.619e+04  1.027e-04  8.731e-02  1.000e-09  1.000e-09  1.0000  6.749e-06  9.596e-05  0.000e+00  5.723e-02  5.723e-02  3.740e-02  3.739e-02
  78  2.619e+04  2.619e+04  1.002e-04  1.059e-01  1.000e-09  1.000e-09  1.0000  8.293e-06  9.187e-05  0.000e+00  6.935e-02  6.934e-02  7.180e-02  7.179e-02
  79  2.619e+04  2.619e+04  1.259e-04  1.284e-01  1.000e-09  1.000e-09  1.0000  1.020e-05  1.157e-04  0.000e+00  8.403e-02  8.403e-02  5.314e-02  5.313e-02
iter    cost       merit      stop      |grad|      preg       dreg      step   ||ffeas||  ||gfeas||  ||hfeas||   dV-exp       dV      dPhi-exp     dPhi
  80  2.619e+04  2.619e+04  1.137e-04  1.557e-01  1.000e-09  1.000e-09  1.0000  1.249e-05  1.012e-04  0.000e+00  1.018e-01  1.018e-01  1.160e-01  1.159e-01
  81  2.619e+04  2.619e+04  1.538e-04  1.890e-01  1.000e-09  1.000e-09  1.0000  1.536e-05  1.384e-04  0.000e+00  1.234e-01  1.234e-01  6.120e-02  6.120e-02
  82  2.619e+04  2.619e+04  1.517e-04  2.295e-01  1.000e-09  1.000e-09  1.0000  1.880e-05  1.329e-04  0.000e+00  1.495e-01  1.495e-01  1.524e-01  1.524e-01
  83  2.619e+04  2.619e+04  2.344e-04  2.791e-01  1.000e-09  1.000e-09  1.0000  2.316e-05  2.113e-04  0.000e+00  1.812e-01  1.812e-01  4.003e-02  4.002e-02
  84  2.619e+04  2.619e+04  2.233e-04  3.399e-01  1.000e-09  1.000e-09  1.0000  2.838e-05  1.949e-04  0.000e+00  2.196e-01  2.196e-01  2.345e-01  2.345e-01
  85  2.619e+04  2.619e+04  1.910e-04  4.151e-01  1.000e-09  1.000e-09  0.5000  2.294e-05  1.681e-04  0.000e+00  1.704e-01  1.704e-01  1.979e-01  2.254e-01
  86  2.619e+04  2.619e+04  3.197e-04  3.985e-01  1.000e-09  1.000e-09  1.0000  3.881e-05  2.809e-04  0.000e+00  2.459e-01  2.459e-01  9.384e-03  9.353e-03
  87  2.619e+04  2.619e+04  4.190e-04  5.358e-01  1.000e-09  1.000e-09  1.0000  4.789e-05  3.711e-04  0.000e+00  3.513e-01  3.513e-01  1.953e-01  1.953e-01
  88  2.619e+04  2.619e+04  4.611e-04  6.475e-01  1.000e-09  1.000e-09  1.0000  5.914e-05  4.020e-04  0.000e+00  4.245e-01  4.244e-01  3.636e-01  3.636e-01
  89  2.619e+04  2.619e+04  6.229e-04  7.821e-01  1.000e-09  1.000e-09  1.0000  7.301e-05  5.499e-04  0.000e+00  5.125e-01  5.124e-01  2.556e-01  2.556e-01
iter    cost       merit      stop      |grad|      preg       dreg      step   ||ffeas||  ||gfeas||  ||hfeas||   dV-exp       dV      dPhi-exp     dPhi
  90  2.619e+04  2.619e+04  6.600e-04  9.444e-01  1.000e-09  1.000e-09  1.0000  9.044e-05  5.695e-04  0.000e+00  6.184e-01  6.184e-01  5.658e-01  5.657e-01
  91  2.619e+04  2.619e+04  9.270e-04  1.140e+00  1.000e-09  1.000e-09  1.0000  1.119e-04  8.151e-04  0.000e+00  7.458e-01  7.458e-01  3.147e-01  3.146e-01
  92  2.619e+04  2.619e+04  9.383e-04  1.376e+00  1.000e-09  1.000e-09  1.0000  1.393e-04  7.990e-04  0.000e+00  8.991e-01  8.990e-01  8.834e-01  8.833e-01
  93  2.619e+04  2.619e+04  9.982e-04  1.696e+00  1.000e-09  1.000e-09  0.5000  1.145e-04  8.837e-04  0.000e+00  6.991e-01  6.990e-01  6.489e-01  5.987e-01
  94  2.619e+04  2.619e+04  1.052e-03  1.734e+00  1.000e-09  1.000e-09  0.5000  1.085e-04  9.435e-04  0.000e+00  7.020e-01  7.019e-01  6.606e-01  6.192e-01
  95  2.619e+04  2.619e+04  1.153e-03  1.885e+00  1.000e-09  1.000e-09  0.5000  1.127e-04  1.040e-03  0.000e+00  7.558e-01  7.557e-01  6.776e-01  5.993e-01
  96  2.619e+04  2.619e+04  1.283e-03  2.091e+00  1.000e-09  1.000e-09  0.5000  1.233e-04  1.160e-03  0.000e+00  8.349e-01  8.348e-01  7.342e-01  6.333e-01
  97  2.618e+04  2.619e+04  1.440e-03  2.340e+00  1.000e-09  1.000e-09  0.5000  1.384e-04  1.301e-03  0.000e+00  9.326e-01  9.325e-01  8.117e-01  6.908e-01
  98  2.618e+04  2.619e+04  1.619e-03  2.627e+00  1.000e-09  1.000e-09  0.5000  1.572e-04  1.462e-03  0.000e+00  1.046e+00  1.046e+00  9.074e-01  7.687e-01
  99  2.618e+04  2.619e+04  1.821e-03  2.950e+00  1.000e-09  1.000e-09  0.5000  1.797e-04  1.641e-03  0.000e+00  1.174e+00  1.174e+00  1.019e+00  8.629e-01

*** SOLVE walking (FeasShoot) ***
iter    cost       merit      stop      |grad|      preg       dreg      step   ||ffeas||  ||gfeas||  ||hfeas||   dV-exp       dV      dPhi-exp     dPhi
   0  8.099e+05  8.099e+05  4.464e+01  7.231e+07  1.000e-09  1.000e-09  1.0000  0.000e+00  0.000e+00  0.000e+00  3.616e+07  3.535e+07  8.781e+07  8.701e+07
   1  1.081e+05  1.081e+05  7.393e+00  1.598e+06  1.000e-09  1.000e-09  1.0000  0.000e+00  0.000e+00  0.000e+00  7.988e+05  7.019e+05  7.988e+05  7.019e+05
   2  5.401e+04  5.401e+04  1.772e+00  1.915e+05  1.000e-09  1.000e-09  0.5000  0.000e+00  0.000e+00  0.000e+00  7.180e+04  5.404e+04  7.180e+04  5.404e+04
   3  3.182e+04  3.182e+04  1.270e+00  8.085e+04  1.000e-09  1.000e-09  0.5000  2.168e-19  0.000e+00  0.000e+00  3.032e+04  2.219e+04  3.032e+04  2.219e+04
   4  2.329e+04  2.329e+04  7.763e-01  3.616e+04  1.000e-09  1.000e-09  0.5000  0.000e+00  0.000e+00  0.000e+00  1.356e+04  8.530e+03  1.356e+04  8.530e+03
   5  1.737e+04  1.737e+04  5.485e-01  1.906e+04  1.000e-09  1.000e-09  1.0000  0.000e+00  0.000e+00  0.000e+00  9.528e+03  5.921e+03  9.528e+03  5.921e+03
   6  1.617e+04  1.617e+04  2.666e-01  8.621e+03  1.000e-09  1.000e-09  0.5000  4.303e-19  0.000e+00  0.000e+00  3.233e+03  1.202e+03  3.233e+03  1.202e+03
   7  1.323e+04  1.323e+04  2.219e-01  5.873e+03  1.000e-09  1.000e-09  1.0000  0.000e+00  0.000e+00  0.000e+00  2.937e+03  2.933e+03  2.937e+03  2.933e+03
   8  1.322e+04  1.322e+04  3.374e-03  8.922e+01  1.000e-09  1.000e-09  0.2500  6.505e-19  0.000e+00  0.000e+00  1.952e+01  1.483e+01  1.952e+01  1.483e+01
   9  1.320e+04  1.320e+04  1.785e-03  4.712e+01  1.000e-09  1.000e-09  1.0000  0.000e+00  0.000e+00  0.000e+00  2.356e+01  1.990e+01  2.356e+01  1.990e+01
iter    cost       merit      stop      |grad|      preg       dreg      step   ||ffeas||  ||gfeas||  ||hfeas||   dV-exp       dV      dPhi-exp     dPhi
  10  1.320e+04  1.320e+04  3.527e-04  9.309e+00  1.000e-09  1.000e-09  0.5000  0.000e+00  0.000e+00  0.000e+00  3.491e+00  3.021e+00  3.491e+00  3.021e+00
  11  1.320e+04  1.320e+04  1.056e-04  2.787e+00  1.000e-09  1.000e-09  1.0000  0.000e+00  0.000e+00  0.000e+00  1.393e+00  1.389e+00  1.393e+00  1.389e+00
  12  1.320e+04  1.320e+04  1.491e-07  3.934e-03  1.000e-09  1.000e-09  1.0000  0.000e+00  0.000e+00  0.000e+00  1.967e-03  1.764e-03  1.967e-03  1.764e-03
  13  1.320e+04  1.320e+04  5.604e-09  1.479e-04  1.000e-08  1.000e-08  1.0000  0.000e+00  0.000e+00  0.000e+00  7.396e-05  5.163e-05  7.396e-05  5.163e-05
*** SOLVE walking (MultiShoot) ***
iter    cost       merit      stop      |grad|      preg       dreg      step   ||ffeas||  ||gfeas||  ||hfeas||   dV-exp       dV      dPhi-exp     dPhi
   0  2.770e+07  1.237e+08  1.305e+00  7.231e+07  1.000e-09  1.000e-09  0.1250  1.161e-01  0.000e+00  0.000e+00  8.474e+06  8.467e+06  2.928e+06 -3.590e+07
   1  1.561e+07  8.823e+07  1.774e+00  5.538e+07  1.000e-09  1.000e-09  0.2500  1.757e-01  0.000e+00  0.000e+00  1.211e+07  1.209e+07  5.960e+06 -1.253e+07
   2  8.791e+06  6.554e+07  1.774e+00  3.119e+07  1.000e-09  1.000e-09  0.2500  2.745e-01  0.000e+00  0.000e+00  6.823e+06  6.816e+06  1.714e+06 -1.362e+07
   3  4.946e+06  3.234e+07  1.775e+00  1.756e+07  1.000e-09  1.000e-09  0.2500  2.650e-01  0.000e+00  0.000e+00  3.840e+06  3.845e+06  4.086e+06  4.826e+06
   4  1.251e+06  1.690e+07  3.942e+00  9.866e+06  1.000e-09  1.000e-09  0.5000  3.028e-01  0.000e+00  0.000e+00  3.700e+06  3.695e+06  2.724e+06  1.744e+06
   5  4.722e+04  9.001e+06  2.622e+01  2.477e+06  1.000e-09  1.000e-09  1.0000  3.465e-01  0.000e+00  0.000e+00  1.238e+06  1.204e+06  1.071e+05  7.328e+04
   6  6.575e+04  2.702e+06  5.228e-01  6.875e+04  1.000e-09  1.000e-09  0.5000  2.040e-01  0.000e+00  0.000e+00  2.578e+04 -1.853e+04  9.463e+05  1.823e+06
   7  2.311e+04  4.540e+05  2.270e+00  1.049e+05  1.000e-09  1.000e-09  1.0000  6.671e-02  0.000e+00  0.000e+00  5.245e+04  4.265e+04  9.395e+05  9.297e+05
   8  1.572e+04  1.402e+05  6.295e-01  1.978e+04  1.000e-09  1.000e-09  0.5000  3.854e-02  0.000e+00  0.000e+00  7.419e+03  7.389e+03  5.291e+04  9.838e+04
   9  1.384e+04  5.704e+04  1.803e-01  4.987e+03  1.000e-09  1.000e-09  0.5000  2.675e-02  0.000e+00  0.000e+00  1.870e+03  1.878e+03  1.139e+04  2.091e+04
iter    cost       merit      stop      |grad|      preg       dreg      step   ||ffeas||  ||gfeas||  ||hfeas||   dV-exp       dV      dPhi-exp     dPhi
  10  1.333e+04  1.969e+04  4.703e-02  1.258e+03  1.000e-09  1.000e-09  1.0000  7.880e-03  0.000e+00  0.000e+00  6.269e+02  5.115e+02  1.587e+04  1.575e+04
  11  1.321e+04  1.476e+04  1.007e-02  2.671e+02  1.000e-09  1.000e-09  1.0000  3.835e-03  0.000e+00  0.000e+00  1.331e+02  1.144e+02  1.766e+03  1.748e+03
  12  1.320e+04  1.326e+04  1.375e-03  3.622e+01  1.000e-09  1.000e-09  1.0000  3.004e-04  0.000e+00  0.000e+00  1.814e+01  1.440e+01  7.317e+02  7.280e+02
  13  1.320e+04  1.322e+04  2.682e-04  7.078e+00  1.000e-09  1.000e-09  0.2500  2.287e-04  0.000e+00  0.000e+00  1.548e+00  1.550e+00  3.358e+00  8.787e+00
  14  1.320e+04  1.321e+04  1.760e-04  3.977e+00  1.000e-09  1.000e-09  0.2500  1.760e-04  0.000e+00  0.000e+00  8.700e-01  8.708e-01  1.535e+00  3.530e+00
  15  1.320e+04  1.320e+04  2.180e-04  2.235e+00  1.000e-09  1.000e-09  0.5000  2.180e-04  0.000e+00  0.000e+00  8.379e-01  8.396e-01  3.084e-01 -2.193e-01
  16  1.320e+04  1.320e+04  1.161e-04  5.556e-01  1.000e-09  1.000e-09  1.0000  1.161e-04  0.000e+00  0.000e+00  2.765e-01  2.780e-01  1.562e+00  1.563e+00
  17  1.320e+04  1.320e+04  1.697e-07  1.513e-03  1.000e-09  1.000e-09  1.0000  1.697e-07  0.000e+00  0.000e+00 -1.552e-03 -1.555e-03  7.298e-01  7.298e-01
  18  1.320e+04  1.320e+04  2.984e-09  2.951e-06  1.000e-09  1.000e-09  1.0000  2.984e-09  0.000e+00  0.000e+00  2.255e-06  2.164e-06  5.282e-04  5.281e-04
*** SOLVE walking (HybridShoot: 11) ***
iter    cost       merit      stop      |grad|      preg       dreg      step   ||ffeas||  ||gfeas||  ||hfeas||   dV-exp       dV      dPhi-exp     dPhi
   0  2.770e+07  9.752e+07  1.305e+00  7.231e+07  1.000e-09  1.000e-09  0.1250  8.444e-02  0.000e+00  0.000e+00  8.474e+06  8.461e+06  6.203e+06 -9.707e+06
   1  1.562e+07  6.831e+07  1.774e+00  5.539e+07  1.000e-09  1.000e-09  0.2500  1.125e-01  0.000e+00  0.000e+00  1.212e+07  1.209e+07  8.834e+06 -1.044e+06
   2  8.802e+06  3.925e+07  1.773e+00  3.121e+07  1.000e-09  1.000e-09  0.2500  1.300e-01  0.000e+00  0.000e+00  6.828e+06  6.814e+06  5.803e+06  2.715e+06
   3  2.206e+06  1.769e+07  3.984e+00  1.758e+07  1.000e-09  1.000e-09  0.5000  1.322e-01  0.000e+00  0.000e+00  6.592e+06  6.596e+06  6.461e+06  6.335e+06
   4  5.609e+05  4.676e+06  3.909e+00  4.386e+06  1.000e-09  1.000e-09  0.5000  7.025e-02  0.000e+00  0.000e+00  1.645e+06  1.645e+06  3.458e+06  5.272e+06
   5  1.519e+05  2.513e+06  3.608e+00  1.097e+06  1.000e-09  1.000e-09  0.5000  8.061e-02  0.000e+00  0.000e+00  4.112e+05  4.090e+05  2.597e+05  1.058e+05
   6  4.806e+04  6.990e+05  2.881e+00  2.772e+05  1.000e-09  1.000e-09  0.5000  4.446e-02  0.000e+00  0.000e+00  1.039e+05  1.039e+05  3.686e+05  6.332e+05
   7  2.068e+04  2.263e+05  1.690e+00  7.006e+04  1.000e-09  1.000e-09  1.0000  2.809e-02  0.000e+00  0.000e+00  3.497e+04  2.738e+04  1.548e+05  1.472e+05
   8  2.065e+04  1.214e+05  3.632e-01  1.499e+04  1.000e-09  1.000e-09  1.0000  2.751e-02  0.000e+00  0.000e+00  7.499e+03  3.614e+01  9.620e+03  2.157e+03
   9  1.514e+04  4.687e+04  4.876e-01  1.477e+04  1.000e-09  1.000e-09  0.5000  1.733e-02  0.000e+00  0.000e+00  5.538e+03  5.504e+03  1.485e+04  2.413e+04
iter    cost       merit      stop      |grad|      preg       dreg      step   ||ffeas||  ||gfeas||  ||hfeas||   dV-exp       dV      dPhi-exp     dPhi
  10  1.328e+04  2.522e+04  1.403e-01  3.727e+03  1.000e-09  1.000e-09  1.0000  1.305e-02  0.000e+00  0.000e+00  1.864e+03  1.860e+03  5.787e+03  5.783e+03
  11  1.324e+04  1.572e+04  6.142e-03  1.628e+02  1.000e-09  1.000e-09  1.0000  5.423e-03  0.000e+00  0.000e+00  8.130e+01  4.778e+01  3.570e+03  3.536e+03
  12  1.321e+04  1.339e+04  3.020e-03  8.015e+01  1.000e-09  1.000e-09  1.0000  7.924e-04  0.000e+00  0.000e+00  3.989e+01  2.498e+01  1.099e+03  1.084e+03
  13  1.320e+04  1.322e+04  1.154e-03  3.018e+01  1.000e-09  1.000e-09  1.0000  1.746e-04  0.000e+00  0.000e+00  1.524e+01  9.353e+00  8.592e+01  8.004e+01
  14  1.320e+04  1.320e+04  4.384e-04  1.161e+01  1.000e-09  1.000e-09  1.0000  3.428e-05  0.000e+00  0.000e+00  5.785e+00  5.776e+00  1.381e+01  1.380e+01
  15  1.320e+04  1.320e+04  3.818e-06  7.991e-02  1.000e-09  1.000e-09  1.0000  3.818e-06  0.000e+00  0.000e+00  4.058e-02  3.842e-02  9.117e-01  9.096e-01
  16  1.320e+04  1.320e+04  1.507e-07  2.122e-03  1.000e-09  1.000e-09  1.0000  6.305e-08  0.000e+00  0.000e+00  1.989e-03  1.974e-03  5.568e-02  5.567e-02
  17  1.320e+04  1.320e+04  1.515e-09  9.804e-06  1.000e-09  1.000e-09  1.0000  1.515e-09  0.000e+00  0.000e+00  4.689e-06  5.180e-06  4.446e-04  4.451e-04
*** SOLVE walking (OdynSQP) ***
iter    cost       merit      stop      |grad|      preg       dreg      step   ||ffeas||  ||gfeas||  ||hfeas||   dV-exp       dV      dPhi-exp     dPhi
   0  9.998e+06  4.065e+07  2.042e+01  7.218e+07  1.000e-09  1.000e-09  0.5000  1.362e+00  1.906e+01  0.000e+00  2.707e+07  2.614e+07  3.754e+07  4.708e+07
   1  2.549e+06  1.037e+07  1.042e+01  1.994e+07  1.000e-09  1.000e-09  0.5000  1.015e+00  9.404e+00  0.000e+00  7.478e+06  7.449e+06  1.123e+07  1.496e+07
   2  6.942e+05  2.896e+06  5.867e+00  5.063e+06  1.000e-09  1.000e-09  0.5000  1.116e+00  4.751e+00  0.000e+00  1.899e+06  1.855e+06  2.753e+06  3.564e+06
   3  1.943e+05  1.057e+06  4.597e+00  1.354e+06  1.000e-09  1.000e-09  0.5000  7.482e-01  3.849e+00  0.000e+00  5.080e+05  4.999e+05  6.271e+05  7.382e+05
   4  1.675e+04  3.444e+05  1.062e+01  3.547e+05  1.000e-09  1.000e-09  1.0000  9.941e-02  3.393e+00  0.000e+00  1.778e+05  1.775e+05  2.814e+05  2.811e+05
   5  1.636e+04  6.171e+04  9.666e-01  6.926e+02  1.000e-09  1.000e-09  1.0000  5.756e-02  9.090e-01  0.000e+00  3.910e+02  3.881e+02  1.189e+05  1.189e+05
   6  1.635e+04  1.839e+04  8.697e-02  1.327e+01  1.000e-09  1.000e-09  1.0000  5.564e-03  8.140e-02  0.000e+00  7.314e+00  4.813e+00  2.064e+04  2.064e+04
   7  1.635e+04  1.673e+04  3.221e-02  6.843e+00  1.000e-09  1.000e-09  1.0000  8.052e-03  2.415e-02  0.000e+00  3.381e+00  6.732e-01  6.457e+02  6.430e+02
   8  1.635e+04  1.651e+04  2.738e-02  8.782e+00  1.000e-09  1.000e-09  0.5000  6.237e-03  2.114e-02  0.000e+00  3.118e+00  2.021e+00  1.727e+01  3.033e+01
   9  1.635e+04  1.636e+04  4.280e-03  7.159e-01  1.000e-09  1.000e-09  1.0000  2.998e-04  3.980e-03  0.000e+00 -9.356e-01 -9.986e-01  6.679e+01  6.673e+01
iter    cost       merit      stop      |grad|      preg       dreg      step   ||ffeas||  ||gfeas||  ||hfeas||   dV-exp       dV      dPhi-exp     dPhi
  10  1.635e+04  1.636e+04  3.478e-03  2.497e-01  1.000e-09  1.000e-09  0.5000  2.430e-04  3.235e-03  0.000e+00  8.775e-02  5.855e-02  6.757e-01  1.234e+00
  11  1.635e+04  1.635e+04  4.640e-05  3.045e-02  1.000e-09  1.000e-09  1.0000  7.744e-06  3.865e-05  0.000e+00 -3.494e-02 -3.708e-02  2.481e+00  2.478e+00
  12  1.635e+04  1.635e+04  4.604e-05  7.806e-03  1.000e-09  1.000e-09  0.5000  5.107e-06  4.094e-05  0.000e+00  2.706e-03  1.800e-03  2.771e-03  1.929e-03
  13  1.635e+04  1.635e+04  4.044e-06  1.178e-03  1.000e-08  1.000e-08  1.0000  1.135e-06  2.909e-06  0.000e+00  8.612e-04  8.015e-04  8.558e-03  8.499e-03
  14  1.635e+04  1.635e+04  4.273e-06  3.862e-04  1.000e-07  1.000e-07  1.0000  2.965e-07  3.977e-06  0.000e+00 -5.766e-04 -6.835e-04 -5.976e-04 -7.045e-04
  15  1.635e+04  1.635e+04  3.726e-06  8.341e-04  1.000e-06  1.000e-06  0.5000  2.586e-07  3.468e-06  0.000e+00  3.601e-04  3.171e-04  4.156e-04  4.279e-04
  16  1.635e+04  1.635e+04  1.347e-07  1.661e-04  1.000e-05  1.000e-05  1.0000  4.479e-08  8.990e-08  0.000e+00 -1.785e-04 -1.817e-04  1.856e-04  1.824e-04
  17  1.635e+04  1.635e+04  1.676e-07  1.741e-03  1.000e-04  1.000e-04  1.0000  1.470e-08  1.529e-07  0.000e+00  1.733e-03  1.728e-03  1.127e-03  1.122e-03
  18  1.635e+04  1.635e+04  2.428e-07  3.533e-03  1.000e-03  1.000e-03  1.0000  1.700e-08  2.258e-07  0.000e+00 -3.543e-03 -3.552e-03 -4.234e-03 -4.242e-03
  19  1.635e+04  1.635e+04  2.358e-07  2.057e-03  1.000e-02  1.000e-02  1.0000  2.026e-08  2.155e-07  0.000e+00  2.044e-03  2.034e-03  2.129e-03  2.118e-03
iter    cost       merit      stop      |grad|      preg       dreg      step   ||ffeas||  ||gfeas||  ||hfeas||   dV-exp       dV      dPhi-exp     dPhi
  20  1.635e+04  1.635e+04  1.462e-07  1.423e-04  1.000e-01  1.000e-01  1.0000  9.425e-09  1.368e-07  0.000e+00 -1.496e-04 -1.549e-04  3.888e-04  3.834e-04
  21  1.635e+04  1.635e+04  1.264e-07  2.067e-03  1.000e+00  1.000e+00  1.0000  8.545e-10  2.304e-09  0.000e+00  2.067e-03  2.067e-03  4.956e-03  4.956e-03
  22  1.635e+04  1.635e+04  1.043e-07  1.705e-03  1.000e+01  1.000e+01  1.0000  2.419e-10  9.182e-12  0.000e+00 -1.705e-03 -1.705e-03 -1.646e-03 -1.646e-03
  23  1.635e+04  1.635e+04  5.690e-09  9.304e-05  1.000e+02  1.000e+02  1.0000  1.991e-10  5.201e-13  0.000e+00 -9.304e-05 -9.304e-05 -9.141e-05 -9.141e-05
