*** SOLVE walking (FeasShoot) ***
iter    cost       merit      stop      |grad|      preg       dreg      step   ||ffeas||  ||gfeas||  ||hfeas||   dV-exp       dV      dPhi-exp     dPhi
   0  1.696e+05  1.696e+05  1.331e+02  4.516e+07  1.000e-09  1.000e-09  1.0000  0.000e+00  0.000e+00  7.738e+01  2.258e+07  2.241e+07  2.258e+07  2.241e+07
   1  5.709e+04  8.202e+04  8.189e+00  3.302e+05  1.000e-09  1.000e-09  1.0000  0.000e+00  0.000e+00  8.189e+00  1.649e+05  1.126e+05  3.755e+05  3.232e+05
   2  4.843e+04  1.406e+05  1.017e+01  1.040e+05  1.000e-09  1.000e-09  1.0000  0.000e+00  0.000e+00  1.017e+01  5.196e+04  8.661e+03  3.404e+04 -9.255e+03
   3  1.182e+04  3.864e+04  4.411e+00  8.655e+04  1.000e-09  1.000e-09  1.0000  0.000e+00  0.000e+00  4.411e+00  4.327e+04  3.661e+04  7.827e+04  7.161e+04
   4  6.484e+03  1.223e+04  1.890e+00  1.336e+04  1.000e-09  1.000e-09  1.0000  0.000e+00  0.000e+00  1.890e+00  6.675e+03  5.338e+03  1.434e+04  1.300e+04
   5  5.695e+03  6.597e+03  5.929e-01  2.721e+03  1.000e-09  1.000e-09  1.0000  0.000e+00  0.000e+00  5.929e-01  1.360e+03  7.890e+02  3.332e+03  2.760e+03
   6  5.243e+03  5.536e+03  2.123e-01  1.144e+03  1.000e-09  1.000e-09  1.0000  0.000e+00  0.000e+00  2.123e-01  5.724e+02  4.524e+02  1.097e+03  9.773e+02
   7  5.132e+03  5.183e+03  5.711e-02  2.621e+02  1.000e-09  1.000e-09  1.0000  0.000e+00  0.000e+00  5.711e-02  1.310e+02  1.105e+02  2.678e+02  2.473e+02
   8  5.112e+03  5.115e+03  6.163e-03  4.114e+01  1.000e-09  1.000e-09  1.0000  0.000e+00  0.000e+00  6.163e-03  2.058e+01  2.058e+01  4.681e+01  4.681e+01
   9  5.112e+03  5.112e+03  2.312e-04  2.003e-01  1.000e-09  1.000e-09  1.0000  0.000e+00  0.000e+00  2.312e-04  9.883e-02  9.920e-02  1.626e+00  1.626e+00
iter    cost       merit      stop      |grad|      preg       dreg      step   ||ffeas||  ||gfeas||  ||hfeas||   dV-exp       dV      dPhi-exp     dPhi
  10  5.112e+03  5.112e+03  7.747e-07  3.536e-05  1.000e-09  1.000e-09  1.0000  0.000e+00  0.000e+00  7.747e-07  7.358e-06  1.215e-04  2.966e-02  2.978e-02
  11  5.112e+03  5.112e+03  3.966e-07  2.447e-06  1.000e-09  1.000e-09  0.5000  0.000e+00  0.000e+00  3.966e-07  7.641e-07 -2.139e-05  1.293e-05  2.939e-06
  12  5.112e+03  5.112e+03  3.966e-07  2.505e-07  1.000e-08  1.000e-08  0.0020  8.674e-19  0.000e+00  3.966e-07 -4.901e-10 -3.109e-08 -4.415e-10 -6.164e-09
  13  5.112e+03  5.112e+03  3.966e-07  2.505e-07  1.000e-07  1.000e-07  0.0020  8.674e-19  0.000e+00  3.966e-07 -4.901e-10 -3.108e-08 -4.658e-10 -1.862e-08
  14  5.112e+03  5.112e+03  3.966e-07  2.505e-07  1.000e-06  1.000e-06  0.0020  8.674e-19  0.000e+00  3.966e-07 -4.902e-10 -3.108e-08 -4.780e-10 -2.485e-08
  15  5.112e+03  5.112e+03  3.966e-07  2.508e-07  1.000e-05  1.000e-05  0.0020  8.674e-19  0.000e+00  3.966e-07 -4.907e-10 -3.101e-08 -4.846e-10 -2.790e-08
  16  5.112e+03  5.112e+03  3.966e-07  2.531e-07  1.000e-04  1.000e-04  0.0020  8.674e-19  0.000e+00  3.966e-07 -4.952e-10 -3.058e-08 -4.921e-10 -2.903e-08
  17  5.112e+03  5.112e+03  3.966e-07  2.656e-07  1.000e-03  1.000e-03  0.0020  8.674e-19  0.000e+00  3.966e-07 -5.195e-10 -2.883e-08 -5.180e-10 -2.805e-08
  18  5.112e+03  5.112e+03  3.966e-07  3.046e-07  1.000e-02  1.000e-02  0.0020  8.674e-19  0.000e+00  3.966e-07 -5.957e-10 -2.642e-08 -5.949e-10 -2.603e-08
  19  5.112e+03  5.112e+03  3.966e-07  3.983e-07  1.000e-01  1.000e-01  0.0020  8.674e-19  0.000e+00  3.966e-07 -7.784e-10 -2.341e-08 -7.780e-10 -2.321e-08
iter    cost       merit      stop      |grad|      preg       dreg      step   ||ffeas||  ||gfeas||  ||hfeas||   dV-exp       dV      dPhi-exp     dPhi
  20  5.112e+03  5.112e+03  3.966e-07  5.494e-07  1.000e+00  1.000e+00  0.0020  8.674e-19  0.000e+00  3.966e-07 -1.073e-09 -1.491e-08 -1.073e-09 -1.481e-08
  21  5.112e+03  5.112e+03  1.330e-10  6.720e-07  1.000e+01  1.000e+01  1.0000  0.000e+00  0.000e+00  2.662e-11 -6.802e-07 -3.280e-06 -6.552e-07 -3.255e-06
*** SOLVE walking (MultiShoot) ***
iter    cost       merit      stop      |grad|      preg       dreg      step   ||ffeas||  ||gfeas||  ||hfeas||   dV-exp       dV      dPhi-exp     dPhi
   0  1.623e+05  1.623e+05  1.391e+02  4.516e+07  1.000e-09  1.000e-09  1.0000  4.506e-01  0.000e+00  7.771e+01  2.258e+07  2.242e+07  2.258e+07  2.242e+07
   1  4.859e+04  6.020e+04  4.029e+00  3.157e+05  1.000e-09  1.000e-09  1.0000  2.468e-02  0.000e+00  4.004e+00  1.577e+05  1.137e+05  3.713e+05  3.274e+05
   2  1.958e+04  7.085e+04  3.344e+00  8.658e+04  1.000e-09  1.000e-09  0.5000  1.202e-02  0.000e+00  3.332e+00  3.246e+04  2.901e+04  3.771e+04  3.952e+04
   3  6.807e+03  2.932e+04  2.936e+00  2.838e+04  1.000e-09  1.000e-09  1.0000  2.116e-03  0.000e+00  2.934e+00  1.416e+04  1.277e+04  1.729e+04  1.589e+04
   4  5.383e+03  8.252e+03  7.484e-01  3.311e+03  1.000e-09  1.000e-09  1.0000  6.894e-05  0.000e+00  7.483e-01  1.654e+03  1.423e+03  1.004e+04  9.813e+03
   5  5.192e+03  5.740e+03  2.862e-01  5.484e+02  1.000e-09  1.000e-09  0.5000  3.852e-05  0.000e+00  2.862e-01  2.057e+02  1.914e+02  6.486e+02  1.077e+03
   6  5.114e+03  5.422e+03  3.216e-01  1.552e+02  1.000e-09  1.000e-09  1.0000  1.295e-05  0.000e+00  3.216e-01  7.773e+01  7.780e+01  4.379e+01  4.386e+01
   7  5.127e+03  5.131e+03  7.461e-03  3.570e+00  1.000e-09  1.000e-09  1.0000  6.589e-06  0.000e+00  7.454e-03  1.843e+00 -1.334e+01  1.524e+02  1.372e+02
   8  5.112e+03  5.135e+03  7.636e-03  3.108e+01  1.000e-09  1.000e-09  1.0000  3.891e-07  0.000e+00  7.636e-03  1.554e+01  1.508e+01  1.502e+01  1.456e+01
   9  5.112e+03  5.113e+03  7.600e-04  9.868e-01  1.000e-09  1.000e-09  1.0000  1.007e-06  0.000e+00  7.590e-04  4.930e-01  3.034e-01  1.072e+01  1.053e+01
iter    cost       merit      stop      |grad|      preg       dreg      step   ||ffeas||  ||gfeas||  ||hfeas||   dV-exp       dV      dPhi-exp     dPhi
  10  5.112e+03  5.112e+03  3.663e-05  3.746e-01  1.000e-09  1.000e-09  1.0000  2.250e-08  0.000e+00  8.165e-06  1.873e-01  1.871e-01  7.465e-01  7.463e-01
  11  5.112e+03  5.112e+03  2.103e-08  1.270e-05  1.000e-09  1.000e-09  1.0000  3.667e-11  0.000e+00  2.099e-08  1.078e-05  3.433e-06  3.048e-03  3.040e-03
  12  5.112e+03  5.112e+03  2.103e-08  2.090e-07  1.000e-08  1.000e-08  0.0020  3.667e-11  0.000e+00  2.099e-08  4.081e-10 -2.226e-08  4.229e-10 -1.464e-08
  13  5.112e+03  5.112e+03  2.103e-08  2.090e-07  1.000e-07  1.000e-07  0.0020  3.667e-11  0.000e+00  2.099e-08  4.080e-10 -2.226e-08  4.155e-10 -1.843e-08
  14  5.112e+03  5.112e+03  2.103e-08  2.090e-07  1.000e-06  1.000e-06  0.0020  3.667e-11  0.000e+00  2.099e-08  4.080e-10 -2.225e-08  4.118e-10 -2.034e-08
  15  5.112e+03  5.112e+03  2.103e-08  2.089e-07  1.000e-05  1.000e-05  0.0020  3.667e-11  0.000e+00  2.099e-08  4.078e-10 -2.219e-08  4.097e-10 -2.123e-08
  16  5.112e+03  5.112e+03  2.103e-08  2.080e-07  1.000e-04  1.000e-04  0.0020  3.667e-11  0.000e+00  2.099e-08  4.060e-10 -2.171e-08  4.069e-10 -2.123e-08
  17  5.112e+03  5.112e+03  2.103e-08  2.021e-07  1.000e-03  1.000e-03  0.0020  3.667e-11  0.000e+00  2.099e-08  3.945e-10 -1.995e-08  3.953e-10 -1.955e-08
  18  5.112e+03  5.112e+03  2.103e-08  1.852e-07  1.000e-02  1.000e-02  0.0020  3.667e-11  0.000e+00  2.099e-08  3.615e-10 -1.650e-08  3.622e-10 -1.611e-08
  19  5.112e+03  5.112e+03  2.103e-08  1.592e-07  1.000e-01  1.000e-01  0.0020  3.667e-11  0.000e+00  2.099e-08  3.108e-10 -1.225e-08  3.115e-10 -1.190e-08
iter    cost       merit      stop      |grad|      preg       dreg      step   ||ffeas||  ||gfeas||  ||hfeas||   dV-exp       dV      dPhi-exp     dPhi
  20  5.112e+03  5.112e+03  2.103e-08  1.199e-07  1.000e+00  1.000e+00  0.0020  3.667e-11  0.000e+00  2.099e-08  2.342e-10 -6.065e-09  2.348e-10 -5.763e-09
  21  5.112e+03  5.112e+03  2.103e-08  8.933e-08  1.000e+01  1.000e+01  0.0020  3.667e-11  0.000e+00  2.099e-08  1.745e-10 -1.425e-09  1.749e-10 -1.180e-09
  22  5.112e+03  5.112e+03  1.570e-11  8.059e-08  1.000e+02  1.000e+02  1.0000  1.110e-15  0.000e+00  3.979e-13  8.026e-08 -6.899e-08  1.949e-07  4.566e-08
*** SOLVE walking (HybridShoot: 13) ***
iter    cost       merit      stop      |grad|      preg       dreg      step   ||ffeas||  ||gfeas||  ||hfeas||   dV-exp       dV      dPhi-exp     dPhi
   0  1.633e+05  1.637e+05  1.383e+02  4.516e+07  1.000e-09  1.000e-09  1.0000  2.555e-02  0.000e+00  7.739e+01  2.258e+07  2.242e+07  2.258e+07  2.242e+07
   1  5.708e+04  8.099e+04  8.173e+00  3.174e+05  1.000e-09  1.000e-09  1.0000  7.115e-03  0.000e+00  8.165e+00  1.585e+05  1.062e+05  3.610e+05  3.087e+05
   2  4.840e+04  1.405e+05  1.014e+01  1.040e+05  1.000e-09  1.000e-09  1.0000  2.392e-03  0.000e+00  1.014e+01  5.195e+04  8.682e+03  3.408e+04 -9.185e+03
   3  1.182e+04  3.875e+04  4.419e+00  8.649e+04  1.000e-09  1.000e-09  1.0000  2.270e-03  0.000e+00  4.417e+00  4.324e+04  3.658e+04  7.810e+04  7.144e+04
   4  6.484e+03  1.224e+04  1.888e+00  1.335e+04  1.000e-09  1.000e-09  1.0000  8.823e-04  0.000e+00  1.887e+00  6.674e+03  5.337e+03  1.438e+04  1.305e+04
   5  5.695e+03  6.598e+03  5.926e-01  2.721e+03  1.000e-09  1.000e-09  1.0000  1.086e-04  0.000e+00  5.925e-01  1.360e+03  7.891e+02  3.334e+03  2.763e+03
   6  5.243e+03  5.536e+03  2.122e-01  1.144e+03  1.000e-09  1.000e-09  1.0000  1.811e-05  0.000e+00  2.122e-01  5.721e+02  4.521e+02  1.097e+03  9.767e+02
   7  5.132e+03  5.183e+03  5.710e-02  2.622e+02  1.000e-09  1.000e-09  1.0000  1.490e-05  0.000e+00  5.708e-02  1.311e+02  1.105e+02  2.679e+02  2.473e+02
   8  5.112e+03  5.115e+03  6.167e-03  4.115e+01  1.000e-09  1.000e-09  1.0000  3.189e-07  0.000e+00  6.166e-03  2.058e+01  2.059e+01  4.681e+01  4.682e+01
   9  5.112e+03  5.112e+03  2.311e-04  2.004e-01  1.000e-09  1.000e-09  1.0000  4.709e-08  0.000e+00  2.311e-04  9.893e-02  9.931e-02  1.627e+00  1.628e+00
iter    cost       merit      stop      |grad|      preg       dreg      step   ||ffeas||  ||gfeas||  ||hfeas||   dV-exp       dV      dPhi-exp     dPhi
  10  5.112e+03  5.112e+03  7.835e-07  1.969e-05  1.000e-09  1.000e-09  1.0000  2.915e-10  0.000e+00  7.832e-07 -8.518e-06  1.064e-04  2.965e-02  2.976e-02
  11  5.112e+03  5.112e+03  4.012e-07  2.509e-06  1.000e-09  1.000e-09  0.5000  1.345e-10  0.000e+00  4.010e-07  7.891e-07 -2.151e-05  1.310e-05  3.102e-06
  12  5.112e+03  5.112e+03  4.012e-07  2.418e-07  1.000e-08  1.000e-08  0.0020  1.345e-10  0.000e+00  4.010e-07 -4.731e-10 -3.128e-08 -4.238e-10 -6.067e-09
  13  5.112e+03  5.112e+03  4.012e-07  2.418e-07  1.000e-07  1.000e-07  0.0020  1.345e-10  0.000e+00  4.010e-07 -4.731e-10 -3.128e-08 -4.485e-10 -1.867e-08
  14  5.112e+03  5.112e+03  4.012e-07  2.418e-07  1.000e-06  1.000e-06  0.0020  1.345e-10  0.000e+00  4.010e-07 -4.731e-10 -3.127e-08 -4.608e-10 -2.497e-08
  15  5.112e+03  5.112e+03  4.012e-07  2.420e-07  1.000e-05  1.000e-05  0.0020  1.345e-10  0.000e+00  4.010e-07 -4.736e-10 -3.122e-08 -4.675e-10 -2.807e-08
  16  5.112e+03  5.112e+03  4.012e-07  2.443e-07  1.000e-04  1.000e-04  0.0020  1.345e-10  0.000e+00  4.010e-07 -4.781e-10 -3.078e-08 -4.751e-10 -2.920e-08
  17  5.112e+03  5.112e+03  4.012e-07  2.570e-07  1.000e-03  1.000e-03  0.0020  1.345e-10  0.000e+00  4.010e-07 -5.027e-10 -2.903e-08 -5.012e-10 -2.824e-08
  18  5.112e+03  5.112e+03  4.012e-07  2.964e-07  1.000e-02  1.000e-02  0.0020  1.345e-10  0.000e+00  4.010e-07 -5.796e-10 -2.660e-08 -5.789e-10 -2.621e-08
  19  5.112e+03  5.112e+03  4.012e-07  3.910e-07  1.000e-01  1.000e-01  0.0020  1.345e-10  0.000e+00  4.010e-07 -7.642e-10 -2.358e-08 -7.638e-10 -2.338e-08
iter    cost       merit      stop      |grad|      preg       dreg      step   ||ffeas||  ||gfeas||  ||hfeas||   dV-exp       dV      dPhi-exp     dPhi
  20  5.112e+03  5.112e+03  4.012e-07  5.438e-07  1.000e+00  1.000e+00  0.0020  1.345e-10  0.000e+00  4.010e-07 -1.062e-09 -1.500e-08 -1.062e-09 -1.490e-08
  21  5.112e+03  5.112e+03  1.322e-10  6.678e-07  1.000e+01  1.000e+01  1.0000  5.806e-14  0.000e+00  2.692e-11 -6.761e-07 -3.293e-06 -6.509e-07 -3.268e-06
*** SOLVE walking (OdynSQP) ***
iter    cost       merit      stop      |grad|      preg       dreg      step   ||ffeas||  ||gfeas||  ||hfeas||   dV-exp       dV      dPhi-exp     dPhi
   0  9.261e+06  9.977e+07  5.234e+01  7.224e+07  1.000e-09  1.000e-09  0.5000  4.953e-02  1.492e+01  3.737e+01  2.709e+07  2.687e+07  7.643e+06 -1.203e+07
   1  2.336e+06  4.652e+07  5.111e+01  1.850e+07  1.000e-09  1.000e-09  0.5000  1.952e-02  7.462e+00  4.362e+01  6.938e+06  6.924e+06  7.474e+06  7.996e+06
   2  5.992e+05  1.668e+07  3.720e+01  4.650e+06  1.000e-09  1.000e-09  0.5000  1.377e-02  3.731e+00  3.345e+01  1.744e+06  1.737e+06  4.750e+06  7.750e+06
   3  1.166e+04  8.390e+06  5.039e+01  1.175e+06  1.000e-09  1.000e-09  1.0000  6.153e-03  2.248e-05  3.876e+01  5.877e+05  5.875e+05  2.484e+05  2.482e+05
   4  1.113e+04  2.420e+05  2.136e+00  7.884e+02  1.000e-09  1.000e-09  1.0000  2.866e-04  6.890e-07  2.136e+00  5.301e+02  5.318e+02  3.959e+06  3.959e+06
   5  1.111e+04  1.746e+04  1.174e-01  2.272e+01  1.000e-09  1.000e-09  1.0000  2.904e-05  4.989e-04  1.169e-01  1.576e+01  1.498e+01  1.091e+05  1.091e+05
   6  1.111e+04  1.324e+04  7.884e-02  3.885e+00  1.000e-09  1.000e-09  1.0000  3.976e-05  0.000e+00  7.880e-02  1.736e+00  1.157e+00  1.044e+03  1.043e+03
   7  1.111e+04  1.166e+04  4.080e-02  2.450e+00  1.000e-09  1.000e-09  1.0000  3.854e-05  1.738e-10  4.076e-02  6.260e-01  7.508e-02  5.145e+02  5.139e+02
   8  1.111e+04  1.133e+04  3.265e-02  2.367e+00  1.000e-09  1.000e-09  0.5000  2.863e-05  8.674e-11  3.262e-02  7.330e-01  5.928e-01  2.825e+01  5.563e+01
   9  1.111e+04  1.111e+04  8.198e-05  8.896e-01  1.000e-09  1.000e-09  1.0000  7.908e-09  1.550e-12  1.192e-05 -9.112e-01 -9.109e-01  1.093e+02  1.093e+02
iter    cost       merit      stop      |grad|      preg       dreg      step   ||ffeas||  ||gfeas||  ||hfeas||   dV-exp       dV      dPhi-exp     dPhi
  10  1.111e+04  1.111e+04  2.941e-06  3.941e-04  1.000e-09  1.000e-09  1.0000  2.005e-09  5.347e-13  2.939e-06  2.356e-04  3.321e-04  1.540e-02  1.550e-02
  11  1.111e+04  1.111e+04  1.698e-06  1.441e-04  1.000e-09  1.000e-09  0.5000  1.480e-09  3.113e-13  1.697e-06  4.955e-05  2.591e-05  5.744e-04  1.076e-03
  12  1.111e+04  1.111e+04  3.077e-08  2.035e-05  1.000e-08  1.000e-08  1.0000  8.395e-12  3.235e-13  3.077e-08  1.843e-05  4.335e-05  7.222e-04  7.471e-04
  13  1.111e+04  1.111e+04  2.239e-08  2.487e-04  1.000e-07  1.000e-07  1.0000  1.609e-10  3.673e-13  3.300e-09 -2.489e-04 -2.468e-04 -2.431e-04 -2.410e-04
  14  1.111e+04  1.111e+04  1.588e-08  1.765e-04  1.000e-06  1.000e-06  1.0000  8.457e-11  2.807e-13  3.601e-10  1.764e-04  1.791e-04  1.771e-04  1.797e-04
  15  1.111e+04  1.111e+04  4.225e-09  4.695e-05  1.000e-05  1.000e-05  1.0000  1.297e-11  2.935e-13  7.515e-11  4.695e-05  4.695e-05  4.703e-05  4.703e-05

*** SOLVE jumping (FeasShoot) ***
iter    cost       merit      stop      |grad|      preg       dreg      step   ||ffeas||  ||gfeas||  ||hfeas||   dV-exp       dV      dPhi-exp     dPhi
   0  8.667e+05  1.865e+07  6.530e+02  1.814e+07  1.000e-09  1.000e-09  1.0000  0.000e+00  0.000e+00  6.530e+02  9.027e+06  8.202e+06  4.139e+06  3.314e+06
   1  2.240e+05  7.562e+06  5.389e+02  1.698e+06  1.000e-09  1.000e-09  1.0000  0.000e+00  0.000e+00  5.389e+02  8.507e+05  6.428e+05  2.405e+06  2.197e+06
   2  1.005e+05  2.711e+06  3.834e+02  4.267e+05  1.000e-09  1.000e-09  1.0000  0.000e+00  0.000e+00  3.834e+02  1.964e+05  1.235e+05  1.255e+06  1.182e+06
   3  4.079e+04  8.259e+05  2.306e+02  1.630e+05  1.000e-09  1.000e-09  0.5000  2.168e-19  0.000e+00  2.306e+02  6.031e+04  5.972e+04  3.203e+05  5.797e+05
   4  3.630e+04  1.601e+05  7.275e+01  3.147e+04  1.000e-09  1.000e-09  1.0000  0.000e+00  0.000e+00  7.275e+01  8.314e+03  4.493e+03  2.771e+05  2.732e+05
   5  3.340e+04  6.142e+04  3.293e+01  1.637e+04  1.000e-09  1.000e-09  0.5000  3.469e-18  0.000e+00  3.293e+01  6.251e+03  2.900e+03  2.319e+04  3.678e+04
   6  2.914e+04  3.278e+04  8.555e+00  8.932e+03  1.000e-09  1.000e-09  1.0000  0.000e+00  0.000e+00  8.555e+00  4.211e+03  4.254e+03  1.458e+04  1.463e+04
   7  2.890e+04  3.040e+04  7.025e+00  2.325e+03  1.000e-09  1.000e-09  0.2500  6.505e-19  0.000e+00  7.025e+00  5.056e+02  2.382e+02  5.870e+02  5.638e+02
   8  2.836e+04  2.888e+04  3.738e+00  1.507e+03  1.000e-09  1.000e-09  0.5000  4.337e-19  0.000e+00  3.738e+00  5.484e+02  5.407e+02  7.779e+02  9.996e+02
   9  2.795e+04  2.884e+04  4.079e+00  1.140e+03  1.000e-09  1.000e-09  0.5000  2.711e-20  0.000e+00  4.079e+00  4.274e+02  4.149e+02  3.902e+02  3.405e+02
iter    cost       merit      stop      |grad|      preg       dreg      step   ||ffeas||  ||gfeas||  ||hfeas||   dV-exp       dV      dPhi-exp     dPhi
  10  2.783e+04  2.898e+04  4.843e+00  1.243e+03  1.000e-09  1.000e-09  0.5000  6.939e-18  0.000e+00  4.843e+00  4.790e+02  1.143e+02  3.889e+02 -6.592e+01
  11  2.703e+04  2.939e+04  7.056e+00  2.088e+03  1.000e-09  1.000e-09  0.5000  3.469e-18  0.000e+00  7.056e+00  8.060e+02  8.036e+02  4.354e+02  6.247e+01
  12  2.630e+04  2.828e+04  9.294e+00  1.876e+03  1.000e-09  1.000e-09  0.5000  0.000e+00  0.000e+00  9.294e+00  7.330e+02  7.327e+02  4.938e+02  2.544e+02
  13  2.561e+04  2.710e+04  9.453e+00  1.791e+03  1.000e-09  1.000e-09  0.5000  7.047e-18  0.000e+00  9.453e+00  7.039e+02  6.864e+02  6.914e+02  6.613e+02
  14  2.500e+04  2.622e+04  8.994e+00  1.551e+03  1.000e-09  1.000e-09  0.5000  6.939e-18  0.000e+00  8.994e+00  6.124e+02  6.138e+02  6.436e+02  6.762e+02
  15  2.473e+04  2.631e+04  1.198e+01  1.445e+03  1.000e-09  1.000e-09  0.5000  2.168e-19  0.000e+00  1.198e+01  5.684e+02  2.672e+02  3.722e+02 -1.252e+02
  16  2.386e+04  2.582e+04  1.905e+01  1.551e+03  1.000e-09  1.000e-09  1.0000  0.000e+00  0.000e+00  1.905e+01  8.616e+02  8.705e+02  1.342e+02  1.431e+02
  17  2.354e+04  2.383e+04  5.611e+00  4.579e+02  1.000e-09  1.000e-09  1.0000  0.000e+00  0.000e+00  5.611e+00  3.090e+02  3.190e+02  9.998e+02  1.010e+03
  18  2.351e+04  2.355e+04  1.507e+00  1.316e+02  1.000e-09  1.000e-09  1.0000  0.000e+00  0.000e+00  1.507e+00  8.810e+01  2.697e+01  1.935e+02  1.324e+02
  19  2.342e+04  2.346e+04  4.992e-01  1.679e+02  1.000e-09  1.000e-09  1.0000  0.000e+00  0.000e+00  4.992e-01  9.344e+01  9.372e+01  1.827e+02  1.830e+02
iter    cost       merit      stop      |grad|      preg       dreg      step   ||ffeas||  ||gfeas||  ||hfeas||   dV-exp       dV      dPhi-exp     dPhi
  20  2.340e+04  2.341e+04  1.738e-01  2.151e+01  1.000e-09  1.000e-09  1.0000  0.000e+00  0.000e+00  1.738e-01  1.505e+01  1.511e+01  2.946e+01  2.952e+01
  21  2.340e+04  2.340e+04  7.205e-02  1.085e+01  1.000e-09  1.000e-09  1.0000  0.000e+00  0.000e+00  7.205e-02  7.556e+00  7.559e+00  1.388e+01  1.388e+01
  22  2.339e+04  2.340e+04  3.380e-02  5.840e+00  1.000e-09  1.000e-09  1.0000  0.000e+00  0.000e+00  3.380e-02  4.062e+00  4.108e+00  7.143e+00  7.189e+00
  23  2.339e+04  2.339e+04  1.853e-02  3.252e+00  1.000e-09  1.000e-09  1.0000  0.000e+00  0.000e+00  1.853e-02  2.238e+00  2.237e+00  3.683e+00  3.682e+00
  24  2.339e+04  2.339e+04  1.255e-02  1.865e+00  1.000e-09  1.000e-09  1.0000  0.000e+00  0.000e+00  1.255e-02  1.259e+00  1.283e+00  1.839e+00  1.863e+00
  25  2.339e+04  2.339e+04  1.013e-02  1.099e+00  1.000e-09  1.000e-09  1.0000  0.000e+00  0.000e+00  1.013e-02  7.066e-01  6.854e-01  9.015e-01  8.804e-01
  26  2.339e+04  2.339e+04  5.327e-03  7.066e-01  1.000e-09  1.000e-09  1.0000  0.000e+00  0.000e+00  5.327e-03  4.086e-01  4.514e-01  6.854e-01  7.282e-01
  27  2.339e+04  2.339e+04  6.659e-03  5.224e-01  1.000e-09  1.000e-09  1.0000  0.000e+00  0.000e+00  6.659e-03  2.444e-01  1.952e-01  1.571e-01  1.078e-01
  28  2.339e+04  2.339e+04  6.680e-03  4.821e-01  1.000e-09  1.000e-09  1.0000  0.000e+00  0.000e+00  6.680e-03  1.655e-01  2.566e-01  1.647e-01  2.559e-01
  29  2.339e+04  2.339e+04  5.995e-03  5.418e-01  1.000e-09  1.000e-09  0.5000  0.000e+00  0.000e+00  5.995e-03  1.685e-01  9.927e-02  1.782e-01  1.187e-01
iter    cost       merit      stop      |grad|      preg       dreg      step   ||ffeas||  ||gfeas||  ||hfeas||   dV-exp       dV      dPhi-exp     dPhi
  30  2.339e+04  2.339e+04  6.424e-04  1.960e-01  1.000e-09  1.000e-09  1.0000  0.000e+00  0.000e+00  6.424e-04 -2.210e-01 -2.046e-01 -1.452e-01 -1.288e-01
  31  2.339e+04  2.339e+04  4.972e-04  4.534e-02  1.000e-09  1.000e-09  1.0000  0.000e+00  0.000e+00  4.972e-04  2.818e-02  1.702e-02  3.727e-02  2.612e-02
  32  2.339e+04  2.339e+04  3.532e-04  3.090e-02  1.000e-09  1.000e-09  1.0000  0.000e+00  0.000e+00  3.532e-04  1.644e-02  3.965e-02  2.324e-02  4.645e-02
  33  2.339e+04  2.339e+04  1.142e-04  2.553e-02  1.000e-09  1.000e-09  0.5000  0.000e+00  0.000e+00  1.142e-04  8.961e-03 -2.791e-03  1.395e-02  7.179e-03
  34  2.339e+04  2.339e+04  7.468e-05  2.702e-04  1.000e-08  1.000e-08  1.0000  0.000e+00  0.000e+00  7.468e-05 -2.500e-03  2.449e-03 -1.675e-03  3.275e-03
  35  2.339e+04  2.339e+04  4.354e-05  5.071e-03  1.000e-07  1.000e-07  1.0000  0.000e+00  0.000e+00  4.354e-05  3.441e-03  2.081e-03  5.491e-03  4.131e-03
  36  2.339e+04  2.339e+04  2.378e-05  2.972e-03  1.000e-06  1.000e-06  1.0000  0.000e+00  0.000e+00  2.378e-05  1.919e-03  7.301e-03  3.163e-03  8.546e-03
  37  2.339e+04  2.339e+04  2.378e-05  1.892e-03  1.000e-05  1.000e-05  0.0020  0.000e+00  0.000e+00  2.378e-05  3.692e-06 -3.715e-06  3.698e-06 -6.683e-07
  38  2.339e+04  2.339e+04  2.378e-05  1.842e-03  1.000e-04  1.000e-04  0.0020  0.000e+00  0.000e+00  2.378e-05  3.594e-06 -3.055e-06  3.600e-06 -1.720e-08
  39  2.339e+04  2.339e+04  1.167e-05  1.580e-03  1.000e-03  1.000e-03  0.5000  0.000e+00  0.000e+00  1.167e-05  6.510e-04 -2.017e-04  1.024e-03  5.435e-04
iter    cost       merit      stop      |grad|      preg       dreg      step   ||ffeas||  ||gfeas||  ||hfeas||   dV-exp       dV      dPhi-exp     dPhi
  40  2.339e+04  2.339e+04  2.196e-06  5.392e-04  1.000e-02  1.000e-02  1.0000  0.000e+00  0.000e+00  2.196e-06  4.193e-04  6.897e-04  9.056e-04  1.176e-03
  41  2.339e+04  2.339e+04  1.048e-07  1.282e-04  1.000e-01  1.000e-01  1.0000  0.000e+00  0.000e+00  1.048e-07  1.218e-04  1.940e-04  2.875e-04  3.597e-04
  42  2.339e+04  2.339e+04  1.489e-09  8.533e-06  1.000e+00  1.000e+00  1.0000  0.000e+00  0.000e+00  1.489e-09  8.431e-06  1.701e-05  2.030e-05  2.888e-05
*** SOLVE jumping (MultiShoot) ***
iter    cost       merit      stop      |grad|      preg       dreg      step   ||ffeas||  ||gfeas||  ||hfeas||   dV-exp       dV      dPhi-exp     dPhi
   0  8.350e+05  1.903e+07  6.682e+02  1.814e+07  1.000e-09  1.000e-09  1.0000  3.855e+00  0.000e+00  6.643e+02  9.027e+06  8.234e+06  3.726e+06  2.933e+06
   1  1.408e+05  6.210e+06  4.457e+02  1.639e+06  1.000e-09  1.000e-09  1.0000  4.274e-01  0.000e+00  4.453e+02  8.188e+05  6.941e+05  3.848e+06  3.723e+06
   2  5.796e+04  2.837e+06  4.081e+02  2.568e+05  1.000e-09  1.000e-09  1.0000  8.181e-01  0.000e+00  4.073e+02  1.124e+05  8.286e+04  3.684e+05  3.389e+05
   3  6.141e+04  1.351e+06  3.788e+02  7.474e+04  1.000e-09  1.000e-09  1.0000  1.455e-01  0.000e+00  3.787e+02  3.468e+04 -3.453e+03  1.345e+05  9.641e+04
   4  8.567e+04  6.264e+05  3.177e+02  9.032e+04  1.000e-09  1.000e-09  1.0000  6.736e-02  0.000e+00  3.176e+02  3.902e+04 -2.426e+04  1.431e+05  7.978e+04
   5  2.842e+04  2.476e+05  2.575e+02  1.359e+05  1.000e-09  1.000e-09  1.0000  5.188e-02  0.000e+00  2.574e+02  6.485e+04  5.725e+04  1.161e+05  1.085e+05
   6  2.564e+04  1.077e+05  1.928e+02  2.090e+04  1.000e-09  1.000e-09  0.5000  2.714e-02  0.000e+00  1.928e+02  6.057e+03  2.779e+03  1.983e+04  3.032e+04
   7  3.292e+04  4.779e+04  6.988e+01  3.170e+03  1.000e-09  1.000e-09  1.0000  1.782e-02  0.000e+00  6.986e+01 -5.804e+03 -7.279e+03  2.034e+04  1.887e+04
   8  3.307e+04  4.008e+04  6.265e+01  1.208e+04  1.000e-09  1.000e-09  0.1250  1.557e-02  0.000e+00  6.263e+01  1.407e+03 -1.442e+02  1.508e+03  6.650e+02
   9  3.061e+04  3.477e+04  4.895e+01  8.450e+03  1.000e-09  1.000e-09  1.0000  5.886e-03  0.000e+00  4.894e+01  3.728e+03  2.458e+03  4.893e+03  3.623e+03
iter    cost       merit      stop      |grad|      preg       dreg      step   ||ffeas||  ||gfeas||  ||hfeas||   dV-exp       dV      dPhi-exp     dPhi
  10  2.777e+04  3.333e+04  6.868e+01  6.749e+03  1.000e-09  1.000e-09  1.0000  1.509e-03  0.000e+00  6.868e+01  2.774e+03  2.837e+03  1.176e+03  1.239e+03
  11  2.650e+04  2.945e+04  5.585e+01  7.114e+03  1.000e-09  1.000e-09  0.5000  1.618e-03  0.000e+00  5.585e+01  2.413e+03  1.272e+03  2.752e+03  1.950e+03
  12  2.583e+04  2.666e+04  3.152e+01  3.381e+03  1.000e-09  1.000e-09  0.5000  6.663e-04  0.000e+00  3.152e+01  1.049e+03  6.677e+02  1.370e+03  1.310e+03
  13  2.469e+04  2.609e+04  2.370e+01  3.159e+03  1.000e-09  1.000e-09  1.0000  3.834e-03  0.000e+00  2.370e+01  1.302e+03  1.144e+03  1.763e+03  1.605e+03
  14  2.367e+04  2.408e+04  6.492e+00  1.601e+03  1.000e-09  1.000e-09  1.0000  1.049e-03  0.000e+00  6.491e+00  1.054e+03  1.019e+03  2.147e+03  2.112e+03
  15  2.356e+04  2.384e+04  4.904e+00  4.970e+02  1.000e-09  1.000e-09  0.2500  9.460e-04  0.000e+00  4.903e+00  1.097e+02  1.093e+02  1.328e+02  2.017e+02
  16  2.356e+04  2.374e+04  4.293e+00  2.664e+02  1.000e-09  1.000e-09  0.1250  8.449e-04  0.000e+00  4.292e+00  3.139e+01 -4.971e+00  3.460e+01  2.066e+01
  17  2.342e+04  2.346e+04  6.746e-01  2.616e+02  1.000e-09  1.000e-09  1.0000  8.335e-04  0.000e+00  6.737e-01  1.403e+02  1.401e+02  3.092e+02  3.090e+02
  18  2.340e+04  2.341e+04  3.015e-01  4.883e+01  1.000e-09  1.000e-09  1.0000  2.948e-05  0.000e+00  3.015e-01  2.709e+01  2.732e+01  4.849e+01  4.873e+01
  19  2.339e+04  2.339e+04  1.040e-01  1.191e+01  1.000e-09  1.000e-09  1.0000  9.749e-05  0.000e+00  1.039e-01  5.811e+00  5.962e+00  1.148e+01  1.163e+01
iter    cost       merit      stop      |grad|      preg       dreg      step   ||ffeas||  ||gfeas||  ||hfeas||   dV-exp       dV      dPhi-exp     dPhi
  20  2.339e+04  2.339e+04  9.471e-02  6.488e+00  1.000e-09  1.000e-09  1.0000  3.864e-05  0.000e+00  9.468e-02  2.208e+00  1.911e+00  2.491e+00  2.193e+00
  21  2.339e+04  2.339e+04  7.988e-02  4.694e+00  1.000e-09  1.000e-09  1.0000  5.062e-05  0.000e+00  7.983e-02  1.015e+00  1.412e+00  1.242e+00  1.639e+00
  22  2.339e+04  2.339e+04  6.900e-02  4.283e+00  1.000e-09  1.000e-09  1.0000  4.694e-05  0.000e+00  6.895e-02  6.812e-01  2.708e-01  8.137e-01  4.033e-01
  23  2.339e+04  2.339e+04  6.695e-02  4.504e+00  1.000e-09  1.000e-09  1.0000  5.138e-05  0.000e+00  6.690e-02  5.672e-01  9.899e-01  5.913e-01  1.014e+00
  24  2.339e+04  2.339e+04  8.818e-02  5.423e+00  1.000e-09  1.000e-09  1.0000  5.807e-05  0.000e+00  8.812e-02  6.847e-01  1.761e-01  3.747e-01 -1.339e-01
  25  2.338e+04  2.339e+04  1.275e-01  7.042e+00  1.000e-09  1.000e-09  1.0000  6.732e-05  0.000e+00  1.275e-01  9.205e-01  1.333e+00  3.337e-01  7.465e-01
  26  2.338e+04  2.339e+04  1.766e-01  9.662e+00  1.000e-09  1.000e-09  1.0000  8.202e-05  0.000e+00  1.765e-01  1.352e+00  7.007e-01  6.093e-01 -4.244e-02
  27  2.338e+04  2.338e+04  1.643e-01  1.356e+01  1.000e-09  1.000e-09  0.5000  6.672e-05  0.000e+00  1.642e-01  3.882e+00  4.061e+00  3.980e+00  4.256e+00
  28  2.339e+04  2.339e+04  3.523e-03  7.956e+00  1.000e-09  1.000e-09  1.0000  5.056e-07  0.000e+00  3.523e-03 -8.088e+00 -8.206e+00 -6.809e+00 -6.927e+00
  29  2.339e+04  2.339e+04  3.399e-03  2.272e-01  1.000e-09  1.000e-09  0.5000  4.115e-07  0.000e+00  3.398e-03  6.780e-02  1.184e-01  6.891e-02  1.206e-01
iter    cost       merit      stop      |grad|      preg       dreg      step   ||ffeas||  ||gfeas||  ||hfeas||   dV-exp       dV      dPhi-exp     dPhi
  30  2.339e+04  2.339e+04  1.148e-04  1.105e-01  1.000e-09  1.000e-09  1.0000  1.977e-08  0.000e+00  1.147e-04 -1.160e-01 -1.333e-01 -8.670e-02 -1.040e-01
  31  2.339e+04  2.339e+04  1.159e-04  9.920e-03  1.000e-09  1.000e-09  1.0000  1.477e-08  0.000e+00  1.159e-04  5.188e-03  1.821e-02  5.112e-03  1.814e-02
  32  2.339e+04  2.339e+04  1.159e-04  8.381e-03  1.000e-09  1.000e-09  0.0020  1.477e-08  0.000e+00  1.159e-04  1.635e-05 -2.765e-05  1.637e-05 -1.841e-05
  33  2.339e+04  2.339e+04  1.159e-04  8.381e-03  1.000e-08  1.000e-08  0.0020  1.477e-08  0.000e+00  1.159e-04  1.635e-05 -2.765e-05  1.637e-05 -1.841e-05
  34  2.339e+04  2.339e+04  1.159e-04  8.380e-03  1.000e-07  1.000e-07  0.0020  1.477e-08  0.000e+00  1.159e-04  1.635e-05 -2.765e-05  1.637e-05 -1.841e-05
  35  2.339e+04  2.339e+04  1.159e-04  8.373e-03  1.000e-06  1.000e-06  0.0020  1.477e-08  0.000e+00  1.159e-04  1.633e-05 -2.763e-05  1.635e-05 -1.839e-05
  36  2.339e+04  2.339e+04  1.159e-04  8.301e-03  1.000e-05  1.000e-05  0.0020  1.477e-08  0.000e+00  1.159e-04  1.619e-05 -2.742e-05  1.621e-05 -1.817e-05
  37  2.339e+04  2.339e+04  1.159e-04  7.708e-03  1.000e-04  1.000e-04  0.0020  1.477e-08  0.000e+00  1.159e-04  1.504e-05 -2.546e-05  1.505e-05 -1.637e-05
  38  2.339e+04  2.339e+04  1.159e-04  5.178e-03  1.000e-03  1.000e-03  0.0020  1.477e-08  0.000e+00  1.159e-04  1.010e-05 -1.577e-05  1.012e-05 -8.769e-06
  39  2.339e+04  2.339e+04  1.159e-04  1.294e-03  1.000e-02  1.000e-02  0.0020  1.477e-08  0.000e+00  1.159e-04  2.525e-06 -4.603e-06  2.532e-06 -1.106e-06
iter    cost       merit      stop      |grad|      preg       dreg      step   ||ffeas||  ||gfeas||  ||hfeas||   dV-exp       dV      dPhi-exp     dPhi
  40  2.339e+04  2.339e+04  1.768e-06  9.711e-04  1.000e-01  1.000e-01  1.0000  1.538e-09  0.000e+00  1.767e-06 -1.101e-03 -1.581e-03 -2.194e-04 -6.996e-04
  41  2.339e+04  2.339e+04  1.295e-08  5.548e-05  1.000e+00  1.000e+00  1.0000  1.041e-11  0.000e+00  1.294e-08  5.428e-05 -1.759e-06  1.313e-04  7.522e-05
*** SOLVE jumping (HybridShoot: 8) ***
iter    cost       merit      stop      |grad|      preg       dreg      step   ||ffeas||  ||gfeas||  ||hfeas||   dV-exp       dV      dPhi-exp     dPhi
   0  1.333e+06  1.935e+07  6.616e+02  1.814e+07  1.000e-09  1.000e-09  1.0000  2.417e+00  0.000e+00  6.592e+02  9.027e+06  7.737e+06  3.905e+06  2.615e+06
   1  9.042e+04  6.062e+06  4.385e+02  2.632e+06  1.000e-09  1.000e-09  1.0000  1.041e+00  0.000e+00  4.375e+02  1.316e+06  1.242e+06  4.354e+06  4.280e+06
   2  9.793e+04  2.357e+06  3.318e+02  1.571e+05  1.000e-09  1.000e-09  1.0000  5.274e-01  0.000e+00  3.313e+02  6.372e+04 -7.511e+03  7.900e+05  7.188e+05
   3  8.544e+04  8.290e+05  2.184e+02  1.481e+05  1.000e-09  1.000e-09  1.0000  8.044e-02  0.000e+00  2.183e+02  7.008e+04  1.249e+04  4.562e+05  3.986e+05
   4  4.268e+04  3.343e+05  1.713e+02  1.288e+05  1.000e-09  1.000e-09  0.5000  3.593e-02  0.000e+00  1.713e+02  4.754e+04  4.276e+04  8.761e+04  1.229e+05
   5  8.780e+04  1.738e+05  1.011e+02  3.511e+04  1.000e-09  1.000e-09  1.0000  2.413e-02  0.000e+00  1.010e+02  1.404e+04 -4.512e+04  7.385e+04  1.469e+04
   6  4.825e+04  9.024e+04  4.741e+01  1.248e+05  1.000e-09  1.000e-09  1.0000  3.270e-02  0.000e+00  4.737e+01  6.266e+04  3.955e+04  1.102e+05  8.707e+04
   7  3.589e+04  8.444e+04  6.973e+01  4.697e+04  1.000e-09  1.000e-09  1.0000  6.306e-02  0.000e+00  6.967e+01  2.311e+04  1.235e+04  7.561e+03 -3.189e+03
   8  2.575e+04  3.498e+04  2.651e+01  2.434e+04  1.000e-09  1.000e-09  1.0000  1.409e-02  0.000e+00  2.649e+01  1.213e+04  1.014e+04  2.718e+04  2.519e+04
   9  2.568e+04  2.909e+04  1.960e+01  5.475e+03  1.000e-09  1.000e-09  0.2500  1.051e-02  0.000e+00  1.959e+01  1.192e+03  6.986e+01  1.492e+03  1.271e+03
iter    cost       merit      stop      |grad|      preg       dreg      step   ||ffeas||  ||gfeas||  ||hfeas||   dV-exp       dV      dPhi-exp     dPhi
  10  2.512e+04  2.757e+04  1.465e+01  4.758e+03  1.000e-09  1.000e-09  0.2500  7.845e-03  0.000e+00  1.464e+01  1.035e+03  5.575e+02  1.243e+03  1.386e+03
  11  2.445e+04  2.570e+04  7.240e+00  3.658e+03  1.000e-09  1.000e-09  0.5000  3.872e-03  0.000e+00  7.236e+00  1.355e+03  6.695e+02  1.991e+03  1.942e+03
  12  2.389e+04  2.402e+04  6.334e-01  2.106e+03  1.000e-09  1.000e-09  1.0000  6.214e-04  0.000e+00  6.328e-01  1.018e+03  5.597e+02  2.346e+03  1.887e+03
  13  2.392e+04  2.479e+04  5.432e-01  1.407e+03  1.000e-09  1.000e-09  0.1250  5.434e-04  0.000e+00  5.427e-01  1.649e+02 -2.650e+01  1.829e+02  1.171e+02
  14  2.340e+04  2.358e+04  1.357e-01  1.038e+03  1.000e-09  1.000e-09  1.0000  6.072e-05  0.000e+00  1.357e-01  5.204e+02  5.224e+02  1.078e+03  1.080e+03
  15  2.339e+04  2.348e+04  1.268e-01  1.360e+01  1.000e-09  1.000e-09  0.5000  3.953e-05  0.000e+00  1.268e-01  4.403e+00  4.625e+00  7.449e+00  1.072e+01
  16  2.340e+04  2.342e+04  6.148e-02  1.325e+01  1.000e-09  1.000e-09  0.5000  1.839e-05  0.000e+00  6.147e-02  4.374e+00 -4.068e+00  1.555e+01  1.829e+01
  17  2.339e+04  2.339e+04  1.532e-02  2.336e+01  1.000e-09  1.000e-09  1.0000  6.406e-06  0.000e+00  1.531e-02  1.050e+01  8.927e+00  2.177e+01  2.019e+01
  18  2.339e+04  2.339e+04  2.798e-03  2.195e+00  1.000e-09  1.000e-09  1.0000  7.349e-07  0.000e+00  2.797e-03  1.193e+00  1.159e+00  2.721e+00  2.687e+00
  19  2.339e+04  2.339e+04  1.356e-03  1.885e-01  1.000e-09  1.000e-09  1.0000  4.075e-07  0.000e+00  1.356e-03  1.289e-01  1.234e-01  2.238e-01  2.184e-01
iter    cost       merit      stop      |grad|      preg       dreg      step   ||ffeas||  ||gfeas||  ||hfeas||   dV-exp       dV      dPhi-exp     dPhi
  20  2.339e+04  2.339e+04  8.571e-04  1.032e-01  1.000e-09  1.000e-09  1.0000  2.214e-07  0.000e+00  8.569e-04  6.869e-02  3.279e-02  1.048e-01  6.890e-02
  21  2.339e+04  2.339e+04  6.386e-04  6.058e-02  1.000e-09  1.000e-09  1.0000  8.021e-08  0.000e+00  6.385e-04  3.819e-02  5.219e-02  5.210e-02  6.610e-02
  22  2.339e+04  2.339e+04  2.359e-04  3.861e-02  1.000e-09  1.000e-09  0.5000  1.932e-08  0.000e+00  2.359e-04  1.501e-02 -3.113e-03  2.466e-02  1.619e-02
  23  2.339e+04  2.339e+04  1.378e-04  1.447e-02  1.000e-09  1.000e-09  1.0000  4.128e-08  0.000e+00  1.378e-04  7.865e-03  5.045e-03  1.254e-02  9.717e-03
  24  2.339e+04  2.339e+04  9.903e-05  1.212e-02  1.000e-08  1.000e-08  1.0000  2.937e-08  0.000e+00  9.900e-05  8.441e-03  1.133e-03  1.183e-02  4.526e-03
  25  2.339e+04  2.339e+04  5.344e-05  6.733e-03  1.000e-07  1.000e-07  1.0000  9.307e-09  0.000e+00  5.343e-05  4.621e-03  5.643e-03  7.661e-03  8.683e-03
  26  2.339e+04  2.339e+04  2.477e-05  3.864e-03  1.000e-06  1.000e-06  0.5000  7.084e-09  0.000e+00  2.477e-05  1.607e-03 -1.688e-03  2.589e-03  2.764e-04
  27  2.339e+04  2.339e+04  1.821e-05  2.375e-03  1.000e-05  1.000e-05  1.0000  5.397e-09  0.000e+00  1.820e-05  1.568e-03  2.826e-04  2.161e-03  8.762e-04
  28  2.339e+04  2.339e+04  1.184e-05  1.470e-03  1.000e-04  1.000e-04  0.5000  3.452e-09  0.000e+00  1.184e-05  6.274e-04 -2.368e-04  8.871e-04  2.826e-04
  29  2.339e+04  2.339e+04  6.253e-06  9.734e-04  1.000e-03  1.000e-03  1.0000  1.426e-09  0.000e+00  6.251e-06  7.018e-04 -2.880e-04  1.175e-03  1.851e-04
iter    cost       merit      stop      |grad|      preg       dreg      step   ||ffeas||  ||gfeas||  ||hfeas||   dV-exp       dV      dPhi-exp     dPhi
  30  2.339e+04  2.339e+04  1.295e-06  3.978e-04  1.000e-02  1.000e-02  1.0000  2.902e-10  0.000e+00  1.294e-06  3.370e-04 -5.512e-05  7.186e-04  3.266e-04
  31  2.339e+04  2.339e+04  5.746e-08  7.059e-05  1.000e-01  1.000e-01  1.0000  9.674e-12  0.000e+00  5.745e-08  6.717e-05 -4.222e-06  1.589e-04  8.748e-05
  32  2.339e+04  2.339e+04  8.169e-10  4.708e-06  1.000e+00  1.000e+00  1.0000  1.126e-13  0.000e+00  8.168e-10  4.654e-06 -3.538e-06  1.121e-05  3.015e-06
*** SOLVE jumping (OdynSQP) ***
iter    cost       merit      stop      |grad|      preg       dreg      step   ||ffeas||  ||gfeas||  ||hfeas||   dV-exp       dV      dPhi-exp     dPhi
   0  5.925e+05  2.788e+07  6.660e+02  2.745e+07  1.000e-09  1.000e-09  1.0000  3.367e-01  1.547e-04  6.656e+02  1.369e+07  1.314e+07  5.950e+06  5.398e+06
   1  2.743e+05  1.128e+07  5.371e+02  1.159e+06  1.000e-09  1.000e-09  1.0000  2.263e-01  1.366e-03  5.368e+02  5.805e+05  3.183e+05  3.222e+06  2.959e+06
   2  3.012e+04  2.903e+06  2.804e+02  5.286e+05  1.000e-09  1.000e-09  1.0000  4.929e-02  2.883e-03  2.804e+02  2.504e+05  2.442e+05  2.880e+06  2.874e+06
   3  2.075e+04  9.594e+05  1.832e+02  3.204e+04  1.000e-09  1.000e-09  0.5000  3.191e-02  4.932e-03  1.832e+02  1.054e+04  9.365e+03  2.595e+05  5.073e+05
   4  2.877e+04  1.720e+05  5.592e+01  2.508e+03  1.000e-09  1.000e-09  1.0000  5.358e-03  4.841e-03  5.591e+01 -7.954e+03 -8.022e+03  3.181e+05  3.180e+05
   5  2.496e+04  7.194e+04  3.669e+01  5.435e+03  1.000e-09  1.000e-09  1.0000  5.715e-04  0.000e+00  3.669e+01  3.802e+03  3.814e+03  2.844e+04  2.845e+04
   6  2.411e+04  3.697e+04  2.008e+01  1.301e+03  1.000e-09  1.000e-09  1.0000  8.866e-05  1.151e-04  2.008e+01  8.420e+02  8.461e+02  1.148e+04  1.148e+04
   7  2.386e+04  2.476e+04  2.820e+00  3.814e+02  1.000e-09  1.000e-09  1.0000  1.118e-04  2.520e-04  2.820e+00  2.497e+02  2.508e+02  5.776e+03  5.777e+03
   8  2.380e+04  2.407e+04  1.707e+00  1.011e+02  1.000e-09  1.000e-09  1.0000  1.257e-05  1.457e-13  1.707e+00  6.158e+01  6.162e+01  2.398e+02  2.398e+02
   9  2.376e+04  2.385e+04  1.174e+00  6.768e+01  1.000e-09  1.000e-09  1.0000  1.235e-05  9.408e-05  1.174e+00  3.949e+01  3.934e+01  8.210e+01  8.196e+01
iter    cost       merit      stop      |grad|      preg       dreg      step   ||ffeas||  ||gfeas||  ||hfeas||   dV-exp       dV      dPhi-exp     dPhi
  10  2.372e+04  2.384e+04  1.507e+00  1.082e+02  1.000e-09  1.000e-09  0.5000  8.366e-06  4.702e-05  1.507e+00  4.362e+01  4.336e+01  3.022e+01  1.656e+01
  11  2.366e+04  2.381e+04  1.893e+00  1.323e+02  1.000e-09  1.000e-09  0.5000  9.119e-06  1.801e-04  1.893e+00  5.262e+01  5.231e+01  3.832e+01  2.370e+01
  12  2.360e+04  2.378e+04  2.418e+00  1.725e+02  1.000e-09  1.000e-09  0.5000  1.181e-05  9.007e-05  2.418e+00  6.833e+01  6.790e+01  4.835e+01  2.795e+01
  13  2.351e+04  2.373e+04  2.971e+00  2.152e+02  1.000e-09  1.000e-09  0.5000  1.561e-05  5.599e-05  2.971e+00  8.523e+01  8.467e+01  6.470e+01  4.361e+01
  14  2.341e+04  2.365e+04  3.367e+00  2.499e+02  1.000e-09  1.000e-09  0.5000  1.954e-05  2.785e-06  3.367e+00  9.907e+01  9.843e+01  8.513e+01  7.055e+01
  15  2.331e+04  2.354e+04  3.501e+00  2.689e+02  1.000e-09  1.000e-09  0.5000  2.252e-05  9.004e-05  3.501e+00  1.068e+02  1.062e+02  1.023e+02  9.720e+01
  16  2.320e+04  2.342e+04  3.368e+00  2.696e+02  1.000e-09  1.000e-09  0.5000  2.393e-05  1.179e-04  3.367e+00  1.074e+02  1.068e+02  1.117e+02  1.155e+02
  17  2.305e+04  2.340e+04  5.437e+00  2.554e+02  1.000e-09  1.000e-09  1.0000  4.668e-05  3.984e-12  5.437e+00  1.526e+02  1.504e+02  1.863e+01  1.643e+01
  18  2.288e+04  2.302e+04  3.038e+00  2.561e+02  1.000e-09  1.000e-09  1.0000  3.399e-05  7.337e-05  3.038e+00  1.737e+02  1.726e+02  2.832e+02  2.822e+02
  19  2.275e+04  2.286e+04  1.868e+00  1.864e+02  1.000e-09  1.000e-09  1.0000  2.844e-05  3.217e-04  1.868e+00  1.278e+02  1.270e+02  1.981e+02  1.973e+02
iter    cost       merit      stop      |grad|      preg       dreg      step   ||ffeas||  ||gfeas||  ||hfeas||   dV-exp       dV      dPhi-exp     dPhi
  20  2.267e+04  2.274e+04  1.081e+00  1.246e+02  1.000e-09  1.000e-09  1.0000  1.576e-05  1.890e-04  1.081e+00  8.617e+01  8.572e+01  1.380e+02  1.376e+02
  21  2.261e+04  2.266e+04  6.749e-01  7.799e+01  1.000e-09  1.000e-09  1.0000  1.096e-05  1.847e-04  6.747e-01  5.421e+01  5.400e+01  8.330e+01  8.309e+01
  22  2.258e+04  2.261e+04  4.316e-01  4.812e+01  1.000e-09  1.000e-09  1.0000  6.058e-06  6.354e-05  4.316e-01  3.329e+01  3.322e+01  5.043e+01  5.036e+01
  23  2.256e+04  2.258e+04  2.769e-01  3.132e+01  1.000e-09  1.000e-09  1.0000  2.873e-06  5.811e-05  2.769e-01  2.166e+01  2.160e+01  3.276e+01  3.269e+01
  24  2.254e+04  2.255e+04  1.740e-01  1.982e+01  1.000e-09  1.000e-09  1.0000  2.453e-06  2.240e-04  1.737e-01  1.387e+01  1.386e+01  2.124e+01  2.122e+01
  25  2.253e+04  2.254e+04  1.033e-01  1.180e+01  1.000e-09  1.000e-09  1.0000  1.065e-06  1.977e-04  1.031e-01  8.219e+00  8.200e+00  1.299e+01  1.297e+01
  26  2.253e+04  2.253e+04  5.495e-02  6.780e+00  1.000e-09  1.000e-09  1.0000  1.331e-06  1.530e-10  5.495e-02  4.694e+00  4.712e+00  7.833e+00  7.851e+00
  27  2.253e+04  2.253e+04  3.110e-02  3.872e+00  1.000e-09  1.000e-09  1.0000  3.685e-07  5.844e-13  3.110e-02  2.638e+00  2.627e+00  4.274e+00  4.263e+00
  28  2.253e+04  2.253e+04  1.236e-02  2.272e+00  1.000e-09  1.000e-09  1.0000  8.522e-07  1.958e-04  1.217e-02  1.483e+00  1.508e+00  2.760e+00  2.785e+00
  29  2.252e+04  2.253e+04  1.033e-02  1.415e+00  1.000e-09  1.000e-09  1.0000  2.963e-07  8.955e-12  1.032e-02  8.336e-01  8.180e-01  1.030e+00  1.014e+00
iter    cost       merit      stop      |grad|      preg       dreg      step   ||ffeas||  ||gfeas||  ||hfeas||   dV-exp       dV      dPhi-exp     dPhi
  30  2.252e+04  2.252e+04  7.169e-03  1.031e+00  1.000e-09  1.000e-09  1.0000  7.290e-07  2.360e-13  7.168e-03  4.945e-01  5.247e-01  7.105e-01  7.407e-01
  31  2.252e+04  2.252e+04  1.117e-02  9.236e-01  1.000e-09  1.000e-09  1.0000  3.592e-07  1.288e-13  1.117e-02  3.165e-01  2.929e-01  6.436e-02  4.075e-02
  32  2.252e+04  2.252e+04  9.180e-03  1.042e+00  1.000e-09  1.000e-09  0.5000  3.294e-07  1.581e-13  9.179e-03  3.235e-01  3.419e-01  3.555e-01  4.060e-01
  33  2.252e+04  2.252e+04  1.041e-03  3.862e-01  1.000e-09  1.000e-09  1.0000  1.565e-08  4.032e-13  1.041e-03 -4.343e-01 -4.354e-01 -3.031e-01 -3.043e-01
  34  2.252e+04  2.252e+04  4.075e-04  8.578e-02  1.000e-09  1.000e-09  1.0000  3.813e-08  4.707e-13  4.074e-04  5.308e-02  5.875e-02  9.921e-02  1.049e-01
  35  2.252e+04  2.252e+04  5.371e-04  5.779e-02  1.000e-09  1.000e-09  1.0000  1.475e-08  3.974e-12  5.371e-04  2.997e-02  2.643e-02  1.634e-02  1.281e-02
  36  2.252e+04  2.252e+04  6.110e-04  4.870e-02  1.000e-09  1.000e-09  1.0000  3.601e-08  3.575e-14  6.109e-04  1.876e-02  2.547e-02  1.488e-02  2.159e-02
  37  2.252e+04  2.252e+04  7.542e-04  5.152e-02  1.000e-09  1.000e-09  1.0000  2.281e-08  2.824e-13  7.542e-04  1.357e-02  7.483e-03  9.025e-03  2.936e-03
  38  2.252e+04  2.252e+04  7.157e-04  6.515e-02  1.000e-08  1.000e-08  0.5000  2.050e-08  1.421e-13  7.157e-04  1.950e-02  2.389e-02  1.997e-02  2.483e-02
  39  2.252e+04  2.252e+04  3.049e-05  3.104e-02  2.000e-09  2.000e-09  1.0000  7.698e-10  3.256e-14  3.049e-05 -3.290e-02 -3.333e-02 -2.457e-02 -2.499e-02
iter    cost       merit      stop      |grad|      preg       dreg      step   ||ffeas||  ||gfeas||  ||hfeas||   dV-exp       dV      dPhi-exp     dPhi
  40  2.252e+04  2.252e+04  1.691e-05  3.344e-03  1.000e-09  1.000e-09  1.0000  1.859e-09  1.673e-14  1.691e-05  1.846e-03  3.181e-03  3.021e-03  4.356e-03
  41  2.252e+04  2.252e+04  9.482e-06  2.618e-03  1.000e-08  1.000e-08  0.5000  8.785e-10  3.553e-14  9.481e-06  9.249e-04  4.237e-04  1.264e-03  1.103e-03
  42  2.252e+04  2.252e+04  7.499e-06  8.086e-05  1.000e-07  1.000e-07  1.0000  1.854e-10  2.025e-13  7.499e-06 -2.119e-04  1.119e-04 -1.213e-04  2.025e-04
  43  2.252e+04  2.252e+04  4.127e-06  5.256e-04  1.000e-06  1.000e-06  1.0000  4.753e-11  3.997e-13  4.127e-06  3.578e-04  3.466e-04  5.877e-04  5.765e-04
  44  2.252e+04  2.252e+04  1.371e-06  3.014e-04  1.000e-05  1.000e-05  1.0000  1.120e-10  3.499e-13  1.370e-06  1.954e-04  4.857e-04  3.819e-04  6.722e-04
  45  2.252e+04  2.252e+04  7.977e-07  1.864e-04  1.000e-04  1.000e-04  0.5000  4.948e-11  3.109e-13  7.977e-07  7.336e-05  3.661e-06  1.053e-04  6.757e-05
  46  2.252e+04  2.252e+04  6.860e-07  6.310e-05  1.000e-03  1.000e-03  1.0000  1.271e-11  2.327e-13  6.859e-07  3.843e-05  1.065e-04  4.613e-05  1.142e-04
  47  2.252e+04  2.252e+04  1.252e-07  3.532e-05  1.000e-02  1.000e-02  1.0000  2.464e-12  2.132e-13  1.252e-07  3.018e-05  4.682e-05  6.543e-05  8.207e-05
  48  2.252e+04  2.252e+04  4.506e-09  1.387e-06  1.000e-01  1.000e-01  1.0000  4.162e-12  1.865e-13  4.501e-09  1.102e-06  4.921e-06  4.897e-06  8.715e-06

*** SOLVE walking (FeasShoot) ***
iter    cost       merit      stop      |grad|      preg       dreg      step   ||ffeas||  ||gfeas||  ||hfeas||   dV-exp       dV      dPhi-exp     dPhi
   0  2.770e+07  1.272e+08  3.891e+00  7.231e+07  1.000e-09  1.000e-09  0.1250  3.450e-02  0.000e+00  3.857e+00  8.474e+06  8.468e+06  2.492e+06 -3.939e+07
   1  1.561e+07  1.015e+08  6.719e+00  5.538e+07  1.000e-09  1.000e-09  0.2500  2.588e-02  0.000e+00  6.693e+00  1.211e+07  1.209e+07  3.074e+06 -2.407e+07
   2  1.195e+07  5.512e+07  6.753e+00  3.119e+07  1.000e-09  1.000e-09  0.1250  2.264e-02  0.000e+00  6.730e+00  3.655e+06  3.655e+06  3.629e+06  3.441e+06
   3  6.738e+06  4.151e+07  1.088e+01  2.388e+07  1.000e-09  1.000e-09  0.2500  1.698e-02  0.000e+00  1.086e+01  5.224e+06  5.213e+06  1.926e+06 -7.977e+06
   4  5.161e+06  2.577e+07  1.290e+01  1.345e+07  1.000e-09  1.000e-09  0.1250  1.486e-02  0.000e+00  1.288e+01  1.576e+06  1.577e+06  1.173e+06 -1.650e+06
   5  1.302e+06  1.670e+07  1.927e+01  1.030e+07  1.000e-09  1.000e-09  0.5000  7.429e-03  0.000e+00  1.926e+01  3.861e+06  3.858e+06  1.317e+06 -1.230e+06
   6  3.744e+04  3.702e+06  3.444e+01  2.580e+06  1.000e-09  1.000e-09  1.0000  0.000e+00  0.000e+00  9.171e+00  1.289e+06  1.265e+06  5.322e+06  5.298e+06
   7  2.032e+04  9.600e+05  4.704e+00  4.907e+04  1.000e-09  1.000e-09  1.0000  0.000e+00  0.000e+00  4.704e+00  2.451e+04  1.712e+04  9.170e+05  9.096e+05
   8  1.584e+04  2.742e+05  2.587e+00  1.475e+04  1.000e-09  1.000e-09  0.5000  4.337e-19  0.000e+00  2.587e+00  5.532e+03  4.480e+03  1.113e+05  2.160e+05
   9  1.303e+04  7.027e+04  1.146e+00  5.687e+03  1.000e-09  1.000e-09  1.0000  0.000e+00  0.000e+00  1.146e+00  2.847e+03  2.807e+03  7.480e+04  7.476e+04
iter    cost       merit      stop      |grad|      preg       dreg      step   ||ffeas||  ||gfeas||  ||hfeas||   dV-exp       dV      dPhi-exp     dPhi
  10  1.303e+04  3.236e+04  7.743e-01  2.794e+02  1.000e-09  1.000e-09  0.5000  1.735e-18  0.000e+00  7.743e-01  1.048e+02  3.937e+00  4.747e+03  9.289e+03
  11  1.291e+04  1.615e+04  2.596e-01  2.321e+02  1.000e-09  1.000e-09  1.0000  0.000e+00  0.000e+00  2.596e-01  1.161e+02  1.171e+02  6.542e+03  6.543e+03
  12  1.292e+04  1.332e+04  6.455e-02  1.923e+01  1.000e-09  1.000e-09  1.0000  0.000e+00  0.000e+00  6.455e-02  9.682e+00 -6.847e+00  1.227e+03  1.211e+03
  13  1.290e+04  1.293e+04  1.001e-02  3.185e+01  1.000e-09  1.000e-09  1.0000  0.000e+00  0.000e+00  1.001e-02  1.591e+01  1.602e+01  1.862e+02  1.863e+02
  14  1.290e+04  1.290e+04  1.251e-04  6.118e-01  1.000e-09  1.000e-09  1.0000  0.000e+00  0.000e+00  1.251e-04  3.065e-01  3.045e-01  1.573e+01  1.573e+01
  15  1.290e+04  1.290e+04  9.256e-07  1.226e-04  1.000e-09  1.000e-09  1.0000  0.000e+00  0.000e+00  9.256e-07  7.497e-05  8.833e-05  9.698e-02  9.700e-02
  16  1.290e+04  1.290e+04  2.588e-08  7.068e-07  1.000e-09  1.000e-09  1.0000  0.000e+00  0.000e+00  2.588e-08 -1.800e-06 -2.304e-05  3.493e-04  3.280e-04
  17  1.290e+04  1.290e+04  1.375e-09  1.516e-08  1.000e-08  1.000e-08  1.0000  0.000e+00  0.000e+00  1.375e-09 -5.148e-08  5.723e-06  4.729e-06  1.050e-05
*** SOLVE walking (MultiShoot) ***
iter    cost       merit      stop      |grad|      preg       dreg      step   ||ffeas||  ||gfeas||  ||hfeas||   dV-exp       dV      dPhi-exp     dPhi
   0  2.770e+07  1.284e+08  3.937e+00  7.231e+07  1.000e-09  1.000e-09  0.1250  6.510e-02  0.000e+00  3.872e+00  8.474e+06  8.467e+06  2.346e+06 -4.056e+07
   1  1.561e+07  1.038e+08  6.898e+00  5.538e+07  1.000e-09  1.000e-09  0.2500  1.523e-01  0.000e+00  6.746e+00  1.211e+07  1.209e+07  2.649e+06 -2.577e+07
   2  1.195e+07  5.624e+07  6.928e+00  3.120e+07  1.000e-09  1.000e-09  0.1250  1.520e-01  0.000e+00  6.776e+00  3.656e+06  3.656e+06  3.632e+06  3.465e+06
   3  6.738e+06  4.350e+07  1.150e+01  2.388e+07  1.000e-09  1.000e-09  0.2500  1.742e-01  0.000e+00  1.133e+01  5.224e+06  5.214e+06  1.569e+06 -9.406e+06
   4  5.161e+06  2.659e+07  1.341e+01  1.345e+07  1.000e-09  1.000e-09  0.1250  1.615e-01  0.000e+00  1.325e+01  1.576e+06  1.577e+06  1.195e+06 -1.474e+06
   5  2.908e+06  1.374e+07  1.355e+01  1.030e+07  1.000e-09  1.000e-09  0.2500  1.487e-01  0.000e+00  1.341e+01  2.252e+06  2.253e+06  2.224e+06  2.139e+06
   6  3.393e+04  6.990e+06  8.529e+01  5.789e+06  1.000e-09  1.000e-09  1.0000  2.359e-01  0.000e+00  1.717e+01  2.894e+06  2.874e+06  1.353e+06  1.333e+06
   7  2.218e+04  9.869e+05  4.829e+00  4.241e+04  1.000e-09  1.000e-09  1.0000  8.858e-03  0.000e+00  4.820e+00  2.108e+04  1.175e+04  2.535e+06  2.525e+06
   8  1.648e+04  3.115e+05  2.954e+00  1.864e+04  1.000e-09  1.000e-09  0.5000  3.271e-03  0.000e+00  2.951e+00  6.991e+03  5.705e+03  1.006e+05  1.930e+05
   9  1.295e+04  5.331e+04  8.083e-01  7.043e+03  1.000e-09  1.000e-09  1.0000  1.942e-03  0.000e+00  8.063e-01  3.522e+03  3.530e+03  1.107e+05  1.107e+05
iter    cost       merit      stop      |grad|      preg       dreg      step   ||ffeas||  ||gfeas||  ||hfeas||   dV-exp       dV      dPhi-exp     dPhi
  10  1.345e+04  2.506e+04  4.647e-01  1.283e+02  1.000e-09  1.000e-09  1.0000  1.835e-04  0.000e+00  4.645e-01  6.390e+01 -5.086e+02  8.643e+03  8.071e+03
  11  1.292e+04  1.804e+04  4.104e-01  1.053e+03  1.000e-09  1.000e-09  1.0000  1.403e-04  0.000e+00  4.103e-01  5.264e+02  5.389e+02  1.204e+03  1.216e+03
  12  1.312e+04  1.471e+04  2.551e-01  8.935e+01  1.000e-09  1.000e-09  0.5000  4.732e-05  0.000e+00  2.550e-01  3.351e+01 -2.040e+02  5.185e+02  7.660e+02
  13  1.297e+04  1.341e+04  1.407e-01  3.948e+02  1.000e-09  1.000e-09  0.5000  2.220e-05  0.000e+00  1.407e-01  1.480e+02  1.480e+02  3.266e+02  5.051e+02
  14  1.291e+04  1.307e+04  1.027e-01  1.177e+02  1.000e-09  1.000e-09  1.0000  9.599e-06  0.000e+00  1.027e-01  5.889e+01  6.331e+01  1.182e+02  1.226e+02
  15  1.290e+04  1.296e+04  7.222e-02  1.820e+01  1.000e-09  1.000e-09  0.5000  7.022e-06  0.000e+00  7.221e-02  6.825e+00  6.830e+00  1.871e+01  3.061e+01
  16  1.290e+04  1.291e+04  3.009e-02  4.618e+00  1.000e-09  1.000e-09  1.0000  2.289e-06  0.000e+00  3.009e-02  2.311e+00  2.310e+00  1.875e+01  1.875e+01
  17  1.290e+04  1.290e+04  2.405e-05  1.754e-02  1.000e-09  1.000e-09  1.0000  4.679e-09  0.000e+00  2.405e-05  1.635e-02  1.552e-02  5.882e+00  5.881e+00
  18  1.290e+04  1.290e+04  1.856e-07  1.723e-04  1.000e-09  1.000e-09  1.0000  5.381e-11  0.000e+00  1.856e-07  1.492e-04  2.487e-04  2.477e-03  2.577e-03
  19  1.290e+04  1.290e+04  1.856e-07  5.060e-06  1.000e-08  1.000e-08  0.0020  5.381e-11  0.000e+00  1.856e-07  9.879e-09 -8.837e-08  9.914e-09 -7.069e-08
iter    cost       merit      stop      |grad|      preg       dreg      step   ||ffeas||  ||gfeas||  ||hfeas||   dV-exp       dV      dPhi-exp     dPhi
  20  1.290e+04  1.290e+04  1.856e-07  5.060e-06  1.000e-07  1.000e-07  0.0020  5.381e-11  0.000e+00  1.856e-07  9.879e-09 -8.838e-08  9.902e-09 -7.686e-08
  21  1.290e+04  1.290e+04  1.856e-07  5.060e-06  1.000e-06  1.000e-06  0.0020  5.381e-11  0.000e+00  1.856e-07  9.878e-09 -8.838e-08  9.901e-09 -7.686e-08
  22  1.290e+04  1.290e+04  1.856e-07  5.056e-06  1.000e-05  1.000e-05  0.0020  5.381e-11  0.000e+00  1.856e-07  9.872e-09 -8.840e-08  9.894e-09 -7.688e-08
  23  1.290e+04  1.290e+04  1.856e-07  5.025e-06  1.000e-04  1.000e-04  0.0020  5.381e-11  0.000e+00  1.856e-07  9.811e-09 -8.850e-08  9.834e-09 -7.699e-08
  24  1.290e+04  1.290e+04  1.856e-07  4.864e-06  1.000e-03  1.000e-03  0.0020  5.381e-11  0.000e+00  1.856e-07  9.496e-09 -8.615e-08  9.519e-09 -7.475e-08
  25  1.290e+04  1.290e+04  1.856e-07  4.478e-06  1.000e-02  1.000e-02  0.0020  5.381e-11  0.000e+00  1.856e-07  8.744e-09 -6.412e-08  8.766e-09 -5.312e-08
  26  1.290e+04  1.290e+04  1.856e-07  3.965e-06  1.000e-01  1.000e-01  0.0020  5.381e-11  0.000e+00  1.856e-07  7.744e-09 -2.389e-08  7.764e-09 -1.362e-08
  27  1.290e+04  1.290e+04  4.529e-10  3.572e-06  1.000e+00  1.000e+00  1.0000  4.941e-12  0.000e+00  4.479e-10  3.455e-06 -2.549e-06  8.379e-06  2.375e-06
*** SOLVE walking (HybridShoot: 11) ***
iter    cost       merit      stop      |grad|      preg       dreg      step   ||ffeas||  ||gfeas||  ||hfeas||   dV-exp       dV      dPhi-exp     dPhi
   0  2.770e+07  1.272e+08  3.891e+00  7.231e+07  1.000e-09  1.000e-09  0.1250  4.026e-02  0.000e+00  3.851e+00  8.474e+06  8.466e+06  2.492e+06 -3.939e+07
   1  1.561e+07  1.022e+08  6.774e+00  5.538e+07  1.000e-09  1.000e-09  0.2500  8.381e-02  0.000e+00  6.690e+00  1.211e+07  1.209e+07  2.900e+06 -2.477e+07
   2  1.195e+07  5.549e+07  6.810e+00  3.120e+07  1.000e-09  1.000e-09  0.1250  8.626e-02  0.000e+00  6.724e+00  3.656e+06  3.656e+06  3.627e+06  3.423e+06
   3  6.738e+06  4.166e+07  1.092e+01  2.388e+07  1.000e-09  1.000e-09  0.2500  8.269e-02  0.000e+00  1.084e+01  5.225e+06  5.214e+06  1.937e+06 -7.934e+06
   4  5.161e+06  2.583e+07  1.293e+01  1.345e+07  1.000e-09  1.000e-09  0.1250  7.722e-02  0.000e+00  1.285e+01  1.576e+06  1.577e+06  1.176e+06 -1.629e+06
   5  1.302e+06  1.691e+07  1.953e+01  1.030e+07  1.000e-09  1.000e-09  0.5000  5.245e-02  0.000e+00  1.948e+01  3.861e+06  3.859e+06  1.224e+06 -1.415e+06
   6  3.743e+04  3.583e+06  3.443e+01  2.579e+06  1.000e-09  1.000e-09  1.0000  3.372e-02  0.000e+00  8.840e+00  1.289e+06  1.265e+06  5.547e+06  5.523e+06
   7  2.032e+04  9.616e+05  4.712e+00  4.908e+04  1.000e-09  1.000e-09  1.0000  1.172e-03  0.000e+00  4.710e+00  2.451e+04  1.712e+04  8.559e+05  8.485e+05
   8  1.584e+04  2.746e+05  2.590e+00  1.475e+04  1.000e-09  1.000e-09  0.5000  5.694e-04  0.000e+00  2.589e+00  5.533e+03  4.476e+03  1.115e+05  2.164e+05
   9  1.303e+04  7.037e+04  1.148e+00  5.696e+03  1.000e-09  1.000e-09  1.0000  2.081e-04  0.000e+00  1.148e+00  2.852e+03  2.812e+03  7.487e+04  7.482e+04
iter    cost       merit      stop      |grad|      preg       dreg      step   ||ffeas||  ||gfeas||  ||hfeas||   dV-exp       dV      dPhi-exp     dPhi
  10  1.303e+04  3.239e+04  7.756e-01  2.798e+02  1.000e-09  1.000e-09  0.5000  8.761e-05  0.000e+00  7.755e-01  1.050e+02  4.108e+00  4.757e+03  9.308e+03
  11  1.291e+04  1.615e+04  2.597e-01  2.323e+02  1.000e-09  1.000e-09  1.0000  6.732e-06  0.000e+00  2.597e-01  1.163e+02  1.173e+02  6.558e+03  6.559e+03
  12  1.292e+04  1.332e+04  6.456e-02  1.922e+01  1.000e-09  1.000e-09  1.0000  3.957e-05  0.000e+00  6.452e-02  9.666e+00 -6.812e+00  1.228e+03  1.211e+03
  13  1.290e+04  1.293e+04  1.001e-02  3.179e+01  1.000e-09  1.000e-09  1.0000  1.666e-06  0.000e+00  1.001e-02  1.586e+01  1.597e+01  1.861e+02  1.862e+02
  14  1.290e+04  1.290e+04  1.252e-04  6.107e-01  1.000e-09  1.000e-09  1.0000  2.157e-08  0.000e+00  1.251e-04  3.055e-01  3.035e-01  1.573e+01  1.573e+01
  15  1.290e+04  1.290e+04  9.239e-07  6.270e-05  1.000e-09  1.000e-09  1.0000  2.019e-10  0.000e+00  9.237e-07  1.520e-05  2.833e-05  9.696e-02  9.697e-02
  16  1.290e+04  1.290e+04  2.543e-08  8.926e-07  1.000e-09  1.000e-09  1.0000  1.146e-11  0.000e+00  2.542e-08 -1.972e-06 -2.271e-05  3.486e-04  3.279e-04
  17  1.290e+04  1.290e+04  1.335e-09  3.338e-09  1.000e-08  1.000e-08  1.0000  8.826e-13  0.000e+00  1.334e-09 -6.158e-08  5.605e-06  4.639e-06  1.031e-05
*** SOLVE walking (OdynSQP) ***
iter    cost       merit      stop      |grad|      preg       dreg      step   ||ffeas||  ||gfeas||  ||hfeas||   dV-exp       dV      dPhi-exp     dPhi
   0  1.526e+07  1.450e+08  8.195e+01  1.184e+08  1.000e-09  1.000e-09  0.5000  1.347e-01  1.992e+01  6.189e+01  4.441e+07  4.398e+07  2.185e+07 -1.138e+06
   1  3.862e+06  4.286e+07  4.927e+01  3.046e+07  1.000e-09  1.000e-09  0.5000  6.734e-02  9.960e+00  3.925e+01  1.143e+07  1.139e+07  2.436e+07  3.726e+07
   2  1.023e+06  1.475e+07  3.468e+01  7.684e+06  1.000e-09  1.000e-09  0.5000  3.367e-02  4.980e+00  2.967e+01  2.882e+06  2.839e+06  5.770e+06  8.615e+06
   3  3.289e+04  5.651e+06  3.062e+01  2.012e+06  1.000e-09  1.000e-09  1.0000  6.941e-02  7.724e-06  2.832e+01  1.007e+06  9.903e+05  2.251e+06  2.234e+06
   4  1.887e+04  9.826e+05  9.740e+00  3.358e+04  1.000e-09  1.000e-09  1.0000  7.142e-03  3.578e-03  9.730e+00  1.688e+04  1.402e+04  1.862e+06  1.859e+06
   5  1.795e+04  4.799e+05  9.337e+00  6.216e+03  1.000e-09  1.000e-09  0.5000  6.924e-03  1.366e-03  9.329e+00  2.315e+03  9.193e+02  1.229e+04  2.087e+04
   6  1.616e+04  2.491e+04  3.538e-01  3.707e+03  1.000e-09  1.000e-09  1.0000  1.225e-04  9.021e-12  3.537e-01  1.794e+03  1.790e+03  2.240e+05  2.240e+05
   7  1.616e+04  1.959e+04  2.773e-01  9.151e+00  1.000e-09  1.000e-09  1.0000  1.344e-04  3.508e-14  2.772e-01  3.080e+00 -4.535e-01  9.494e+02  9.458e+02
   8  1.616e+04  1.746e+04  2.105e-01  1.254e+01  1.000e-09  1.000e-09  0.5000  9.243e-05  7.533e-04  2.097e-01  4.454e+00  2.814e+00  2.109e+02  4.158e+02
   9  1.616e+04  1.617e+04  4.286e-03  9.387e-01  1.000e-09  1.000e-09  1.0000  3.278e-06  7.061e-14  4.283e-03 -1.358e+00 -1.476e+00  6.363e+02  6.362e+02
iter    cost       merit      stop      |grad|      preg       dreg      step   ||ffeas||  ||gfeas||  ||hfeas||   dV-exp       dV      dPhi-exp     dPhi
  10  1.616e+04  1.617e+04  4.000e-03  4.080e-01  1.000e-09  1.000e-09  0.5000  2.441e-06  7.794e-14  3.998e-03  1.483e-01  1.027e-01  3.693e-01  5.447e-01
  11  1.616e+04  1.616e+04  1.999e-04  2.432e-02  1.000e-09  1.000e-09  1.0000  8.693e-08  7.105e-14  1.998e-04 -3.260e-02 -3.683e-02  2.905e+00  2.901e+00
  12  1.616e+04  1.616e+04  1.650e-04  1.635e-02  1.000e-09  1.000e-09  0.5000  6.996e-08  4.579e-13  1.650e-04  6.294e-03  5.087e-03  1.303e-02  1.856e-02
  13  1.616e+04  1.616e+04  1.174e-05  1.181e-03  1.000e-09  1.000e-09  1.0000  2.274e-09  1.732e-13  1.174e-05 -1.743e-03 -2.029e-03  2.788e-02  2.760e-02
  14  1.616e+04  1.616e+04  7.859e-06  2.003e-03  1.000e-09  1.000e-09  1.0000  3.391e-09  2.176e-13  7.855e-06  1.691e-03  1.563e-03  2.490e-03  2.362e-03
  15  1.616e+04  1.616e+04  1.301e-05  8.371e-05  1.000e-08  1.000e-08  1.0000  5.518e-09  6.439e-14  1.301e-05 -2.839e-04 -7.355e-04 -8.142e-04 -1.266e-03
  16  1.616e+04  1.616e+04  2.123e-05  1.764e-03  1.000e-07  1.000e-07  1.0000  9.011e-09  3.157e-13  2.122e-05  1.200e-03  8.827e-04  1.176e-04 -1.995e-04
  17  1.616e+04  1.616e+04  3.460e-05  6.262e-04  1.000e-06  1.000e-06  1.0000  1.467e-08  9.770e-14  3.458e-05 -2.848e-04 -1.290e-03 -1.165e-03 -2.170e-03
  18  1.616e+04  1.616e+04  5.659e-05  3.805e-03  1.000e-05  1.000e-05  1.0000  2.375e-08  5.178e-13  5.657e-05  2.330e-03  1.344e-03  2.141e-04 -7.718e-04
  19  1.616e+04  1.616e+04  5.193e-05  2.515e-03  1.000e-04  1.000e-04  0.5000  2.099e-08  5.995e-14  5.191e-05  6.831e-04  3.264e-05  7.954e-04  2.572e-04
iter    cost       merit      stop      |grad|      preg       dreg      step   ||ffeas||  ||gfeas||  ||hfeas||   dV-exp       dV      dPhi-exp     dPhi
  20  1.616e+04  1.616e+04  1.511e-06  1.014e-04  1.000e-03  1.000e-03  1.0000  3.922e-10  4.161e-13  1.510e-06  7.359e-05  6.420e-05  1.286e-03  1.277e-03
  21  1.616e+04  1.616e+04  8.579e-07  4.214e-04  1.000e-02  1.000e-02  1.0000  2.262e-10  9.592e-14  8.576e-07 -4.387e-04 -4.589e-04 -4.308e-04 -4.511e-04
  22  1.616e+04  1.616e+04  3.367e-08  3.092e-04  1.000e-01  1.000e-01  1.0000  3.356e-10  6.928e-14  3.333e-08 -3.106e-04 -3.048e-04 -3.056e-04 -2.999e-04
  23  1.616e+04  1.616e+04  1.591e-08  2.571e-04  1.000e+00  1.000e+00  1.0000  2.334e-10  4.379e-13  4.525e-11  2.571e-04  2.562e-04  6.214e-04  6.205e-04
  24  1.616e+04  1.616e+04  1.215e-09  1.964e-05  1.000e+01  1.000e+01  1.0000  5.749e-11  5.285e-14  5.684e-13 -1.964e-05 -1.970e-05 -1.723e-05 -1.729e-05
