*** SOLVE (FeasShoot) ***
iter    cost       merit      stop      |grad|      preg       dreg      step   ||ffeas||  ||gfeas||  ||hfeas||   dV-exp       dV      dPhi-exp     dPhi
   0  8.355e-02  8.355e-02  1.164e+01  9.522e-04  1.000e-09  1.000e-09  1.0000  0.000e+00  0.000e+00  1.164e+01 -1.013e-01 -7.862e-02 -1.013e-01 -7.862e-02
   1  5.812e-02  1.529e-01  1.859e+01  9.130e-02  1.000e-09  1.000e-09  1.0000  0.000e+00  0.000e+00  1.859e+01  4.155e-02  2.543e-02  6.103e-03 -1.002e-02
   2  4.546e-02  7.463e-02  1.144e+01  7.373e-02  1.000e-09  1.000e-09  0.5000  0.000e+00  0.000e+00  1.144e+01  1.920e-02  1.266e-02  2.831e-02  3.089e-02
   3  3.619e-02  4.741e-02  6.416e+00  3.911e-02  1.000e-09  1.000e-09  0.5000  0.000e+00  0.000e+00  6.416e+00  1.328e-02  9.267e-03  1.767e-02  1.805e-02
   4  3.384e-02  3.965e-02  5.466e+00  1.575e-02  1.000e-09  1.000e-09  0.5000  0.000e+00  0.000e+00  5.466e+00  5.129e-03  2.347e-03  5.634e-03  3.357e-03
   5  3.177e-02  3.673e-02  4.532e+00  1.117e-02  1.000e-08  1.000e-08  0.5000  0.000e+00  0.000e+00  4.532e+00  3.840e-03  2.075e-03  4.351e-03  3.097e-03
   6  2.996e-02  3.363e-02  3.531e+00  7.726e-03  1.000e-07  1.000e-07  0.5000  0.000e+00  0.000e+00  3.531e+00  2.755e-03  1.806e-03  3.275e-03  2.846e-03
   7  2.851e-02  3.101e-02  2.592e+00  4.937e-03  1.000e-06  1.000e-06  0.5000  0.000e+00  0.000e+00  2.592e+00  1.831e-03  1.449e-03  2.285e-03  2.356e-03
   8  2.736e-02  2.832e-02  1.240e+00  2.362e-03  1.000e-05  1.000e-05  1.0000  0.000e+00  0.000e+00  1.240e+00  1.401e-03  1.148e-03  2.444e-03  2.191e-03
   9  2.686e-02  2.698e-02  1.994e-01  6.136e-04  1.000e-04  1.000e-04  1.0000  0.000e+00  0.000e+00  1.994e-01  5.010e-04  4.992e-04  1.102e-03  1.100e-03
iter    cost       merit      stop      |grad|      preg       dreg      step   ||ffeas||  ||gfeas||  ||hfeas||   dV-exp       dV      dPhi-exp     dPhi
  10  2.695e-02  2.695e-02  2.290e-03  8.586e-05  1.000e-03  1.000e-03  1.0000  0.000e+00  0.000e+00  2.290e-03 -8.817e-05 -8.830e-05 -3.129e-05 -3.142e-05
  11  2.695e-02  2.695e-02  2.332e-06  2.396e-06  1.000e-02  1.000e-02  1.0000  0.000e+00  0.000e+00  2.032e-06  2.395e-06  2.395e-06  5.813e-06  5.813e-06
  12  2.695e-02  2.695e-02  1.805e-07  1.854e-07  1.000e-01  1.000e-01  1.0000  0.000e+00  0.000e+00  2.941e-09  1.854e-07  1.854e-07  4.498e-07  4.498e-07
  13  2.695e-02  2.695e-02  1.805e-08  1.854e-08  1.000e+00  1.000e+00  1.0000  0.000e+00  0.000e+00  2.868e-11  1.854e-08  1.854e-08  1.892e-08  1.892e-08
  14  2.695e-02  2.695e-02  1.805e-09  1.853e-09  1.000e+01  1.000e+01  1.0000  0.000e+00  0.000e+00  2.740e-13  1.853e-09  1.853e-09  1.857e-09  1.857e-09
*** SOLVE (MultiShoot) ***
iter    cost       merit      stop      |grad|      preg       dreg      step   ||ffeas||  ||gfeas||  ||hfeas||   dV-exp       dV      dPhi-exp     dPhi
   0  1.062e-01  4.143e-01  4.728e+00  9.522e-04  1.000e-09  1.000e-09  1.0000  4.728e+00  0.000e+00  1.472e-12 -1.013e-01 -1.013e-01 -2.046e-01 -2.046e-01
   1  6.545e-02  1.748e-01  3.354e+00  1.026e-01  1.000e-09  1.000e-09  0.5000  3.354e+00  0.000e+00  4.783e-13  4.073e-02  4.073e-02  6.312e-02  8.550e-02
   2  4.353e-02  8.381e-02  2.472e+00  5.824e-02  1.000e-09  1.000e-09  0.5000  2.472e+00  0.000e+00  7.185e-13  2.192e-02  2.192e-02  2.911e-02  3.629e-02
   3  3.998e-02  5.114e-02  1.371e+00  9.845e-03  1.000e-09  1.000e-09  1.0000  1.371e+00  0.000e+00  8.598e-13  3.553e-03  3.553e-03  1.253e-02  1.253e-02
   4  2.873e-02  4.022e-02  9.801e-01  1.909e-02  1.000e-09  1.000e-09  1.0000  9.801e-01  0.000e+00  2.753e-12  1.125e-02  1.125e-02  1.583e-02  1.583e-02
   5  2.652e-02  2.760e-02  1.844e-01  4.556e-03  1.000e-09  1.000e-09  1.0000  1.844e-01  0.000e+00  1.659e-12  2.207e-03  2.207e-03  6.871e-03  6.871e-03
   6  2.553e-02  2.578e-02  3.152e-02  1.646e-03  1.000e-08  1.000e-08  1.0000  3.152e-02  0.000e+00  3.357e-12  9.876e-04  9.876e-04  2.157e-03  2.157e-03
   7  2.503e-02  2.527e-02  1.051e-02  7.150e-04  1.000e-07  1.000e-07  1.0000  1.051e-02  0.000e+00  2.372e-12  5.008e-04  5.008e-04  9.777e-04  9.777e-04
   8  2.479e-02  2.492e-02  3.840e-03  3.413e-04  1.000e-06  1.000e-06  1.0000  3.840e-03  0.000e+00  2.016e-13  2.466e-04  2.466e-04  4.703e-04  4.703e-04
   9  2.467e-02  2.471e-02  8.036e-04  1.322e-04  1.000e-05  1.000e-05  1.0000  8.036e-04  0.000e+00  8.549e-14  1.152e-04  1.152e-04  2.453e-04  2.453e-04
iter    cost       merit      stop      |grad|      preg       dreg      step   ||ffeas||  ||gfeas||  ||hfeas||   dV-exp       dV      dPhi-exp     dPhi
  10  2.465e-02  2.465e-02  2.153e-05  2.251e-05  1.000e-04  1.000e-04  1.0000  2.153e-05  0.000e+00  7.295e-13  2.206e-05  2.206e-05  5.272e-05  5.272e-05
  11  2.465e-02  2.465e-02  1.319e-06  1.357e-06  1.000e-03  1.000e-03  1.0000  2.477e-07  0.000e+00  2.392e-15  1.352e-06  1.352e-06  3.261e-06  3.261e-06
  12  2.465e-02  2.465e-02  1.025e-07  1.051e-07  1.000e-02  1.000e-02  1.0000  2.621e-09  0.000e+00  1.778e-17  1.051e-07  1.051e-07  2.536e-07  2.536e-07
  13  2.465e-02  2.465e-02  9.911e-09  1.016e-08  1.000e-01  1.000e-01  1.0000  2.636e-11  0.000e+00  5.014e-18  1.016e-08  1.016e-08  1.173e-08  1.173e-08
*** SOLVE (HybridShoot: 33) ***
iter    cost       merit      stop      |grad|      preg       dreg      step   ||ffeas||  ||gfeas||  ||hfeas||   dV-exp       dV      dPhi-exp     dPhi
   0  1.796e-01  7.249e+00  2.333e+01  9.522e-04  1.000e-09  1.000e-09  1.0000  2.333e+01  0.000e+00  1.472e-12 -1.013e-01 -1.747e-01 -6.219e+00 -6.292e+00
   1  1.424e-01  1.862e+00  1.135e+01  2.044e-01  1.000e-09  1.000e-09  0.5000  1.135e+01  0.000e+00  8.296e-13  6.786e-02  3.715e-02  9.755e-01  1.853e+00
   2  1.188e-01  8.787e-01  1.003e+01  1.966e-01  1.000e-09  1.000e-09  0.1250  1.003e+01  0.000e+00  7.860e-13  2.285e-02  2.360e-02  3.532e-02  1.234e-01
   3  8.087e-02  3.377e-01  6.781e+00  1.332e-01  1.000e-09  1.000e-09  0.5000  6.781e+00  0.000e+00  6.302e-13  3.869e-02  3.798e-02  1.003e-01  1.611e-01
   4  4.609e-02  1.115e-01  3.457e+00  8.874e-02  1.000e-09  1.000e-09  0.5000  3.457e+00  0.000e+00  1.808e-12  3.312e-02  3.478e-02  6.459e-02  9.773e-02
   5  3.861e-02  7.011e-02  3.327e+00  2.339e-02  1.000e-09  1.000e-09  0.5000  3.327e+00  0.000e+00  1.166e-12  7.776e-03  7.472e-03  8.390e-03  8.701e-03
   6  3.378e-02  5.237e-02  3.926e+00  1.376e-02  1.000e-08  1.000e-08  0.5000  3.926e+00  0.000e+00  3.753e-13  4.901e-03  4.829e-03  3.484e-03  1.995e-03
   7  3.047e-02  4.392e-02  5.682e+00  9.889e-03  1.000e-07  1.000e-07  1.0000  5.682e+00  0.000e+00  2.065e-12  5.077e-03  3.314e-03  9.198e-04 -8.433e-04
   8  2.554e-02  2.710e-02  1.317e+00  6.371e-03  1.000e-06  1.000e-06  1.0000  1.317e+00  0.000e+00  2.718e-12  4.725e-03  4.933e-03  9.911e-03  1.012e-02
   9  2.537e-02  2.563e-02  4.364e-01  5.672e-04  2.000e-07  2.000e-07  1.0000  4.364e-01  0.000e+00  4.278e-12  1.358e-04  1.690e-04  6.592e-04  6.924e-04
iter    cost       merit      stop      |grad|      preg       dreg      step   ||ffeas||  ||gfeas||  ||hfeas||   dV-exp       dV      dPhi-exp     dPhi
  10  2.493e-02  2.510e-02  1.230e-01  5.418e-04  2.000e-06  2.000e-06  1.0000  1.230e-01  0.000e+00  6.590e-13  4.111e-04  4.392e-04  8.329e-04  8.610e-04
  11  2.481e-02  2.482e-02  1.016e-02  1.327e-04  2.000e-05  2.000e-05  1.0000  1.016e-02  0.000e+00  8.282e-14  1.207e-04  1.232e-04  2.788e-04  2.814e-04
  12  2.479e-02  2.479e-02  1.695e-04  1.476e-05  2.000e-04  2.000e-04  1.0000  1.695e-04  0.000e+00  5.973e-14  1.456e-05  1.460e-05  3.501e-05  3.505e-05
  13  2.479e-02  2.479e-02  1.765e-06  9.555e-07  2.000e-03  2.000e-03  1.0000  1.765e-06  0.000e+00  5.308e-16  9.534e-07  9.539e-07  2.301e-06  2.302e-06
  14  2.479e-02  2.479e-02  8.328e-08  8.537e-08  2.000e-02  2.000e-02  1.0000  1.772e-08  0.000e+00  2.786e-17  8.534e-08  8.535e-08  2.060e-07  2.060e-07
  15  2.479e-02  2.479e-02  8.224e-09  8.428e-09  2.000e-01  2.000e-01  1.0000  1.773e-10  0.000e+00  2.263e-18  8.428e-09  8.428e-09  9.640e-09  9.640e-09
*** SOLVE (OdynSQP) ***
iter    cost       merit      stop      |grad|      preg       dreg      step   ||ffeas||  ||gfeas||  ||hfeas||   dV-exp       dV      dPhi-exp     dPhi
   0  1.607e-01  1.607e-01  2.614e+01  3.359e-03  1.000e-09  1.000e-09  1.0000  2.614e+01  0.000e+00  3.229e-05 -1.558e-01 -1.558e-01 -1.558e-01 -1.558e-01
   1  9.436e-02  1.956e-01  2.791e+01  2.262e-01  1.000e-09  1.000e-09  1.0000  2.791e+01  0.000e+00  1.519e-16  6.636e-02  6.636e-02  5.995e-02  5.995e-02
   2  2.944e-02  4.860e-02  5.764e+00  1.342e-01  1.000e-09  1.000e-09  1.0000  5.764e+00  0.000e+00  2.490e-20  6.492e-02  6.492e-02  1.385e-01  1.385e-01
   3  1.988e-01  2.442e-01  2.736e+01  5.318e-03  1.000e-09  1.000e-09  1.0000  2.736e+01  0.000e+00  1.792e-05 -1.693e-01 -1.693e-01 -2.052e-01 -2.052e-01
   4  7.232e-02  3.205e-01  3.759e+01  2.230e-01  1.000e-09  1.000e-09  1.0000  3.759e+01  0.000e+00  2.948e-18  1.264e-01  1.264e-01  5.887e-02  5.887e-02
   5  3.997e-02  6.114e-02  6.414e+00  6.490e-02  1.000e-09  1.000e-09  1.0000  6.414e+00  0.000e+00  1.635e-17  3.236e-02  3.236e-02  1.353e-01  1.353e-01
   6  2.824e-02  3.821e-02  3.372e+00  3.362e-02  1.000e-09  1.000e-09  0.5000  3.372e+00  0.000e+00  9.575e-18  1.172e-02  1.172e-02  1.622e-02  2.071e-02
   7  2.756e-02  2.914e-02  1.067e+00  7.572e-03  1.000e-09  1.000e-09  1.0000  1.067e+00  0.000e+00  2.010e-17  6.787e-04  6.787e-04  4.084e-03  4.084e-03
   8  2.668e-02  2.687e-02  1.650e-01  2.610e-03  1.000e-08  1.000e-08  1.0000  1.650e-01  0.000e+00  4.079e-17  8.887e-04  8.887e-04  1.962e-03  1.962e-03
   9  2.552e-02  2.580e-02  2.790e-02  1.622e-03  1.000e-07  1.000e-07  1.0000  2.790e-02  0.000e+00  4.631e-18  1.158e-03  1.158e-03  2.533e-03  2.533e-03
iter    cost       merit      stop      |grad|      preg       dreg      step   ||ffeas||  ||gfeas||  ||hfeas||   dV-exp       dV      dPhi-exp     dPhi
  10  2.523e-02  2.531e-02  5.467e-03  4.262e-04  1.000e-06  1.000e-06  1.0000  5.467e-03  0.000e+00  2.476e-18  2.914e-04  2.914e-04  6.261e-04  6.261e-04
  11  2.507e-02  2.512e-02  1.268e-03  1.802e-04  1.000e-05  1.000e-05  1.0000  1.268e-03  0.000e+00  9.792e-17  1.559e-04  1.559e-04  3.269e-04  3.269e-04
  12  2.504e-02  2.504e-02  3.713e-05  3.342e-05  1.000e-04  1.000e-04  1.0000  3.713e-05  0.000e+00  2.645e-16  3.274e-05  3.274e-05  7.813e-05  7.813e-05
  13  2.504e-02  2.504e-02  1.993e-06  2.051e-06  1.000e-03  1.000e-03  1.0000  3.653e-07  0.000e+00  6.744e-16  2.043e-06  2.043e-06  4.933e-06  4.933e-06
  14  2.504e-02  2.504e-02  1.542e-07  1.581e-07  1.000e-02  1.000e-02  1.0000  3.530e-09  0.000e+00  7.471e-17  1.580e-07  1.580e-07  3.816e-07  3.816e-07
  15  2.504e-02  2.504e-02  1.488e-08  1.525e-08  1.000e-01  1.000e-01  1.0000  3.513e-11  0.000e+00  7.134e-18  1.525e-08  1.525e-08  1.741e-08  1.741e-08
Target state: [0. 0. 0. 0.]
Terminal state: [ 0.  0. -0. -0.]
