iter    cost       merit      stop      |grad|      preg       dreg      step   ||ffeas||  ||gfeas||  ||hfeas||   dV-exp       dV      dPhi-exp     dPhi
   0  1.643e+03  1.643e+03  1.851e+00  6.060e+03  1.000e-03  1.000e-03  0.2500  0.000e+00  0.000e+00  0.000e+00  1.326e+03  1.414e+03  1.326e+03  1.414e+03
   1  9.287e+02  9.287e+02  1.758e+00  3.263e+03  2.000e-04  2.000e-04  0.2500  0.000e+00  0.000e+00  0.000e+00  7.140e+02  7.143e+02  7.140e+02  7.143e+02
   2  5.549e+02  5.549e+02  1.660e+00  1.844e+03  4.000e-05  4.000e-05  0.2500  3.253e-19  0.000e+00  0.000e+00  4.034e+02  3.737e+02  4.034e+02  3.737e+02
   3  4.218e+02  4.218e+02  1.299e+00  1.098e+03  8.000e-06  8.000e-06  0.1250  0.000e+00  0.000e+00  0.000e+00  1.286e+02  1.331e+02  1.286e+02  1.331e+02
   4  3.254e+02  3.254e+02  1.277e+00  8.329e+02  8.000e-06  8.000e-06  0.1250  6.072e-18  0.000e+00  0.000e+00  9.761e+01  9.647e+01  9.761e+01  9.647e+01
   5  2.546e+02  2.546e+02  1.254e+00  6.403e+02  8.000e-06  8.000e-06  0.1250  6.072e-18  0.000e+00  0.000e+00  7.503e+01  7.080e+01  7.503e+01  7.080e+01
   6  1.495e+02  1.495e+02  1.657e+00  4.982e+02  8.000e-06  8.000e-06  0.2500  3.883e-18  0.000e+00  0.000e+00  1.090e+02  1.050e+02  1.090e+02  1.050e+02
   7  1.166e+02  1.166e+02  1.232e+00  2.897e+02  1.600e-06  1.600e-06  0.1250  1.214e-17  0.000e+00  0.000e+00  3.395e+01  3.295e+01  3.395e+01  3.295e+01
   8  4.436e+01  4.436e+01  2.470e+00  2.240e+02  1.600e-06  1.600e-06  1.0000  0.000e+00  0.000e+00  0.000e+00  1.121e+02  7.221e+01  1.121e+02  7.221e+01
   9  2.639e+01  2.639e+01  1.487e+00  8.139e+01  3.200e-07  3.200e-07  0.2500  0.000e+00  0.000e+00  0.000e+00  1.780e+01  1.797e+01  1.780e+01  1.797e+01
iter    cost       merit      stop      |grad|      preg       dreg      step   ||ffeas||  ||gfeas||  ||hfeas||   dV-exp       dV      dPhi-exp     dPhi
  10  1.065e+01  1.065e+01  1.954e+00  4.553e+01  6.400e-08  6.400e-08  0.5000  2.711e-20  0.000e+00  0.000e+00  1.708e+01  1.574e+01  1.708e+01  1.574e+01
  11  5.030e+00  5.030e+00  1.171e+00  1.412e+01  1.280e-08  1.280e-08  1.0000  0.000e+00  0.000e+00  0.000e+00  7.059e+00  5.622e+00  7.059e+00  5.622e+00
  12  3.720e+00  3.720e+00  3.076e-01  2.904e+00  2.560e-09  2.560e-09  1.0000  0.000e+00  0.000e+00  0.000e+00  1.452e+00  1.310e+00  1.452e+00  1.310e+00
  13  3.569e+00  3.569e+00  3.496e-02  3.195e-01  1.000e-09  1.000e-09  1.0000  0.000e+00  0.000e+00  0.000e+00  1.597e-01  1.507e-01  1.597e-01  1.507e-01
  14  3.557e+00  3.557e+00  1.788e-02  1.629e-01  1.000e-09  1.000e-09  0.2500  2.082e-17  0.000e+00  0.000e+00  3.563e-02  1.291e-02  3.563e-02  1.291e-02
  15  3.553e+00  3.553e+00  1.545e-02  1.407e-01  1.000e-09  1.000e-09  0.2500  2.082e-17  0.000e+00  0.000e+00  3.078e-02  3.508e-03  3.078e-02  3.508e-03
  16  3.535e+00  3.535e+00  1.494e-02  1.355e-01  1.000e-08  1.000e-08  0.2500  2.084e-17  0.000e+00  0.000e+00  2.964e-02  1.778e-02  2.964e-02  1.778e-02
  17  3.522e+00  3.522e+00  1.122e-02  1.014e-01  2.000e-09  2.000e-09  0.5000  1.388e-17  0.000e+00  0.000e+00  3.804e-02  1.297e-02  3.804e-02  1.297e-02
  18  3.501e+00  3.501e+00  8.569e-03  7.714e-02  1.000e-09  1.000e-09  1.0000  0.000e+00  0.000e+00  0.000e+00  3.857e-02  2.113e-02  3.857e-02  2.113e-02
  19  3.500e+00  3.500e+00  4.025e-03  3.622e-02  1.000e-09  1.000e-09  0.1250  2.429e-17  0.000e+00  0.000e+00  4.245e-03  1.437e-03  4.245e-03  1.437e-03
iter    cost       merit      stop      |grad|      preg       dreg      step   ||ffeas||  ||gfeas||  ||hfeas||   dV-exp       dV      dPhi-exp     dPhi
  20  3.483e+00  3.483e+00  3.709e-03  3.325e-02  1.000e-09  1.000e-09  1.0000  0.000e+00  0.000e+00  0.000e+00  1.663e-02  1.662e-02  1.663e-02  1.662e-02
  21  3.483e+00  3.483e+00  7.991e-05  7.164e-04  1.000e-09  1.000e-09  1.0000  0.000e+00  0.000e+00  0.000e+00  3.582e-04  3.305e-04  3.582e-04  3.305e-04
  22  3.483e+00  3.483e+00  7.665e-05  6.872e-04  1.000e-08  1.000e-08  0.5000  1.388e-17  0.000e+00  0.000e+00  2.577e-04  1.109e-04  2.577e-04  1.109e-04
  23  3.482e+00  3.482e+00  9.511e-05  8.524e-04  1.000e-07  1.000e-07  1.0000  0.000e+00  0.000e+00  0.000e+00  4.263e-04  4.295e-04  4.263e-04  4.295e-04
  24  3.482e+00  3.482e+00  3.681e-05  3.289e-04  1.000e-06  1.000e-06  1.0000  0.000e+00  0.000e+00  0.000e+00  1.650e-04  1.486e-04  1.650e-04  1.486e-04
Finally reached = (0.400, 0.000, 1.200)
Distance between hand and target = 1.824E-05
Distance to default state = 1.649E+00
XY distance to CoM reference = 4.212E-02
