*** SOLVE (MultiShoot) ***
iter    cost       merit      stop      |grad|      preg       dreg      step   ||ffeas||  ||gfeas||  ||hfeas||   dV-exp       dV      dPhi-exp     dPhi
   0  2.814e+02  4.931e+02  4.457e+00  5.158e+02  1.000e-09  1.000e-09  0.0156  2.164e-04  0.000e+00  4.457e+00  7.963e+00  7.921e+00  7.337e+00 -3.217e+01
   1  2.660e+02  6.871e+02  6.269e+00  5.052e+02  1.000e-09  1.000e-09  0.0312  4.948e-04  0.000e+00  6.268e+00  1.550e+01  1.541e+01  1.170e+01 -1.063e+02
   2  2.520e+02  5.677e+02  6.716e+00  4.738e+02  1.000e-09  1.000e-09  0.0312  6.624e-04  0.000e+00  6.716e+00  1.454e+01  1.399e+01  1.389e+01 -7.053e+00
   3  2.484e+02  5.285e+02  6.656e+00  4.514e+02  1.000e-09  1.000e-09  0.0156  6.852e-04  0.000e+00  6.656e+00  6.991e+00  3.607e+00  7.030e+00  6.129e+00
   4  2.412e+02  6.104e+02  8.338e+00  4.647e+02  1.000e-09  1.000e-09  0.0312  8.904e-04  0.000e+00  8.337e+00  1.427e+01  7.251e+00  1.194e+01 -6.720e+01
   5  2.298e+02  6.155e+02  1.142e+01  4.479e+02  1.000e-09  1.000e-09  0.0312  1.128e-03  0.000e+00  1.142e+01  1.375e+01  1.141e+01  1.050e+01 -9.265e+01
   6  2.167e+02  7.979e+02  2.523e+01  4.230e+02  1.000e-09  1.000e-09  0.0625  2.092e-03  0.000e+00  2.523e+01  2.550e+01  1.303e+01  5.620e+00 -3.051e+02
   7  1.965e+02  6.550e+02  3.981e+01  3.923e+02  1.000e-09  1.000e-09  0.0625  2.696e-03  0.000e+00  3.981e+01  2.364e+01  2.021e+01  1.315e+01 -1.477e+02
   8  1.952e+02  4.238e+02  3.970e+01  3.462e+02  1.000e-09  1.000e-09  0.0039  2.685e-03  0.000e+00  3.970e+01  1.349e+00  1.343e+00  1.352e+00  1.946e+00
   9  1.949e+02  3.966e+02  3.963e+01  3.430e+02  1.000e-09  1.000e-09  0.0020  2.680e-03  0.000e+00  3.963e+01  6.691e-01  2.925e-01  6.698e-01  6.473e-01
iter    cost       merit      stop      |grad|      preg       dreg      step   ||ffeas||  ||gfeas||  ||hfeas||   dV-exp       dV      dPhi-exp     dPhi
  10  1.928e+02  3.921e+02  3.936e+01  3.420e+02  1.000e-09  1.000e-09  0.0078  2.663e-03  0.000e+00  3.936e+01  2.659e+00  2.094e+00  2.670e+00  3.492e+00
  11  1.932e+02  3.868e+02  3.863e+01  3.372e+02  1.000e-09  1.000e-09  0.0312  2.679e-03  0.000e+00  3.863e+01  1.034e+01 -3.868e-01  1.046e+01  3.244e+00
  12  1.848e+02  3.748e+02  3.780e+01  3.349e+02  1.000e-09  1.000e-09  0.0312  2.690e-03  0.000e+00  3.780e+01  1.027e+01  8.440e+00  1.040e+01  1.264e+01
  13  1.823e+02  3.615e+02  3.753e+01  3.153e+02  1.000e-09  1.000e-09  0.0078  2.670e-03  0.000e+00  3.752e+01  2.452e+00  2.451e+00  2.462e+00  3.744e+00
  14  1.820e+02  3.580e+02  3.739e+01  3.097e+02  1.000e-09  1.000e-09  0.0039  2.660e-03  0.000e+00  3.738e+01  1.207e+00  3.496e-01  1.210e+00  1.010e+00
  15  1.834e+02  3.540e+02  3.666e+01  3.082e+02  1.000e-09  1.000e-09  0.0625  2.330e-03  0.000e+00  3.665e+01  1.854e+01 -1.425e+00  1.875e+01  1.983e+00
  16  1.792e+02  3.498e+02  3.623e+01  3.056e+02  1.000e-09  1.000e-09  0.0156  2.277e-03  0.000e+00  3.623e+01  4.730e+00  4.212e+00  4.762e+00  6.212e+00
  17  1.701e+02  3.345e+02  3.580e+01  2.961e+02  1.000e-09  1.000e-09  0.0312  2.076e-03  0.000e+00  3.579e+01  9.078e+00  9.041e+00  9.140e+00  1.104e+01
  18  1.659e+02  3.183e+02  3.544e+01  2.762e+02  1.000e-09  1.000e-09  0.0156  2.037e-03  0.000e+00  3.544e+01  4.274e+00  4.266e+00  4.298e+00  5.778e+00
  19  1.638e+02  3.111e+02  3.522e+01  2.669e+02  1.000e-09  1.000e-09  0.0078  2.023e-03  0.000e+00  3.522e+01  2.075e+00  2.073e+00  2.082e+00  2.998e+00
iter    cost       merit      stop      |grad|      preg       dreg      step   ||ffeas||  ||gfeas||  ||hfeas||   dV-exp       dV      dPhi-exp     dPhi
  20  1.635e+02  3.088e+02  3.516e+01  2.624e+02  1.000e-09  1.000e-09  0.0020  2.019e-03  0.000e+00  3.516e+01  5.118e-01  2.521e-01  5.124e-01  5.214e-01
  21  1.479e+02  2.987e+02  3.688e+01  2.615e+02  1.000e-09  1.000e-09  0.0625  2.151e-03  0.000e+00  3.687e+01  1.572e+01  1.559e+01  1.528e+01  8.561e+00
  22  1.410e+02  2.646e+02  3.684e+01  2.278e+02  1.000e-09  1.000e-09  0.0312  2.559e-03  0.000e+00  3.683e+01  6.980e+00  6.959e+00  6.985e+00  7.098e+00
  23  1.384e+02  2.527e+02  3.654e+01  2.131e+02  1.000e-09  1.000e-09  0.0156  2.669e-03  0.000e+00  3.654e+01  3.297e+00  2.591e+00  3.311e+00  3.522e+00
  24  1.145e+02  2.680e+02  5.028e+01  2.075e+02  1.000e-09  1.000e-09  0.1250  1.350e-02  0.000e+00  5.027e+01  2.391e+01  2.386e+01  1.867e+01 -1.808e+01
  25  1.097e+02  1.927e+02  4.955e+01  1.583e+02  1.000e-09  1.000e-09  0.0312  1.409e-02  0.000e+00  4.954e+01  4.851e+00  4.874e+00  4.889e+00  6.099e+00
  26  1.085e+02  1.882e+02  4.921e+01  1.498e+02  1.000e-09  1.000e-09  0.0078  1.405e-02  0.000e+00  4.919e+01  1.164e+00  1.167e+00  1.169e+00  1.722e+00
  27  1.086e+02  1.876e+02  4.903e+01  1.477e+02  1.000e-09  1.000e-09  0.0039  1.401e-02  0.000e+00  4.901e+01  5.757e-01 -1.209e-01  5.768e-01  1.718e-01
  28  1.039e+02  1.906e+02  5.350e+01  1.482e+02  1.000e-09  1.000e-09  0.1250  2.878e-02  0.000e+00  5.347e+01  1.708e+01  4.696e+00  1.617e+01 -2.549e+00
  29  8.767e+01  1.663e+02  5.412e+01  1.384e+02  1.000e-09  1.000e-09  0.1250  3.827e-02  0.000e+00  5.408e+01  1.598e+01  1.625e+01  1.587e+01  1.535e+01
iter    cost       merit      stop      |grad|      preg       dreg      step   ||ffeas||  ||gfeas||  ||hfeas||   dV-exp       dV      dPhi-exp     dPhi
  30  8.137e+01  1.377e+02  5.215e+01  1.052e+02  1.000e-09  1.000e-09  0.0625  3.951e-02  0.000e+00  5.211e+01  6.326e+00  6.307e+00  6.459e+00  8.440e+00
  31  7.053e+01  1.299e+02  6.071e+01  9.245e+01  1.000e-09  1.000e-09  0.1250  4.940e-02  0.000e+00  6.067e+01  1.067e+01  1.084e+01  9.622e+00  2.458e+00
  32  6.983e+01  1.079e+02  5.999e+01  7.014e+01  1.000e-09  1.000e-09  0.0156  4.882e-02  0.000e+00  5.994e+01  1.085e+00  6.992e-01  1.093e+00  1.156e+00
  33  5.493e+01  1.200e+02  1.036e+02  6.865e+01  1.000e-09  1.000e-09  0.2500  8.945e-02  0.000e+00  1.035e+02  1.452e+01  1.490e+01  7.671e+00 -1.249e+01
  34  5.307e+01  8.420e+01  9.916e+01  3.788e+01  1.000e-09  1.000e-09  0.1250  8.617e-02  0.000e+00  9.907e+01  4.373e+00  1.861e+00  4.548e+00  3.262e+00
  35  5.258e+01  7.184e+01  9.454e+01  3.429e+01  1.000e-09  1.000e-09  0.0625  8.233e-02  0.000e+00  9.446e+01  2.064e+00  4.916e-01  2.123e+00  1.432e+00
  36  5.251e+01  7.243e+01  9.315e+01  3.345e+01  1.000e-09  1.000e-09  0.0156  8.113e-02  0.000e+00  9.307e+01  5.180e-01  7.243e-02  5.226e-01  3.693e-01
  37  4.860e+01  6.755e+01  8.693e+01  3.340e+01  1.000e-09  1.000e-09  0.1250  7.649e-02  0.000e+00  8.685e+01  3.875e+00  3.902e+00  4.045e+00  5.259e+00
  38  4.780e+01  6.356e+01  8.445e+01  2.601e+01  1.000e-09  1.000e-09  0.0312  7.436e-02  0.000e+00  8.438e+01  7.985e-01  7.997e-01  8.129e-01  1.261e+00
  39  4.770e+01  6.287e+01  8.319e+01  2.455e+01  1.000e-09  1.000e-09  0.0156  7.326e-02  0.000e+00  8.312e+01  3.802e-01  1.070e-01  3.838e-01  3.375e-01
iter    cost       merit      stop      |grad|      preg       dreg      step   ||ffeas||  ||gfeas||  ||hfeas||   dV-exp       dV      dPhi-exp     dPhi
  40  4.622e+01  6.081e+01  7.885e+01  2.440e+01  1.000e-09  1.000e-09  0.0625  6.965e-02  0.000e+00  7.878e+01  1.472e+00  1.476e+00  1.522e+00  2.279e+00
  41  4.621e+01  5.996e+01  7.824e+01  2.168e+01  1.000e-09  1.000e-09  0.0078  6.912e-02  0.000e+00  7.817e+01  1.686e-01  9.355e-03  1.695e-01  1.155e-01
  42  4.368e+01  5.634e+01  7.152e+01  2.166e+01  1.000e-09  1.000e-09  0.1250  6.399e-02  0.000e+00  7.145e+01  2.520e+00  2.534e+00  2.669e+00  3.725e+00
  43  4.340e+01  5.408e+01  6.759e+01  1.710e+01  1.000e-09  1.000e-09  0.0625  6.069e-02  0.000e+00  6.753e+01  1.033e+00  2.766e-01  1.072e+00  8.961e-01
  44  4.143e+01  5.167e+01  6.103e+01  1.680e+01  1.000e-09  1.000e-09  0.1250  5.561e-02  0.000e+00  6.097e+01  1.962e+00  1.970e+00  2.099e+00  3.071e+00
  45  4.076e+01  4.954e+01  5.755e+01  1.337e+01  1.000e-09  1.000e-09  0.0625  5.264e-02  0.000e+00  5.750e+01  8.087e-01  6.693e-01  8.418e-01  1.200e+00
  46  3.808e+01  4.530e+01  4.809e+01  1.223e+01  1.000e-09  1.000e-09  0.2500  4.707e-02  0.000e+00  4.804e+01  2.671e+00  2.679e+00  3.026e+00  4.100e+00
  47  3.722e+01  4.240e+01  4.269e+01  7.677e+00  1.000e-09  1.000e-09  0.1250  4.246e-02  0.000e+00  4.265e+01  9.035e-01  8.611e-01  9.854e-01  1.517e+00
  48  3.690e+01  4.148e+01  4.013e+01  6.212e+00  1.000e-09  1.000e-09  0.0625  4.008e-02  0.000e+00  4.009e+01  3.773e-01  3.191e-01  3.955e-01  6.109e-01
  49  3.693e+01  4.128e+01  3.890e+01  5.655e+00  1.000e-09  1.000e-09  0.0312  3.889e-02  0.000e+00  3.886e+01  1.743e-01 -2.467e-02  1.786e-01  1.130e-01
iter    cost       merit      stop      |grad|      preg       dreg      step   ||ffeas||  ||gfeas||  ||hfeas||   dV-exp       dV      dPhi-exp     dPhi
  50  3.590e+01  3.948e+01  3.056e+01  5.734e+00  1.000e-09  1.000e-09  0.2500  3.300e-02  0.000e+00  3.053e+01  1.274e+00  1.024e+00  1.518e+00  2.000e+00
  51  3.559e+01  3.833e+01  2.681e+01  3.720e+00  1.000e-09  1.000e-09  0.1250  2.901e-02  0.000e+00  2.678e+01  4.411e-01  3.178e-01  4.891e-01  7.015e-01
  52  3.546e+01  3.791e+01  2.515e+01  3.018e+00  1.000e-09  1.000e-09  0.0625  2.723e-02  0.000e+00  2.512e+01  1.840e-01  1.208e-01  1.941e-01  2.824e-01
  53  3.542e+01  3.773e+01  2.437e+01  2.729e+00  1.000e-09  1.000e-09  0.0312  2.639e-02  0.000e+00  2.434e+01  8.425e-02  4.499e-02  8.657e-02  1.193e-01
  54  3.542e+01  3.769e+01  2.418e+01  2.608e+00  1.000e-09  1.000e-09  0.0078  2.618e-02  0.000e+00  2.415e+01  2.031e-02  2.430e-03  2.045e-02  2.033e-02
  55  3.507e+01  3.593e+01  9.080e+00  2.588e+00  1.000e-09  1.000e-09  1.0000  6.624e-03  0.000e+00  9.073e+00  1.594e+00  3.449e-01  3.016e+00  1.767e+00
  56  3.509e+01  3.961e+01  9.044e+00  6.202e+00  1.000e-09  1.000e-09  0.0039  6.596e-03  0.000e+00  9.037e+00  2.418e-02 -1.554e-02  2.425e-02  2.250e-03
  57  3.418e+01  3.844e+01  8.619e+00  6.090e+00  1.000e-09  1.000e-09  0.2500  4.748e-03  0.000e+00  8.614e+00  1.337e+00  9.026e-01  1.389e+00  1.112e+00
  58  3.190e+01  3.725e+01  1.311e+01  4.880e+00  1.000e-09  1.000e-09  0.5000  1.564e-02  0.000e+00  1.309e+01  1.835e+00  2.281e+00  9.203e-01  4.522e-01
  59  3.176e+01  3.367e+01  9.399e+00  1.416e+00  1.000e-09  1.000e-09  0.5000  8.612e-03  0.000e+00  9.391e+00  5.286e-01  1.468e-01  9.063e-01  9.021e-01
iter    cost       merit      stop      |grad|      preg       dreg      step   ||ffeas||  ||gfeas||  ||hfeas||   dV-exp       dV      dPhi-exp     dPhi
  60  3.153e+01  3.230e+01  5.216e+00  1.996e+00  1.000e-09  1.000e-09  0.5000  3.937e-03  0.000e+00  5.212e+00  7.421e-01  2.253e-01  1.051e+00  8.433e-01
  61  3.045e+01  3.194e+01  5.829e+00  1.921e+00  1.000e-09  1.000e-09  1.0000  8.994e-04  0.000e+00  5.828e+00  9.308e-01  1.079e+00  7.744e-01  9.225e-01
  62  3.040e+01  3.133e+01  7.311e+00  8.140e-01  1.000e-09  1.000e-09  0.2500  3.486e-04  0.000e+00  7.311e+00  1.733e-01  5.307e-02  1.261e-01 -1.358e-01
  63  3.050e+01  3.065e+01  2.312e+00  4.950e-02  1.000e-08  1.000e-08  1.0000  4.159e-04  0.000e+00  2.312e+00 -7.915e-02 -1.022e-01  2.395e-01  2.164e-01
  64  3.047e+01  3.064e+01  2.371e+00  2.808e-01  2.000e-09  2.000e-09  0.1250  3.600e-04  0.000e+00  2.371e+00  3.259e-02  3.393e-02  3.205e-02  2.956e-02
  65  3.044e+01  3.052e+01  2.014e+00  5.241e-02  2.000e-09  2.000e-09  0.5000  1.771e-04  0.000e+00  2.013e+00  1.436e-02  2.376e-02  2.100e-02  3.703e-02
  66  3.043e+01  3.047e+01  2.145e+00  5.049e-02  2.000e-08  2.000e-08  0.5000  2.856e-04  0.000e+00  2.144e+00  1.419e-02  1.123e-02  1.298e-02  8.796e-03
  67  3.040e+01  3.043e+01  2.639e+00  7.252e-02  2.000e-07  2.000e-07  0.5000  1.323e-04  0.000e+00  2.639e+00  2.189e-02  2.868e-02  1.941e-02  2.373e-02
  68  3.037e+01  3.040e+01  2.899e+00  7.312e-02  2.000e-06  2.000e-06  0.5000  1.719e-04  0.000e+00  2.899e+00  2.217e-02  3.262e-02  2.108e-02  3.043e-02
  69  3.038e+01  3.039e+01  3.264e+00  3.087e-02  2.000e-05  2.000e-05  1.0000  5.400e-04  0.000e+00  3.264e+00 -7.885e-03 -7.710e-03 -9.424e-03 -9.249e-03
iter    cost       merit      stop      |grad|      preg       dreg      step   ||ffeas||  ||gfeas||  ||hfeas||   dV-exp       dV      dPhi-exp     dPhi
  70  3.033e+01  3.036e+01  1.416e+00  7.832e-02  2.000e-04  2.000e-04  1.0000  1.184e-04  0.000e+00  1.416e+00  3.766e-02  4.545e-02  6.813e-02  7.592e-02
  71  3.046e+01  3.046e+01  7.325e-02  4.491e-03  2.000e-03  2.000e-03  1.0000  3.924e-05  0.000e+00  7.321e-02 -3.180e-02 -1.218e-01 -2.074e-02 -1.107e-01
  72  3.036e+01  3.058e+01  1.202e-01  1.880e-01  4.000e-04  4.000e-04  1.0000  4.597e-05  0.000e+00  1.201e-01  9.562e-02  9.792e-02  8.133e-03  1.043e-02
  73  3.036e+01  3.036e+01  3.852e-03  1.021e-03  4.000e-03  4.000e-03  1.0000  1.059e-06  0.000e+00  3.851e-03  9.464e-04  2.135e-03  1.094e-01  1.106e-01
  74  3.035e+01  3.036e+01  5.514e-03  4.427e-03  8.000e-04  8.000e-04  0.2500  1.509e-06  0.000e+00  5.512e-03  1.084e-03  1.544e-03  4.576e-04 -9.630e-04
  75  3.035e+01  3.035e+01  7.574e-04  5.386e-04  8.000e-03  8.000e-03  1.0000  2.230e-07  0.000e+00  7.571e-04  5.279e-04  8.321e-04  4.115e-03  4.419e-03
  76  3.035e+01  3.035e+01  8.162e-06  5.634e-05  8.000e-02  8.000e-02  1.0000  2.401e-09  0.000e+00  8.160e-06  5.619e-05  8.755e-05  3.387e-04  3.700e-04
  77  3.035e+01  3.035e+01  1.741e-07  5.459e-06  8.000e-01  8.000e-01  1.0000  2.418e-11  0.000e+00  8.086e-08  5.457e-06  8.593e-06  1.318e-05  1.631e-05
  78  3.035e+01  3.035e+01  1.733e-08  5.434e-07  8.000e+00  8.000e+00  1.0000  2.417e-13  0.000e+00  8.071e-10  5.434e-07  8.569e-07  1.312e-06  1.626e-06
  79  3.035e+01  3.035e+01  1.732e-09  5.432e-08  8.000e+01  8.000e+01  1.0000  2.887e-15  0.000e+00  8.299e-12  5.432e-08  8.567e-08  6.199e-08  9.334e-08
Target end-effector pose:
   RF position: [ 0.4  -0.15  2.3 ]
   RF quaternion: [0. 1. 0. 0.]
   LF position: [0.4  0.15 2.3 ]
   LF quaternion: [0. 1. 0. 0.]
Terminal end-effector pose:
   RF position: [ 0.4  -0.15  2.3 ]
   RF quaternion: [ 0.  1. -0.  0.]
   LF position: [0.4  0.15 2.3 ]
   LF quaternion: [0. 1. 0. 0.]
