*** SOLVE (MultiShoot) ***
iter    cost       merit      stop      |grad|      preg       dreg      step   ||ffeas||  ||gfeas||  ||hfeas||   dV-exp       dV      dPhi-exp     dPhi
   0  2.594e+02  4.691e+02  4.415e+00  5.158e+02  1.000e-09  1.000e-09  0.0625  1.048e+00  0.000e+00  3.367e+00  3.069e+01  2.993e+01  2.831e+01 -8.170e+00
   1  2.465e+02  5.241e+02  4.284e+00  4.559e+02  1.000e-09  1.000e-09  0.0312  1.025e+00  0.000e+00  3.258e+00  1.400e+01  1.294e+01  1.427e+01  2.147e+01
   2  2.468e+02  4.928e+02  4.214e+00  4.106e+02  1.000e-09  1.000e-09  0.0156  1.008e+00  0.000e+00  3.207e+00  6.359e+00 -2.596e-01  6.422e+00  3.788e+00
   3  2.574e+02  4.834e+02  3.856e+00  4.117e+02  1.000e-09  1.000e-09  0.0625  8.528e-01  0.000e+00  3.004e+00  2.480e+01 -1.065e+01  2.611e+01  1.032e+01
   4  2.300e+02  4.902e+02  3.510e+00  4.589e+02  1.000e-09  1.000e-09  0.0625  6.945e-01  0.000e+00  2.815e+00  2.767e+01  2.741e+01  2.928e+01  5.310e+01
   5  2.168e+02  4.506e+02  3.221e+00  4.108e+02  1.000e-09  1.000e-09  0.0625  5.830e-01  0.000e+00  2.638e+00  2.476e+01  1.316e+01  2.608e+01  3.415e+01
   6  2.068e+02  4.338e+02  3.105e+00  3.823e+02  1.000e-09  1.000e-09  0.0312  5.498e-01  0.000e+00  2.555e+00  1.174e+01  1.004e+01  1.200e+01  1.852e+01
   7  2.023e+02  4.081e+02  3.066e+00  3.552e+02  1.000e-09  1.000e-09  0.0156  5.513e-01  0.000e+00  2.515e+00  5.499e+00  4.523e+00  5.539e+00  7.110e+00
   8  2.027e+02  4.027e+02  3.046e+00  3.450e+02  1.000e-09  1.000e-09  0.0078  5.504e-01  0.000e+00  2.495e+00  2.683e+00 -4.667e-01  2.693e+00  8.826e-01
   9  1.986e+02  3.961e+02  3.012e+00  3.447e+02  1.000e-09  1.000e-09  0.0156  5.557e-01  0.000e+00  2.456e+00  5.335e+00  4.167e+00  5.370e+00  6.379e+00
iter    cost       merit      stop      |grad|      preg       dreg      step   ||ffeas||  ||gfeas||  ||hfeas||   dV-exp       dV      dPhi-exp     dPhi
  10  1.973e+02  3.902e+02  3.001e+00  3.353e+02  1.000e-09  1.000e-09  0.0039  5.544e-01  0.000e+00  2.447e+00  1.307e+00  1.238e+00  1.309e+00  1.942e+00
  11  1.975e+02  3.890e+02  2.995e+00  3.328e+02  1.000e-09  1.000e-09  0.0020  5.535e-01  0.000e+00  2.442e+00  6.492e-01 -1.244e-01  6.499e-01  2.377e-01
  12  1.927e+02  3.802e+02  2.954e+00  3.324e+02  1.000e-09  1.000e-09  0.0312  5.885e-01  0.000e+00  2.366e+00  1.019e+01  4.758e+00  1.027e+01  7.380e+00
  13  1.904e+02  3.787e+02  2.933e+00  3.244e+02  1.000e-09  1.000e-09  0.0078  5.861e-01  0.000e+00  2.347e+00  2.522e+00  2.251e+00  2.533e+00  3.593e+00
  14  1.905e+02  3.758e+02  2.928e+00  3.193e+02  1.000e-09  1.000e-09  0.0020  5.851e-01  0.000e+00  2.343e+00  6.229e-01 -6.405e-02  6.236e-01  2.901e-01
  15  1.865e+02  3.691e+02  2.890e+00  3.191e+02  1.000e-09  1.000e-09  0.0156  5.845e-01  0.000e+00  2.306e+00  4.940e+00  4.020e+00  4.977e+00  6.369e+00
  16  1.847e+02  3.637e+02  2.870e+00  3.108e+02  1.000e-09  1.000e-09  0.0078  5.817e-01  0.000e+00  2.288e+00  2.417e+00  1.748e+00  2.427e+00  3.042e+00
  17  1.790e+02  3.528e+02  2.808e+00  3.069e+02  1.000e-09  1.000e-09  0.0312  5.911e-01  0.000e+00  2.217e+00  9.412e+00  5.789e+00  9.532e+00  9.631e+00
  18  1.790e+02  3.528e+02  2.808e+00  2.949e+02  1.000e-09  1.000e-09  0.0020  5.911e-01  0.000e+00  2.217e+00  5.753e-01 -6.628e-01  5.759e-01 -3.310e-01
  19  1.790e+02  3.528e+02  2.808e+00  2.949e+02  1.000e-08  1.000e-08  0.0020  5.911e-01  0.000e+00  2.217e+00  5.753e-01 -6.609e-01  5.759e-01 -3.291e-01
iter    cost       merit      stop      |grad|      preg       dreg      step   ||ffeas||  ||gfeas||  ||hfeas||   dV-exp       dV      dPhi-exp     dPhi
  20  1.790e+02  3.528e+02  2.808e+00  2.947e+02  1.000e-07  1.000e-07  0.0020  5.911e-01  0.000e+00  2.217e+00  5.750e-01 -6.432e-01  5.757e-01 -3.114e-01
  21  1.790e+02  3.528e+02  2.808e+00  2.936e+02  1.000e-06  1.000e-06  0.0020  5.911e-01  0.000e+00  2.217e+00  5.727e-01 -4.886e-01  5.733e-01 -1.563e-01
  22  1.796e+02  3.449e+02  2.797e+00  2.852e+02  1.000e-05  1.000e-05  0.0039  5.888e-01  0.000e+00  2.208e+00  1.112e+00 -6.418e-01  1.114e+00  2.752e-03
  23  1.799e+02  3.441e+02  2.775e+00  2.861e+02  1.000e-05  1.000e-05  0.0078  5.845e-01  0.000e+00  2.191e+00  2.225e+00 -3.306e-01  2.235e+00  9.468e-01
  24  1.849e+02  3.406e+02  2.617e+00  2.866e+02  1.000e-05  1.000e-05  0.0625  5.629e-01  0.000e+00  2.054e+00  1.724e+01 -5.018e+00  1.783e+01  4.394e+00
  25  1.783e+02  3.426e+02  2.454e+00  2.964e+02  1.000e-05  1.000e-05  0.0625  5.282e-01  0.000e+00  1.926e+00  1.785e+01  6.683e+00  1.853e+01  1.760e+01
  26  1.847e+02  3.428e+02  2.296e+00  2.832e+02  1.000e-05  1.000e-05  0.0625  4.905e-01  0.000e+00  1.805e+00  1.706e+01 -6.406e+00  1.774e+01  4.474e+00
  27  1.588e+02  3.250e+02  2.120e+00  2.959e+02  1.000e-05  1.000e-05  0.1250  5.402e-01  0.000e+00  1.580e+00  3.433e+01  2.587e+01  3.606e+01  3.969e+01
  28  1.424e+02  2.794e+02  1.966e+00  2.432e+02  1.000e-05  1.000e-05  0.1250  5.845e-01  0.000e+00  1.382e+00  2.821e+01  1.643e+01  2.955e+01  2.710e+01
  29  1.425e+02  2.712e+02  1.959e+00  2.092e+02  1.000e-05  1.000e-05  0.0039  5.822e-01  0.000e+00  1.377e+00  8.153e-01 -1.663e-01  8.173e-01  3.336e-01
iter    cost       merit      stop      |grad|      preg       dreg      step   ||ffeas||  ||gfeas||  ||hfeas||   dV-exp       dV      dPhi-exp     dPhi
  30  1.441e+02  2.706e+02  1.929e+00  2.091e+02  1.000e-05  1.000e-05  0.0156  5.743e-01  0.000e+00  1.355e+00  3.238e+00 -1.593e+00  3.268e+00  3.368e-01
  31  1.413e+02  2.648e+02  1.826e+00  2.121e+02  1.000e-05  1.000e-05  0.0625  5.560e-01  0.000e+00  1.270e+00  1.278e+01  2.851e+00  1.322e+01  9.816e+00
  32  1.412e+02  2.712e+02  1.823e+00  2.067e+02  1.000e-05  1.000e-05  0.0020  5.549e-01  0.000e+00  1.268e+00  4.033e-01  7.659e-02  4.038e-01  3.301e-01
  33  1.473e+02  2.636e+02  1.644e+00  2.061e+02  1.000e-05  1.000e-05  0.1250  5.345e-01  0.000e+00  1.110e+00  2.395e+01 -6.146e+00  2.553e+01  6.493e+00
  34  1.471e+02  2.897e+02  1.638e+00  2.183e+02  1.000e-05  1.000e-05  0.0039  5.324e-01  0.000e+00  1.105e+00  8.511e-01  2.746e-01  8.533e-01  8.319e-01
  35  1.417e+02  2.755e+02  1.548e+00  2.172e+02  1.000e-05  1.000e-05  0.0625  5.115e-01  0.000e+00  1.036e+00  1.312e+01  5.327e+00  1.360e+01  1.310e+01
  36  1.415e+02  2.734e+02  1.503e+00  2.066e+02  1.000e-05  1.000e-05  0.0312  4.988e-01  0.000e+00  1.004e+00  6.349e+00  2.941e-01  6.472e+00  4.254e+00
  37  1.417e+02  2.774e+02  1.491e+00  2.062e+02  1.000e-05  1.000e-05  0.0078  4.950e-01  0.000e+00  9.961e-01  1.604e+00 -2.675e-01  1.613e+00  7.862e-01
  38  1.386e+02  2.680e+02  1.409e+00  2.067e+02  1.000e-05  1.000e-05  0.0625  4.748e-01  0.000e+00  9.339e-01  1.249e+01  3.097e+00  1.296e+01  1.067e+01
  39  1.366e+02  2.687e+02  1.387e+00  2.006e+02  1.000e-05  1.000e-05  0.0156  4.679e-01  0.000e+00  9.193e-01  3.108e+00  2.060e+00  3.140e+00  4.108e+00
iter    cost       merit      stop      |grad|      preg       dreg      step   ||ffeas||  ||gfeas||  ||hfeas||   dV-exp       dV      dPhi-exp     dPhi
  40  1.330e+02  2.569e+02  1.309e+00  1.964e+02  1.000e-05  1.000e-05  0.0625  4.475e-01  0.000e+00  8.619e-01  1.187e+01  3.608e+00  1.233e+01  1.097e+01
  41  1.334e+02  2.604e+02  1.299e+00  1.895e+02  1.000e-05  1.000e-05  0.0078  4.441e-01  0.000e+00  8.552e-01  1.474e+00 -4.331e-01  1.482e+00  5.582e-01
  42  1.291e+02  2.502e+02  1.225e+00  1.902e+02  1.000e-05  1.000e-05  0.0625  4.231e-01  0.000e+00  8.018e-01  1.150e+01  4.305e+00  1.196e+01  1.166e+01
  43  1.292e+02  2.531e+02  1.220e+00  1.823e+02  1.000e-05  1.000e-05  0.0039  4.215e-01  0.000e+00  7.987e-01  7.105e-01 -1.192e-01  7.124e-01  3.649e-01
  44  1.368e+02  2.474e+02  1.089e+00  1.821e+02  1.000e-05  1.000e-05  0.1250  3.900e-01  0.000e+00  6.990e-01  2.127e+01 -7.593e+00  2.293e+01  5.720e+00
  45  1.379e+02  2.730e+02  1.072e+00  1.971e+02  1.000e-05  1.000e-05  0.0156  3.842e-01  0.000e+00  6.881e-01  3.056e+00 -1.074e+00  3.089e+00  1.043e+00
  46  1.460e+02  2.699e+02  9.563e-01  1.994e+02  1.000e-05  1.000e-05  0.1250  3.541e-01  0.000e+00  6.022e-01  2.333e+01 -8.153e+00  2.521e+01  6.876e+00
  47  1.348e+02  2.724e+02  8.551e-01  2.178e+02  1.000e-05  1.000e-05  0.1250  3.281e-01  0.000e+00  5.270e-01  2.551e+01  1.120e+01  2.754e+01  2.748e+01
  48  1.156e+02  2.413e+02  8.394e-01  1.966e+02  1.000e-05  1.000e-05  0.1250  3.080e-01  0.000e+00  4.611e-01  2.304e+01  1.922e+01  2.479e+01  3.329e+01
  49  1.212e+02  2.233e+02  6.879e-01  1.595e+02  1.000e-05  1.000e-05  0.1250  2.844e-01  0.000e+00  4.035e-01  1.870e+01 -5.643e+00  2.020e+01  6.398e+00
iter    cost       merit      stop      |grad|      preg       dreg      step   ||ffeas||  ||gfeas||  ||hfeas||   dV-exp       dV      dPhi-exp     dPhi
  50  8.290e+01  1.839e+02  1.031e+00  1.721e+02  1.000e-05  1.000e-05  0.2500  2.596e-01  0.000e+00  3.027e-01  3.767e+01  3.834e+01  4.331e+01  6.091e+01
  51  8.242e+01  1.522e+02  6.041e-01  9.941e+01  2.000e-06  2.000e-06  0.0312  2.521e-01  0.000e+00  2.932e-01  3.059e+00  4.738e-01  3.127e+00  2.646e+00
  52  6.633e+01  1.222e+02  7.430e-01  9.865e+01  2.000e-06  2.000e-06  0.2500  2.062e-01  0.000e+00  2.199e-01  2.162e+01  1.610e+01  2.553e+01  3.172e+01
  53  6.679e+01  1.159e+02  5.146e-01  6.865e+01  4.000e-07  4.000e-07  0.0156  2.030e-01  0.000e+00  2.165e-01  1.064e+00 -4.664e-01  1.076e+00  3.070e-01
  54  7.134e+01  1.158e+02  4.884e-01  6.955e+01  4.000e-07  4.000e-07  0.1250  1.798e-01  0.000e+00  1.894e-01  8.159e+00 -4.544e+00  8.915e+00  1.505e+00
  55  5.690e+01  1.030e+02  6.931e-01  7.917e+01  4.000e-07  4.000e-07  0.2500  1.549e-01  0.000e+00  1.420e-01  1.735e+01  1.443e+01  2.016e+01  2.567e+01
  56  5.728e+01  9.395e+01  4.474e-01  5.120e+01  8.000e-08  8.000e-08  0.0156  1.525e-01  0.000e+00  1.398e-01  7.939e-01 -3.706e-01  8.029e-01  2.073e-01
  57  5.517e+01  9.061e+01  4.702e-01  5.190e+01  8.000e-08  8.000e-08  0.0625  1.435e-01  0.000e+00  1.311e-01  3.144e+00  2.106e+00  3.287e+00  4.398e+00
  58  5.541e+01  8.804e+01  4.315e-01  4.779e+01  8.000e-08  8.000e-08  0.0625  1.347e-01  0.000e+00  1.229e-01  2.895e+00 -2.379e-01  3.029e+00  1.907e+00
  59  5.537e+01  9.001e+01  4.370e-01  4.841e+01  8.000e-08  8.000e-08  0.0156  1.326e-01  0.000e+00  1.210e-01  7.506e-01  3.860e-02  7.592e-01  5.875e-01
iter    cost       merit      stop      |grad|      preg       dreg      step   ||ffeas||  ||gfeas||  ||hfeas||   dV-exp       dV      dPhi-exp     dPhi
  60  5.114e+01  7.773e+01  4.717e-01  4.834e+01  8.000e-08  8.000e-08  0.2500  1.011e-01  0.000e+00  9.071e-02  1.060e+01  4.228e+00  1.274e+01  1.278e+01
  61  5.110e+01  8.000e+01  3.945e-01  4.039e+01  1.600e-08  1.600e-08  0.0156  9.956e-02  0.000e+00  8.930e-02  6.263e-01  4.529e-02  6.334e-01  5.033e-01
  62  3.783e+01  5.913e+01  5.281e-01  4.030e+01  1.600e-08  1.600e-08  0.5000  9.270e-02  0.000e+00  4.463e-02  1.520e+01  1.326e+01  1.920e+01  2.126e+01
  63  3.783e+01  5.913e+01  1.927e-01  1.452e+01  3.200e-09  3.200e-09  0.0020  9.270e-02  0.000e+00  4.463e-02  2.834e-02 -2.136e-02  2.838e-02 -5.043e-04
  64  3.785e+01  4.857e+01  1.935e-01  1.459e+01  3.200e-08  3.200e-08  0.0020  9.252e-02  0.000e+00  4.454e-02  2.847e-02 -1.953e-02  2.851e-02  1.423e-03
  65  3.475e+01  4.313e+01  2.076e-01  1.439e+01  3.200e-08  3.200e-08  0.2500  7.491e-02  0.000e+00  3.340e-02  3.162e+00  3.102e+00  3.718e+00  5.325e+00
  66  3.378e+01  3.928e+01  1.255e-01  8.379e+00  6.400e-09  6.400e-09  0.1250  6.625e-02  0.000e+00  2.923e-02  9.846e-01  9.707e-01  1.077e+00  1.710e+00
  67  3.399e+01  3.857e+01  9.759e-02  6.517e+00  6.400e-09  6.400e-09  0.0625  6.230e-02  0.000e+00  2.740e-02  3.952e-01 -2.083e-01  4.136e-01  8.695e-02
  68  3.065e+01  3.569e+01  1.149e-01  6.979e+00  6.400e-09  6.400e-09  1.0000  8.707e-02  0.000e+00  9.538e-05  3.637e+00  3.340e+00  3.783e+00  3.487e+00
  69  3.065e+01  3.569e+01  8.717e-02  2.001e+00  1.280e-09  1.280e-09  0.0020  8.707e-02  0.000e+00  9.538e-05  3.904e-03 -1.994e-01  3.913e-03 -1.945e-01
iter    cost       merit      stop      |grad|      preg       dreg      step   ||ffeas||  ||gfeas||  ||hfeas||   dV-exp       dV      dPhi-exp     dPhi
  70  3.065e+01  3.569e+01  8.717e-02  2.088e+00  1.280e-08  1.280e-08  0.0020  8.707e-02  0.000e+00  9.538e-05  4.074e-03 -1.967e-01  4.079e-03 -1.938e-01
  71  3.065e+01  3.569e+01  8.717e-02  2.064e+00  1.280e-07  1.280e-07  0.0020  8.707e-02  0.000e+00  9.538e-05  4.027e-03 -1.868e-01  4.033e-03 -1.839e-01
  72  3.065e+01  3.569e+01  8.717e-02  1.877e+00  1.280e-06  1.280e-06  0.0020  8.707e-02  0.000e+00  9.538e-05  3.662e-03 -1.184e-01  3.668e-03 -1.156e-01
  73  3.065e+01  3.569e+01  8.717e-02  1.299e+00  1.280e-05  1.280e-05  0.0020  8.707e-02  0.000e+00  9.538e-05  2.535e-03 -1.246e-02  2.540e-03 -1.022e-02
  74  3.064e+01  3.137e+01  8.683e-02  8.522e-01  1.280e-04  1.280e-04  0.0039  8.673e-02  0.000e+00  9.500e-05  3.324e-03  2.479e-03  3.335e-03  5.310e-03
  75  3.064e+01  3.127e+01  8.666e-02  7.656e-01  1.280e-04  1.280e-04  0.0020  8.657e-02  0.000e+00  9.482e-05  1.494e-03  5.284e-05  1.496e-03  1.274e-03
  76  3.064e+01  3.125e+01  8.598e-02  7.504e-01  1.280e-04  1.280e-04  0.0078  8.589e-02  0.000e+00  9.407e-05  5.843e-03  3.603e-03  5.880e-03  8.371e-03
  77  3.064e+01  3.121e+01  8.531e-02  7.159e-01  1.280e-04  1.280e-04  0.0078  8.522e-02  0.000e+00  9.333e-05  5.574e-03 -1.565e-03  5.609e-03  2.887e-03
  78  3.064e+01  3.119e+01  8.398e-02  7.064e-01  1.280e-04  1.280e-04  0.0156  8.389e-02  0.000e+00  9.187e-05  1.096e-02  2.177e-03  1.110e-02  1.090e-02
  79  3.066e+01  3.118e+01  7.876e-02  6.977e-01  1.280e-04  1.280e-04  0.0625  7.868e-02  0.000e+00  8.605e-05  4.238e-02 -2.433e-02  4.451e-02  9.776e-03
iter    cost       merit      stop      |grad|      preg       dreg      step   ||ffeas||  ||gfeas||  ||hfeas||   dV-exp       dV      dPhi-exp     dPhi
  80  3.026e+01  3.060e+01  4.635e-02  7.490e-01  1.280e-04  1.280e-04  1.0000  4.634e-02  0.000e+00  6.392e-06  4.067e-01  4.031e-01  6.459e-01  6.422e-01
  81  3.026e+01  3.060e+01  4.635e-02  1.030e+00  2.560e-05  2.560e-05  0.0020  4.634e-02  0.000e+00  6.392e-06  2.011e-03 -1.526e-01  2.016e-03 -1.505e-01
  82  3.026e+01  3.060e+01  4.635e-02  2.801e-01  2.560e-04  2.560e-04  0.0020  4.634e-02  0.000e+00  6.392e-06  5.468e-04 -1.319e-02  5.490e-04 -1.210e-02
  83  3.026e+01  3.060e+01  4.635e-02  6.109e-02  2.560e-03  2.560e-03  0.0020  4.634e-02  0.000e+00  6.392e-06  1.193e-04 -6.199e-04  1.203e-04 -7.389e-05
  84  3.026e+01  3.040e+01  4.599e-02  1.789e-02  2.560e-02  2.560e-02  0.0078  4.598e-02  0.000e+00  6.342e-06  1.396e-04 -4.135e-04  1.481e-04  6.785e-04
  85  3.026e+01  3.032e+01  4.024e-02  1.148e-02  2.560e-02  2.560e-02  0.1250  4.023e-02  0.000e+00  5.550e-06  1.401e-03 -2.807e-03  2.484e-03  5.859e-03
  86  3.029e+01  3.029e+01  3.296e-04  1.592e-02  2.560e-02  2.560e-02  1.0000  7.837e-05  0.000e+00  7.402e-08  1.031e-02 -2.506e-02  4.059e-02  5.217e-03
  87  3.025e+01  3.026e+01  1.121e-03  6.755e-02  2.560e-01  2.560e-01  1.0000  2.214e-06  0.000e+00  6.046e-09  3.502e-02  3.503e-02  8.363e-02  8.364e-02
  88  3.025e+01  3.025e+01  1.991e-06  8.735e-05  2.560e+00  2.560e+00  1.0000  1.258e-09  0.000e+00  1.278e-11  6.222e-05  6.227e-05  7.699e-04  7.699e-04
  89  3.025e+01  3.025e+01  1.071e-07  3.515e-06  2.560e+01  2.560e+01  1.0000  1.438e-11  0.000e+00  6.147e-13  3.347e-06  3.352e-06  3.747e-06  3.753e-06
iter    cost       merit      stop      |grad|      preg       dreg      step   ||ffeas||  ||gfeas||  ||hfeas||   dV-exp       dV      dPhi-exp     dPhi
  90  3.025e+01  3.025e+01  1.014e-08  3.186e-07  2.560e+02  2.560e+02  1.0000  1.399e-13  0.000e+00  3.422e-15  3.171e-07  3.171e-07  3.218e-07  3.218e-07
  91  3.025e+01  3.025e+01  1.008e-09  3.152e-08  2.560e+03  2.560e+03  1.0000  1.008e-13  0.000e+00  3.089e-14  3.151e-08  3.151e-08  3.151e-08  3.151e-08
  92  3.025e+01  3.025e+01  1.007e-10  3.149e-09  2.560e+04  2.560e+04  1.0000  7.860e-14  0.000e+00  8.882e-16  3.149e-09  3.149e-09  3.165e-09  3.165e-09
Target end-effector pose:
   RF position: [ 0.4  -0.15  2.3 ]
   RF quaternion: [0. 1. 0. 0.]
   LF position: [0.4  0.15 2.3 ]
   LF quaternion: [0. 1. 0. 0.]
Terminal end-effector pose:
   RF position: [ 0.4  -0.15  2.3 ]
   RF quaternion: [-0.  1.  0.  0.]
   LF position: [0.4  0.15 2.3 ]
   LF quaternion: [-0.  1.  0.  0.]
