*** SOLVE (MultiShoot) ***
iter    cost       merit      stop      |grad|      preg       dreg      step   ||ffeas||  ||gfeas||  ||hfeas||   dV-exp       dV      dPhi-exp     dPhi
   0  2.181e+06  5.456e+06  3.589e+00  4.651e+06  1.000e-09  1.000e-09  0.0312  3.589e+00  0.000e+00  0.000e+00  1.431e+05  1.454e+05  1.445e+05  1.915e+05
   1  2.046e+06  7.223e+06  5.969e+00  4.361e+06  1.000e-09  1.000e-09  0.0312  5.969e+00  0.000e+00  0.000e+00  1.341e+05  1.357e+05  6.962e+04 -1.929e+06
   2  1.795e+06  6.733e+06  1.009e+01  4.090e+06  1.000e-09  1.000e-09  0.0625  1.009e+01  0.000e+00  0.000e+00  2.476e+05  2.502e+05  1.215e+05 -1.768e+06
   3  1.576e+06  5.915e+06  1.708e+01  3.590e+06  1.000e-09  1.000e-09  0.0625  1.708e+01  0.000e+00  0.000e+00  2.174e+05  2.193e+05  1.064e+05 -1.556e+06
   4  1.385e+06  3.036e+06  1.252e+01  3.151e+06  1.000e-09  1.000e-09  0.0625  1.252e+01  0.000e+00  0.000e+00  1.908e+05  1.906e+05  2.283e+05  7.909e+05
   5  1.217e+06  4.915e+06  2.341e+01  2.769e+06  1.000e-09  1.000e-09  0.0625  2.341e+01  0.000e+00  0.000e+00  1.677e+05  1.683e+05  6.021e+04 -1.551e+06
   6  1.070e+06  1.960e+06  1.127e+01  2.433e+06  1.000e-09  1.000e-09  0.0625  1.127e+01  0.000e+00  0.000e+00  1.473e+05  1.474e+05  2.072e+05  1.106e+06
   7  9.400e+05  3.034e+06  1.546e+01  2.138e+06  1.000e-09  1.000e-09  0.0625  1.546e+01  0.000e+00  0.000e+00  1.295e+05  1.298e+05  9.399e+04 -4.375e+05
   8  7.192e+05  3.368e+06  3.053e+01  1.878e+06  1.000e-09  1.000e-09  0.1250  3.053e+01  0.000e+00  0.000e+00  2.201e+05  2.208e+05  5.666e+04 -1.087e+06
   9  6.322e+05  1.440e+06  1.862e+01  1.437e+06  1.000e-09  1.000e-09  0.0625  1.862e+01  0.000e+00  0.000e+00  8.702e+04  8.705e+04  1.193e+05  6.037e+05
iter    cost       merit      stop      |grad|      preg       dreg      step   ||ffeas||  ||gfeas||  ||hfeas||   dV-exp       dV      dPhi-exp     dPhi
  10  5.558e+05  2.012e+06  3.009e+01  1.263e+06  1.000e-09  1.000e-09  0.0625  3.009e+01  0.000e+00  0.000e+00  7.646e+04  7.640e+04  4.178e+04 -4.786e+05
  11  5.216e+05  1.453e+06  3.535e+01  1.110e+06  1.000e-09  1.000e-09  0.0312  3.535e+01  0.000e+00  0.000e+00  3.416e+04  3.415e+04  2.983e+04 -1.045e+05
  12  4.895e+05  1.439e+06  4.515e+01  1.042e+06  1.000e-09  1.000e-09  0.0312  4.515e+01  0.000e+00  0.000e+00  3.205e+04  3.208e+04  2.561e+04 -1.740e+05
  13  4.595e+05  1.393e+06  6.043e+01  9.778e+05  1.000e-09  1.000e-09  0.0312  6.043e+01  0.000e+00  0.000e+00  3.008e+04  3.003e+04  2.270e+04 -2.061e+05
  14  4.312e+05  1.267e+06  7.710e+01  9.179e+05  1.000e-09  1.000e-09  0.0312  7.710e+01  0.000e+00  0.000e+00  2.824e+04  2.825e+04  2.259e+04 -1.524e+05
  15  4.048e+05  1.188e+06  9.826e+01  8.614e+05  1.000e-09  1.000e-09  0.0312  9.826e+01  0.000e+00  0.000e+00  2.650e+04  2.644e+04  2.123e+04 -1.423e+05
  16  3.562e+05  1.638e+06  2.182e+02  8.086e+05  1.000e-09  1.000e-09  0.0625  2.182e+02  0.000e+00  0.000e+00  4.896e+04  4.860e+04  4.933e+03 -6.558e+05
  17  2.711e+05  7.430e+05  1.607e+02  7.114e+05  1.000e-09  1.000e-09  0.1250  1.607e+02  0.000e+00  0.000e+00  8.337e+04  8.514e+04  1.045e+05  2.539e+05
  18  1.622e+05  8.453e+05  2.842e+02  5.412e+05  1.000e-09  1.000e-09  0.2500  2.842e+02  0.000e+00  0.000e+00  1.184e+05  1.088e+05  4.417e+04 -1.880e+05
  19  9.379e+04  3.254e+05  1.927e+02  3.236e+05  1.000e-09  1.000e-09  0.2500  1.927e+02  0.000e+00  0.000e+00  7.078e+04  6.844e+04  9.827e+04  1.784e+05
iter    cost       merit      stop      |grad|      preg       dreg      step   ||ffeas||  ||gfeas||  ||hfeas||   dV-exp       dV      dPhi-exp     dPhi
  20  5.403e+04  1.439e+05  1.297e+02  1.870e+05  1.000e-09  1.000e-09  0.2500  1.297e+02  0.000e+00  0.000e+00  4.090e+04  3.976e+04  5.181e+04  8.341e+04
  21  2.904e+04  1.135e+05  1.427e+02  1.076e+05  1.000e-09  1.000e-09  0.2500  1.427e+02  0.000e+00  0.000e+00  2.354e+04  2.499e+04  2.163e+04  1.733e+04
  22  2.380e+04  5.844e+04  1.170e+02  5.765e+04  1.000e-09  1.000e-09  0.2500  1.170e+02  0.000e+00  0.000e+00  1.261e+04  5.246e+03  1.451e+04  1.285e+04
  23  2.073e+04  5.974e+04  1.358e+02  4.720e+04  1.000e-09  1.000e-09  0.1250  1.358e+02  0.000e+00  0.000e+00  5.530e+03  3.068e+03  4.854e+03 -2.334e+03
  24  1.867e+04  4.772e+04  1.354e+02  4.102e+04  1.000e-09  1.000e-09  0.0625  1.354e+02  0.000e+00  0.000e+00  2.483e+03  2.064e+03  2.488e+03  2.142e+03
  25  1.605e+04  4.162e+04  1.324e+02  3.687e+04  1.000e-09  1.000e-09  0.1250  1.324e+02  0.000e+00  0.000e+00  4.319e+03  2.619e+03  4.392e+03  3.203e+03
  26  1.497e+04  3.616e+04  1.254e+02  3.160e+04  1.000e-09  1.000e-09  0.1250  1.254e+02  0.000e+00  0.000e+00  3.701e+03  1.081e+03  3.848e+03  2.262e+03
  27  1.632e+04  3.228e+04  9.621e+01  2.941e+04  1.000e-09  1.000e-09  0.2500  9.621e+01  0.000e+00  0.000e+00  6.425e+03 -1.352e+03  7.637e+03  3.496e+03
  28  1.504e+04  3.654e+04  9.045e+01  3.222e+04  1.000e-09  1.000e-09  0.1250  9.045e+01  0.000e+00  0.000e+00  3.774e+03  1.277e+03  3.945e+03  2.646e+03
  29  1.308e+04  4.587e+04  1.408e+02  2.966e+04  1.000e-09  1.000e-09  0.1250  1.408e+02  0.000e+00  0.000e+00  3.474e+03  1.959e+03  2.008e+03 -9.768e+03
iter    cost       merit      stop      |grad|      preg       dreg      step   ||ffeas||  ||gfeas||  ||hfeas||   dV-exp       dV      dPhi-exp     dPhi
  30  1.138e+04  3.260e+04  1.631e+02  2.578e+04  1.000e-09  1.000e-09  0.2500  1.631e+02  0.000e+00  0.000e+00  5.636e+03  1.704e+03  4.911e+03 -1.194e+03
  31  1.058e+04  3.480e+04  2.483e+02  2.239e+04  1.000e-09  1.000e-09  0.2500  2.483e+02  0.000e+00  0.000e+00  4.894e+03  7.941e+02  2.816e+03 -7.519e+03
  32  9.291e+03  2.244e+04  2.195e+02  2.091e+04  1.000e-09  1.000e-09  0.1250  2.195e+02  0.000e+00  0.000e+00  2.450e+03  1.293e+03  2.666e+03  3.023e+03
  33  8.453e+03  1.773e+04  1.560e+02  1.834e+04  1.000e-09  1.000e-09  0.5000  1.560e+02  0.000e+00  0.000e+00  6.870e+03  8.379e+02  8.756e+03  4.610e+03
  34  9.728e+03  2.007e+04  1.353e+02  1.673e+04  1.000e-09  1.000e-09  0.1250  1.353e+02  0.000e+00  0.000e+00  1.960e+03 -1.276e+03  2.158e+03  3.094e+02
  35  1.053e+04  1.898e+04  8.323e+01  1.926e+04  1.000e-09  1.000e-09  0.2500  8.323e+01  0.000e+00  0.000e+00  4.212e+03 -8.035e+02  5.533e+03  4.479e+03
  36  7.177e+03  1.762e+04  5.841e+01  2.087e+04  1.000e-09  1.000e-09  0.2500  5.841e+01  0.000e+00  0.000e+00  4.565e+03  3.354e+03  5.674e+03  7.793e+03
  37  6.375e+03  1.545e+04  5.260e+01  1.415e+04  1.000e-09  1.000e-09  0.1250  5.260e+01  0.000e+00  0.000e+00  1.658e+03  8.029e+02  1.783e+03  1.805e+03
  38  4.315e+03  1.250e+04  4.825e+01  1.254e+04  1.000e-09  1.000e-09  0.2500  4.825e+01  0.000e+00  0.000e+00  2.742e+03  2.060e+03  2.927e+03  2.799e+03
  39  3.916e+03  9.590e+03  4.561e+01  8.435e+03  1.000e-09  1.000e-09  0.0625  4.561e+01  0.000e+00  0.000e+00  5.107e+02  3.990e+02  5.312e+02  7.277e+02
iter    cost       merit      stop      |grad|      preg       dreg      step   ||ffeas||  ||gfeas||  ||hfeas||   dV-exp       dV      dPhi-exp     dPhi
  40  3.918e+03  8.755e+03  4.070e+01  7.625e+03  1.000e-09  1.000e-09  0.1250  4.070e+01  0.000e+00  0.000e+00  8.933e+02 -2.277e+00  9.662e+02  5.811e+02
  41  4.938e+03  8.859e+03  2.944e+01  7.625e+03  1.000e-09  1.000e-09  0.2500  2.944e+01  0.000e+00  0.000e+00  1.667e+03 -1.019e+03  2.042e+03  4.808e+02
  42  4.808e+03  1.086e+04  2.582e+01  9.675e+03  1.000e-09  1.000e-09  0.5000  2.582e+01  0.000e+00  0.000e+00  3.625e+03  1.291e+02  4.049e+03  9.762e+02
  43  4.058e+03  1.022e+04  2.355e+01  9.459e+03  1.000e-09  1.000e-09  0.1250  2.355e+01  0.000e+00  0.000e+00  1.108e+03  7.500e+02  1.183e+03  1.343e+03
  44  3.475e+03  8.563e+03  2.113e+01  7.949e+03  1.000e-09  1.000e-09  0.1250  2.113e+01  0.000e+00  0.000e+00  9.315e+02  5.835e+02  1.005e+03  1.168e+03
  45  3.102e+03  7.388e+03  1.872e+01  6.780e+03  1.000e-09  1.000e-09  0.1250  1.872e+01  0.000e+00  0.000e+00  7.944e+02  3.727e+02  8.632e+02  9.233e+02
  46  1.134e+03  4.383e+03  1.415e+01  6.028e+03  1.000e-09  1.000e-09  0.5000  1.415e+01  0.000e+00  0.000e+00  2.259e+03  1.968e+03  2.785e+03  3.018e+03
  47  1.244e+03  2.661e+03  1.234e+01  2.108e+03  1.000e-09  1.000e-09  0.1250  1.234e+01  0.000e+00  0.000e+00  2.469e+02 -1.099e+02  2.730e+02  9.825e+01
  48  1.157e+03  2.715e+03  1.159e+01  2.327e+03  1.000e-09  1.000e-09  0.0625  1.159e+01  0.000e+00  0.000e+00  1.409e+02  8.699e+01  1.472e+02  1.877e+02
  49  1.235e+03  2.584e+03  1.020e+01  2.150e+03  1.000e-09  1.000e-09  0.1250  1.020e+01  0.000e+00  0.000e+00  2.519e+02 -7.798e+01  2.749e+02  1.058e+02
iter    cost       merit      stop      |grad|      preg       dreg      step   ||ffeas||  ||gfeas||  ||hfeas||   dV-exp       dV      dPhi-exp     dPhi
  50  1.150e+03  2.693e+03  9.553e+00  2.309e+03  1.000e-09  1.000e-09  0.0625  9.553e+00  0.000e+00  0.000e+00  1.398e+02  8.550e+01  1.463e+02  1.895e+02
  51  9.693e+02  2.091e+03  7.039e+00  2.136e+03  1.000e-09  1.000e-09  0.2500  7.039e+00  0.000e+00  0.000e+00  4.670e+02  1.805e+02  5.672e+02  5.813e+02
  52  1.098e+03  2.156e+03  5.870e+00  1.778e+03  1.000e-09  1.000e-09  0.1250  5.870e+00  0.000e+00  0.000e+00  2.083e+02 -1.291e+02  2.347e+02  8.141e+01
  53  9.089e+02  2.117e+03  4.881e+00  2.037e+03  1.000e-09  1.000e-09  0.1250  4.881e+00  0.000e+00  0.000e+00  2.386e+02  1.894e+02  2.692e+02  4.340e+02
  54  9.681e+02  2.066e+03  4.517e+00  1.663e+03  1.000e-09  1.000e-09  0.0625  4.517e+00  0.000e+00  0.000e+00  1.007e+02 -5.920e+01  1.062e+02  2.934e+01
  55  8.314e+02  3.623e+03  9.937e+00  1.779e+03  1.000e-09  1.000e-09  0.2500  9.937e+00  0.000e+00  0.000e+00  3.891e+02  1.367e+02  8.451e+00 -1.386e+03
  56  1.083e+03  2.168e+03  7.727e+00  1.511e+03  1.000e-09  1.000e-09  0.1250  7.727e+00  0.000e+00  0.000e+00  1.771e+02 -2.513e+02  2.159e+02  5.907e+01
  57  1.005e+03  2.201e+03  6.445e+00  2.010e+03  1.000e-09  1.000e-09  0.1250  6.445e+00  0.000e+00  0.000e+00  2.356e+02  7.793e+01  2.653e+02  3.160e+02
  58  8.701e+02  2.127e+03  6.117e+00  1.856e+03  1.000e-09  1.000e-09  0.1250  6.117e+00  0.000e+00  0.000e+00  2.174e+02  1.347e+02  2.258e+02  2.021e+02
  59  8.622e+02  1.924e+03  5.738e+00  1.586e+03  1.000e-09  1.000e-09  0.1250  5.738e+00  0.000e+00  0.000e+00  1.859e+02  7.897e+00  1.947e+02  7.807e+01
iter    cost       merit      stop      |grad|      preg       dreg      step   ||ffeas||  ||gfeas||  ||hfeas||   dV-exp       dV      dPhi-exp     dPhi
  60  5.778e+02  1.672e+03  5.599e+00  1.571e+03  1.000e-09  1.000e-09  0.2500  5.599e+00  0.000e+00  0.000e+00  3.436e+02  2.843e+02  3.503e+02  3.114e+02
  61  5.700e+02  1.267e+03  5.439e+00  1.006e+03  1.000e-09  1.000e-09  0.0312  5.439e+00  0.000e+00  0.000e+00  3.094e+01  7.810e+00  3.158e+01  2.836e+01
  62  4.747e+02  1.120e+03  4.971e+00  9.899e+02  1.000e-09  1.000e-09  0.1250  4.971e+00  0.000e+00  0.000e+00  1.160e+02  9.532e+01  1.236e+02  1.561e+02
  63  3.397e+02  8.201e+02  4.186e+00  7.994e+02  1.000e-09  1.000e-09  0.2500  4.186e+00  0.000e+00  0.000e+00  1.748e+02  1.350e+02  1.974e+02  2.251e+02
  64  3.472e+02  7.073e+02  3.952e+00  5.343e+02  1.000e-09  1.000e-09  0.0625  3.952e+00  0.000e+00  0.000e+00  3.235e+01 -7.501e+00  3.368e+01  1.380e+01
  65  3.769e+02  7.280e+02  3.543e+00  5.486e+02  1.000e-09  1.000e-09  0.1250  3.543e+00  0.000e+00  0.000e+00  6.428e+01 -2.969e+01  6.935e+01  1.083e+01
  66  3.788e+02  7.891e+02  3.343e+00  6.091e+02  1.000e-09  1.000e-09  0.0625  3.343e+00  0.000e+00  0.000e+00  3.688e+01 -1.861e+00  3.841e+01  2.267e+01
  67  3.713e+02  7.959e+02  3.244e+00  6.131e+02  1.000e-09  1.000e-09  0.0312  3.244e+00  0.000e+00  0.000e+00  1.886e+01  7.502e+00  1.927e+01  2.057e+01
  68  3.744e+02  7.774e+02  3.060e+00  5.982e+02  1.000e-09  1.000e-09  0.0625  3.060e+00  0.000e+00  0.000e+00  3.622e+01 -3.183e+00  3.773e+01  2.096e+01
  69  3.513e+02  7.436e+02  2.782e+00  6.044e+02  1.000e-09  1.000e-09  0.5000  2.782e+00  0.000e+00  0.000e+00  2.266e+02  2.318e+01  2.462e+02  6.235e+01
iter    cost       merit      stop      |grad|      preg       dreg      step   ||ffeas||  ||gfeas||  ||hfeas||   dV-exp       dV      dPhi-exp     dPhi
  70  3.704e+02  7.486e+02  2.614e+00  5.636e+02  1.000e-09  1.000e-09  0.0625  2.614e+00  0.000e+00  0.000e+00  3.412e+01 -1.915e+01  3.565e+01  5.299e+00
  71  4.036e+02  7.390e+02  2.042e+00  6.010e+02  1.000e-09  1.000e-09  0.2500  2.042e+00  0.000e+00  0.000e+00  1.315e+02 -3.319e+01  1.550e+02  6.076e+01
  72  4.330e+02  8.091e+02  1.608e+00  6.684e+02  1.000e-09  1.000e-09  0.2500  1.608e+00  0.000e+00  0.000e+00  1.462e+02 -2.939e+01  1.716e+02  7.203e+01
  73  4.130e+02  8.790e+02  1.440e+00  7.282e+02  1.000e-09  1.000e-09  0.1250  1.440e+00  0.000e+00  0.000e+00  8.534e+01  2.003e+01  9.211e+01  7.422e+01
  74  3.085e+02  8.458e+02  1.574e+00  6.881e+02  1.000e-09  1.000e-09  0.2500  1.574e+00  0.000e+00  0.000e+00  1.505e+02  1.045e+02  1.391e+02  5.878e+01
  75  3.073e+02  6.343e+02  1.500e+00  4.803e+02  1.000e-09  1.000e-09  0.0625  1.500e+00  0.000e+00  0.000e+00  2.908e+01  1.118e+00  3.010e+01  1.735e+01
  76  2.471e+02  5.437e+02  1.303e+00  4.779e+02  1.000e-09  1.000e-09  0.2500  1.303e+00  0.000e+00  0.000e+00  1.045e+02  6.019e+01  1.157e+02  1.050e+02
  77  2.394e+02  4.690e+02  1.168e+00  3.586e+02  1.000e-09  1.000e-09  0.1250  1.168e+00  0.000e+00  0.000e+00  4.203e+01  7.787e+00  4.535e+01  3.435e+01
  78  2.355e+02  4.659e+02  1.098e+00  3.431e+02  1.000e-09  1.000e-09  0.0625  1.098e+00  0.000e+00  0.000e+00  2.077e+01  3.813e+00  2.169e+01  1.855e+01
  79  1.902e+02  3.919e+02  9.242e-01  3.353e+02  1.000e-09  1.000e-09  0.2500  9.242e-01  0.000e+00  0.000e+00  7.334e+01  4.532e+01  8.281e+01  8.317e+01
iter    cost       merit      stop      |grad|      preg       dreg      step   ||ffeas||  ||gfeas||  ||hfeas||   dV-exp       dV      dPhi-exp     dPhi
  80  1.897e+02  3.599e+02  8.961e-01  2.458e+02  1.000e-09  1.000e-09  0.0312  8.961e-01  0.000e+00  0.000e+00  7.560e+00  5.655e-01  7.727e+00  5.912e+00
  81  1.617e+02  3.036e+02  7.508e-01  2.442e+02  1.000e-09  1.000e-09  0.2500  7.285e-01  0.000e+00  0.000e+00  5.343e+01  2.796e+01  6.158e+01  6.058e+01
  82  1.181e+02  2.737e+02  8.411e-01  1.886e+02  1.000e-09  1.000e-09  0.5000  8.411e-01  0.000e+00  0.000e+00  7.072e+01  4.361e+01  6.032e+01  2.280e+01
  83  1.198e+02  1.954e+02  8.174e-01  1.021e+02  1.000e-09  1.000e-09  0.0312  8.174e-01  0.000e+00  0.000e+00  3.140e+00 -1.707e+00  3.208e+00  4.815e-01
  84  1.185e+02  1.870e+02  7.448e-01  1.053e+02  1.000e-09  1.000e-09  0.1250  7.448e-01  0.000e+00  0.000e+00  1.233e+01  1.314e+00  1.317e+01  7.997e+00
  85  1.181e+02  1.856e+02  6.845e-01  1.026e+02  1.000e-09  1.000e-09  0.2500  6.845e-01  0.000e+00  0.000e+00  2.245e+01  3.455e-01  2.394e+01  6.283e+00
  86  9.881e+01  2.004e+02  9.500e-01  1.024e+02  1.000e-09  1.000e-09  0.5000  9.500e-01  0.000e+00  0.000e+00  3.840e+01  1.933e+01  2.421e+01 -9.053e+00
  87  1.004e+02  1.487e+02  9.037e-01  6.426e+01  1.000e-09  1.000e-09  0.0625  9.037e-01  0.000e+00  0.000e+00  3.891e+00 -1.620e+00  4.046e+00  8.588e-01
  88  9.662e+01  1.413e+02  8.372e-01  6.747e+01  1.000e-09  1.000e-09  0.1250  8.372e-01  0.000e+00  0.000e+00  7.907e+00  3.804e+00  8.351e+00  7.352e+00
  89  9.462e+01  1.341e+02  7.716e-01  5.990e+01  1.000e-09  1.000e-09  0.1250  7.716e-01  0.000e+00  0.000e+00  7.020e+00  2.002e+00  7.439e+00  5.355e+00
iter    cost       merit      stop      |grad|      preg       dreg      step   ||ffeas||  ||gfeas||  ||hfeas||   dV-exp       dV      dPhi-exp     dPhi
  90  8.281e+01  1.195e+02  7.075e-01  5.594e+01  1.000e-09  1.000e-09  0.2500  7.075e-01  0.000e+00  0.000e+00  1.224e+01  1.181e+01  1.307e+01  1.513e+01
  91  8.282e+01  1.057e+02  6.968e-01  3.249e+01  1.000e-09  1.000e-09  0.0156  6.968e-01  0.000e+00  0.000e+00  5.037e-01 -7.295e-03  5.092e-01  3.433e-01
  92  8.383e+01  1.042e+02  6.130e-01  3.244e+01  1.000e-09  1.000e-09  0.2500  6.130e-01  0.000e+00  0.000e+00  7.096e+00 -1.008e+00  7.792e+00  1.779e+00
  93  7.654e+01  9.856e+01  5.475e-01  3.451e+01  1.000e-09  1.000e-09  0.5000  5.475e-01  0.000e+00  0.000e+00  1.294e+01  7.284e+00  1.426e+01  9.919e+00
  94  7.653e+01  9.098e+01  5.454e-01  2.030e+01  1.000e-09  1.000e-09  0.0039  5.454e-01  0.000e+00  0.000e+00  7.912e-02  1.378e-02  7.935e-02  7.025e-02
  95  7.186e+01  8.290e+01  4.195e-01  2.008e+01  1.000e-09  1.000e-09  0.5000  4.195e-01  0.000e+00  0.000e+00  7.531e+00  4.668e+00  9.188e+00  7.982e+00
  96  7.186e+01  7.981e+01  4.179e-01  1.115e+01  1.000e-09  1.000e-09  0.0039  4.179e-01  0.000e+00  0.000e+00  4.346e-02 -9.776e-04  4.358e-02  2.995e-02
  97  7.061e+01  7.776e+01  3.768e-01  1.108e+01  1.000e-09  1.000e-09  0.1250  3.768e-01  0.000e+00  0.000e+00  1.298e+00  1.246e+00  1.395e+00  2.025e+00
  98  7.052e+01  7.634e+01  3.561e-01  8.607e+00  1.000e-09  1.000e-09  0.0625  3.561e-01  0.000e+00  0.000e+00  5.212e-01  9.665e-02  5.424e-01  4.354e-01
  99  7.053e+01  7.664e+01  3.547e-01  8.571e+00  1.000e-09  1.000e-09  0.0039  3.547e-01  0.000e+00  0.000e+00  3.342e-02 -8.745e-03  3.351e-02  1.505e-02
iter    cost       merit      stop      |grad|      preg       dreg      step   ||ffeas||  ||gfeas||  ||hfeas||   dV-exp       dV      dPhi-exp     dPhi
 100  6.918e+01  7.445e+01  3.112e-01  8.391e+00  1.000e-09  1.000e-09  0.2500  3.112e-01  0.000e+00  0.000e+00  1.836e+00  1.352e+00  2.020e+00  2.089e+00
 101  6.857e+01  7.225e+01  2.743e-01  5.829e+00  1.000e-09  1.000e-09  0.2500  2.743e-01  0.000e+00  0.000e+00  1.276e+00  6.089e-01  1.399e+00  1.103e+00
 102  6.856e+01  7.193e+01  2.722e-01  4.736e+00  1.000e-09  1.000e-09  0.0078  2.722e-01  0.000e+00  0.000e+00  3.686e-02  4.274e-03  3.706e-02  3.038e-02
 103  6.831e+01  7.137e+01  2.469e-01  4.708e+00  1.000e-09  1.000e-09  0.1250  2.469e-01  0.000e+00  0.000e+00  5.518e-01  2.516e-01  5.911e-01  5.655e-01
 104  6.829e+01  7.106e+01  2.243e-01  4.255e+00  1.000e-09  1.000e-09  0.1250  2.243e-01  0.000e+00  0.000e+00  4.988e-01  2.019e-02  5.337e-01  2.995e-01
 105  6.851e+01  7.128e+01  2.040e-01  4.249e+00  1.000e-09  1.000e-09  0.1250  2.040e-01  0.000e+00  0.000e+00  4.981e-01 -2.188e-01  5.325e-01  5.671e-02
 106  6.853e+01  7.172e+01  1.931e-01  4.706e+00  1.000e-09  1.000e-09  0.0625  1.931e-01  0.000e+00  0.000e+00  2.849e-01 -1.854e-02  2.962e-01  1.618e-01
 107  6.849e+01  7.172e+01  1.828e-01  4.750e+00  1.000e-09  1.000e-09  0.0625  1.828e-01  0.000e+00  0.000e+00  2.877e-01  3.283e-02  2.990e-01  2.145e-01
 108  6.850e+01  7.168e+01  1.731e-01  4.694e+00  1.000e-09  1.000e-09  0.0625  1.731e-01  0.000e+00  0.000e+00  2.842e-01 -6.353e-03  2.954e-01  1.721e-01
 109  6.860e+01  7.181e+01  1.639e-01  4.725e+00  1.000e-09  1.000e-09  0.0625  1.639e-01  0.000e+00  0.000e+00  2.861e-01 -1.013e-01  2.973e-01  7.736e-02
iter    cost       merit      stop      |grad|      preg       dreg      step   ||ffeas||  ||gfeas||  ||hfeas||   dV-exp       dV      dPhi-exp     dPhi
 110  6.863e+01  7.210e+01  1.592e-01  4.996e+00  1.000e-09  1.000e-09  0.0312  1.592e-01  0.000e+00  0.000e+00  1.537e-01 -2.745e-02  1.569e-01  7.527e-02
 111  6.860e+01  7.211e+01  1.547e-01  5.053e+00  1.000e-09  1.000e-09  0.0312  1.547e-01  0.000e+00  0.000e+00  1.554e-01  3.384e-02  1.587e-01  1.376e-01
 112  6.857e+01  7.205e+01  1.502e-01  4.993e+00  1.000e-09  1.000e-09  0.0312  1.502e-01  0.000e+00  0.000e+00  1.536e-01  2.186e-02  1.568e-01  1.243e-01
 113  6.853e+01  7.203e+01  1.480e-01  4.954e+00  1.000e-09  1.000e-09  0.0156  1.480e-01  0.000e+00  0.000e+00  7.681e-02  4.090e-02  7.764e-02  9.396e-02
 114  6.850e+01  7.188e+01  1.438e-01  4.863e+00  1.000e-09  1.000e-09  0.0312  1.438e-01  0.000e+00  0.000e+00  1.496e-01  3.392e-02  1.527e-01  1.334e-01
 115  6.845e+01  7.179e+01  1.397e-01  4.805e+00  1.000e-09  1.000e-09  0.0312  1.397e-01  0.000e+00  0.000e+00  1.478e-01  4.705e-02  1.509e-01  1.452e-01
 116  6.852e+01  7.172e+01  1.325e-01  4.711e+00  1.000e-09  1.000e-09  0.0625  1.325e-01  0.000e+00  0.000e+00  2.853e-01 -6.619e-02  2.961e-01  1.072e-01
 117  6.858e+01  7.188e+01  1.257e-01  4.853e+00  1.000e-09  1.000e-09  0.0625  1.257e-01  0.000e+00  0.000e+00  2.939e-01 -6.501e-02  3.049e-01  1.121e-01
 118  6.854e+01  7.204e+01  1.222e-01  5.029e+00  1.000e-09  1.000e-09  0.0312  1.222e-01  0.000e+00  0.000e+00  1.547e-01  3.975e-02  1.579e-01  1.416e-01
 119  6.862e+01  7.197e+01  1.160e-01  4.933e+00  1.000e-09  1.000e-09  0.0625  1.160e-01  0.000e+00  0.000e+00  2.987e-01 -7.522e-02  3.098e-01  1.034e-01
iter    cost       merit      stop      |grad|      preg       dreg      step   ||ffeas||  ||gfeas||  ||hfeas||   dV-exp       dV      dPhi-exp     dPhi
 120  6.862e+01  7.222e+01  1.143e-01  5.102e+00  1.000e-09  1.000e-09  0.0156  1.143e-01  0.000e+00  0.000e+00  7.910e-02 -2.104e-03  7.995e-02  5.216e-02
 121  6.868e+01  7.214e+01  1.085e-01  5.100e+00  1.000e-09  1.000e-09  0.0625  1.085e-01  0.000e+00  0.000e+00  3.088e-01 -5.670e-02  3.203e-01  1.264e-01
 122  6.872e+01  7.228e+01  1.031e-01  5.233e+00  1.000e-09  1.000e-09  0.0625  1.031e-01  0.000e+00  0.000e+00  3.169e-01 -4.103e-02  3.285e-01  1.456e-01
 123  6.875e+01  7.237e+01  9.801e-02  5.326e+00  1.000e-09  1.000e-09  0.0625  9.801e-02  0.000e+00  0.000e+00  3.225e-01 -2.785e-02  3.343e-01  1.608e-01
 124  6.877e+01  7.255e+01  9.315e-02  5.558e+00  1.000e-09  1.000e-09  0.0625  9.315e-02  0.000e+00  0.000e+00  3.365e-01 -2.651e-02  3.488e-01  1.705e-01
 125  6.878e+01  7.263e+01  8.867e-02  5.646e+00  1.000e-09  1.000e-09  0.0625  8.867e-02  0.000e+00  0.000e+00  3.419e-01 -1.149e-02  3.540e-01  1.827e-01
 126  6.868e+01  7.239e+01  8.274e-02  5.565e+00  1.000e-09  1.000e-09  0.1250  8.274e-02  0.000e+00  0.000e+00  6.522e-01  1.052e-01  6.855e-01  3.715e-01
 127  6.875e+01  7.234e+01  7.718e-02  5.378e+00  1.000e-09  1.000e-09  0.1250  7.718e-02  0.000e+00  0.000e+00  6.303e-01 -6.812e-02  6.626e-01  1.905e-01
 128  6.870e+01  7.259e+01  7.263e-02  5.783e+00  1.000e-09  1.000e-09  0.0625  7.263e-02  0.000e+00  0.000e+00  3.502e-01  4.909e-02  3.654e-01  2.927e-01
 129  6.904e+01  7.268e+01  6.482e-02  5.699e+00  1.000e-09  1.000e-09  0.1250  6.482e-02  0.000e+00  0.000e+00  6.679e-01 -3.419e-01  7.227e-01  9.660e-02
iter    cost       merit      stop      |grad|      preg       dreg      step   ||ffeas||  ||gfeas||  ||hfeas||   dV-exp       dV      dPhi-exp     dPhi
 130  6.896e+01  7.332e+01  6.117e-02  6.460e+00  1.000e-09  1.000e-09  0.0625  6.117e-02  0.000e+00  0.000e+00  3.912e-01  7.674e-02  4.074e-01  3.364e-01
 131  6.871e+01  7.298e+01  5.779e-02  6.322e+00  1.000e-09  1.000e-09  0.0625  5.779e-02  0.000e+00  0.000e+00  3.828e-01  2.567e-01  3.984e-01  5.069e-01
 132  6.850e+01  7.264e+01  5.747e-02  5.825e+00  1.000e-09  1.000e-09  0.0625  5.747e-02  0.000e+00  0.000e+00  3.527e-01  2.086e-01  3.541e-01  2.316e-01
 133  6.836e+01  7.225e+01  5.760e-02  5.424e+00  1.000e-09  1.000e-09  0.0625  5.760e-02  0.000e+00  0.000e+00  3.284e-01  1.406e-01  3.278e-01  1.316e-01
 134  6.813e+01  7.234e+01  6.595e-02  5.141e+00  1.000e-09  1.000e-09  0.1250  6.595e-02  0.000e+00  0.000e+00  6.025e-01  2.261e-01  5.358e-01 -3.072e-01
 135  6.794e+01  7.133e+01  6.600e-02  4.723e+00  1.000e-09  1.000e-09  0.0625  6.600e-02  0.000e+00  0.000e+00  2.860e-01  1.866e-01  2.858e-01  1.842e-01
 136  6.751e+01  7.310e+01  1.176e-01  4.383e+00  1.000e-09  1.000e-09  0.2500  1.176e-01  0.000e+00  0.000e+00  9.590e-01  4.363e-01  3.456e-01 -2.017e+00
 137  6.752e+01  7.030e+01  1.172e-01  3.721e+00  1.000e-09  1.000e-09  0.0039  1.172e-01  0.000e+00  0.000e+00  1.451e-02 -9.745e-03  1.455e-02  7.724e-04
 138  6.737e+01  7.145e+01  1.816e-01  3.681e+00  1.000e-09  1.000e-09  0.2500  1.816e-01  0.000e+00  0.000e+00  8.055e-01  1.475e-01  4.434e-01 -1.301e+00
 139  6.736e+01  6.984e+01  1.793e-01  3.506e+00  1.000e-09  1.000e-09  0.0156  1.793e-01  0.000e+00  0.000e+00  5.435e-02  1.251e-02  5.485e-02  4.447e-02
iter    cost       merit      stop      |grad|      preg       dreg      step   ||ffeas||  ||gfeas||  ||hfeas||   dV-exp       dV      dPhi-exp     dPhi
 140  6.714e+01  6.981e+01  1.921e-01  3.481e+00  1.000e-09  1.000e-09  0.1250  1.921e-01  0.000e+00  0.000e+00  4.081e-01  2.220e-01  3.857e-01  4.336e-02
 141  6.698e+01  6.916e+01  1.899e-01  3.085e+00  1.000e-09  1.000e-09  0.0625  1.899e-01  0.000e+00  0.000e+00  1.868e-01  1.586e-01  1.885e-01  1.848e-01
 142  6.683e+01  6.881e+01  1.883e-01  2.788e+00  1.000e-09  1.000e-09  0.0625  1.883e-01  0.000e+00  0.000e+00  1.688e-01  1.501e-01  1.699e-01  1.666e-01
 143  6.682e+01  6.860e+01  1.851e-01  2.534e+00  1.000e-09  1.000e-09  0.0312  1.851e-01  0.000e+00  0.000e+00  7.797e-02  1.244e-02  7.894e-02  4.330e-02
 144  6.683e+01  6.861e+01  1.829e-01  2.519e+00  1.000e-09  1.000e-09  0.0156  1.829e-01  0.000e+00  0.000e+00  3.905e-02 -1.166e-02  3.939e-02  9.874e-03
 145  6.663e+01  6.868e+01  2.056e-01  2.538e+00  1.000e-09  1.000e-09  0.1250  2.056e-01  0.000e+00  0.000e+00  2.975e-01  1.968e-01  2.692e-01 -2.951e-02
 146  6.663e+01  6.818e+01  2.042e-01  2.175e+00  1.000e-09  1.000e-09  0.0078  2.042e-01  0.000e+00  0.000e+00  1.692e-02  4.063e-03  1.701e-02  1.487e-02
 147  6.632e+01  6.899e+01  3.508e-01  2.161e+00  1.000e-09  1.000e-09  0.2500  3.508e-01  0.000e+00  0.000e+00  4.730e-01  3.054e-01  1.946e-01 -8.082e-01
 148  6.627e+01  6.757e+01  3.426e-01  1.635e+00  1.000e-09  1.000e-09  0.0312  3.426e-01  0.000e+00  0.000e+00  5.029e-02  4.933e-02  5.127e-02  8.062e-02
 149  6.602e+01  6.744e+01  4.407e-01  1.540e+00  1.000e-09  1.000e-09  0.2500  4.407e-01  0.000e+00  0.000e+00  3.373e-01  2.540e-01  2.579e-01 -6.342e-02
iter    cost       merit      stop      |grad|      preg       dreg      step   ||ffeas||  ||gfeas||  ||hfeas||   dV-exp       dV      dPhi-exp     dPhi
 150  6.593e+01  6.673e+01  4.281e-01  1.135e+00  1.000e-09  1.000e-09  0.1250  4.281e-01  0.000e+00  0.000e+00  1.331e-01  8.376e-02  1.360e-01  1.071e-01
 151  6.588e+01  6.661e+01  4.170e-01  1.033e+00  1.000e-09  1.000e-09  0.1250  4.170e-01  0.000e+00  0.000e+00  1.212e-01  5.328e-02  1.236e-01  7.258e-02
 152  6.581e+01  6.661e+01  4.820e-01  9.513e-01  1.000e-09  1.000e-09  0.2500  4.820e-01  0.000e+00  0.000e+00  2.085e-01  6.645e-02  1.817e-01 -4.077e-02
 153  6.565e+01  6.629e+01  4.876e-01  8.801e-01  1.000e-08  1.000e-08  0.2500  4.876e-01  0.000e+00  0.000e+00  1.929e-01  1.641e-01  1.910e-01  1.567e-01
 154  6.565e+01  6.611e+01  4.805e-01  6.432e-01  2.000e-09  2.000e-09  0.0156  4.805e-01  0.000e+00  0.000e+00  9.972e-03 -5.210e-03  1.008e-02  1.638e-03
 155  6.554e+01  6.601e+01  4.810e-01  6.538e-01  2.000e-09  2.000e-09  0.2500  4.810e-01  0.000e+00  0.000e+00  1.433e-01  1.191e-01  1.432e-01  1.186e-01
 156  6.554e+01  6.601e+01  4.810e-01  9.998e-01  1.000e-09  1.000e-09  0.0020  4.810e-01  0.000e+00  0.000e+00  1.951e-03 -1.130e-02  1.954e-03 -9.909e-03
 157  6.554e+01  6.601e+01  4.810e-01  9.986e-01  1.000e-08  1.000e-08  0.0020  4.810e-01  0.000e+00  0.000e+00  1.949e-03 -1.124e-02  1.951e-03 -9.848e-03
 158  6.554e+01  6.601e+01  4.810e-01  9.866e-01  1.000e-07  1.000e-07  0.0020  4.810e-01  0.000e+00  0.000e+00  1.925e-03 -1.066e-02  1.928e-03 -9.267e-03
 159  6.554e+01  6.601e+01  4.810e-01  8.902e-01  1.000e-06  1.000e-06  0.0020  4.810e-01  0.000e+00  0.000e+00  1.737e-03 -6.620e-03  1.740e-03 -5.252e-03
iter    cost       merit      stop      |grad|      preg       dreg      step   ||ffeas||  ||gfeas||  ||hfeas||   dV-exp       dV      dPhi-exp     dPhi
 160  6.554e+01  6.606e+01  4.800e-01  5.855e-01  1.000e-05  1.000e-05  0.0020  4.800e-01  0.000e+00  0.000e+00  1.143e-03  1.356e-05  1.145e-03  1.029e-03
 161  6.553e+01  6.594e+01  4.533e-01  5.167e-01  1.000e-05  1.000e-05  0.0625  4.533e-01  0.000e+00  0.000e+00  3.148e-02  6.008e-03  3.301e-02  3.045e-02
 162  6.533e+01  6.577e+01  4.637e-01  5.186e-01  1.000e-05  1.000e-05  0.5000  4.637e-01  0.000e+00  0.000e+00  2.062e-01  2.022e-01  2.012e-01  1.922e-01
 163  6.533e+01  6.562e+01  4.619e-01  3.484e-01  2.000e-06  2.000e-06  0.0039  4.619e-01  0.000e+00  0.000e+00  1.359e-03 -5.923e-06  1.363e-03  1.135e-03
 164  6.526e+01  6.553e+01  4.310e-01  3.441e-01  2.000e-06  2.000e-06  0.2500  4.310e-01  0.000e+00  0.000e+00  7.725e-02  6.915e-02  8.212e-02  8.861e-02
 165  6.527e+01  6.540e+01  3.830e-01  1.548e-01  2.000e-05  2.000e-05  0.1250  3.830e-01  0.000e+00  0.000e+00  1.854e-02 -1.030e-02  2.059e-02  6.081e-03
 166  6.519e+01  6.532e+01  2.852e-01  1.902e-01  2.000e-05  2.000e-05  0.5000  2.852e-01  0.000e+00  0.000e+00  7.739e-02  7.382e-02  9.916e-02  1.174e-01
 167  6.519e+01  6.535e+01  2.605e-01  1.906e-01  4.000e-06  4.000e-06  0.1250  2.605e-01  0.000e+00  0.000e+00  2.281e-02  6.764e-03  2.476e-02  2.233e-02
 168  6.515e+01  6.531e+01  2.364e-01  1.944e-01  4.000e-06  4.000e-06  0.2500  2.364e-01  0.000e+00  0.000e+00  4.419e-02  4.279e-02  4.827e-02  5.912e-02
 169  6.516e+01  6.522e+01  1.422e-01  9.508e-02  4.000e-05  4.000e-05  0.5000  1.422e-01  0.000e+00  0.000e+00  4.051e-02 -1.872e-02  5.957e-02  1.941e-02
iter    cost       merit      stop      |grad|      preg       dreg      step   ||ffeas||  ||gfeas||  ||hfeas||   dV-exp       dV      dPhi-exp     dPhi
 170  6.518e+01  6.523e+01  7.243e-02  1.351e-01  4.000e-04  4.000e-04  0.5000  7.243e-02  0.000e+00  0.000e+00  5.143e-02 -1.108e-02  7.618e-02  3.842e-02
 171  6.510e+01  6.510e+01  1.201e-03  1.560e-01  4.000e-03  4.000e-03  1.0000  1.159e-03  0.000e+00  0.000e+00  7.938e-02  7.941e-02  1.910e-01  1.910e-01
 172  6.509e+01  6.512e+01  1.126e-03  2.340e-02  8.000e-04  8.000e-04  0.1250  1.126e-03  0.000e+00  0.000e+00  2.873e-03  7.372e-04  2.976e-03  1.565e-03
 173  6.510e+01  6.512e+01  1.110e-03  2.613e-02  8.000e-04  8.000e-04  0.0156  1.110e-03  0.000e+00  0.000e+00  4.070e-04 -2.604e-04  4.137e-04  1.658e-04
 174  6.509e+01  6.512e+01  1.073e-03  2.668e-02  8.000e-04  8.000e-04  0.1250  1.073e-03  0.000e+00  0.000e+00  3.251e-03  2.157e-03  3.376e-03  3.158e-03
 175  6.509e+01  6.512e+01  1.032e-03  2.625e-02  8.000e-04  8.000e-04  0.1250  1.032e-03  0.000e+00  0.000e+00  3.196e-03  1.746e-03  3.337e-03  2.872e-03
 176  6.509e+01  6.512e+01  9.887e-04  2.651e-02  8.000e-04  8.000e-04  0.1250  9.887e-04  0.000e+00  0.000e+00  3.222e-03  1.539e-03  3.378e-03  2.786e-03
 177  6.509e+01  6.512e+01  9.433e-04  2.707e-02  8.000e-04  8.000e-04  0.1250  9.433e-04  0.000e+00  0.000e+00  3.283e-03  1.479e-03  3.453e-03  2.836e-03
 178  6.509e+01  6.512e+01  8.970e-04  2.802e-02  8.000e-04  8.000e-04  0.1250  8.970e-04  0.000e+00  0.000e+00  3.395e-03  1.576e-03  3.580e-03  3.055e-03
 179  6.508e+01  6.511e+01  8.505e-04  2.838e-02  8.000e-04  8.000e-04  0.1250  8.505e-04  0.000e+00  0.000e+00  3.434e-03  1.635e-03  3.629e-03  3.194e-03
iter    cost       merit      stop      |grad|      preg       dreg      step   ||ffeas||  ||gfeas||  ||hfeas||   dV-exp       dV      dPhi-exp     dPhi
 180  6.508e+01  6.511e+01  8.046e-04  2.853e-02  8.000e-04  8.000e-04  0.1250  8.046e-04  0.000e+00  0.000e+00  3.448e-03  1.711e-03  3.651e-03  3.331e-03
 181  6.508e+01  6.511e+01  7.594e-04  2.844e-02  8.000e-04  8.000e-04  0.1250  7.594e-04  0.000e+00  0.000e+00  3.436e-03  1.791e-03  3.644e-03  3.457e-03
 182  6.508e+01  6.511e+01  7.199e-04  2.813e-02  8.000e-04  8.000e-04  0.1250  7.199e-04  0.000e+00  0.000e+00  3.396e-03  1.860e-03  3.587e-03  3.383e-03
 183  6.508e+01  6.511e+01  7.063e-04  2.760e-02  8.000e-04  8.000e-04  0.1250  7.063e-04  0.000e+00  0.000e+00  3.333e-03  1.914e-03  3.401e-03  2.457e-03
 184  6.508e+01  6.511e+01  7.999e-04  2.696e-02  8.000e-04  8.000e-04  0.2500  7.999e-04  0.000e+00  0.000e+00  6.285e-03  1.012e-03  5.354e-03 -2.711e-03
 185  6.507e+01  6.507e+01  1.580e-04  1.941e-02  8.000e-03  8.000e-03  1.0000  1.002e-04  0.000e+00  0.000e+00  1.044e-02  1.035e-02  2.436e-02  2.427e-02
 186  6.507e+01  6.507e+01  3.585e-06  3.248e-04  8.000e-02  8.000e-02  1.0000  1.192e-06  0.000e+00  0.000e+00  2.368e-04  2.375e-04  1.221e-03  1.222e-03
