iter    cost       merit      stop      |grad|      preg       dreg      step   ||ffeas||  ||gfeas||  ||hfeas||   dV-exp       dV      dPhi-exp     dPhi
   0  1.058e+02  1.058e+02  1.615e+00  3.451e+02  1.000e-09  1.000e-09  0.2500  2.052e-14  0.000e+00  0.000e+00  7.548e+01  7.315e+01  7.548e+01  7.315e+01
   1  9.981e+01  9.981e+01  1.002e+00  2.020e+02  1.000e-09  1.000e-09  0.0625  1.924e-14  0.000e+00  0.000e+00  1.223e+01  6.028e+00  1.223e+01  6.028e+00
   2  7.951e+01  7.951e+01  1.162e+00  1.871e+02  1.000e-09  1.000e-09  0.1250  1.683e-14  0.000e+00  0.000e+00  2.193e+01  2.030e+01  2.193e+01  2.030e+01
   3  5.338e+01  5.338e+01  1.345e+00  1.463e+02  1.000e-09  1.000e-09  0.2500  1.263e-14  0.000e+00  0.000e+00  3.200e+01  2.613e+01  3.200e+01  2.613e+01
   4  5.190e+01  5.190e+01  8.857e-01  9.371e+01  1.000e-09  1.000e-09  0.0625  1.184e-14  0.000e+00  0.000e+00  5.674e+00  1.473e+00  5.674e+00  1.473e+00
   5  4.170e+01  4.170e+01  1.055e+00  9.011e+01  1.000e-09  1.000e-09  0.1250  1.036e-14  0.000e+00  0.000e+00  1.056e+01  1.021e+01  1.056e+01  1.021e+01
   6  3.750e+01  3.750e+01  9.048e-01  6.966e+01  1.000e-09  1.000e-09  0.0625  9.709e-15  0.000e+00  0.000e+00  4.218e+00  4.200e+00  4.218e+00  4.200e+00
   7  3.636e+01  3.636e+01  8.206e-01  6.131e+01  1.000e-09  1.000e-09  0.0625  9.101e-15  0.000e+00  0.000e+00  3.712e+00  1.140e+00  3.712e+00  1.140e+00
   8  2.929e+01  2.929e+01  9.745e-01  5.904e+01  1.000e-09  1.000e-09  0.2500  6.828e-15  0.000e+00  0.000e+00  1.291e+01  7.065e+00  1.291e+01  7.065e+00
   9  2.238e+01  2.238e+01  9.548e-01  4.465e+01  1.000e-09  1.000e-09  0.2500  5.121e-15  0.000e+00  0.000e+00  9.767e+00  6.907e+00  9.767e+00  6.907e+00
iter    cost       merit      stop      |grad|      preg       dreg      step   ||ffeas||  ||gfeas||  ||hfeas||   dV-exp       dV      dPhi-exp     dPhi
  10  1.746e+01  1.746e+01  8.393e-01  3.098e+01  1.000e-09  1.000e-09  0.2500  3.841e-15  0.000e+00  0.000e+00  6.778e+00  4.924e+00  6.778e+00  4.924e+00
  11  1.652e+01  1.652e+01  6.022e-01  2.111e+01  1.000e-09  1.000e-09  0.2500  2.883e-15  0.000e+00  0.000e+00  4.617e+00  9.355e-01  4.617e+00  9.355e-01
  12  9.907e+00  9.907e+00  8.856e-01  1.932e+01  1.000e-08  1.000e-08  0.5000  1.442e-15  0.000e+00  0.000e+00  7.244e+00  6.617e+00  7.244e+00  6.617e+00
  13  8.757e+00  8.757e+00  3.398e-01  6.630e+00  2.000e-09  2.000e-09  0.2500  1.081e-15  0.000e+00  0.000e+00  1.450e+00  1.150e+00  1.450e+00  1.150e+00
  14  7.956e+00  7.956e+00  2.581e-01  4.622e+00  1.000e-09  1.000e-09  0.5000  5.404e-16  0.000e+00  0.000e+00  1.733e+00  8.007e-01  1.733e+00  8.007e-01
  15  7.675e+00  7.675e+00  2.259e-01  3.918e+00  1.000e-08  1.000e-08  0.1250  4.728e-16  0.000e+00  0.000e+00  4.592e-01  2.808e-01  4.592e-01  2.808e-01
  16  6.561e+00  6.561e+00  2.232e-01  3.375e+00  1.000e-08  1.000e-08  0.5000  2.364e-16  0.000e+00  0.000e+00  1.266e+00  1.114e+00  1.266e+00  1.114e+00
  17  6.076e+00  6.076e+00  8.525e-02  1.206e+00  2.000e-09  2.000e-09  1.0000  0.000e+00  0.000e+00  0.000e+00  6.032e-01  4.851e-01  6.032e-01  4.851e-01
  18  6.074e+00  6.074e+00  3.225e-02  4.560e-01  2.000e-08  2.000e-08  0.0078  5.508e-17  0.000e+00  0.000e+00  3.549e-03  1.801e-03  3.549e-03  1.801e-03
  19  6.052e+00  6.052e+00  3.187e-02  4.492e-01  2.000e-08  2.000e-08  0.5000  2.776e-17  0.000e+00  0.000e+00  1.685e-01  2.182e-02  1.685e-01  2.182e-02
iter    cost       merit      stop      |grad|      preg       dreg      step   ||ffeas||  ||gfeas||  ||hfeas||   dV-exp       dV      dPhi-exp     dPhi
  20  6.046e+00  6.046e+00  3.382e-02  4.742e-01  2.000e-07  2.000e-07  0.0156  5.464e-17  0.000e+00  0.000e+00  7.351e-03  5.829e-03  7.351e-03  5.829e-03
  21  5.978e+00  5.978e+00  3.297e-02  4.578e-01  2.000e-07  2.000e-07  0.5000  2.776e-17  0.000e+00  0.000e+00  1.720e-01  6.850e-02  1.720e-01  6.850e-02
  22  5.968e+00  5.968e+00  2.492e-02  3.385e-01  2.000e-06  2.000e-06  0.0625  5.204e-17  0.000e+00  0.000e+00  2.052e-02  9.417e-03  2.052e-02  9.417e-03
  23  5.880e+00  5.880e+00  2.371e-02  3.187e-01  2.000e-06  2.000e-06  0.5000  2.776e-17  0.000e+00  0.000e+00  1.205e-01  8.857e-02  1.205e-01  8.857e-02
  24  5.828e+00  5.828e+00  1.098e-02  1.445e-01  2.000e-05  2.000e-05  0.5000  2.776e-17  0.000e+00  0.000e+00  5.486e-02  5.208e-02  5.486e-02  5.208e-02
  25  5.806e+00  5.806e+00  3.361e-03  4.356e-02  2.000e-04  2.000e-04  1.0000  0.000e+00  0.000e+00  0.000e+00  2.287e-02  2.191e-02  2.287e-02  2.191e-02
  26  5.801e+00  5.801e+00  6.882e-04  6.520e-03  2.000e-03  2.000e-03  1.0000  0.000e+00  0.000e+00  0.000e+00  4.680e-03  4.762e-03  4.680e-03  4.762e-03
  27  5.800e+00  5.800e+00  1.144e-04  9.903e-04  2.000e-02  2.000e-02  1.0000  0.000e+00  0.000e+00  0.000e+00  7.781e-04  8.463e-04  7.781e-04  8.463e-04
  28  5.800e+00  5.800e+00  3.886e-05  2.912e-04  2.000e-01  2.000e-01  1.0000  0.000e+00  0.000e+00  0.000e+00  2.642e-04  2.814e-04  2.642e-04  2.814e-04
Finally reached = (0.400, 0.000, 1.200)
Distance between hand and target = 7.435E-05
Distance to default state = 2.057E+00
XY distance to CoM reference = 9.485E-02
