*** SOLVE (MultiShoot) ***
iter    cost       merit      stop      |grad|      preg       dreg      step   ||ffeas||  ||gfeas||  ||hfeas||   dV-exp       dV      dPhi-exp     dPhi
   0  1.388e+06  6.983e+06  1.494e+03  4.651e+06  1.000e-09  1.000e-09  0.2500  7.645e-01  0.000e+00  1.493e+03  1.017e+06  9.384e+05  4.487e+05 -1.336e+06
   1  1.095e+06  3.357e+06  1.208e+03  2.773e+06  1.000e-09  1.000e-09  0.1250  6.689e-01  0.000e+00  1.207e+03  3.249e+05  2.937e+05  3.918e+05  8.291e+05
   2  8.383e+05  3.008e+06  1.681e+03  2.187e+06  1.000e-09  1.000e-09  0.1250  5.853e-01  0.000e+00  1.681e+03  2.563e+05  2.562e+05  1.799e+05 -3.546e+05
   3  4.721e+05  1.876e+06  1.975e+03  1.674e+06  1.000e-09  1.000e-09  0.2500  4.390e-01  0.000e+00  1.975e+03  3.662e+05  3.662e+05  3.140e+05  1.573e+05
   4  2.674e+05  8.685e+05  1.691e+03  9.421e+05  1.000e-09  1.000e-09  0.2500  3.292e-01  0.000e+00  1.691e+03  2.061e+05  2.047e+05  2.313e+05  3.056e+05
   5  1.538e+05  4.673e+05  1.393e+03  5.331e+05  1.000e-09  1.000e-09  0.2500  2.469e-01  0.000e+00  1.393e+03  1.166e+05  1.137e+05  1.334e+05  1.808e+05
   6  5.425e+04  4.331e+05  2.416e+03  3.059e+05  1.000e-09  1.000e-09  0.5000  1.235e-01  0.000e+00  2.416e+03  1.147e+05  9.953e+04  3.448e+04 -6.091e+04
   7  1.957e+04  1.394e+05  1.529e+03  1.070e+05  1.000e-09  1.000e-09  0.5000  6.173e-02  0.000e+00  1.529e+03  4.010e+04  3.468e+04  7.489e+04  1.043e+05
   8  1.132e+04  7.182e+04  1.543e+03  3.775e+04  1.000e-09  1.000e-09  0.2500  4.630e-02  0.000e+00  1.543e+03  8.256e+03  8.246e+03  8.111e+03  7.664e+03
   9  1.446e+04  3.858e+04  1.231e+03  2.130e+04  1.000e-09  1.000e-09  0.2500  3.472e-02  0.000e+00  1.231e+03  4.658e+03 -3.134e+03  6.188e+03  2.988e+03
iter    cost       merit      stop      |grad|      preg       dreg      step   ||ffeas||  ||gfeas||  ||hfeas||   dV-exp       dV      dPhi-exp     dPhi
  10  1.026e+04  3.229e+04  1.375e+03  2.766e+04  1.000e-09  1.000e-09  0.5000  1.866e-02  0.000e+00  1.375e+03  1.037e+04  4.197e+03  9.213e+03  1.888e+03
  11  9.554e+03  2.198e+04  1.221e+03  1.959e+04  1.000e-09  1.000e-09  0.1250  1.642e-02  0.000e+00  1.221e+03  2.296e+03  7.055e+02  2.492e+03  2.271e+03
  12  6.532e+03  2.047e+04  1.300e+03  1.834e+04  1.000e-09  1.000e-09  0.2500  1.280e-02  0.000e+00  1.300e+03  4.012e+03  3.022e+03  3.802e+03  2.179e+03
  13  6.096e+03  1.465e+04  1.258e+03  1.239e+04  1.000e-09  1.000e-09  0.2500  9.697e-03  0.000e+00  1.258e+03  2.709e+03  4.363e+02  2.781e+03  7.228e+02
  14  2.628e+03  1.046e+04  1.181e+03  1.167e+04  1.000e-09  1.000e-09  0.5000  5.099e-03  0.000e+00  1.181e+03  4.376e+03  3.468e+03  4.629e+03  3.973e+03
  15  2.586e+03  6.060e+03  1.048e+03  4.831e+03  1.000e-09  1.000e-09  0.1250  4.393e-03  0.000e+00  1.048e+03  5.661e+02  4.260e+01  6.212e+02  4.832e+02
  16  2.306e+03  5.310e+03  9.260e+02  4.761e+03  1.000e-09  1.000e-09  0.1250  3.791e-03  0.000e+00  9.260e+02  5.579e+02  2.794e+02  6.076e+02  6.768e+02
  17  1.868e+03  4.239e+03  7.298e+02  4.211e+03  1.000e-09  1.000e-09  0.2500  2.801e-03  0.000e+00  7.298e+02  9.211e+02  4.378e+02  1.080e+03  1.075e+03
  18  1.949e+03  4.122e+03  6.579e+02  3.373e+03  1.000e-09  1.000e-09  0.5000  4.005e-03  0.000e+00  6.579e+02  1.265e+03 -8.101e+01  1.384e+03  1.565e+02
  19  1.968e+03  4.447e+03  6.377e+02  3.580e+03  1.000e-09  1.000e-09  0.0312  3.880e-03  0.000e+00  6.377e+02  1.101e+02 -1.851e+01  1.126e+02  5.986e+01
iter    cost       merit      stop      |grad|      preg       dreg      step   ||ffeas||  ||gfeas||  ||hfeas||   dV-exp       dV      dPhi-exp     dPhi
  20  2.093e+03  4.113e+03  5.006e+02  3.603e+03  1.000e-09  1.000e-09  0.2500  2.887e-03  0.000e+00  5.006e+02  7.882e+02 -1.250e+02  9.265e+02  4.282e+02
  21  1.251e+03  4.185e+03  5.316e+02  3.868e+03  1.000e-09  1.000e-09  0.5000  3.858e-03  0.000e+00  5.316e+02  1.451e+03  8.422e+02  1.365e+03  6.711e+02
  22  8.697e+02  2.264e+03  4.707e+02  2.204e+03  1.000e-09  1.000e-09  0.5000  3.661e-03  0.000e+00  4.707e+02  8.265e+02  3.811e+02  9.167e+02  5.614e+02
  23  8.399e+02  1.828e+03  4.441e+02  1.464e+03  1.000e-09  1.000e-09  0.0625  3.400e-03  0.000e+00  4.441e+02  8.866e+01  2.980e+01  9.236e+01  8.899e+01
  24  7.834e+02  1.732e+03  4.192e+02  1.405e+03  1.000e-09  1.000e-09  0.0625  3.146e-03  0.000e+00  4.192e+02  8.506e+01  5.657e+01  8.858e+01  1.129e+02
  25  7.632e+02  1.635e+03  3.958e+02  1.291e+03  1.000e-09  1.000e-09  0.0625  2.909e-03  0.000e+00  3.958e+02  7.817e+01  2.020e+01  8.138e+01  7.166e+01
  26  6.113e+02  1.378e+03  3.393e+02  1.250e+03  1.000e-09  1.000e-09  0.2500  2.179e-03  0.000e+00  3.393e+02  2.736e+02  1.518e+02  3.055e+02  2.797e+02
  27  5.630e+02  1.226e+03  3.206e+02  9.807e+02  1.000e-09  1.000e-09  0.0625  2.013e-03  0.000e+00  3.206e+02  5.938e+01  4.830e+01  6.178e+01  8.677e+01
  28  5.600e+02  1.183e+03  3.158e+02  8.841e+02  1.000e-09  1.000e-09  0.0156  1.981e-03  0.000e+00  3.158e+02  1.371e+01  3.070e+00  1.385e+01  1.262e+01
  29  3.952e+02  9.408e+02  2.755e+02  8.747e+02  1.000e-09  1.000e-09  0.2500  1.680e-03  0.000e+00  2.755e+02  1.914e+02  1.648e+02  2.113e+02  2.447e+02
iter    cost       merit      stop      |grad|      preg       dreg      step   ||ffeas||  ||gfeas||  ||hfeas||   dV-exp       dV      dPhi-exp     dPhi
  30  3.937e+02  7.522e+02  2.489e+02  5.543e+02  1.000e-09  1.000e-09  0.1250  1.620e-03  0.000e+00  2.489e+02  6.497e+01  1.485e+00  6.975e+01  3.971e+01
  31  3.824e+02  7.417e+02  2.256e+02  5.539e+02  1.000e-09  1.000e-09  0.1250  1.538e-03  0.000e+00  2.256e+02  6.492e+01  1.129e+01  6.956e+01  4.841e+01
  32  3.106e+02  6.387e+02  1.937e+02  5.340e+02  1.000e-09  1.000e-09  0.2500  1.506e-03  0.000e+00  1.937e+02  1.168e+02  7.174e+01  1.304e+02  1.258e+02
  33  2.976e+02  5.678e+02  1.819e+02  4.020e+02  1.000e-09  1.000e-09  0.0625  1.437e-03  0.000e+00  1.819e+02  2.434e+01  1.307e+01  2.544e+01  3.065e+01
  34  2.953e+02  5.561e+02  1.763e+02  3.760e+02  1.000e-09  1.000e-09  0.0312  1.397e-03  0.000e+00  1.763e+02  1.157e+01  2.307e+00  1.183e+01  1.063e+01
  35  2.142e+02  4.187e+02  1.359e+02  3.706e+02  1.000e-09  1.000e-09  0.2500  1.555e-03  0.000e+00  1.359e+02  8.109e+01  8.111e+01  9.629e+01  1.419e+02
  36  2.084e+02  3.589e+02  1.317e+02  2.166e+02  1.000e-09  1.000e-09  0.0312  1.504e-03  0.000e+00  1.317e+02  6.663e+00  5.713e+00  6.814e+00  1.054e+01
  37  2.055e+02  3.507e+02  1.296e+02  2.057e+02  1.000e-09  1.000e-09  0.0156  1.478e-03  0.000e+00  1.296e+02  3.190e+00  2.967e+00  3.226e+00  5.258e+00
  38  2.067e+02  3.478e+02  1.276e+02  1.998e+02  1.000e-09  1.000e-09  0.0156  1.452e-03  0.000e+00  1.276e+02  3.097e+00 -1.217e+00  3.132e+00  1.009e+00
  39  2.049e+02  3.417e+02  1.207e+02  2.016e+02  1.000e-09  1.000e-09  0.0625  1.362e-03  0.000e+00  1.207e+02  1.221e+01  1.760e+00  1.269e+01  9.535e+00
iter    cost       merit      stop      |grad|      preg       dreg      step   ||ffeas||  ||gfeas||  ||hfeas||   dV-exp       dV      dPhi-exp     dPhi
  40  1.306e+02  3.276e+02  1.675e+02  1.980e+02  1.000e-09  1.000e-09  0.5000  2.441e-03  0.000e+00  1.675e+02  7.436e+01  7.437e+01  4.683e+01  1.931e+01
  41  1.268e+02  2.196e+02  1.578e+02  6.236e+01  1.000e-09  1.000e-09  0.0625  2.323e-03  0.000e+00  1.578e+02  3.778e+00  3.778e+00  4.138e+00  9.535e+00
  42  1.263e+02  1.719e+02  1.553e+02  5.989e+01  1.000e-09  1.000e-09  0.0156  2.295e-03  0.000e+00  1.553e+02  9.286e-01  5.399e-01  9.398e-01  1.258e+00
  43  1.257e+02  1.672e+02  1.505e+02  5.888e+01  1.000e-09  1.000e-09  0.0312  2.241e-03  0.000e+00  1.505e+02  1.812e+00  5.235e-01  1.853e+00  1.838e+00
  44  1.250e+02  1.667e+02  1.482e+02  5.817e+01  1.000e-09  1.000e-09  0.0156  2.213e-03  0.000e+00  1.482e+02  9.019e-01  6.959e-01  9.121e-01  1.351e+00
  45  1.238e+02  1.637e+02  1.436e+02  5.650e+01  1.000e-09  1.000e-09  0.0312  2.162e-03  0.000e+00  1.436e+02  1.739e+00  1.189e+00  1.778e+00  2.454e+00
  46  1.239e+02  1.611e+02  1.349e+02  5.459e+01  1.000e-09  1.000e-09  0.0625  2.073e-03  0.000e+00  1.349e+02  3.307e+00 -1.744e-02  3.458e+00  2.399e+00
  47  1.213e+02  1.590e+02  1.268e+02  5.528e+01  1.000e-09  1.000e-09  0.0625  1.986e-03  0.000e+00  1.268e+02  3.349e+00  2.608e+00  3.500e+00  5.035e+00
  48  1.182e+02  1.534e+02  1.191e+02  5.159e+01  1.000e-09  1.000e-09  0.0625  1.900e-03  0.000e+00  1.191e+02  3.125e+00  3.061e+00  3.267e+00  5.334e+00
  49  1.179e+02  1.511e+02  1.172e+02  4.632e+01  1.000e-09  1.000e-09  0.0156  1.876e-03  0.000e+00  1.172e+02  7.182e-01  2.809e-01  7.264e-01  8.038e-01
iter    cost       merit      stop      |grad|      preg       dreg      step   ||ffeas||  ||gfeas||  ||hfeas||   dV-exp       dV      dPhi-exp     dPhi
  50  1.178e+02  1.501e+02  1.136e+02  4.583e+01  1.000e-09  1.000e-09  0.0312  1.830e-03  0.000e+00  1.136e+02  1.410e+00  1.562e-01  1.442e+00  1.185e+00
  51  1.173e+02  1.486e+02  1.067e+02  4.580e+01  1.000e-09  1.000e-09  0.0625  1.750e-03  0.000e+00  1.067e+02  2.775e+00  4.264e-01  2.902e+00  2.460e+00
  52  1.173e+02  1.499e+02  1.050e+02  4.555e+01  1.000e-09  1.000e-09  0.0156  1.727e-03  0.000e+00  1.050e+02  7.062e-01  2.833e-02  7.142e-01  5.434e-01
  53  1.155e+02  1.444e+02  9.215e+01  4.533e+01  1.000e-09  1.000e-09  0.1250  1.619e-03  0.000e+00  9.215e+01  5.318e+00  1.831e+00  5.822e+00  5.861e+00
  54  1.170e+02  1.476e+02  8.640e+01  4.488e+01  1.000e-09  1.000e-09  0.0625  1.545e-03  0.000e+00  8.640e+01  2.719e+00 -1.573e+00  2.845e+00  4.573e-01
  55  1.164e+02  1.501e+02  8.126e+01  4.949e+01  1.000e-09  1.000e-09  0.0625  1.474e-03  0.000e+00  8.126e+01  2.998e+00  6.502e-01  3.131e+00  2.784e+00
  56  1.134e+02  1.467e+02  7.641e+01  4.891e+01  1.000e-09  1.000e-09  0.0625  1.405e-03  0.000e+00  7.640e+01  2.963e+00  2.962e+00  3.095e+00  5.076e+00
  57  1.142e+02  1.449e+02  7.407e+01  4.371e+01  1.000e-09  1.000e-09  0.0312  1.368e-03  0.000e+00  7.407e+01  1.345e+00 -7.799e-01  1.375e+00  1.890e-01
  58  1.128e+02  1.448e+02  7.180e+01  4.555e+01  1.000e-09  1.000e-09  0.0312  1.332e-03  0.000e+00  7.179e+01  1.402e+00  1.384e+00  1.433e+00  2.395e+00
  59  1.107e+02  1.401e+02  6.747e+01  4.317e+01  1.000e-09  1.000e-09  0.0625  1.270e-03  0.000e+00  6.747e+01  2.615e+00  2.106e+00  2.732e+00  3.989e+00
iter    cost       merit      stop      |grad|      preg       dreg      step   ||ffeas||  ||gfeas||  ||hfeas||   dV-exp       dV      dPhi-exp     dPhi
  60  1.083e+02  1.359e+02  6.340e+01  4.068e+01  1.000e-09  1.000e-09  0.0625  1.210e-03  0.000e+00  6.340e+01  2.464e+00  2.464e+00  2.575e+00  4.239e+00
  61  1.078e+02  1.338e+02  6.145e+01  3.707e+01  1.000e-09  1.000e-09  0.0312  1.179e-03  0.000e+00  6.145e+01  1.141e+00  4.208e-01  1.166e+00  1.246e+00
  62  1.035e+02  1.270e+02  5.429e+01  3.660e+01  1.000e-09  1.000e-09  0.1250  1.111e-03  0.000e+00  5.429e+01  4.293e+00  4.287e+00  4.679e+00  7.372e+00
  63  1.028e+02  1.229e+02  5.099e+01  2.944e+01  1.000e-09  1.000e-09  0.0625  1.062e-03  0.000e+00  5.099e+01  1.784e+00  7.421e-01  1.865e+00  2.042e+00
  64  1.021e+02  1.224e+02  4.941e+01  2.883e+01  1.000e-09  1.000e-09  0.0312  1.034e-03  0.000e+00  4.941e+01  8.870e-01  7.010e-01  9.072e-01  1.347e+00
  65  1.024e+02  1.223e+02  4.801e+01  2.818e+01  1.000e-09  1.000e-09  0.0312  1.008e-03  0.000e+00  4.801e+01  8.670e-01 -2.986e-01  8.852e-01  2.822e-01
  66  1.006e+02  1.213e+02  4.554e+01  3.015e+01  1.000e-09  1.000e-09  0.0625  9.616e-04  0.000e+00  4.554e+01  1.827e+00  1.825e+00  1.897e+00  2.948e+00
  67  9.988e+01  1.191e+02  4.426e+01  2.731e+01  1.000e-09  1.000e-09  0.0312  9.361e-04  0.000e+00  4.426e+01  8.404e-01  6.994e-01  8.579e-01  1.257e+00
  68  9.995e+01  1.186e+02  4.360e+01  2.610e+01  1.000e-09  1.000e-09  0.0156  9.231e-04  0.000e+00  4.360e+01  4.047e-01 -7.208e-02  4.090e-01  2.069e-01
  69  9.837e+01  1.166e+02  4.152e+01  2.641e+01  1.000e-09  1.000e-09  0.0625  8.826e-04  0.000e+00  4.152e+01  1.600e+00  1.578e+00  1.657e+00  2.493e+00
iter    cost       merit      stop      |grad|      preg       dreg      step   ||ffeas||  ||gfeas||  ||hfeas||   dV-exp       dV      dPhi-exp     dPhi
  70  9.911e+01  1.155e+02  3.866e+01  2.422e+01  1.000e-09  1.000e-09  0.1250  8.295e-04  0.000e+00  3.866e+01  2.842e+00 -7.366e-01  2.993e+00  4.715e-01
  71  9.888e+01  1.182e+02  3.758e+01  2.742e+01  1.000e-09  1.000e-09  0.0312  8.073e-04  0.000e+00  3.758e+01  8.436e-01  2.292e-01  8.610e-01  7.845e-01
  72  9.580e+01  1.141e+02  3.484e+01  2.724e+01  1.000e-09  1.000e-09  0.1250  7.552e-04  0.000e+00  3.484e+01  3.195e+00  3.078e+00  3.374e+00  4.516e+00
  73  9.318e+01  1.117e+02  3.929e+01  2.267e+01  1.000e-09  1.000e-09  0.2500  7.193e-04  0.000e+00  3.929e+01  4.970e+00  2.620e+00  4.445e+00  5.197e-01
  74  9.281e+01  1.076e+02  3.924e+01  2.030e+01  1.000e-09  1.000e-09  0.0625  6.820e-04  0.000e+00  3.924e+01  1.230e+00  3.771e-01  1.231e+00  3.967e-01
  75  9.151e+01  1.078e+02  4.041e+01  2.177e+01  1.000e-09  1.000e-09  0.0625  6.484e-04  0.000e+00  4.040e+01  1.319e+00  1.295e+00  1.290e+00  8.249e-01
  76  9.127e+01  1.071e+02  4.182e+01  2.100e+01  1.000e-09  1.000e-09  0.0625  6.155e-04  0.000e+00  4.182e+01  1.272e+00  2.417e-01  1.239e+00 -2.923e-01
  77  9.083e+01  1.125e+02  5.369e+01  2.333e+01  1.000e-09  1.000e-09  0.1250  5.641e-04  0.000e+00  5.369e+01  2.737e+00  4.378e-01  2.137e+00 -4.363e+00
  78  8.933e+01  1.078e+02  5.534e+01  2.474e+01  1.000e-09  1.000e-09  0.0625  5.331e-04  0.000e+00  5.534e+01  1.499e+00  1.496e+00  1.464e+00  9.471e-01
  79  8.911e+01  1.052e+02  5.479e+01  2.246e+01  1.000e-09  1.000e-09  0.0156  5.250e-04  0.000e+00  5.479e+01  3.483e-01  2.287e-01  3.508e-01  3.888e-01
iter    cost       merit      stop      |grad|      preg       dreg      step   ||ffeas||  ||gfeas||  ||hfeas||   dV-exp       dV      dPhi-exp     dPhi
  80  8.886e+01  1.047e+02  5.426e+01  2.212e+01  1.000e-09  1.000e-09  0.0156  5.171e-04  0.000e+00  5.426e+01  3.430e-01  2.407e-01  3.454e-01  3.971e-01
  81  8.665e+01  1.064e+02  6.811e+01  2.170e+01  1.000e-09  1.000e-09  0.1250  4.653e-04  0.000e+00  6.811e+01  2.546e+00  2.216e+00  2.044e+00 -1.798e+00
  82  8.654e+01  1.002e+02  6.738e+01  1.900e+01  1.000e-09  1.000e-09  0.0156  4.582e-04  0.000e+00  6.738e+01  2.946e-01  1.133e-01  2.969e-01  2.617e-01
  83  8.542e+01  1.019e+02  8.050e+01  1.904e+01  1.000e-09  1.000e-09  0.1250  4.087e-04  0.000e+00  8.050e+01  2.233e+00  1.114e+00  1.897e+00 -1.574e+00
  84  8.545e+01  1.000e+02  7.996e+01  2.026e+01  1.000e-09  1.000e-09  0.0078  4.056e-04  0.000e+00  7.996e+01  1.577e-01 -2.529e-02  1.585e-01  7.237e-02
  85  8.494e+01  9.974e+01  8.054e+01  2.032e+01  1.000e-09  1.000e-09  0.0625  3.812e-04  0.000e+00  8.054e+01  1.231e+00  5.087e-01  1.224e+00  4.026e-01
  86  8.276e+01  1.085e+02  1.442e+02  1.988e+01  1.000e-09  1.000e-09  0.2500  2.979e-04  0.000e+00  1.442e+02  4.355e+00  2.178e+00  1.518e+00 -9.172e+00
  87  8.167e+01  9.433e+01  1.420e+02  1.762e+01  1.000e-09  1.000e-09  0.1250  2.595e-04  0.000e+00  1.420e+02  2.066e+00  1.092e+00  2.091e+00  1.287e+00
  88  8.068e+01  9.242e+01  1.366e+02  1.695e+01  1.000e-09  1.000e-09  0.0625  2.430e-04  0.000e+00  1.366e+02  1.026e+00  9.859e-01  1.055e+00  1.451e+00
  89  8.070e+01  9.224e+01  1.356e+02  1.613e+01  1.000e-09  1.000e-09  0.0078  2.411e-04  0.000e+00  1.356e+02  1.256e-01 -1.902e-02  1.262e-01  6.741e-02
iter    cost       merit      stop      |grad|      preg       dreg      step   ||ffeas||  ||gfeas||  ||hfeas||   dV-exp       dV      dPhi-exp     dPhi
  90  8.045e+01  9.188e+01  1.337e+02  1.609e+01  1.000e-09  1.000e-09  0.0156  2.373e-04  0.000e+00  1.337e+02  2.495e-01  2.494e-01  2.521e-01  4.132e-01
  91  8.045e+01  9.166e+01  1.331e+02  1.562e+01  1.000e-09  1.000e-09  0.0039  2.364e-04  0.000e+00  1.331e+02  6.090e-02  7.280e-03  6.107e-02  5.022e-02
  92  7.997e+01  9.084e+01  1.298e+02  1.548e+01  1.000e-09  1.000e-09  0.0312  2.291e-04  0.000e+00  1.298e+02  4.761e-01  4.761e-01  4.850e-01  7.605e-01
  93  8.009e+01  9.047e+01  1.279e+02  1.460e+01  1.000e-09  1.000e-09  0.0156  2.256e-04  0.000e+00  1.279e+02  2.264e-01 -1.241e-01  2.287e-01  2.603e-02
  94  7.980e+01  9.023e+01  1.246e+02  1.486e+01  1.000e-09  1.000e-09  0.0312  2.186e-04  0.000e+00  1.246e+02  4.573e-01  2.905e-01  4.660e-01  5.686e-01
  95  7.973e+01  8.983e+01  1.228e+02  1.422e+01  1.000e-09  1.000e-09  0.0156  2.152e-04  0.000e+00  1.228e+02  2.205e-01  7.608e-02  2.228e-01  2.238e-01
  96  7.927e+01  8.896e+01  1.174e+02  1.406e+01  1.000e-09  1.000e-09  0.0625  2.023e-04  0.000e+00  1.174e+02  8.517e-01  4.609e-01  8.795e-01  9.052e-01
  97  7.882e+01  8.793e+01  1.119e+02  1.325e+01  1.000e-09  1.000e-09  0.0625  1.901e-04  0.000e+00  1.119e+02  8.027e-01  4.419e-01  8.305e-01  8.863e-01
  98  7.862e+01  8.718e+01  1.065e+02  1.249e+01  1.000e-09  1.000e-09  0.0625  1.787e-04  0.000e+00  1.065e+02  7.565e-01  2.080e-01  7.839e-01  6.458e-01
  99  7.853e+01  8.708e+01  1.035e+02  1.221e+01  1.000e-09  1.000e-09  0.0312  1.732e-04  0.000e+00  1.035e+02  3.756e-01  8.301e-02  3.834e-01  3.313e-01
iter    cost       merit      stop      |grad|      preg       dreg      step   ||ffeas||  ||gfeas||  ||hfeas||   dV-exp       dV      dPhi-exp     dPhi
 100  7.815e+01  8.674e+01  1.005e+02  1.228e+01  1.000e-09  1.000e-09  0.0312  1.679e-04  0.000e+00  1.005e+02  3.778e-01  3.778e-01  3.857e-01  6.296e-01
 101  7.791e+01  8.572e+01  9.529e+01  1.145e+01  1.000e-09  1.000e-09  0.0625  1.580e-04  0.000e+00  9.529e+01  6.935e-01  2.443e-01  7.204e-01  6.741e-01
 102  7.725e+01  8.472e+01  9.019e+01  1.097e+01  1.000e-09  1.000e-09  0.0625  1.486e-04  0.000e+00  9.019e+01  6.646e-01  6.649e-01  6.911e-01  1.088e+00
 103  7.695e+01  8.375e+01  8.755e+01  9.729e+00  1.000e-09  1.000e-09  0.0312  1.440e-04  0.000e+00  8.754e+01  2.993e-01  2.994e-01  3.057e-01  5.047e-01
 104  7.698e+01  8.356e+01  8.687e+01  9.212e+00  1.000e-09  1.000e-09  0.0078  1.429e-04  0.000e+00  8.687e+01  7.169e-02 -3.509e-02  7.209e-02  1.596e-02
 105  7.652e+01  8.248e+01  7.870e+01  9.147e+00  1.000e-09  1.000e-09  0.1250  1.260e-04  0.000e+00  7.870e+01  1.072e+00  4.574e-01  1.150e+00  1.076e+00
 106  7.599e+01  8.192e+01  7.112e+01  9.140e+00  1.000e-09  1.000e-09  0.1250  1.110e-04  0.000e+00  7.112e+01  1.071e+00  5.370e-01  1.151e+00  1.170e+00
 107  7.603e+01  8.186e+01  7.003e+01  8.241e+00  1.000e-09  1.000e-09  0.0156  1.092e-04  0.000e+00  7.003e+01  1.278e-01 -4.064e-02  1.292e-01  4.979e-02
 108  7.525e+01  8.061e+01  6.277e+01  8.319e+00  1.000e-09  1.000e-09  0.1250  9.622e-05  0.000e+00  6.277e+01  9.753e-01  7.758e-01  1.053e+00  1.395e+00
 109  7.426e+01  7.860e+01  5.147e+01  7.372e+00  1.000e-09  1.000e-09  0.2500  7.474e-05  0.000e+00  5.147e+01  1.614e+00  9.960e-01  1.852e+00  1.950e+00
iter    cost       merit      stop      |grad|      preg       dreg      step   ||ffeas||  ||gfeas||  ||hfeas||   dV-exp       dV      dPhi-exp     dPhi
 110  7.353e+01  7.747e+01  4.568e+01  6.171e+00  1.000e-09  1.000e-09  0.1250  6.819e-05  0.000e+00  4.568e+01  7.235e-01  7.239e-01  7.859e-01  1.223e+00
 111  7.342e+01  7.683e+01  4.296e+01  5.029e+00  1.000e-09  1.000e-09  0.0625  6.445e-05  0.000e+00  4.296e+01  3.046e-01  1.080e-01  3.180e-01  3.235e-01
 112  7.320e+01  7.655e+01  4.040e+01  4.946e+00  1.000e-09  1.000e-09  0.0625  6.089e-05  0.000e+00  4.040e+01  2.995e-01  2.266e-01  3.128e-01  4.391e-01
 113  7.317e+01  7.636e+01  3.916e+01  4.575e+00  1.000e-09  1.000e-09  0.0312  5.905e-05  0.000e+00  3.916e+01  1.407e-01  3.010e-02  1.439e-01  1.308e-01
 114  7.304e+01  7.621e+01  3.796e+01  4.544e+00  1.000e-09  1.000e-09  0.0312  5.724e-05  0.000e+00  3.796e+01  1.398e-01  1.294e-01  1.429e-01  2.295e-01
 115  7.278e+01  7.569e+01  3.569e+01  4.294e+00  1.000e-09  1.000e-09  0.0625  5.394e-05  0.000e+00  3.569e+01  2.600e-01  2.601e-01  2.716e-01  4.456e-01
 116  7.265e+01  7.544e+01  3.459e+01  3.992e+00  1.000e-09  1.000e-09  0.0312  5.230e-05  0.000e+00  3.459e+01  1.228e-01  1.228e-01  1.256e-01  2.110e-01
 117  7.266e+01  7.512e+01  3.249e+01  3.633e+00  1.000e-09  1.000e-09  0.0625  4.906e-05  0.000e+00  3.249e+01  2.200e-01 -2.665e-03  2.300e-01  1.565e-01
 118  7.256e+01  7.515e+01  3.149e+01  3.702e+00  1.000e-09  1.000e-09  0.0312  4.751e-05  0.000e+00  3.149e+01  1.139e-01  9.393e-02  1.165e-01  1.762e-01
 119  7.263e+01  7.502e+01  2.754e+01  3.790e+00  1.000e-09  1.000e-09  0.1250  4.168e-05  0.000e+00  2.754e+01  4.444e-01 -6.530e-02  4.873e-01  2.778e-01
iter    cost       merit      stop      |grad|      preg       dreg      step   ||ffeas||  ||gfeas||  ||hfeas||   dV-exp       dV      dPhi-exp     dPhi
 120  7.275e+01  7.526e+01  2.408e+01  3.991e+00  1.000e-09  1.000e-09  0.1250  3.708e-05  0.000e+00  2.408e+01  4.680e-01 -1.174e-01  5.131e-01  2.439e-01
 121  7.246e+01  7.518e+01  2.101e+01  4.336e+00  1.000e-09  1.000e-09  0.1250  3.484e-05  0.000e+00  2.101e+01  5.084e-01  2.901e-01  5.582e-01  6.883e-01
 122  7.257e+01  7.518e+01  1.969e+01  3.869e+00  1.000e-09  1.000e-09  0.0625  3.320e-05  0.000e+00  1.969e+01  2.343e-01 -1.146e-01  2.453e-01  6.133e-02
 123  7.219e+01  7.479e+01  1.718e+01  4.146e+00  1.000e-09  1.000e-09  0.1250  3.094e-05  0.000e+00  1.718e+01  4.862e-01  3.834e-01  5.336e-01  7.632e-01
 124  7.211e+01  7.446e+01  1.610e+01  3.484e+00  1.000e-09  1.000e-09  0.0625  2.943e-05  0.000e+00  1.610e+01  2.110e-01  7.903e-02  2.209e-01  2.372e-01
 125  7.171e+01  7.391e+01  1.403e+01  3.507e+00  1.000e-09  1.000e-09  0.1250  2.786e-05  0.000e+00  1.403e+01  4.112e-01  3.992e-01  4.519e-01  7.247e-01
 126  7.167e+01  7.376e+01  1.359e+01  2.993e+00  1.000e-09  1.000e-09  0.0312  2.713e-05  0.000e+00  1.359e+01  9.209e-02  4.352e-02  9.422e-02  1.116e-01
 127  7.162e+01  7.360e+01  1.272e+01  2.928e+00  1.000e-09  1.000e-09  0.0625  2.597e-05  0.000e+00  1.272e+01  1.773e-01  4.541e-02  1.857e-01  1.794e-01
 128  7.155e+01  7.362e+01  1.232e+01  2.965e+00  1.000e-09  1.000e-09  0.0312  2.531e-05  0.000e+00  1.232e+01  9.123e-02  7.322e-02  9.334e-02  1.406e-01
 129  7.151e+01  7.353e+01  1.213e+01  2.846e+00  1.000e-09  1.000e-09  0.0156  2.495e-05  0.000e+00  1.213e+01  4.413e-02  4.048e-02  4.463e-02  7.267e-02
iter    cost       merit      stop      |grad|      preg       dreg      step   ||ffeas||  ||gfeas||  ||hfeas||   dV-exp       dV      dPhi-exp     dPhi
 130  7.151e+01  7.353e+01  1.213e+01  2.777e+00  1.000e-09  1.000e-09  0.0020  2.495e-05  0.000e+00  1.213e+01  5.418e-03 -4.153e-03  5.425e-03 -2.377e-04
 131  7.151e+01  7.353e+01  1.213e+01  2.774e+00  1.000e-08  1.000e-08  0.0020  2.495e-05  0.000e+00  1.213e+01  5.412e-03 -4.049e-03  5.420e-03 -1.337e-04
 132  7.151e+01  7.351e+01  1.211e+01  2.747e+00  1.000e-07  1.000e-07  0.0020  2.490e-05  0.000e+00  1.211e+01  5.361e-03 -3.123e-03  5.368e-03  7.884e-04
 133  7.137e+01  7.320e+01  1.134e+01  2.680e+00  1.000e-07  1.000e-07  0.0625  2.388e-05  0.000e+00  1.134e+01  1.624e-01  1.351e-01  1.701e-01  2.583e-01
 134  7.130e+01  7.304e+01  1.099e+01  2.462e+00  1.000e-07  1.000e-07  0.0312  2.327e-05  0.000e+00  1.099e+01  7.575e-02  7.576e-02  7.751e-02  1.321e-01
 135  7.129e+01  7.297e+01  1.090e+01  2.336e+00  1.000e-07  1.000e-07  0.0078  2.309e-05  0.000e+00  1.090e+01  1.818e-02  1.255e-02  1.829e-02  2.587e-02
 136  7.128e+01  7.295e+01  1.082e+01  2.312e+00  1.000e-07  1.000e-07  0.0078  2.292e-05  0.000e+00  1.082e+01  1.799e-02  8.315e-03  1.810e-02  2.149e-02
 137  7.129e+01  7.294e+01  1.065e+01  2.302e+00  1.000e-07  1.000e-07  0.0156  2.259e-05  0.000e+00  1.065e+01  3.570e-02 -1.370e-02  3.611e-02  1.256e-02
 138  7.117e+01  7.274e+01  9.976e+00  2.294e+00  1.000e-07  1.000e-07  0.0625  2.164e-05  0.000e+00  9.976e+00  1.390e-01  1.194e-01  1.455e-01  2.245e-01
 139  7.125e+01  7.269e+01  9.349e+00  2.103e+00  1.000e-07  1.000e-07  0.0625  2.073e-05  0.000e+00  9.349e+00  1.274e-01 -8.246e-02  1.335e-01  1.387e-02
iter    cost       merit      stop      |grad|      preg       dreg      step   ||ffeas||  ||gfeas||  ||hfeas||   dV-exp       dV      dPhi-exp     dPhi
 140  7.110e+01  7.258e+01  8.162e+00  2.323e+00  1.000e-07  1.000e-07  0.1250  1.971e-05  0.000e+00  8.162e+00  2.725e-01  1.510e-01  2.993e-01  3.651e-01
 141  7.097e+01  7.247e+01  7.650e+00  2.191e+00  1.000e-07  1.000e-07  0.0625  1.887e-05  0.000e+00  7.650e+00  1.327e-01  1.311e-01  1.390e-01  2.313e-01
 142  7.095e+01  7.230e+01  6.690e+00  2.111e+00  1.000e-07  1.000e-07  0.1250  1.805e-05  0.000e+00  6.690e+00  2.478e-01  2.270e-02  2.721e-01  2.168e-01
 143  7.101e+01  7.253e+01  6.272e+00  2.216e+00  1.000e-07  1.000e-07  0.0625  1.741e-05  0.000e+00  6.272e+00  1.343e-01 -6.139e-02  1.406e-01  3.968e-02
 144  7.097e+01  7.265e+01  6.077e+00  2.373e+00  1.000e-07  1.000e-07  0.0312  1.697e-05  0.000e+00  6.077e+00  7.301e-02  3.882e-02  7.469e-02  9.259e-02
 145  7.071e+01  7.219e+01  5.331e+00  2.326e+00  1.000e-07  1.000e-07  0.1250  1.652e-05  0.000e+00  5.331e+00  2.730e-01  2.634e-01  2.990e-01  4.713e-01
 146  7.066e+01  7.200e+01  5.165e+00  1.897e+00  1.000e-07  1.000e-07  0.0312  1.610e-05  0.000e+00  5.165e+00  5.839e-02  5.238e-02  5.974e-02  9.546e-02
 147  7.063e+01  7.193e+01  5.084e+00  1.817e+00  1.000e-07  1.000e-07  0.0156  1.587e-05  0.000e+00  5.084e+00  2.818e-02  2.740e-02  2.850e-02  4.808e-02
 148  7.071e+01  7.175e+01  4.156e+00  1.732e+00  1.000e-07  1.000e-07  0.2500  1.599e-05  0.000e+00  4.156e+00  3.800e-01 -8.494e-02  4.377e-01  1.457e-01
 149  7.076e+01  7.222e+01  3.983e+00  2.096e+00  2.000e-08  2.000e-08  0.0625  1.523e-05  0.000e+00  3.983e+00  1.270e-01 -4.809e-02  1.309e-01  1.515e-02
iter    cost       merit      stop      |grad|      preg       dreg      step   ||ffeas||  ||gfeas||  ||hfeas||   dV-exp       dV      dPhi-exp     dPhi
 150  7.079e+01  7.243e+01  3.814e+00  2.372e+00  2.000e-08  2.000e-08  0.1250  1.437e-05  0.000e+00  3.814e+00  2.782e-01 -2.403e-02  2.873e-01  4.864e-02
 151  7.077e+01  7.268e+01  3.666e+00  2.758e+00  2.000e-08  2.000e-08  0.0625  1.375e-05  0.000e+00  3.666e+00  1.670e-01  1.862e-02  1.719e-01  9.609e-02
 152  7.070e+01  7.263e+01  3.551e+00  2.767e+00  2.000e-08  2.000e-08  0.1250  1.306e-05  0.000e+00  3.551e+00  3.245e-01  7.127e-02  3.323e-01  1.338e-01
 153  7.066e+01  7.258e+01  3.408e+00  2.772e+00  2.000e-08  2.000e-08  0.0625  1.259e-05  0.000e+00  3.408e+00  1.679e-01  3.367e-02  1.729e-01  1.144e-01
 154  7.056e+01  7.245e+01  3.270e+00  2.741e+00  2.000e-08  2.000e-08  0.0625  1.212e-05  0.000e+00  3.270e+00  1.660e-01  1.073e-01  1.710e-01  1.871e-01
 155  7.055e+01  7.233e+01  3.148e+00  2.565e+00  2.000e-08  2.000e-08  0.1250  1.176e-05  0.000e+00  3.148e+00  3.008e-01  7.319e-03  3.094e-01  7.647e-02
 156  7.047e+01  7.232e+01  3.066e+00  2.637e+00  2.000e-08  2.000e-08  0.0312  1.146e-05  0.000e+00  3.066e+00  8.112e-02  8.090e-02  8.266e-02  1.304e-01
 157  7.030e+01  7.202e+01  2.937e+00  2.489e+00  2.000e-08  2.000e-08  0.1250  1.098e-05  0.000e+00  2.937e+00  2.919e-01  1.623e-01  3.014e-01  2.382e-01
 158  7.032e+01  7.193e+01  2.914e+00  2.249e+00  2.000e-08  2.000e-08  0.0078  1.090e-05  0.000e+00  2.914e+00  1.750e-02 -1.133e-02  1.760e-02  8.453e-04
 159  7.026e+01  7.181e+01  2.790e+00  2.249e+00  2.000e-08  2.000e-08  0.0625  1.034e-05  0.000e+00  2.790e+00  1.362e-01  6.086e-02  1.405e-01  1.300e-01
iter    cost       merit      stop      |grad|      preg       dreg      step   ||ffeas||  ||gfeas||  ||hfeas||   dV-exp       dV      dPhi-exp     dPhi
 160  7.013e+01  7.163e+01  2.670e+00  2.172e+00  2.000e-08  2.000e-08  0.0625  9.814e-06  0.000e+00  2.670e+00  1.315e-01  1.284e-01  1.357e-01  1.956e-01
 161  7.008e+01  7.148e+01  2.600e+00  1.988e+00  2.000e-08  2.000e-08  0.0312  9.538e-06  0.000e+00  2.600e+00  6.117e-02  4.879e-02  6.235e-02  8.669e-02
 162  6.993e+01  7.124e+01  2.475e+00  1.910e+00  2.000e-08  2.000e-08  0.1250  8.819e-06  0.000e+00  2.475e+00  2.240e-01  1.527e-01  2.323e-01  2.188e-01
 163  6.985e+01  7.101e+01  2.366e+00  1.683e+00  2.000e-08  2.000e-08  0.0625  8.371e-06  0.000e+00  2.366e+00  1.019e-01  7.433e-02  1.053e-01  1.281e-01
 164  6.988e+01  7.099e+01  2.264e+00  1.610e+00  2.000e-08  2.000e-08  0.0625  8.024e-06  0.000e+00  2.264e+00  9.751e-02 -2.785e-02  1.006e-01  2.235e-02
 165  6.969e+01  7.095e+01  2.331e+00  1.695e+00  2.000e-08  2.000e-08  0.1250  7.655e-06  0.000e+00  2.331e+00  1.988e-01  1.940e-01  1.942e-01  1.577e-01
 166  6.969e+01  7.071e+01  2.314e+00  1.426e+00  2.000e-08  2.000e-08  0.0078  7.598e-06  0.000e+00  2.314e+00  1.109e-02 -4.405e-03  1.115e-02  3.126e-03
 167  6.966e+01  7.064e+01  2.260e+00  1.389e+00  2.000e-08  2.000e-08  0.0312  7.392e-06  0.000e+00  2.260e+00  4.272e-02  2.740e-02  4.345e-02  5.077e-02
 168  6.958e+01  7.053e+01  2.194e+00  1.346e+00  2.000e-08  2.000e-08  0.0625  7.057e-06  0.000e+00  2.194e+00  8.156e-02  8.154e-02  8.335e-02  1.101e-01
 169  6.957e+01  7.045e+01  2.164e+00  1.219e+00  2.000e-08  2.000e-08  0.0156  6.954e-06  0.000e+00  2.164e+00  1.891e-02  5.838e-03  1.909e-02  1.774e-02
iter    cost       merit      stop      |grad|      preg       dreg      step   ||ffeas||  ||gfeas||  ||hfeas||   dV-exp       dV      dPhi-exp     dPhi
 170  6.955e+01  7.041e+01  2.107e+00  1.215e+00  2.000e-08  2.000e-08  0.0625  6.635e-06  0.000e+00  2.107e+00  7.357e-02  1.972e-02  7.504e-02  4.320e-02
 171  6.952e+01  7.041e+01  2.067e+00  1.263e+00  2.000e-08  2.000e-08  0.0312  6.456e-06  0.000e+00  2.067e+00  3.887e-02  3.887e-02  3.941e-02  5.614e-02
 172  6.950e+01  7.036e+01  2.041e+00  1.202e+00  2.000e-08  2.000e-08  0.0156  6.362e-06  0.000e+00  2.041e+00  1.863e-02  1.325e-02  1.880e-02  2.409e-02
 173  6.936e+01  7.029e+01  2.216e+00  1.176e+00  2.000e-08  2.000e-08  0.1250  5.909e-06  0.000e+00  2.216e+00  1.379e-01  1.378e-01  1.288e-01  6.482e-02
 174  6.931e+01  7.000e+01  2.191e+00  9.629e-01  2.000e-08  2.000e-08  0.0625  5.617e-06  0.000e+00  2.191e+00  5.834e-02  5.832e-02  5.884e-02  6.639e-02
 175  6.927e+01  7.017e+01  2.149e+00  1.267e+00  2.000e-08  2.000e-08  0.0312  5.465e-06  0.000e+00  2.149e+00  3.899e-02  3.898e-02  3.953e-02  5.636e-02
 176  6.927e+01  7.013e+01  2.123e+00  1.205e+00  2.000e-08  2.000e-08  0.0156  5.386e-06  0.000e+00  2.123e+00  1.868e-02  2.616e-03  1.885e-02  1.353e-02
 177  6.922e+01  7.061e+01  3.356e+00  1.206e+00  2.000e-08  2.000e-08  0.2500  6.056e-06  0.000e+00  3.356e+00  2.647e-01  4.657e-02  1.369e-01 -4.646e-01
 178  6.916e+01  7.005e+01  3.393e+00  1.175e+00  2.000e-07  2.000e-07  0.1250  5.629e-06  0.000e+00  3.393e+00  1.382e-01  6.349e-02  1.370e-01  5.364e-02
 179  6.908e+01  6.994e+01  3.296e+00  1.176e+00  2.000e-07  2.000e-07  0.0625  5.354e-06  0.000e+00  3.296e+00  7.133e-02  7.133e-02  7.292e-02  9.679e-02
iter    cost       merit      stop      |grad|      preg       dreg      step   ||ffeas||  ||gfeas||  ||hfeas||   dV-exp       dV      dPhi-exp     dPhi
 180  6.906e+01  6.988e+01  3.221e+00  1.117e+00  2.000e-07  2.000e-07  0.0312  5.205e-06  0.000e+00  3.221e+00  3.440e-02  2.062e-02  3.499e-02  3.952e-02
 181  6.882e+01  6.991e+01  4.285e+00  1.090e+00  2.000e-07  2.000e-07  0.2500  5.039e-06  0.000e+00  4.285e+00  2.403e-01  2.402e-01  1.726e-01 -3.057e-02
 182  6.880e+01  6.935e+01  4.184e+00  7.596e-01  4.000e-08  4.000e-08  0.0312  4.896e-06  0.000e+00  4.184e+00  2.338e-02  1.866e-02  2.380e-02  3.195e-02
 183  6.880e+01  6.935e+01  4.176e+00  7.365e-01  4.000e-08  4.000e-08  0.0020  4.887e-06  0.000e+00  4.176e+00  1.437e-03  5.225e-04  1.439e-03  1.569e-03
 184  6.877e+01  6.928e+01  4.047e+00  7.093e-01  4.000e-08  4.000e-08  0.0625  4.645e-06  0.000e+00  4.047e+00  4.300e-02  3.447e-02  4.401e-02  5.065e-02
 185  6.873e+01  6.921e+01  3.928e+00  6.690e-01  4.000e-08  4.000e-08  0.0625  4.416e-06  0.000e+00  3.928e+00  4.055e-02  3.528e-02  4.146e-02  4.974e-02
 186  6.866e+01  6.912e+01  3.988e+00  6.057e-01  4.000e-08  4.000e-08  0.1250  4.114e-06  0.000e+00  3.988e+00  7.114e-02  7.117e-02  7.030e-02  6.442e-02
 187  6.863e+01  6.901e+01  3.882e+00  5.319e-01  4.000e-08  4.000e-08  0.0625  3.922e-06  0.000e+00  3.882e+00  3.224e-02  3.225e-02  3.289e-02  4.267e-02
 188  6.862e+01  6.898e+01  3.798e+00  4.984e-01  4.000e-08  4.000e-08  0.0312  3.815e-06  0.000e+00  3.798e+00  1.534e-02  1.514e-02  1.559e-02  2.319e-02
 189  6.855e+01  6.905e+01  5.208e+00  4.816e-01  4.000e-08  4.000e-08  0.2500  4.232e-06  0.000e+00  5.208e+00  1.059e-01  6.043e-02  7.276e-02 -7.229e-02
iter    cost       merit      stop      |grad|      preg       dreg      step   ||ffeas||  ||gfeas||  ||hfeas||   dV-exp       dV      dPhi-exp     dPhi
 190  6.845e+01  6.888e+01  6.356e+00  4.587e-01  4.000e-07  4.000e-07  0.2500  4.495e-06  0.000e+00  6.356e+00  1.013e-01  1.015e-01  8.204e-02  2.449e-02
 191  6.837e+01  6.871e+01  7.395e+00  3.843e-01  8.000e-08  8.000e-08  0.2500  4.708e-06  0.000e+00  7.395e+00  8.481e-02  8.375e-02  7.289e-02  3.611e-02
 192  6.835e+01  6.860e+01  7.097e+00  3.245e-01  8.000e-07  8.000e-07  0.0625  4.498e-06  0.000e+00  7.097e+00  1.971e-02  1.973e-02  2.036e-02  3.007e-02
 193  6.835e+01  6.859e+01  6.997e+00  3.165e-01  8.000e-07  8.000e-07  0.0156  4.434e-06  0.000e+00  6.997e+00  4.910e-03  2.274e-03  4.966e-03  5.818e-03
 194  6.822e+01  6.872e+01  1.387e+01  3.177e-01  8.000e-07  8.000e-07  0.5000  7.739e-06  0.000e+00  1.387e+01  1.232e-01  1.246e-01  1.907e-04 -1.215e-01
 195  6.811e+01  6.844e+01  1.820e+01  3.101e-01  1.600e-07  1.600e-07  0.5000  9.844e-06  0.000e+00  1.820e+01  1.215e-01  1.172e-01  8.229e-02  3.885e-02
 196  6.808e+01  6.832e+01  1.665e+01  3.180e-01  3.200e-08  3.200e-08  0.1250  8.941e-06  0.000e+00  1.665e+01  3.762e-02  2.337e-02  4.040e-02  4.553e-02
 197  6.810e+01  6.835e+01  1.529e+01  3.398e-01  3.200e-08  3.200e-08  0.1250  8.139e-06  0.000e+00  1.529e+01  4.015e-02 -1.777e-02  4.294e-02  4.589e-03
 198  6.799e+01  6.841e+01  1.868e+01  4.403e-01  3.200e-08  3.200e-08  0.5000  8.581e-06  0.000e+00  1.868e+01  1.699e-01  1.113e-01  1.319e-01  3.521e-02
 199  6.794e+01  6.825e+01  1.699e+01  4.399e-01  6.400e-09  6.400e-09  0.1250  8.008e-06  0.000e+00  1.699e+01  5.189e-02  5.203e-02  5.580e-02  8.331e-02
iter    cost       merit      stop      |grad|      preg       dreg      step   ||ffeas||  ||gfeas||  ||hfeas||   dV-exp       dV      dPhi-exp     dPhi
 200  6.794e+01  6.824e+01  1.650e+01  3.925e-01  6.400e-09  6.400e-09  0.0312  7.791e-06  0.000e+00  1.650e+01  1.209e-02 -6.222e-05  1.237e-02  8.876e-03
 201  6.785e+01  6.813e+01  1.483e+01  4.057e-01  6.400e-09  6.400e-09  0.2500  7.861e-06  0.000e+00  1.483e+01  8.996e-02  9.056e-02  9.802e-02  1.228e-01
 202  6.779e+01  6.802e+01  1.338e+01  3.286e-01  1.280e-09  1.280e-09  0.2500  7.928e-06  0.000e+00  1.338e+01  7.295e-02  6.145e-02  7.928e-02  8.675e-02
 203  6.779e+01  6.802e+01  1.222e+01  3.228e-01  1.280e-08  1.280e-08  0.1250  7.446e-06  0.000e+00  1.222e+01  3.808e-02 -8.388e-03  4.081e-02  1.349e-02
 204  6.771e+01  6.798e+01  1.110e+01  3.876e-01  1.280e-08  1.280e-08  0.2500  7.579e-06  0.000e+00  1.110e+01  8.567e-02  8.622e-02  9.248e-02  1.134e-01
 205  6.767e+01  6.788e+01  1.015e+01  2.988e-01  2.560e-09  2.560e-09  0.1250  7.103e-06  0.000e+00  1.015e+01  3.521e-02  3.534e-02  3.769e-02  5.519e-02
 206  6.766e+01  6.787e+01  9.858e+00  2.675e-01  2.560e-09  2.560e-09  0.0312  6.909e-06  0.000e+00  9.858e+00  8.239e-03  8.247e-03  8.425e-03  1.421e-02
 207  6.766e+01  6.786e+01  9.711e+00  2.606e-01  2.560e-09  2.560e-09  0.0156  6.809e-06  0.000e+00  9.711e+00  4.042e-03  4.044e-03  4.090e-03  7.073e-03
 208  6.766e+01  6.786e+01  9.673e+00  2.573e-01  2.560e-09  2.560e-09  0.0039  6.782e-06  0.000e+00  9.673e+00  1.003e-03  4.610e-04  1.006e-03  1.233e-03
 209  6.756e+01  6.778e+01  1.111e+01  2.518e-01  2.560e-09  2.560e-09  0.5000  1.043e-05  0.000e+00  1.111e+01  9.719e-02  9.935e-02  8.265e-02  7.028e-02
iter    cost       merit      stop      |grad|      preg       dreg      step   ||ffeas||  ||gfeas||  ||hfeas||   dV-exp       dV      dPhi-exp     dPhi
 210  6.751e+01  6.765e+01  1.025e+01  1.819e-01  2.560e-08  2.560e-08  0.5000  1.081e-05  0.000e+00  1.025e+01  7.142e-02  5.171e-02  7.715e-02  6.315e-02
 211  6.749e+01  6.761e+01  8.527e+00  1.853e-01  2.560e-07  2.560e-07  0.2500  9.108e-06  0.000e+00  8.527e+00  4.135e-02  2.053e-02  4.771e-02  4.597e-02
 212  6.738e+01  6.754e+01  9.136e+00  1.807e-01  2.560e-06  2.560e-06  1.0000  1.480e-05  0.000e+00  9.136e+00  1.050e-01  1.077e-01  9.428e-02  9.695e-02
 213  6.735e+01  6.740e+01  5.821e+00  9.795e-02  5.120e-07  5.120e-07  0.5000  8.825e-06  0.000e+00  5.821e+00  4.031e-02  3.378e-02  5.671e-02  6.659e-02
 214  6.732e+01  6.735e+01  2.552e+00  7.646e-02  5.120e-06  5.120e-06  1.0000  5.373e-06  0.000e+00  2.552e+00  5.060e-02  2.409e-02  9.120e-02  6.468e-02
 215  6.728e+01  6.729e+01  2.316e-01  6.549e-02  5.120e-05  5.120e-05  1.0000  8.369e-07  0.000e+00  2.316e-01  4.194e-02  3.882e-02  9.641e-02  9.329e-02
 216  6.727e+01  6.728e+01  2.440e-02  1.497e-02  5.120e-04  5.120e-04  1.0000  1.368e-07  0.000e+00  2.440e-02  8.612e-03  8.701e-03  1.962e-02  1.971e-02
 217  6.727e+01  6.727e+01  1.304e-04  1.703e-04  5.120e-03  5.120e-03  1.0000  7.304e-10  0.000e+00  1.304e-04  1.597e-04  1.600e-04  8.043e-04  8.047e-04
 218  6.727e+01  6.727e+01  1.753e-06  2.292e-05  5.120e-02  5.120e-02  1.0000  6.515e-12  0.000e+00  1.753e-06  2.129e-05  2.133e-05  5.129e-05  5.134e-05
 219  6.727e+01  6.727e+01  2.944e-08  2.020e-06  5.120e-01  5.120e-01  1.0000  6.376e-14  0.000e+00  1.822e-08  2.010e-06  2.011e-06  4.852e-06  4.852e-06
iter    cost       merit      stop      |grad|      preg       dreg      step   ||ffeas||  ||gfeas||  ||hfeas||   dV-exp       dV      dPhi-exp     dPhi
 220  6.727e+01  6.727e+01  2.929e-09  2.001e-07  5.120e+00  5.120e+00  1.0000  3.553e-15  0.000e+00  1.829e-10  2.000e-07  2.000e-07  4.828e-07  4.828e-07
