*** SOLVE (MultiShoot) ***
iter    cost       merit      stop      |grad|      preg       dreg      step   ||ffeas||  ||gfeas||  ||hfeas||   dV-exp       dV      dPhi-exp     dPhi
   0  4.294e+00  4.294e+00  7.878e+02  2.754e-01  1.000e-09  1.000e-09  0.1250  3.023e-04  0.000e+00  7.878e+02 -6.786e-01 -8.990e-01 -6.786e-01 -8.990e-01
   1  4.804e+00  4.804e+00  6.008e+02  1.141e+00  1.000e-09  1.000e-09  0.2500  3.355e-04  0.000e+00  6.008e+02 -5.231e-01 -5.095e-01 -5.231e-01 -5.095e-01
   2  9.867e+00  9.867e+00  4.396e+02  4.507e+00  1.000e-09  1.000e-09  0.2500  3.236e-04  0.000e+00  4.396e+02 -1.705e+00 -5.064e+00 -1.705e+00 -5.064e+00
   3  1.046e+01  1.046e+01  3.752e+02  9.912e-01  1.000e-09  1.000e-09  0.1250  2.840e-04  0.000e+00  3.752e+02 -7.998e-02 -5.935e-01 -7.998e-02 -5.935e-01
   4  1.510e+01  1.510e+01  4.221e+02  1.267e+00  1.000e-09  1.000e-09  0.5000  3.176e-03  0.000e+00  4.221e+02 -2.637e+00 -4.638e+00 -2.637e+00 -4.638e+00
   5  1.437e+01  1.437e+01  2.647e+02  7.276e+00  1.000e-09  1.000e-09  0.2500  3.267e-03  0.000e+00  2.647e+02  1.356e+00  7.328e-01  1.356e+00  7.328e-01
   6  1.245e+01  1.298e+01  1.653e+02  6.472e+00  1.000e-09  1.000e-09  0.5000  3.107e-03  0.000e+00  1.653e+02  1.767e+00  1.919e+00  1.928e+00  2.239e+00
   7  1.145e+01  1.353e+01  1.393e+02  4.820e+00  1.000e-09  1.000e-09  0.2500  2.427e-03  0.000e+00  1.393e+02  1.012e+00  9.976e-01  1.108e+00  1.385e+00
   8  1.406e+01  1.461e+01  7.444e+01  8.562e-02  1.000e-09  1.000e-09  1.0000  1.062e-03  0.000e+00  7.444e+01 -1.048e+00 -2.605e+00 -5.635e-01 -2.121e+00
   9  1.327e+01  1.934e+01  1.160e+02  5.645e+00  1.000e-09  1.000e-09  0.5000  1.636e-03  0.000e+00  1.160e+02  2.093e+00  7.841e-01  1.006e+00 -1.390e+00
iter    cost       merit      stop      |grad|      preg       dreg      step   ||ffeas||  ||gfeas||  ||hfeas||   dV-exp       dV      dPhi-exp     dPhi
  10  1.179e+01  1.538e+01  1.372e+02  4.177e+00  1.000e-09  1.000e-09  0.5000  1.848e-03  0.000e+00  1.372e+02  1.466e+00  1.484e+00  1.188e+00  9.262e-01
  11  1.138e+01  1.306e+01  1.281e+02  1.956e+00  1.000e-09  1.000e-09  0.2500  1.595e-03  0.000e+00  1.281e+02  4.054e-01  4.077e-01  4.353e-01  5.272e-01
  12  1.155e+01  1.193e+01  5.808e+01  4.717e-01  1.000e-09  1.000e-09  1.0000  5.221e-04  0.000e+00  5.808e+01 -1.959e-01 -1.658e-01  2.625e-01  2.927e-01
  13  1.155e+01  1.456e+01  5.787e+01  4.686e+00  1.000e-09  1.000e-09  0.0039  5.199e-04  0.000e+00  5.787e+01  1.827e-02 -7.861e-04  1.831e-02  1.051e-02
  14  1.055e+01  1.474e+01  8.249e+01  4.583e+00  1.000e-09  1.000e-09  0.2500  6.616e-04  0.000e+00  8.249e+01  9.880e-01  9.977e-01  6.749e-01 -2.547e-01
  15  1.140e+01  1.189e+01  1.905e+01  6.647e-01  1.000e-09  1.000e-09  1.0000  1.292e-04  0.000e+00  1.905e+01 -8.856e-01 -8.561e-01  7.280e-01  7.574e-01
  16  1.077e+01  1.288e+01  4.009e+01  1.598e+00  1.000e-09  1.000e-09  0.5000  3.633e-04  0.000e+00  4.009e+01  5.748e-01  6.300e-01  2.149e-02 -4.766e-01
  17  1.078e+01  1.237e+01  3.993e+01  2.931e+00  1.000e-09  1.000e-09  0.0039  3.618e-04  0.000e+00  3.993e+01  1.142e-02 -1.718e-03  1.145e-02  4.616e-03
  18  9.882e+00  1.241e+01  6.558e+01  2.847e+00  1.000e-09  1.000e-09  0.5000  5.796e-04  0.000e+00  6.558e+01  9.809e-01  8.947e-01  4.871e-01 -9.310e-02
  19  8.583e+00  1.269e+01  1.556e+02  3.877e+00  1.000e-09  1.000e-09  0.5000  2.117e-03  0.000e+00  1.556e+02  1.273e+00  1.299e+00  8.319e-02 -1.080e+00
iter    cost       merit      stop      |grad|      preg       dreg      step   ||ffeas||  ||gfeas||  ||hfeas||   dV-exp       dV      dPhi-exp     dPhi
  20  8.587e+00  1.063e+01  1.550e+02  3.235e+00  1.000e-09  1.000e-09  0.0039  2.108e-03  0.000e+00  1.550e+02  1.260e-02 -4.196e-03  1.263e-02  3.747e-03
  21  7.566e+00  8.739e+00  1.671e+02  3.189e+00  1.000e-09  1.000e-09  0.5000  1.295e-03  0.000e+00  1.671e+02  9.877e-01  1.021e+00  9.454e-01  9.362e-01
  22  9.475e+00  1.258e+01  8.849e+02  9.557e-02  1.000e-09  1.000e-09  1.0000  1.031e-02  0.000e+00  8.849e+02 -1.963e+00 -1.909e+00 -4.484e+00 -4.430e+00
  23  9.594e+00  1.450e+01  8.585e+02  7.732e+00  1.000e-09  1.000e-09  0.0312  9.936e-03  0.000e+00  8.585e+02  2.375e-01 -1.190e-01  2.423e-01  3.223e-02
  24  7.328e+00  1.343e+01  1.003e+03  8.017e+00  1.000e-09  1.000e-09  1.0000  1.034e-02  0.000e+00  1.003e+03  3.653e+00  2.267e+00  2.772e+00  1.386e+00
  25  7.359e+00  1.023e+01  9.434e+02  2.446e+00  1.000e-09  1.000e-09  0.0625  9.641e-03  0.000e+00  9.434e+02  1.346e-01 -3.123e-02  1.460e-01  1.510e-01
  26  8.941e+00  1.008e+01  7.488e+02  1.962e+00  1.000e-09  1.000e-09  0.5000  9.067e-03  0.000e+00  7.488e+02 -3.362e-01 -1.582e+00 -1.883e-01 -1.286e+00
  27  8.883e+00  9.433e+00  7.247e+02  4.142e+00  1.000e-09  1.000e-09  0.0312  8.736e-03  0.000e+00  7.247e+02  1.244e-01  5.865e-02  1.249e-01  7.691e-02
  28  8.811e+00  9.077e+00  7.013e+02  3.742e+00  1.000e-09  1.000e-09  0.0312  8.411e-03  0.000e+00  7.013e+02  1.116e-01  7.160e-02  1.119e-01  8.051e-02
  29  8.711e+00  8.835e+00  6.543e+02  3.377e+00  1.000e-09  1.000e-09  0.0625  7.794e-03  0.000e+00  6.543e+02  1.900e-01  9.973e-02  1.905e-01  1.086e-01
iter    cost       merit      stop      |grad|      preg       dreg      step   ||ffeas||  ||gfeas||  ||hfeas||   dV-exp       dV      dPhi-exp     dPhi
  30  8.411e+00  8.452e+00  4.415e+02  2.744e+00  1.000e-09  1.000e-09  0.2500  5.609e-03  0.000e+00  4.415e+02  3.491e-01  3.007e-01  3.542e-01  3.209e-01
  31  1.269e+01  1.270e+01  1.909e+02  6.292e-01  1.000e-09  1.000e-09  1.0000  3.264e-03  0.000e+00  1.908e+02 -4.441e+00 -4.280e+00 -4.429e+00 -4.268e+00
  32  1.270e+01  1.835e+01  1.894e+02  8.191e+00  1.000e-09  1.000e-09  0.0078  3.240e-03  0.000e+00  1.894e+02  6.374e-02 -7.405e-03  6.408e-02  3.658e-02
  33  1.093e+01  1.561e+01  1.587e+02  8.028e+00  1.000e-09  1.000e-09  0.2500  2.960e-03  0.000e+00  1.587e+02  1.749e+00  1.764e+00  1.975e+00  2.667e+00
  34  1.101e+01  1.305e+01  1.390e+02  2.737e-01  1.000e-09  1.000e-09  0.1250  2.591e-03  0.000e+00  1.390e+02  2.520e-02 -7.261e-02  6.150e-02  2.178e-01
  35  1.117e+01  1.194e+01  1.045e+02  4.191e-01  1.000e-09  1.000e-09  0.2500  1.945e-03  0.000e+00  1.045e+02  6.750e-02 -1.610e-01  1.311e-01  9.335e-02
  36  1.120e+01  1.139e+01  5.285e+01  6.829e-01  1.000e-08  1.000e-08  0.5000  9.770e-04  0.000e+00  5.285e+01  1.847e-01 -3.009e-02  2.798e-01  1.600e-01
  37  1.110e+01  1.122e+01  2.677e+01  6.100e-01  2.000e-09  2.000e-09  0.5000  4.871e-04  0.000e+00  2.677e+01  1.940e-01  9.282e-02  2.525e-01  2.098e-01
  38  1.098e+01  1.098e+01  1.026e+00  3.827e-01  1.000e-09  1.000e-09  1.0000  2.854e-05  0.000e+00  1.026e+00  1.218e-01  1.293e-01  2.891e-01  2.966e-01
  39  1.098e+01  1.134e+01  9.982e-01  5.706e-01  1.000e-09  1.000e-09  0.0312  2.770e-05  0.000e+00  9.981e-01  1.753e-02 -2.870e-03  1.785e-02  7.293e-03
iter    cost       merit      stop      |grad|      preg       dreg      step   ||ffeas||  ||gfeas||  ||hfeas||   dV-exp       dV      dPhi-exp     dPhi
  40  1.089e+01  1.125e+01  1.346e+00  4.296e-01  1.000e-09  1.000e-09  0.2500  2.223e-05  0.000e+00  1.346e+00  9.242e-02  9.113e-02  6.881e-02 -3.330e-03
  41  1.086e+01  1.105e+01  1.421e+00  1.401e-01  1.000e-08  1.000e-08  0.2500  1.670e-05  0.000e+00  1.421e+00  2.740e-02  2.808e-02  2.483e-02  1.780e-02
  42  1.085e+01  1.094e+01  1.216e+00  4.117e-02  1.000e-07  1.000e-07  0.2500  1.450e-05  0.000e+00  1.216e+00  5.869e-03  6.259e-03  9.353e-03  2.020e-02
  43  1.089e+01  1.094e+01  1.337e+00  7.562e-03  1.000e-06  1.000e-06  1.0000  9.711e-06  0.000e+00  1.336e+00 -4.529e-02 -4.198e-02 -4.938e-02 -4.606e-02
  44  1.084e+01  1.105e+01  2.477e+00  1.298e-01  1.000e-05  1.000e-05  0.5000  2.641e-05  0.000e+00  2.477e+00  5.227e-02  5.337e-02  3.926e-03 -4.332e-02
  45  1.090e+01  1.091e+01  2.487e-01  5.048e-02  1.000e-04  1.000e-04  1.0000  4.533e-06  0.000e+00  2.487e-01 -5.559e-02 -5.628e-02  3.887e-02  3.817e-02
  46  1.090e+01  1.090e+01  3.039e-02  3.972e-03  1.000e-03  1.000e-03  1.0000  6.361e-07  0.000e+00  3.039e-02  1.846e-03  1.473e-03  6.473e-03  6.100e-03
  47  1.090e+01  1.090e+01  3.432e-04  8.713e-04  1.000e-02  1.000e-02  1.0000  4.734e-09  0.000e+00  3.432e-04  3.939e-04  3.949e-04  9.503e-04  9.512e-04
  48  1.090e+01  1.090e+01  1.514e-06  1.848e-05  1.000e-01  1.000e-01  1.0000  1.397e-11  0.000e+00  1.440e-06  1.802e-05  1.803e-05  4.364e-05  4.366e-05
Target end-effector pose:
   RH position: [ 0.2  -0.45  2.15]
   RH quaternion: [-0.7071  0.7071  0.      0.    ]
   LH position: [0.2  0.45 2.15]
   LH quaternion: [-0.7071  0.7071  0.      0.    ]
Terminal end-effector pose:
   RH position: [ 0.2  -0.45  2.15]
   RH quaternion: [-0.7071  0.7071  0.     -0.    ]
   LH position: [0.2  0.45 2.15]
   LH quaternion: [ 0.7071 -0.7071 -0.      0.    ]
