iter    cost       merit      stop      |grad|      preg       dreg      step   ||ffeas||  ||gfeas||  ||hfeas||   dV-exp       dV      dPhi-exp     dPhi
   0  1.643e+03  1.643e+03  1.851e+00  6.060e+03  1.000e-03  1.000e-03  0.2500  0.000e+00  0.000e+00  0.000e+00  1.326e+03  1.414e+03  1.326e+03  1.414e+03
   1  9.287e+02  9.287e+02  1.758e+00  3.263e+03  2.000e-04  2.000e-04  0.2500  0.000e+00  0.000e+00  0.000e+00  7.140e+02  7.143e+02  7.140e+02  7.143e+02
   2  5.549e+02  5.549e+02  1.660e+00  1.844e+03  4.000e-05  4.000e-05  0.2500  3.253e-19  0.000e+00  0.000e+00  4.034e+02  3.737e+02  4.034e+02  3.737e+02
   3  4.218e+02  4.218e+02  1.299e+00  1.098e+03  8.000e-06  8.000e-06  0.1250  0.000e+00  0.000e+00  0.000e+00  1.286e+02  1.331e+02  1.286e+02  1.331e+02
   4  3.254e+02  3.254e+02  1.277e+00  8.329e+02  8.000e-06  8.000e-06  0.1250  6.072e-18  0.000e+00  0.000e+00  9.761e+01  9.647e+01  9.761e+01  9.647e+01
   5  2.546e+02  2.546e+02  1.254e+00  6.403e+02  8.000e-06  8.000e-06  0.1250  6.072e-18  0.000e+00  0.000e+00  7.503e+01  7.080e+01  7.503e+01  7.080e+01
   6  1.495e+02  1.495e+02  1.657e+00  4.982e+02  8.000e-06  8.000e-06  0.2500  3.883e-18  0.000e+00  0.000e+00  1.090e+02  1.050e+02  1.090e+02  1.050e+02
   7  1.166e+02  1.166e+02  1.232e+00  2.897e+02  1.600e-06  1.600e-06  0.1250  1.214e-17  0.000e+00  0.000e+00  3.395e+01  3.295e+01  3.395e+01  3.295e+01
   8  4.436e+01  4.436e+01  2.470e+00  2.240e+02  1.600e-06  1.600e-06  1.0000  0.000e+00  0.000e+00  0.000e+00  1.121e+02  7.221e+01  1.121e+02  7.221e+01
   9  2.639e+01  2.639e+01  1.487e+00  8.139e+01  3.200e-07  3.200e-07  0.2500  0.000e+00  0.000e+00  0.000e+00  1.780e+01  1.797e+01  1.780e+01  1.797e+01
iter    cost       merit      stop      |grad|      preg       dreg      step   ||ffeas||  ||gfeas||  ||hfeas||   dV-exp       dV      dPhi-exp     dPhi
  10  1.065e+01  1.065e+01  1.954e+00  4.553e+01  6.400e-08  6.400e-08  0.5000  2.711e-20  0.000e+00  0.000e+00  1.708e+01  1.574e+01  1.708e+01  1.574e+01
  11  5.030e+00  5.030e+00  1.171e+00  1.412e+01  1.280e-08  1.280e-08  1.0000  0.000e+00  0.000e+00  0.000e+00  7.059e+00  5.622e+00  7.059e+00  5.622e+00
  12  3.720e+00  3.720e+00  3.076e-01  2.904e+00  2.560e-09  2.560e-09  1.0000  0.000e+00  0.000e+00  0.000e+00  1.452e+00  1.310e+00  1.452e+00  1.310e+00
  13  3.569e+00  3.569e+00  3.496e-02  3.195e-01  1.000e-09  1.000e-09  1.0000  0.000e+00  0.000e+00  0.000e+00  1.597e-01  1.507e-01  1.597e-01  1.507e-01
  14  3.557e+00  3.557e+00  1.788e-02  1.629e-01  1.000e-08  1.000e-08  0.2500  2.082e-17  0.000e+00  0.000e+00  3.563e-02  1.292e-02  3.563e-02  1.292e-02
  15  3.553e+00  3.553e+00  1.545e-02  1.404e-01  1.000e-07  1.000e-07  0.2500  2.082e-17  0.000e+00  0.000e+00  3.073e-02  3.719e-03  3.073e-02  3.719e-03
  16  3.534e+00  3.534e+00  1.488e-02  1.338e-01  1.000e-06  1.000e-06  0.2500  2.082e-17  0.000e+00  0.000e+00  2.930e-02  1.834e-02  2.930e-02  1.834e-02
  17  3.512e+00  3.512e+00  1.086e-02  9.435e-02  1.000e-05  1.000e-05  0.5000  1.388e-17  0.000e+00  0.000e+00  3.584e-02  2.225e-02  3.584e-02  2.225e-02
  18  3.489e+00  3.489e+00  5.725e-03  4.964e-02  1.000e-04  1.000e-04  1.0000  0.000e+00  0.000e+00  0.000e+00  2.570e-02  2.316e-02  2.570e-02  2.316e-02
  19  3.486e+00  3.486e+00  6.435e-04  5.535e-03  1.000e-03  1.000e-03  1.0000  0.000e+00  0.000e+00  0.000e+00  2.887e-03  2.886e-03  2.887e-03  2.886e-03
iter    cost       merit      stop      |grad|      preg       dreg      step   ||ffeas||  ||gfeas||  ||hfeas||   dV-exp       dV      dPhi-exp     dPhi
  20  3.486e+00  3.486e+00  1.575e-05  8.923e-05  1.000e-02  1.000e-02  1.0000  0.000e+00  0.000e+00  0.000e+00  7.065e-05  7.579e-05  7.065e-05  7.579e-05
  21  3.486e+00  3.486e+00  4.100e-06  2.068e-05  1.000e-01  1.000e-01  1.0000  0.000e+00  0.000e+00  0.000e+00  1.839e-05  1.986e-05  1.839e-05  1.986e-05
  22  3.486e+00  3.486e+00  9.170e-07  4.396e-06  1.000e+00  1.000e+00  1.0000  0.000e+00  0.000e+00  0.000e+00  4.114e-06  4.293e-06  4.114e-06  4.293e-06
  23  3.486e+00  3.486e+00  1.412e-07  6.343e-07  1.000e+01  1.000e+01  1.0000  0.000e+00  0.000e+00  0.000e+00  6.334e-07  6.334e-07  6.334e-07  6.334e-07
  24  3.486e+00  3.486e+00  1.409e-08  6.322e-08  1.000e+02  1.000e+02  1.0000  0.000e+00  0.000e+00  0.000e+00  6.321e-08  6.321e-08  6.321e-08  6.321e-08
Finally reached = (0.400, 0.000, 1.200)
Distance between hand and target = 5.492E-05
Distance to default state = 1.670E+00
XY distance to CoM reference = 4.285E-02
