*** SOLVE (MultiShoot) ***
iter    cost       merit      stop      |grad|      preg       dreg      step   ||ffeas||  ||gfeas||  ||hfeas||   dV-exp       dV      dPhi-exp     dPhi
   0  4.111e+00  4.111e+00  8.119e+00  1.047e-01  1.000e-09  1.000e-09  0.1250  8.905e-01  0.000e+00  2.125e+00 -6.599e-01 -6.460e-01 -6.599e-01 -6.460e-01
   1  4.106e+00  4.106e+00  2.967e+00  5.238e-01  1.000e-09  1.000e-09  0.0156  8.761e-01  0.000e+00  2.091e+00  5.294e-03  5.380e-03  5.294e-03  5.380e-03
   2  4.106e+00  4.106e+00  2.962e+00  1.663e-01  1.000e-09  1.000e-09  0.0020  8.744e-01  0.000e+00  2.087e+00  2.842e-04  2.849e-04  2.842e-04  2.849e-04
   3  4.106e+00  4.106e+00  2.962e+00  1.164e-01  1.000e-09  1.000e-09  0.0020  8.744e-01  0.000e+00  2.087e+00  1.869e-04 -3.697e-03  1.869e-04 -3.697e-03
   4  4.106e+00  4.106e+00  2.962e+00  1.160e-01  1.000e-08  1.000e-08  0.0020  8.744e-01  0.000e+00  2.087e+00  1.862e-04 -3.698e-03  1.862e-04 -3.698e-03
   5  4.106e+00  4.106e+00  2.962e+00  1.123e-01  1.000e-07  1.000e-07  0.0020  8.744e-01  0.000e+00  2.087e+00  1.789e-04 -3.710e-03  1.789e-04 -3.710e-03
   6  4.106e+00  4.106e+00  2.962e+00  8.182e-02  1.000e-06  1.000e-06  0.0020  8.744e-01  0.000e+00  2.087e+00  1.194e-04 -3.801e-03  1.194e-04 -3.801e-03
   7  4.106e+00  4.106e+00  2.962e+00  5.097e-02  1.000e-05  1.000e-05  0.0020  8.744e-01  0.000e+00  2.087e+00 -1.403e-04 -4.163e-03 -1.403e-04 -4.163e-03
   8  4.111e+00  4.111e+00  2.956e+00  5.135e-01  1.000e-04  1.000e-04  0.0020  8.727e-01  0.000e+00  2.083e+00 -1.055e-03 -5.417e-03 -1.055e-03 -5.417e-03
   9  8.495e+00  8.495e+00  4.198e+00  4.072e-02  1.000e-04  1.000e-04  0.5000  3.079e+00  0.000e+00  1.119e+00 -3.650e+00 -4.384e+00 -3.650e+00 -4.384e+00
iter    cost       merit      stop      |grad|      preg       dreg      step   ||ffeas||  ||gfeas||  ||hfeas||   dV-exp       dV      dPhi-exp     dPhi
  10  1.219e+01  1.219e+01  2.908e+00  2.098e+00  2.000e-05  2.000e-05  0.5000  2.028e+00  0.000e+00  8.801e-01 -3.792e+00 -3.699e+00 -3.792e+00 -3.699e+00
  11  1.082e+01  1.082e+01  2.137e+00  8.500e+00  4.000e-06  4.000e-06  0.2500  1.597e+00  0.000e+00  5.397e-01  1.396e+00  1.375e+00  1.396e+00  1.375e+00
  12  1.091e+01  1.091e+01  1.888e+00  3.175e-01  8.000e-07  8.000e-07  0.1250  1.418e+00  0.000e+00  4.700e-01 -9.184e-02 -8.679e-02 -9.184e-02 -8.679e-02
  13  1.117e+01  1.117e+01  1.665e+00  8.559e-01  8.000e-07  8.000e-07  0.1250  1.255e+00  0.000e+00  4.102e-01 -1.528e-01 -2.670e-01 -1.528e-01 -2.670e-01
  14  1.389e+01  1.389e+01  1.077e+00  5.887e-01  8.000e-07  8.000e-07  0.5000  8.894e-01  0.000e+00  1.878e-01 -8.738e-01 -2.718e+00 -8.738e-01 -2.718e+00
  15  1.352e+01  1.465e+01  8.377e-01  3.679e+00  1.600e-07  1.600e-07  0.2500  6.970e-01  0.000e+00  1.407e-01  7.532e-01  3.731e-01  8.339e-01  6.957e-01
  16  1.323e+01  1.445e+01  7.354e-01  3.035e+00  3.200e-08  3.200e-08  0.1250  6.122e-01  0.000e+00  1.233e-01  3.472e-01  2.908e-01  3.684e-01  4.601e-01
  17  1.318e+01  1.433e+01  6.454e-01  2.754e+00  3.200e-08  3.200e-08  0.1250  5.374e-01  0.000e+00  1.080e-01  3.156e-01  5.020e-02  3.356e-01  2.106e-01
  18  1.311e+01  1.452e+01  6.054e-01  2.878e+00  3.200e-08  3.200e-08  0.0625  5.041e-01  0.000e+00  1.013e-01  1.727e-01  6.211e-02  1.785e-01  1.548e-01
  19  1.320e+01  1.453e+01  5.308e-01  2.845e+00  3.200e-08  3.200e-08  0.1250  4.420e-01  0.000e+00  8.879e-02  3.277e-01 -8.698e-02  3.510e-01  9.951e-02
iter    cost       merit      stop      |grad|      preg       dreg      step   ||ffeas||  ||gfeas||  ||hfeas||   dV-exp       dV      dPhi-exp     dPhi
  20  1.333e+01  1.471e+01  4.009e-01  3.189e+00  3.200e-08  3.200e-08  0.2500  3.339e-01  0.000e+00  6.703e-02  6.782e-01 -1.284e-01  7.904e-01  3.203e-01
  21  1.337e+01  1.464e+01  2.342e-01  3.514e+00  6.400e-09  6.400e-09  0.5000  1.998e-01  0.000e+00  3.435e-02  1.260e+00 -4.091e-02  1.713e+00  8.649e-01
  22  1.356e+01  1.576e+01  2.063e-01  3.716e+00  1.280e-09  1.280e-09  0.1250  1.762e-01  0.000e+00  3.006e-02  4.337e-01 -1.888e-01  4.709e-01  1.086e-01
  23  1.287e+01  1.491e+01  1.472e-01  4.197e+00  1.280e-09  1.280e-09  1.0000  1.461e-01  0.000e+00  1.058e-03  2.002e+00  6.940e-01  2.821e+00  1.513e+00
  24  1.284e+01  1.487e+01  1.425e-01  2.908e+00  1.000e-09  1.000e-09  0.0312  1.415e-01  0.000e+00  1.023e-03  8.947e-02  2.889e-02  9.155e-02  9.546e-02
  25  1.136e+01  1.336e+01  1.364e-01  2.910e+00  1.000e-09  1.000e-09  1.0000  1.351e-01  0.000e+00  1.354e-03  1.468e+00  1.481e+00  1.558e+00  1.571e+00
  26  1.136e+01  1.336e+01  1.364e-01  4.965e-01  1.000e-09  1.000e-09  0.0020  1.351e-01  0.000e+00  1.354e-03  9.686e-04 -4.817e-03  9.725e-04 -2.857e-03
  27  1.136e+01  1.336e+01  1.364e-01  4.961e-01  1.000e-08  1.000e-08  0.0020  1.351e-01  0.000e+00  1.354e-03  9.679e-04 -4.778e-03  9.698e-04 -3.798e-03
  28  1.136e+01  1.336e+01  1.364e-01  4.925e-01  1.000e-07  1.000e-07  0.0020  1.351e-01  0.000e+00  1.354e-03  9.609e-04 -4.405e-03  9.622e-04 -3.740e-03
  29  1.136e+01  1.336e+01  1.364e-01  4.626e-01  1.000e-06  1.000e-06  0.0020  1.351e-01  0.000e+00  1.354e-03  9.027e-04 -1.940e-03  9.040e-04 -1.283e-03
iter    cost       merit      stop      |grad|      preg       dreg      step   ||ffeas||  ||gfeas||  ||hfeas||   dV-exp       dV      dPhi-exp     dPhi
  30  1.136e+01  1.164e+01  1.343e-01  3.516e-01  1.000e-05  1.000e-05  0.0156  1.330e-01  0.000e+00  1.339e-03  5.455e-03 -1.986e-03  5.524e-03  2.407e-03
  31  1.128e+01  1.145e+01  7.453e-02  3.832e-01  1.000e-05  1.000e-05  0.5000  6.773e-02  0.000e+00  6.809e-03  1.483e-01  7.390e-02  2.150e-01  2.074e-01
  32  1.119e+01  1.175e+01  8.307e-02  7.869e-01  2.000e-06  2.000e-06  0.2500  7.451e-02  0.000e+00  8.555e-03  1.694e-01  9.230e-02  1.551e-01  3.497e-02
  33  1.111e+01  1.135e+01  6.925e-02  3.609e-01  2.000e-05  2.000e-05  0.5000  6.177e-02  0.000e+00  7.480e-03  1.182e-01  7.661e-02  1.414e-01  1.230e-01
  34  1.106e+01  1.127e+01  7.011e-02  4.236e-01  4.000e-06  4.000e-06  0.2500  6.307e-02  0.000e+00  7.039e-03  8.856e-02  5.605e-02  8.791e-02  5.346e-02
  35  1.103e+01  1.107e+01  3.067e-02  1.741e-01  4.000e-05  4.000e-05  1.0000  2.632e-02  0.000e+00  4.356e-03  2.571e-02  3.020e-02  8.514e-02  8.963e-02
  36  1.096e+01  1.118e+01  5.073e-02  1.627e-01  4.000e-04  4.000e-04  1.0000  4.633e-02  0.000e+00  4.396e-03  9.674e-02  7.317e-02  6.392e-03 -1.718e-02
  37  1.100e+01  1.101e+01  3.945e-03  1.010e-03  4.000e-03  4.000e-03  1.0000  1.851e-03  0.000e+00  7.976e-04 -4.735e-02 -4.692e-02  6.096e-02  6.138e-02
  38  1.101e+01  1.101e+01  4.326e-04  2.802e-03  4.000e-02  4.000e-02  1.0000  4.272e-04  0.000e+00  5.446e-06 -3.777e-03 -3.740e-03 -1.280e-03 -1.244e-03
  39  1.101e+01  1.101e+01  7.072e-05  8.443e-04  4.000e-01  4.000e-01  1.0000  1.143e-06  0.000e+00  1.263e-08 -8.491e-04 -8.491e-04 -6.061e-04 -6.061e-04
iter    cost       merit      stop      |grad|      preg       dreg      step   ||ffeas||  ||gfeas||  ||hfeas||   dV-exp       dV      dPhi-exp     dPhi
  40  1.101e+01  1.101e+01  2.717e-06  3.301e-05  4.000e+00  4.000e+00  1.0000  1.129e-08  0.000e+00  1.942e-10  3.263e-05  3.263e-05  7.878e-05  7.878e-05
  41  1.101e+01  1.101e+01  2.883e-07  3.466e-06  4.000e+01  4.000e+01  1.0000  1.122e-10  0.000e+00  1.428e-11  3.462e-06  3.462e-06  3.920e-06  3.920e-06
  42  1.101e+01  1.101e+01  2.898e-08  3.480e-07  4.000e+02  4.000e+02  1.0000  1.123e-12  0.000e+00  3.432e-10  3.480e-07  3.480e-07  3.392e-07  3.392e-07
  43  1.101e+01  1.101e+01  3.494e-09  3.588e-08  4.000e+03  4.000e+03  1.0000  6.484e-14  0.000e+00  3.494e-09  3.588e-08  3.588e-08 -9.119e-08 -9.119e-08
Target end-effector pose:
   RH position: [ 0.2  -0.45  2.15]
   RH quaternion: [-0.7071  0.7071  0.      0.    ]
   LH position: [0.2  0.45 2.15]
   LH quaternion: [-0.7071  0.7071  0.      0.    ]
Terminal end-effector pose:
   RH position: [ 0.2  -0.45  2.15]
   RH quaternion: [-0.7071  0.7071 -0.     -0.    ]
   LH position: [0.2  0.45 2.15]
   LH quaternion: [-0.7071  0.7071  0.      0.    ]
