*** SOLVE (FeasShoot) ***
iter    cost       merit      stop      |grad|      preg       dreg      step   ||ffeas||  ||gfeas||  ||hfeas||   dV-exp       dV      dPhi-exp     dPhi
   0  1.216e+01  1.216e+01  1.843e-01  3.613e+00  1.000e-09  1.000e-09  1.0000  0.000e+00  0.000e+00  1.843e-01 -1.088e-01  3.492e-02 -1.088e-01  3.492e-02
   1  1.256e+01  1.256e+01  3.046e-02  2.134e-01  1.000e-09  1.000e-09  1.0000  0.000e+00  0.000e+00  1.603e-02 -4.129e-01 -3.941e-01 -4.129e-01 -3.941e-01
   2  1.261e+01  1.261e+01  4.391e-03  4.436e-02  1.000e-09  1.000e-09  1.0000  0.000e+00  0.000e+00  2.541e-04 -5.976e-02 -5.376e-02 -5.976e-02 -5.376e-02
   3  1.261e+01  1.261e+01  2.707e-04  2.365e-03  1.000e-09  1.000e-09  1.0000  0.000e+00  0.000e+00  2.302e-07 -3.685e-03 -3.393e-03 -3.685e-03 -3.393e-03
   4  1.261e+01  1.261e+01  4.685e-06  1.272e-04  1.000e-08  1.000e-08  1.0000  0.000e+00  0.000e+00  5.052e-13  6.378e-05  7.780e-05  1.549e-04  1.689e-04
   5  1.261e+01  1.261e+01  2.277e-07  6.198e-06  1.000e-07  1.000e-07  1.0000  0.000e+00  0.000e+00  2.992e-13  3.099e-06  3.785e-06  3.099e-06  3.785e-06
   6  1.261e+01  1.261e+01  1.115e-08  3.034e-07  1.000e-06  1.000e-06  1.0000  0.000e+00  0.000e+00  1.081e-13  1.517e-07  1.853e-07  1.518e-07  1.854e-07
*** SOLVE (MultiShoot) ***
iter    cost       merit      stop      |grad|      preg       dreg      step   ||ffeas||  ||gfeas||  ||hfeas||   dV-exp       dV      dPhi-exp     dPhi
   0  1.216e+01  4.863e+01  1.843e-01  3.613e+00  1.000e-09  1.000e-09  1.0000  2.650e-15  0.000e+00  1.843e-01 -1.088e-01  3.492e-02  4.934e+00  5.078e+00
   1  1.256e+01  1.414e+01  3.046e-02  2.134e-01  1.000e-09  1.000e-09  1.0000  2.331e-15  0.000e+00  1.603e-02 -4.129e-01 -3.941e-01  1.623e+01  1.625e+01
   2  1.261e+01  1.262e+01  4.391e-03  4.436e-02  1.000e-09  1.000e-09  1.0000  1.887e-15  0.000e+00  2.541e-04 -5.976e-02 -5.376e-02  7.205e-01  7.265e-01
   3  1.261e+01  1.261e+01  2.707e-04  2.365e-03  1.000e-09  1.000e-09  1.0000  2.220e-15  0.000e+00  2.302e-07 -3.685e-03 -3.393e-03  2.594e-03  2.886e-03
   4  1.261e+01  1.261e+01  4.685e-06  1.272e-04  1.000e-08  1.000e-08  1.0000  2.220e-15  0.000e+00  6.414e-13  6.378e-05  7.780e-05  1.549e-04  1.689e-04
   5  1.261e+01  1.261e+01  2.277e-07  6.198e-06  1.000e-07  1.000e-07  1.0000  1.512e-15  0.000e+00  2.784e-13  3.099e-06  3.785e-06  3.099e-06  3.785e-06
   6  1.261e+01  1.261e+01  1.115e-08  3.034e-07  1.000e-06  1.000e-06  1.0000  1.998e-15  0.000e+00  4.335e-14  1.517e-07  1.853e-07  1.518e-07  1.854e-07
*** SOLVE (HybridShoot: 33) ***
iter    cost       merit      stop      |grad|      preg       dreg      step   ||ffeas||  ||gfeas||  ||hfeas||   dV-exp       dV      dPhi-exp     dPhi
   0  1.216e+01  4.863e+01  1.843e-01  3.613e+00  1.000e-09  1.000e-09  1.0000  5.773e-15  0.000e+00  1.843e-01 -1.088e-01  3.492e-02  4.934e+00  5.078e+00
   1  1.256e+01  1.414e+01  3.046e-02  2.134e-01  1.000e-09  1.000e-09  1.0000  3.220e-15  0.000e+00  1.603e-02 -4.129e-01 -3.941e-01  1.623e+01  1.625e+01
   2  1.261e+01  1.262e+01  4.391e-03  4.436e-02  1.000e-09  1.000e-09  1.0000  2.762e-15  0.000e+00  2.541e-04 -5.976e-02 -5.376e-02  7.205e-01  7.265e-01
   3  1.261e+01  1.261e+01  2.707e-04  2.365e-03  1.000e-09  1.000e-09  1.0000  2.554e-15  0.000e+00  2.302e-07 -3.685e-03 -3.393e-03  2.594e-03  2.886e-03
   4  1.261e+01  1.261e+01  4.685e-06  1.272e-04  1.000e-08  1.000e-08  1.0000  2.776e-15  0.000e+00  5.650e-13  6.378e-05  7.780e-05  1.549e-04  1.689e-04
   5  1.261e+01  1.261e+01  2.277e-07  6.198e-06  1.000e-07  1.000e-07  1.0000  2.220e-15  0.000e+00  4.644e-13  3.099e-06  3.785e-06  3.099e-06  3.785e-06
   6  1.261e+01  1.261e+01  1.115e-08  3.034e-07  1.000e-06  1.000e-06  1.0000  6.328e-15  0.000e+00  8.883e-14  1.517e-07  1.853e-07  1.519e-07  1.855e-07
*** SOLVE (OdynSQP) ***
iter    cost       merit      stop      |grad|      preg       dreg      step   ||ffeas||  ||gfeas||  ||hfeas||   dV-exp       dV      dPhi-exp     dPhi
   0  1.386e+02  1.386e+02  9.074e-01  3.611e+00  1.000e-09  1.000e-09  1.0000  3.257e-11  0.000e+00  1.843e-01 -1.267e+02 -1.264e+02 -1.267e+02 -1.264e+02
   1  5.431e+01  6.478e+01  1.524e+00  1.110e+02  1.000e-09  1.000e-09  1.0000  3.253e-11  0.000e+00  1.603e-02  8.427e+01  8.429e+01  1.942e+02  1.942e+02
   2  7.742e+01  7.751e+01  2.948e-01  1.999e+01  1.000e-09  1.000e-09  1.0000  1.762e-11  0.000e+00  2.541e-04 -2.312e+01 -2.311e+01 -1.797e+01 -1.796e+01
   3  8.058e+01  8.058e+01  3.873e-02  3.116e+00  1.000e-09  1.000e-09  1.0000  1.353e-11  0.000e+00  2.302e-07 -3.160e+00 -3.160e+00 -3.119e+00 -3.118e+00
   4  8.058e+01  8.058e+01  7.105e-06  6.463e-04  1.000e-09  1.000e-09  1.0000  2.650e-12  0.000e+00  7.365e-12  5.796e-04  5.943e-04  1.408e-03  1.422e-03
   5  8.058e+01  8.058e+01  4.452e-08  6.878e-06  1.000e-08  1.000e-08  1.0000  1.267e-11  0.000e+00  2.432e-11  3.632e-06  4.349e-06  3.535e-06  4.252e-06
   6  8.058e+01  8.058e+01  8.170e-09  8.249e-07  1.000e-07  1.000e-07  1.0000  2.823e-12  0.000e+00  5.086e-12  6.665e-07  7.015e-07  7.711e-07  8.061e-07
Target end-effector pose:
   position: [0.6 0.2 0.5]
   quaternion: [0. 0. 0. 1.]
Terminal end-effector pose:
   position: [0.6 0.2 0.5]
   quaternion: [-2.07603719e-14 -4.33879905e-15  4.44391367e-14  1.00000000e+00]
