*** SOLVE (FeasShoot) ***
iter    cost       merit      stop      |grad|      preg       dreg      step   ||ffeas||  ||gfeas||  ||hfeas||   dV-exp       dV      dPhi-exp     dPhi
   0  2.650e+01  2.650e+01  1.348e+00  2.406e-03  1.000e-09  1.000e-09  1.0000  0.000e+00  0.000e+00  1.348e+00 -1.423e+01 -2.650e+01 -1.423e+01 -2.650e+01
   1  1.727e+01  3.209e+01  9.507e-01  3.231e+01  1.000e-09  1.000e-09  1.0000  0.000e+00  0.000e+00  9.507e-01  1.470e+01  9.228e+00  2.089e+01  1.542e+01
   2  1.788e+01  1.915e+01  1.627e-01  1.177e+01  1.000e-09  1.000e-09  1.0000  0.000e+00  0.000e+00  1.627e-01  2.018e+00 -6.107e-01  8.157e+00  5.528e+00
   3  1.278e+01  1.996e+01  4.613e-01  1.129e+01  1.000e-09  1.000e-09  1.0000  0.000e+00  0.000e+00  1.287e-01  6.355e+00  5.108e+00  8.252e+00  7.004e+00
   4  1.143e+01  1.324e+01  1.066e-01  2.245e+00  1.000e-09  1.000e-09  1.0000  0.000e+00  0.000e+00  6.463e-02  1.326e+00  1.344e+00  3.114e+00  3.132e+00
   5  1.129e+01  1.172e+01  3.040e-02  2.712e-01  1.000e-09  1.000e-09  1.0000  0.000e+00  0.000e+00  3.040e-02  1.672e-01  1.400e-01  6.447e-01  6.175e-01
   6  1.121e+01  1.129e+01  1.126e-02  1.381e-01  1.000e-09  1.000e-09  1.0000  0.000e+00  0.000e+00  1.126e-02  9.809e-02  8.360e-02  2.316e-01  2.171e-01
   7  1.114e+01  1.126e+01  1.185e-02  1.103e-01  1.000e-09  1.000e-09  1.0000  0.000e+00  0.000e+00  1.185e-02  7.818e-02  6.443e-02  7.237e-02  5.862e-02
   8  1.107e+01  1.127e+01  1.885e-02  1.284e-01  1.000e-09  1.000e-09  1.0000  0.000e+00  0.000e+00  1.885e-02  8.768e-02  7.589e-02  1.363e-02  1.837e-03
   9  1.098e+01  1.121e+01  2.066e-02  2.312e-01  1.000e-09  1.000e-09  0.5000  1.384e-17  0.000e+00  2.066e-02  9.501e-02  8.942e-02  8.477e-02  6.895e-02
iter    cost       merit      stop      |grad|      preg       dreg      step   ||ffeas||  ||gfeas||  ||hfeas||   dV-exp       dV      dPhi-exp     dPhi
  10  1.083e+01  1.138e+01  3.433e-02  3.917e-01  1.000e-09  1.000e-09  0.5000  5.551e-17  0.000e+00  3.433e-02  1.562e-01  1.476e-01  4.607e-02 -7.262e-02
  11  1.064e+01  1.147e+01  4.220e-02  8.604e-01  1.000e-09  1.000e-09  0.2500  2.082e-17  0.000e+00  4.026e-02  1.920e-01  1.882e-01  1.618e-01  6.713e-02
  12  1.034e+01  1.181e+01  6.745e-02  1.389e+00  1.000e-09  1.000e-09  0.2500  2.048e-17  0.000e+00  5.397e-02  3.083e-01  3.030e-01  2.153e-01 -6.916e-02
  13  9.852e+00  1.225e+01  1.113e-01  2.236e+00  1.000e-09  1.000e-09  0.2500  8.327e-17  0.000e+00  7.493e-02  4.947e-01  4.885e-01  3.271e-01 -1.819e-01
  14  9.149e+00  1.221e+01  1.692e-01  3.204e+00  1.000e-09  1.000e-09  0.2500  8.327e-17  0.000e+00  9.356e-02  7.082e-01  7.029e-01  5.557e-01  9.296e-02
  15  7.754e+00  1.226e+01  2.238e-01  3.658e+00  1.000e-09  1.000e-09  0.5000  5.551e-17  0.000e+00  1.506e-01  1.404e+00  1.395e+00  5.516e-01 -3.100e-01
  16  6.395e+00  9.570e+00  2.122e-01  2.367e+00  1.000e-09  1.000e-09  1.0000  0.000e+00  0.000e+00  2.122e-01  1.353e+00  1.359e+00  4.305e-01  4.366e-01
  17  6.127e+00  7.129e+00  1.340e-01  4.707e-01  1.000e-09  1.000e-09  1.0000  0.000e+00  0.000e+00  1.340e-01  2.689e-01  2.679e-01  8.542e-01  8.532e-01
  18  6.086e+00  6.420e+00  8.926e-02  2.675e-01  1.000e-09  1.000e-09  1.0000  0.000e+00  0.000e+00  8.926e-02  4.311e-02  4.094e-02  2.103e-01  2.081e-01
  19  5.949e+00  6.102e+00  8.169e-02  4.274e-01  1.000e-09  1.000e-09  0.5000  5.551e-17  0.000e+00  8.169e-02  1.339e-01  1.370e-01  1.410e-01  1.511e-01
iter    cost       merit      stop      |grad|      preg       dreg      step   ||ffeas||  ||gfeas||  ||hfeas||   dV-exp       dV      dPhi-exp     dPhi
  20  6.162e+00  6.171e+00  2.977e-02  1.967e-01  1.000e-09  1.000e-09  1.0000  0.000e+00  0.000e+00  9.027e-03 -2.132e-01 -2.130e-01 -1.453e-01 -1.451e-01
  21  6.154e+00  6.158e+00  3.454e-03  1.656e-02  1.000e-09  1.000e-09  1.0000  0.000e+00  0.000e+00  3.454e-03  8.459e-03  8.559e-03  1.592e-02  1.602e-02
  22  6.149e+00  6.156e+00  3.868e-03  1.492e-02  1.000e-09  1.000e-09  1.0000  0.000e+00  0.000e+00  3.868e-03  4.242e-03  4.322e-03  3.516e-03  3.596e-03
  23  6.142e+00  6.150e+00  3.850e-03  2.401e-02  1.000e-08  1.000e-08  0.5000  5.551e-17  0.000e+00  3.850e-03  7.439e-03  7.628e-03  7.458e-03  7.665e-03
  24  6.153e+00  6.154e+00  1.644e-03  1.086e-02  1.000e-07  1.000e-07  1.0000  0.000e+00  0.000e+00  4.057e-04 -1.176e-02 -1.176e-02 -8.104e-03 -8.106e-03
  25  6.153e+00  6.153e+00  2.011e-04  1.845e-03  1.000e-06  1.000e-06  0.5000  5.551e-17  0.000e+00  2.011e-04  6.190e-04  6.240e-04  8.462e-04  1.079e-03
  26  6.153e+00  6.153e+00  7.261e-05  3.871e-04  1.000e-05  1.000e-05  1.0000  0.000e+00  0.000e+00  5.648e-05 -5.194e-04 -5.329e-04 -3.588e-04 -3.723e-04
  27  6.153e+00  6.153e+00  5.970e-05  2.589e-04  1.000e-04  1.000e-04  1.0000  0.000e+00  0.000e+00  5.970e-05  1.440e-04  1.388e-04  1.322e-04  1.270e-04
  28  6.153e+00  6.153e+00  4.155e-05  2.168e-04  1.000e-03  1.000e-03  1.0000  0.000e+00  0.000e+00  4.155e-05  9.170e-05  9.342e-05  1.315e-04  1.333e-04
  29  6.153e+00  6.153e+00  2.321e-05  3.754e-05  1.000e-02  1.000e-02  1.0000  0.000e+00  0.000e+00  2.321e-05 -4.078e-06 -2.790e-06  1.604e-05  1.733e-05
iter    cost       merit      stop      |grad|      preg       dreg      step   ||ffeas||  ||gfeas||  ||hfeas||   dV-exp       dV      dPhi-exp     dPhi
  30  6.153e+00  6.153e+00  7.059e-06  5.037e-05  1.000e-01  1.000e-01  1.0000  0.000e+00  0.000e+00  2.814e-08 -5.049e-05 -5.051e-05 -3.777e-05 -3.779e-05
  31  6.153e+00  6.153e+00  3.097e-08  2.227e-07  1.000e+00  1.000e+00  1.0000  0.000e+00  0.000e+00  2.462e-10  2.216e-07  2.214e-07  5.353e-07  5.351e-07
  32  6.153e+00  6.153e+00  2.730e-09  1.954e-08  1.000e+01  1.000e+01  1.0000  0.000e+00  0.000e+00  2.463e-12  1.953e-08  1.952e-08  2.227e-08  2.226e-08
*** SOLVE (MultiShoot) ***
iter    cost       merit      stop      |grad|      preg       dreg      step   ||ffeas||  ||gfeas||  ||hfeas||   dV-exp       dV      dPhi-exp     dPhi
   0  4.296e+00  1.766e+01  2.686e+00  2.406e-03  1.000e-09  1.000e-09  0.5000  1.154e+00  0.000e+00  1.222e+00 -3.557e+00 -4.296e+00  2.604e+00  8.028e+00
   1  1.580e+01  1.809e+01  8.129e-01  3.030e+00  1.000e-09  1.000e-09  1.0000  1.740e-02  0.000e+00  7.956e-01 -7.927e+00 -1.150e+01 -3.531e+00 -7.108e+00
   2  1.094e+01  1.260e+01  4.226e-01  8.825e+00  1.000e-09  1.000e-09  1.0000  1.334e-02  0.000e+00  1.740e-01  5.044e+00  4.865e+00  1.059e+01  1.041e+01
   3  1.246e+01  1.268e+01  8.358e-02  2.467e-01  1.000e-09  1.000e-09  1.0000  5.715e-03  0.000e+00  4.451e-02 -1.125e+00 -1.526e+00 -5.175e-01 -9.180e-01
   4  1.208e+01  1.216e+01  3.066e-02  5.993e-01  1.000e-09  1.000e-09  1.0000  8.647e-04  0.000e+00  6.646e-03  4.009e-01  3.860e-01  8.880e-01  8.731e-01
   5  1.208e+01  1.209e+01  1.408e-03  3.367e-02  1.000e-09  1.000e-09  1.0000  8.837e-05  0.000e+00  1.320e-03  3.172e-03 -1.776e-03  3.796e-02  3.302e-02
   6  1.205e+01  1.211e+01  2.371e-03  3.534e-02  1.000e-09  1.000e-09  1.0000  2.247e-05  0.000e+00  2.348e-03  2.373e-02  2.299e-02  5.648e-04 -1.826e-04
   7  1.204e+01  1.206e+01  1.893e-03  3.106e-02  1.000e-09  1.000e-09  1.0000  3.440e-05  0.000e+00  1.859e-03  2.078e-02  1.883e-02  2.676e-02  2.481e-02
   8  1.201e+01  1.205e+01  2.250e-03  3.396e-02  1.000e-09  1.000e-09  1.0000  2.798e-05  0.000e+00  2.222e-03  2.315e-02  2.192e-02  1.692e-02  1.569e-02
   9  1.199e+01  1.204e+01  2.875e-03  3.662e-02  1.000e-09  1.000e-09  1.0000  2.851e-05  0.000e+00  2.847e-03  2.460e-02  2.317e-02  1.483e-02  1.340e-02
iter    cost       merit      stop      |grad|      preg       dreg      step   ||ffeas||  ||gfeas||  ||hfeas||   dV-exp       dV      dPhi-exp     dPhi
  10  1.196e+01  1.202e+01  3.909e-03  4.324e-02  1.000e-09  1.000e-09  1.0000  2.280e-05  0.000e+00  3.886e-03  2.889e-02  2.784e-02  1.405e-02  1.300e-02
  11  1.193e+01  1.200e+01  5.573e-03  5.480e-02  1.000e-09  1.000e-09  1.0000  1.866e-05  0.000e+00  5.554e-03  3.614e-02  3.526e-02  1.416e-02  1.329e-02
  12  1.188e+01  1.198e+01  8.250e-03  7.548e-02  1.000e-09  1.000e-09  1.0000  1.447e-05  0.000e+00  8.236e-03  4.933e-02  4.873e-02  1.548e-02  1.488e-02
  13  1.181e+01  1.196e+01  1.214e-02  1.080e-01  1.000e-09  1.000e-09  1.0000  1.565e-05  0.000e+00  1.213e-02  7.028e-02  6.989e-02  2.293e-02  2.254e-02
  14  1.171e+01  1.191e+01  1.734e-02  1.488e-01  1.000e-09  1.000e-09  1.0000  2.829e-05  0.000e+00  1.732e-02  9.719e-02  9.695e-02  3.770e-02  3.746e-02
  15  1.160e+01  1.180e+01  2.139e-02  1.755e-01  1.000e-09  1.000e-09  1.0000  4.538e-05  0.000e+00  2.135e-02  1.163e-01  1.161e-01  7.748e-02  7.733e-02
  16  1.149e+01  1.164e+01  2.090e-02  1.557e-01  1.000e-09  1.000e-09  1.0000  4.787e-05  0.000e+00  2.085e-02  1.054e-01  1.051e-01  1.089e-01  1.086e-01
  17  1.142e+01  1.149e+01  1.411e-02  9.793e-02  1.000e-09  1.000e-09  1.0000  3.595e-05  0.000e+00  1.408e-02  6.763e-02  6.631e-02  9.901e-02  9.768e-02
  18  1.139e+01  1.142e+01  8.238e-03  5.482e-02  1.000e-09  1.000e-09  1.0000  3.858e-05  0.000e+00  8.200e-03  3.792e-02  3.516e-02  6.047e-02  5.771e-02
  19  1.136e+01  1.139e+01  5.977e-03  4.492e-02  1.000e-09  1.000e-09  1.0000  5.995e-05  0.000e+00  5.917e-03  3.078e-02  2.686e-02  4.286e-02  3.893e-02
iter    cost       merit      stop      |grad|      preg       dreg      step   ||ffeas||  ||gfeas||  ||hfeas||   dV-exp       dV      dPhi-exp     dPhi
  20  1.133e+01  1.140e+01  7.635e-03  5.921e-02  1.000e-09  1.000e-09  1.0000  1.263e-04  0.000e+00  7.509e-03  3.946e-02  3.325e-02  2.381e-02  1.761e-02
  21  1.129e+01  1.139e+01  7.657e-03  1.119e-01  1.000e-09  1.000e-09  0.5000  1.253e-04  0.000e+00  7.531e-03  4.605e-02  4.322e-02  4.591e-02  4.293e-02
  22  1.122e+01  1.142e+01  1.050e-02  1.663e-01  1.000e-09  1.000e-09  0.5000  1.849e-04  0.000e+00  1.031e-02  6.660e-02  6.176e-02  4.006e-02  8.673e-03
  23  1.111e+01  1.154e+01  1.801e-02  3.013e-01  1.000e-09  1.000e-09  0.5000  3.281e-04  0.000e+00  1.769e-02  1.192e-01  1.106e-01  2.941e-02 -6.903e-02
  24  1.089e+01  1.186e+01  3.448e-02  6.190e-01  1.000e-09  1.000e-09  0.5000  6.979e-04  0.000e+00  3.378e-02  2.434e-01  2.268e-01  1.190e-02 -2.362e-01
  25  1.039e+01  1.239e+01  6.625e-02  1.331e+00  1.000e-09  1.000e-09  0.5000  1.562e-03  0.000e+00  6.231e-02  5.214e-01  4.917e-01  6.176e-02 -4.276e-01
  26  9.431e+00  1.338e+01  1.382e-01  2.549e+00  1.000e-09  1.000e-09  0.5000  3.025e-03  0.000e+00  1.195e-01  9.975e-01  9.637e-01  5.230e-02 -9.268e-01
  27  8.041e+00  1.297e+01  2.235e-01  3.560e+00  1.000e-09  1.000e-09  0.5000  3.812e-03  0.000e+00  2.054e-01  1.395e+00  1.390e+00  3.734e-01 -6.532e-01
  28  6.950e+00  9.388e+00  2.070e-01  2.765e+00  1.000e-09  1.000e-09  0.5000  3.621e-03  0.000e+00  2.034e-01  1.088e+00  1.091e+00  1.101e+00  1.117e+00
  29  6.457e+00  6.892e+00  7.393e-02  9.012e-01  1.000e-09  1.000e-09  1.0000  2.019e-03  0.000e+00  7.191e-02  5.442e-01  4.932e-01  1.328e+00  1.277e+00
iter    cost       merit      stop      |grad|      preg       dreg      step   ||ffeas||  ||gfeas||  ||hfeas||   dV-exp       dV      dPhi-exp     dPhi
  30  6.339e+00  6.419e+00  2.699e-02  2.109e-01  1.000e-09  1.000e-09  1.0000  1.001e-03  0.000e+00  2.599e-02  1.200e-01  1.175e-01  2.583e-01  2.557e-01
  31  6.287e+00  6.367e+00  3.022e-02  1.313e-01  1.000e-09  1.000e-09  1.0000  1.692e-04  0.000e+00  3.005e-02  5.024e-02  5.201e-02  4.165e-02  4.342e-02
  32  6.242e+00  6.266e+00  1.186e-02  1.298e-01  1.000e-09  1.000e-09  1.0000  2.403e-04  0.000e+00  1.162e-02  4.294e-02  4.501e-02  8.021e-02  8.227e-02
  33  6.187e+00  6.249e+00  1.145e-02  1.702e-01  1.000e-09  1.000e-09  0.5000  1.648e-04  0.000e+00  1.129e-02  5.383e-02  5.479e-02  5.494e-02  5.701e-02
  34  6.247e+00  6.260e+00  8.173e-03  4.507e-02  1.000e-09  1.000e-09  1.0000  1.384e-04  0.000e+00  4.670e-03 -5.923e-02 -6.011e-02 -4.119e-02 -4.207e-02
  35  6.226e+00  6.255e+00  4.295e-03  3.538e-02  1.000e-09  1.000e-09  1.0000  1.419e-04  0.000e+00  4.153e-03  2.231e-02  2.112e-02  2.571e-02  2.452e-02
  36  6.206e+00  6.235e+00  4.251e-03  3.369e-02  1.000e-09  1.000e-09  1.0000  8.069e-05  0.000e+00  4.170e-03  2.048e-02  2.001e-02  2.078e-02  2.032e-02
  37  6.190e+00  6.226e+00  6.138e-03  3.248e-02  1.000e-09  1.000e-09  1.0000  1.021e-04  0.000e+00  6.036e-03  1.756e-02  1.665e-02  6.421e-03  5.514e-03
  38  6.173e+00  6.186e+00  3.479e-03  3.435e-02  1.000e-09  1.000e-09  1.0000  4.845e-05  0.000e+00  3.430e-03  1.642e-02  1.666e-02  2.658e-02  2.682e-02
  39  6.160e+00  6.174e+00  2.479e-03  3.945e-02  1.000e-09  1.000e-09  0.5000  3.999e-05  0.000e+00  2.439e-03  1.340e-02  1.336e-02  1.631e-02  1.917e-02
iter    cost       merit      stop      |grad|      preg       dreg      step   ||ffeas||  ||gfeas||  ||hfeas||   dV-exp       dV      dPhi-exp     dPhi
  40  6.167e+00  6.172e+00  1.594e-03  2.516e-03  1.000e-09  1.000e-09  1.0000  4.458e-05  0.000e+00  1.549e-03 -6.920e-03 -7.366e-03 -4.348e-03 -4.794e-03
  41  6.161e+00  6.167e+00  1.138e-03  9.888e-03  1.000e-08  1.000e-08  1.0000  2.503e-05  0.000e+00  1.113e-03  6.261e-03  5.924e-03  8.819e-03  8.482e-03
  42  6.157e+00  6.164e+00  1.307e-03  7.922e-03  1.000e-07  1.000e-07  1.0000  1.730e-05  0.000e+00  1.289e-03  4.389e-03  4.311e-03  3.459e-03  3.381e-03
  43  6.154e+00  6.156e+00  5.780e-04  7.779e-03  1.000e-06  1.000e-06  0.5000  1.095e-05  0.000e+00  5.670e-04  2.729e-03  2.721e-03  3.978e-03  5.220e-03
  44  6.155e+00  6.156e+00  3.029e-04  1.714e-04  1.000e-05  1.000e-05  1.0000  7.847e-06  0.000e+00  2.950e-04 -9.961e-04 -1.095e-03 -5.245e-04 -6.237e-04
  45  6.154e+00  6.155e+00  2.298e-04  1.676e-03  1.000e-04  1.000e-04  1.0000  3.632e-06  0.000e+00  2.262e-04  1.061e-03  1.005e-03  1.427e-03  1.371e-03
  46  6.153e+00  6.154e+00  1.915e-04  1.163e-03  1.000e-03  1.000e-03  1.0000  2.077e-06  0.000e+00  1.895e-04  6.447e-04  6.377e-04  7.981e-04  7.911e-04
  47  6.153e+00  6.153e+00  8.617e-05  2.847e-04  1.000e-02  1.000e-02  1.0000  2.501e-07  0.000e+00  8.592e-05  1.309e-04  1.322e-04  3.421e-04  3.433e-04
  48  6.153e+00  6.153e+00  1.901e-05  1.352e-04  1.000e-01  1.000e-01  1.0000  6.628e-09  0.000e+00  1.975e-07 -1.360e-04 -1.361e-04 -4.986e-05 -5.000e-05
  49  6.153e+00  6.153e+00  2.995e-07  2.151e-06  1.000e+00  1.000e+00  1.0000  6.896e-11  0.000e+00  1.979e-09  2.143e-06  2.141e-06  5.173e-06  5.172e-06
iter    cost       merit      stop      |grad|      preg       dreg      step   ||ffeas||  ||gfeas||  ||hfeas||   dV-exp       dV      dPhi-exp     dPhi
  50  6.153e+00  6.153e+00  2.362e-08  1.690e-07  1.000e+01  1.000e+01  1.0000  6.984e-13  0.000e+00  2.021e-11  1.690e-07  1.689e-07  1.994e-07  1.993e-07
  51  6.153e+00  6.153e+00  2.288e-09  1.637e-08  1.000e+02  1.000e+02  1.0000  7.105e-15  0.000e+00  2.026e-13  1.637e-08  1.637e-08  1.668e-08  1.668e-08
*** SOLVE (OdynSQP) ***
iter    cost       merit      stop      |grad|      preg       dreg      step   ||ffeas||  ||gfeas||  ||hfeas||   dV-exp       dV      dPhi-exp     dPhi
   0  2.154e+01  2.154e+01  2.734e+00  4.723e-02  1.000e-09  1.000e-09  0.5000  1.154e+00  0.000e+00  1.580e+00 -7.839e+00 -2.154e+01 -7.839e+00 -2.154e+01
   1  2.424e+01  2.999e+01  1.635e+00  2.555e+01  1.000e-09  1.000e-09  1.0000  6.195e-02  0.000e+00  1.573e+00  6.728e+00 -2.698e+00  1.059e+01  1.164e+00
   2  2.036e+01  2.309e+01  4.412e-01  3.049e+01  1.000e-09  1.000e-09  1.0000  1.103e-01  0.000e+00  3.309e-01  7.071e+00  3.876e+00  1.445e+01  1.125e+01
   3  1.817e+01  2.689e+01  4.676e-01  1.806e+01  1.000e-09  1.000e-09  1.0000  4.703e-02  0.000e+00  4.206e-01  5.760e+00  2.191e+00  5.267e+00  1.698e+00
   4  1.432e+01  1.720e+01  3.167e-01  8.401e+00  1.000e-09  1.000e-09  1.0000  1.179e-02  0.000e+00  1.828e-01  4.852e+00  3.849e+00  8.900e+00  7.897e+00
   5  1.445e+01  1.483e+01  5.086e-02  5.336e-01  1.000e-09  1.000e-09  1.0000  1.209e-03  0.000e+00  4.965e-02 -5.421e-02 -1.327e-01  1.011e+00  9.322e-01
   6  1.428e+01  1.434e+01  2.143e-02  5.547e-01  1.000e-09  1.000e-09  1.0000  1.930e-03  0.000e+00  5.390e-03  3.273e-01  1.762e-01  7.276e-01  5.765e-01
   7  1.389e+01  1.479e+01  2.786e-02  6.097e-01  1.000e-09  1.000e-09  1.0000  5.627e-04  0.000e+00  1.056e-02  4.148e-01  3.874e-01  1.069e-01  7.951e-02
   8  1.373e+01  1.401e+01  1.392e-02  2.866e-01  1.000e-09  1.000e-09  1.0000  4.671e-04  0.000e+00  6.311e-03  2.051e-01  1.574e-01  3.810e-01  3.333e-01
   9  1.361e+01  1.367e+01  8.478e-03  1.575e-01  1.000e-09  1.000e-09  1.0000  1.213e-04  0.000e+00  2.036e-03  1.239e-01  1.190e-01  2.445e-01  2.397e-01
iter    cost       merit      stop      |grad|      preg       dreg      step   ||ffeas||  ||gfeas||  ||hfeas||   dV-exp       dV      dPhi-exp     dPhi
  10  1.359e+01  1.360e+01  2.095e-03  4.035e-02  1.000e-09  1.000e-09  1.0000  5.117e-05  0.000e+00  7.371e-04  3.056e-02  2.661e-02  5.825e-02  5.431e-02
  11  1.358e+01  1.358e+01  8.096e-04  1.470e-02  1.000e-09  1.000e-09  1.0000  1.023e-05  0.000e+00  1.835e-04  1.180e-02  1.126e-02  2.452e-02  2.398e-02
  12  1.357e+01  1.357e+01  1.977e-04  3.718e-03  1.000e-09  1.000e-09  1.0000  3.709e-06  0.000e+00  5.743e-05  2.881e-03  2.596e-03  5.698e-03  5.413e-03
  13  1.357e+01  1.357e+01  6.636e-05  1.208e-03  1.000e-08  1.000e-08  1.0000  8.453e-07  0.000e+00  1.474e-05  9.670e-04  9.131e-04  1.996e-03  1.942e-03
  14  1.357e+01  1.357e+01  1.723e-05  3.202e-04  1.000e-07  1.000e-07  1.0000  2.744e-07  0.000e+00  4.398e-06  2.511e-04  2.300e-04  5.022e-04  4.811e-04
  15  1.357e+01  1.357e+01  5.333e-06  9.751e-05  1.000e-06  1.000e-06  1.0000  6.963e-08  0.000e+00  1.188e-06  7.771e-05  7.287e-05  1.589e-04  1.540e-04
  16  1.357e+01  1.357e+01  1.441e-06  2.667e-05  1.000e-05  1.000e-05  1.0000  2.118e-08  0.000e+00  3.477e-07  2.099e-05  1.936e-05  4.219e-05  4.056e-05
  17  1.357e+01  1.357e+01  4.410e-07  8.056e-06  1.000e-04  1.000e-04  1.0000  5.715e-09  0.000e+00  9.669e-08  6.427e-06  6.006e-06  1.306e-05  1.264e-05
  18  1.357e+01  1.357e+01  1.221e-07  2.205e-06  1.000e-03  1.000e-03  1.0000  1.527e-09  0.000e+00  2.519e-08  1.780e-06  1.664e-06  3.659e-06  3.543e-06
  19  1.357e+01  1.357e+01  3.258e-08  5.338e-07  1.000e-02  1.000e-02  1.0000  1.876e-10  0.000e+00  2.964e-09  4.747e-07  4.625e-07  1.073e-06  1.061e-06
iter    cost       merit      stop      |grad|      preg       dreg      step   ||ffeas||  ||gfeas||  ||hfeas||   dV-exp       dV      dPhi-exp     dPhi
  20  1.357e+01  1.357e+01  4.336e-09  6.517e-08  1.000e-01  1.000e-01  1.0000  4.825e-12  0.000e+00  6.534e-11  6.318e-08  6.295e-08  1.414e-07  1.412e-07
Target end-effector pose:
   position: [ 0.5 -1.5 -1. ]
   quaternion: [ 0.     -0.7071  0.      0.7071]
Terminal end-effector pose:
   position: [ 0.5 -1.5 -1. ]
   quaternion: [-0.     -0.7071 -0.      0.7071]
