*** SOLVE (FeasShoot) ***
iter    cost       merit      stop      |grad|      preg       dreg      step   ||ffeas||  ||gfeas||  ||hfeas||   dV-exp       dV      dPhi-exp     dPhi
   0  4.200e-01  4.200e-01  1.002e+01  1.032e-03  1.000e-09  1.000e-09  0.0625  2.164e+00  0.000e+00  2.072e+00 -5.551e-02 -4.200e-01 -5.551e-02 -4.200e-01
   1  6.490e-01  6.490e-01  8.108e+00  5.277e-01  1.000e-09  1.000e-09  0.0312  2.096e+00  0.000e+00  1.992e+00 -2.903e-02 -2.290e-01 -2.903e-02 -2.290e-01
   2  7.147e-01  7.147e-01  7.386e+00  6.193e-01  1.000e-09  1.000e-09  0.0156  2.063e+00  0.000e+00  1.957e+00 -1.262e-02 -6.573e-02 -1.262e-02 -6.573e-02
   3  9.703e-01  9.703e-01  6.295e+00  8.101e-01  1.000e-09  1.000e-09  0.0312  1.999e+00  0.000e+00  1.882e+00 -3.664e-02 -2.556e-01 -3.664e-02 -2.556e-01
   4  1.229e+00  1.229e+00  5.239e+00  8.063e-01  1.000e-09  1.000e-09  0.0312  1.936e+00  0.000e+00  1.811e+00 -3.581e-02 -2.589e-01 -3.581e-02 -2.589e-01
   5  1.482e+00  1.482e+00  4.437e+00  8.090e-01  1.000e-09  1.000e-09  0.0312  1.876e+00  0.000e+00  1.746e+00 -3.525e-02 -2.533e-01 -3.525e-02 -2.533e-01
   6  1.725e+00  1.725e+00  3.835e+00  8.544e-01  1.000e-09  1.000e-09  0.0312  1.817e+00  0.000e+00  1.687e+00 -3.607e-02 -2.425e-01 -3.607e-02 -2.425e-01
   7  1.954e+00  1.954e+00  3.395e+00  9.560e-01  1.000e-09  1.000e-09  0.0312  1.761e+00  0.000e+00  1.634e+00 -3.870e-02 -2.289e-01 -3.870e-02 -2.289e-01
   8  2.764e+00  2.764e+00  3.229e+00  1.113e+00  1.000e-09  1.000e-09  0.0625  1.650e+00  0.000e+00  1.578e+00 -1.029e-01 -8.097e-01 -1.029e-01 -8.097e-01
   9  3.432e+00  3.432e+00  3.110e+00  8.616e-01  1.000e-09  1.000e-09  0.0625  1.547e+00  0.000e+00  1.563e+00 -8.421e-02 -6.679e-01 -8.421e-02 -6.679e-01
iter    cost       merit      stop      |grad|      preg       dreg      step   ||ffeas||  ||gfeas||  ||hfeas||   dV-exp       dV      dPhi-exp     dPhi
  10  3.855e+00  3.855e+00  3.013e+00  9.091e-01  1.000e-09  1.000e-09  0.0625  1.451e+00  0.000e+00  1.562e+00 -8.393e-02 -4.231e-01 -8.393e-02 -4.231e-01
  11  4.125e+00  4.125e+00  2.910e+00  1.203e+00  1.000e-09  1.000e-09  0.0625  1.360e+00  0.000e+00  1.550e+00 -9.882e-02 -2.704e-01 -9.882e-02 -2.704e-01
  12  4.375e+00  4.375e+00  2.791e+00  1.568e+00  1.000e-09  1.000e-09  0.0625  1.275e+00  0.000e+00  1.516e+00 -1.184e-01 -2.495e-01 -1.184e-01 -2.495e-01
  13  6.164e+00  6.164e+00  2.573e+00  1.777e+00  1.000e-09  1.000e-09  0.1250  1.116e+00  0.000e+00  1.458e+00 -2.934e-01 -1.790e+00 -2.934e-01 -1.790e+00
  14  6.145e+00  6.145e+00  2.491e+00  1.179e+00  1.000e-09  1.000e-09  0.0312  1.081e+00  0.000e+00  1.410e+00  3.218e-02  1.963e-02  3.218e-02  1.963e-02
  15  6.131e+00  6.131e+00  2.411e+00  1.057e+00  1.000e-09  1.000e-09  0.0312  1.047e+00  0.000e+00  1.364e+00  2.859e-02  1.392e-02  2.859e-02  1.392e-02
  16  6.123e+00  6.123e+00  2.334e+00  9.221e-01  1.000e-09  1.000e-09  0.0312  1.014e+00  0.000e+00  1.319e+00  2.453e-02  7.306e-03  2.453e-02  7.306e-03
  17  6.117e+00  6.117e+00  2.297e+00  7.695e-01  1.000e-09  1.000e-09  0.0156  9.984e-01  0.000e+00  1.298e+00  1.099e-02  5.901e-03  1.099e-02  5.901e-03
  18  6.114e+00  6.114e+00  2.260e+00  6.626e-01  1.000e-09  1.000e-09  0.0156  9.828e-01  0.000e+00  1.278e+00  9.338e-03  3.893e-03  9.338e-03  3.893e-03
  19  6.112e+00  6.112e+00  2.225e+00  5.523e-01  1.000e-09  1.000e-09  0.0156  9.674e-01  0.000e+00  1.257e+00  7.633e-03  1.869e-03  7.633e-03  1.869e-03
iter    cost       merit      stop      |grad|      preg       dreg      step   ||ffeas||  ||gfeas||  ||hfeas||   dV-exp       dV      dPhi-exp     dPhi
  20  6.110e+00  6.110e+00  2.207e+00  4.386e-01  1.000e-09  1.000e-09  0.0078  9.599e-01  0.000e+00  1.247e+00  3.182e-03  1.637e-03  3.182e-03  1.637e-03
  21  6.109e+00  6.109e+00  2.190e+00  3.750e-01  1.000e-09  1.000e-09  0.0078  9.524e-01  0.000e+00  1.238e+00  2.687e-03  1.113e-03  2.687e-03  1.113e-03
  22  6.108e+00  6.108e+00  2.173e+00  3.109e-01  1.000e-09  1.000e-09  0.0078  9.449e-01  0.000e+00  1.228e+00  2.188e-03  5.884e-04  2.188e-03  5.884e-04
  23  6.108e+00  6.108e+00  2.156e+00  2.462e-01  1.000e-09  1.000e-09  0.0078  9.375e-01  0.000e+00  1.218e+00  1.685e-03  6.263e-05  1.685e-03  6.263e-05
  24  6.108e+00  6.108e+00  2.147e+00  1.810e-01  1.000e-09  1.000e-09  0.0039  9.339e-01  0.000e+00  1.213e+00  6.480e-04  2.320e-04  6.480e-04  2.320e-04
  25  6.108e+00  6.108e+00  2.139e+00  1.469e-01  1.000e-09  1.000e-09  0.0039  9.302e-01  0.000e+00  1.209e+00  5.152e-04  9.724e-05  5.152e-04  9.724e-05
  26  6.108e+00  6.108e+00  2.135e+00  1.128e-01  1.000e-09  1.000e-09  0.0020  9.284e-01  0.000e+00  1.206e+00  2.056e-04  1.000e-04  2.056e-04  1.000e-04
  27  6.175e+00  6.175e+00  1.996e+00  9.535e-02  1.000e-09  1.000e-09  0.0625  8.704e-01  0.000e+00  1.125e+00 -8.980e-03 -6.722e-02 -8.980e-03 -6.722e-02
  28  6.294e+00  6.294e+00  1.869e+00  2.306e-01  1.000e-09  1.000e-09  0.0625  8.160e-01  0.000e+00  1.053e+00 -2.860e-02 -1.188e-01 -2.860e-02 -1.188e-01
  29  6.955e+00  6.955e+00  1.683e+00  6.023e-01  1.000e-09  1.000e-09  0.1250  7.140e-01  0.000e+00  9.690e-01 -1.293e-01 -6.615e-01 -1.293e-01 -6.615e-01
iter    cost       merit      stop      |grad|      preg       dreg      step   ||ffeas||  ||gfeas||  ||hfeas||   dV-exp       dV      dPhi-exp     dPhi
  30  7.763e+00  7.763e+00  1.506e+00  7.947e-01  1.000e-09  1.000e-09  0.1250  6.247e-01  0.000e+00  8.809e-01 -1.502e-01 -8.072e-01 -1.502e-01 -8.072e-01
  31  8.420e+00  8.420e+00  1.360e+00  9.892e-01  1.000e-09  1.000e-09  0.1250  5.467e-01  0.000e+00  8.136e-01 -1.721e-01 -6.575e-01 -1.721e-01 -6.575e-01
  32  1.144e+01  1.144e+01  1.265e+00  1.225e+00  1.000e-09  1.000e-09  0.2500  4.100e-01  0.000e+00  8.555e-01 -4.816e-01 -3.018e+00 -4.816e-01 -3.018e+00
  33  1.139e+01  1.139e+01  1.198e+00  1.887e+00  1.000e-09  1.000e-09  0.0625  3.844e-01  0.000e+00  8.131e-01  1.026e-01  4.744e-02  1.026e-01  4.744e-02
  34  1.136e+01  1.136e+01  1.133e+00  1.425e+00  1.000e-09  1.000e-09  0.0625  3.603e-01  0.000e+00  7.730e-01  7.539e-02  2.789e-02  7.539e-02  2.789e-02
  35  1.135e+01  1.135e+01  1.073e+00  1.044e+00  1.000e-09  1.000e-09  0.0625  3.378e-01  0.000e+00  7.348e-01  5.313e-02  1.230e-02  5.313e-02  1.230e-02
  36  1.134e+01  1.134e+01  1.042e+00  7.316e-01  1.000e-09  1.000e-09  0.0312  3.273e-01  0.000e+00  7.143e-01  2.018e-02  1.173e-02  2.018e-02  1.173e-02
  37  1.133e+01  1.133e+01  1.011e+00  5.810e-01  1.000e-09  1.000e-09  0.0312  3.170e-01  0.000e+00  6.943e-01  1.564e-02  7.824e-03  1.564e-02  7.824e-03
  38  1.133e+01  1.133e+01  9.819e-01  4.462e-01  1.000e-09  1.000e-09  0.0312  3.071e-01  0.000e+00  6.748e-01  1.158e-02  4.349e-03  1.158e-02  4.349e-03
  39  1.436e+01  1.436e+01  1.036e+00  3.256e-01  1.000e-09  1.000e-09  0.5000  1.536e-01  0.000e+00  8.827e-01 -4.052e-01 -3.033e+00 -4.052e-01 -3.033e+00
iter    cost       merit      stop      |grad|      preg       dreg      step   ||ffeas||  ||gfeas||  ||hfeas||   dV-exp       dV      dPhi-exp     dPhi
  40  1.352e+01  1.549e+01  9.140e-01  4.729e+00  1.000e-09  1.000e-09  0.2500  1.152e-01  0.000e+00  7.988e-01  9.846e-01  8.429e-01  1.051e+00  1.107e+00
  41  1.323e+01  1.431e+01  7.313e-01  2.567e+00  1.000e-09  1.000e-09  0.2500  8.638e-02  0.000e+00  6.449e-01  5.407e-01  2.876e-01  6.085e-01  5.586e-01
  42  1.331e+01  1.399e+01  4.339e-01  1.778e+00  1.000e-09  1.000e-09  0.5000  4.319e-02  0.000e+00  3.907e-01  6.461e-01 -8.178e-02  8.804e-01  3.869e-01
  43  1.389e+01  1.465e+01  2.060e-01  1.879e+00  1.000e-09  1.000e-09  1.0000  0.000e+00  0.000e+00  2.060e-01  1.126e+00 -5.781e-01  1.971e+00  2.666e-01
  44  1.488e+01  1.617e+01  1.292e-01  4.270e+00  1.000e-09  1.000e-09  1.0000  0.000e+00  0.000e+00  9.103e-02  2.050e+00 -9.868e-01  3.685e+00  6.479e-01
  45  1.269e+01  1.751e+01  2.300e-01  6.545e+00  1.000e-09  1.000e-09  0.5000  1.802e-17  0.000e+00  9.744e-02  2.423e+00  2.184e+00  2.265e+00  1.867e+00
  46  1.182e+01  1.304e+01  6.445e-02  1.897e+00  1.000e-09  1.000e-09  1.0000  0.000e+00  0.000e+00  4.926e-02  8.264e-01  8.696e-01  2.017e+00  2.060e+00
  47  1.175e+01  1.238e+01  5.136e-02  1.308e-01  1.000e-09  1.000e-09  1.0000  0.000e+00  0.000e+00  5.136e-02  4.529e-02  7.589e-02  1.932e-02  4.992e-02
  48  1.158e+01  1.188e+01  4.808e-02  1.549e-01  1.000e-09  1.000e-09  1.0000  0.000e+00  0.000e+00  4.808e-02  7.139e-02  1.626e-01  9.169e-02  1.829e-01
  49  1.150e+01  1.163e+01  4.371e-02  1.168e-01  1.000e-09  1.000e-09  1.0000  0.000e+00  0.000e+00  4.371e-02  5.095e-03  8.428e-02  1.858e-02  9.776e-02
iter    cost       merit      stop      |grad|      preg       dreg      step   ||ffeas||  ||gfeas||  ||hfeas||   dV-exp       dV      dPhi-exp     dPhi
  50  1.135e+01  1.142e+01  4.759e-02  1.403e-01  1.000e-09  1.000e-09  1.0000  0.000e+00  0.000e+00  4.759e-02  2.481e-02  1.519e-01  1.882e-02  1.459e-01
  51  1.148e+01  1.153e+01  6.596e-02  1.613e-01  1.000e-09  1.000e-09  1.0000  0.000e+00  0.000e+00  6.596e-02 -5.998e-02 -1.321e-01 -7.416e-02 -1.463e-01
  52  1.130e+01  1.138e+01  3.076e-02  2.842e-01  1.000e-09  1.000e-09  1.0000  0.000e+00  0.000e+00  3.076e-02  1.228e-01  1.815e-01  2.164e-01  2.751e-01
  53  1.128e+01  1.132e+01  2.792e-02  1.388e-01  1.000e-09  1.000e-09  0.2500  2.379e-17  0.000e+00  2.792e-02  2.526e-02  1.384e-02  2.620e-02  1.762e-02
  54  1.128e+01  1.129e+01  2.534e-02  7.962e-02  1.000e-09  1.000e-09  0.2500  8.327e-17  0.000e+00  2.534e-02  1.384e-02  6.456e-03  1.427e-02  8.169e-03
  55  1.127e+01  1.128e+01  2.361e-02  6.811e-02  1.000e-08  1.000e-08  0.2500  8.327e-17  0.000e+00  2.361e-02  1.239e-02  5.580e-03  1.253e-02  6.154e-03
  56  1.126e+01  1.128e+01  2.304e-02  7.942e-02  1.000e-07  1.000e-07  0.2500  8.327e-17  0.000e+00  2.304e-02  1.566e-02  7.880e-03  1.577e-02  8.306e-03
  57  1.125e+01  1.131e+01  2.390e-02  1.067e-01  1.000e-06  1.000e-06  0.2500  8.327e-17  0.000e+00  2.390e-02  2.228e-02  1.246e-02  2.179e-02  1.051e-02
  58  1.123e+01  1.134e+01  2.673e-02  1.524e-01  2.000e-07  2.000e-07  0.2500  4.163e-17  0.000e+00  2.673e-02  3.280e-02  1.727e-02  2.994e-02  5.820e-03
  59  1.121e+01  1.140e+01  3.228e-02  2.230e-01  4.000e-08  4.000e-08  0.2500  4.163e-17  0.000e+00  3.228e-02  4.882e-02  2.361e-02  4.051e-02 -9.618e-03
iter    cost       merit      stop      |grad|      preg       dreg      step   ||ffeas||  ||gfeas||  ||hfeas||   dV-exp       dV      dPhi-exp     dPhi
  60  1.118e+01  1.151e+01  4.184e-02  3.328e-01  8.000e-09  8.000e-09  0.2500  4.833e-17  0.000e+00  4.184e-02  7.344e-02  3.031e-02  5.477e-02 -4.437e-02
  61  1.115e+01  1.168e+01  5.737e-02  5.069e-01  1.600e-09  1.600e-09  0.2500  4.614e-17  0.000e+00  5.737e-02  1.122e-01  3.472e-02  7.578e-02 -1.111e-01
  62  1.111e+01  1.198e+01  8.167e-02  7.881e-01  1.000e-09  1.000e-09  0.2500  8.327e-17  0.000e+00  8.167e-02  1.745e-01  3.118e-02  1.098e-01 -2.275e-01
  63  1.104e+01  1.204e+01  8.525e-02  1.244e+00  1.000e-09  1.000e-09  0.1250  5.586e-17  0.000e+00  8.525e-02  1.465e-01  7.189e-02  1.413e-01  3.005e-02
  64  1.097e+01  1.217e+01  9.161e-02  1.485e+00  1.000e-09  1.000e-09  0.1250  6.587e-17  0.000e+00  9.161e-02  1.747e-01  7.624e-02  1.642e-01 -7.507e-03
  65  1.089e+01  1.236e+01  1.009e-01  1.790e+00  1.000e-09  1.000e-09  0.1250  9.714e-17  0.000e+00  1.009e-01  2.105e-01  8.046e-02  1.935e-01 -5.478e-02
  66  1.080e+01  1.260e+01  1.131e-01  2.168e+00  1.000e-09  1.000e-09  0.1250  9.714e-17  0.000e+00  1.131e-01  2.547e-01  8.364e-02  2.305e-01 -1.098e-01
  67  1.072e+01  1.289e+01  1.280e-01  2.624e+00  1.000e-09  1.000e-09  0.1250  9.714e-17  0.000e+00  1.280e-01  3.080e-01  8.481e-02  2.763e-01 -1.687e-01
  68  1.063e+01  1.323e+01  1.453e-01  3.162e+00  1.000e-09  1.000e-09  0.1250  9.714e-17  0.000e+00  1.453e-01  3.709e-01  8.310e-02  3.323e-01 -2.255e-01
  69  1.056e+01  1.362e+01  1.644e-01  3.782e+00  1.000e-09  1.000e-09  0.1250  9.714e-17  0.000e+00  1.641e-01  4.433e-01  7.821e-02  3.995e-01 -2.723e-01
iter    cost       merit      stop      |grad|      preg       dreg      step   ||ffeas||  ||gfeas||  ||hfeas||   dV-exp       dV      dPhi-exp     dPhi
  70  1.048e+01  1.404e+01  1.945e-01  4.475e+00  1.000e-09  1.000e-09  0.1250  9.714e-17  0.000e+00  1.830e-01  5.244e-01  7.109e-02  4.783e-01 -2.975e-01
  71  1.042e+01  1.447e+01  2.271e-01  5.222e+00  1.000e-09  1.000e-09  0.1250  9.714e-17  0.000e+00  2.003e-01  6.117e-01  6.467e-02  5.681e-01 -2.843e-01
  72  1.026e+01  1.444e+01  2.629e-01  5.982e+00  1.000e-09  1.000e-09  0.0625  1.041e-16  0.000e+00  1.979e-01  3.621e-01  1.599e-01  3.651e-01  2.091e-01
  73  1.019e+01  1.473e+01  2.694e-01  6.093e+00  1.000e-09  1.000e-09  0.1250  9.714e-17  0.000e+00  2.090e-01  7.135e-01  7.359e-02  6.834e-01 -1.669e-01
  74  9.997e+00  1.463e+01  3.022e-01  6.727e+00  1.000e-09  1.000e-09  0.0625  1.041e-16  0.000e+00  2.040e-01  4.071e-01  1.896e-01  4.143e-01  3.038e-01
  75  9.880e+00  1.457e+01  3.034e-01  6.681e+00  1.000e-09  1.000e-09  0.1250  9.714e-17  0.000e+00  2.029e-01  7.823e-01  1.174e-01  7.852e-01  1.413e-01
  76  9.699e+00  1.438e+01  3.227e-01  6.990e+00  1.000e-09  1.000e-09  0.1250  9.714e-17  0.000e+00  1.926e-01  8.185e-01  1.808e-01  8.500e-01  4.330e-01
  77  9.948e+00  1.391e+01  3.148e-01  6.982e+00  1.000e-09  1.000e-09  0.2500  8.327e-17  0.000e+00  1.549e-01  1.525e+00 -2.489e-01  1.765e+00  7.136e-01
  78  9.425e+00  1.468e+01  3.680e-01  7.791e+00  1.000e-09  1.000e-09  0.2500  8.327e-17  0.000e+00  1.485e-01  1.700e+00  5.230e-01  1.757e+00  7.500e-01
  79  8.908e+00  1.314e+01  3.273e-01  6.626e+00  1.000e-09  1.000e-09  0.5000  5.551e-17  0.000e+00  1.356e-01  2.467e+00  5.164e-01  2.669e+00  9.201e-01
iter    cost       merit      stop      |grad|      preg       dreg      step   ||ffeas||  ||gfeas||  ||hfeas||   dV-exp       dV      dPhi-exp     dPhi
  80  7.703e+00  9.765e+00  2.996e-01  5.394e+00  1.000e-09  1.000e-09  0.5000  1.595e-17  0.000e+00  7.506e-02  2.000e+00  1.206e+00  2.832e+00  2.868e+00
  81  6.387e+00  7.327e+00  1.834e-01  2.802e+00  1.000e-09  1.000e-09  1.0000  0.000e+00  0.000e+00  3.647e-02  1.355e+00  1.316e+00  2.349e+00  2.311e+00
  82  6.327e+00  6.554e+00  1.761e-02  1.810e-01  1.000e-09  1.000e-09  1.0000  0.000e+00  0.000e+00  1.761e-02  7.323e-02  5.948e-02  3.164e-01  3.026e-01
  83  6.299e+00  6.412e+00  1.748e-02  9.376e-02  1.000e-09  1.000e-09  0.5000  1.331e-17  0.000e+00  1.748e-02  3.474e-02  2.815e-02  3.516e-02  2.899e-02
  84  6.278e+00  6.328e+00  1.555e-02  5.940e-02  1.000e-09  1.000e-09  1.0000  0.000e+00  0.000e+00  1.555e-02  2.697e-02  2.161e-02  3.317e-02  2.782e-02
  85  6.250e+00  6.315e+00  2.525e-02  5.508e-02  1.000e-09  1.000e-09  1.0000  0.000e+00  0.000e+00  2.525e-02  2.778e-02  2.727e-02  3.032e-03  2.518e-03
  86  6.230e+00  6.244e+00  1.051e-02  4.654e-02  1.000e-09  1.000e-09  1.0000  0.000e+00  0.000e+00  1.051e-02  1.922e-02  2.028e-02  3.803e-02  3.909e-02
  87  6.206e+00  6.240e+00  1.496e-02  3.429e-02  1.000e-09  1.000e-09  1.0000  0.000e+00  0.000e+00  1.496e-02  1.659e-02  2.424e-02  6.539e-03  1.419e-02
  88  6.195e+00  6.206e+00  9.462e-03  2.674e-02  1.000e-09  1.000e-09  1.0000  0.000e+00  0.000e+00  9.462e-03  7.988e-03  1.083e-02  1.419e-02  1.704e-02
  89  6.180e+00  6.189e+00  7.069e-03  2.081e-02  1.000e-09  1.000e-09  1.0000  0.000e+00  0.000e+00  7.069e-03  9.210e-03  1.538e-02  1.254e-02  1.870e-02
iter    cost       merit      stop      |grad|      preg       dreg      step   ||ffeas||  ||gfeas||  ||hfeas||   dV-exp       dV      dPhi-exp     dPhi
  90  6.173e+00  6.180e+00  6.634e-03  1.436e-02  1.000e-09  1.000e-09  0.5000  5.551e-17  0.000e+00  6.634e-03  4.800e-03  6.163e-03  5.012e-03  6.588e-03
  91  6.168e+00  6.171e+00  6.704e-03  8.159e-03  1.000e-08  1.000e-08  1.0000  0.000e+00  0.000e+00  6.704e-03  2.217e-03  5.583e-03  2.183e-03  5.548e-03
  92  6.157e+00  6.163e+00  8.384e-03  8.662e-03  1.000e-07  1.000e-07  1.0000  0.000e+00  0.000e+00  8.384e-03  3.316e-03  1.050e-02  2.130e-03  9.311e-03
  93  6.160e+00  6.160e+00  1.873e-03  5.321e-04  2.000e-08  2.000e-08  1.0000  0.000e+00  0.000e+00  1.873e-03 -2.699e-03 -2.088e-03 -3.984e-04  2.129e-04
  94  6.156e+00  6.160e+00  2.107e-03  4.319e-03  2.000e-07  2.000e-07  0.5000  3.067e-17  0.000e+00  2.107e-03  1.690e-03  3.086e-03  1.472e-03  2.649e-03
  95  6.155e+00  6.156e+00  1.798e-03  1.441e-03  2.000e-06  2.000e-06  1.0000  0.000e+00  0.000e+00  1.798e-03  2.310e-04  1.909e-03  5.196e-04  2.198e-03
  96  6.154e+00  6.154e+00  1.036e-03  3.137e-04  2.000e-05  2.000e-05  1.0000  0.000e+00  0.000e+00  1.036e-03 -3.175e-04  5.846e-04  3.728e-05  9.394e-04
  97  6.154e+00  6.154e+00  1.044e-04  6.776e-05  2.000e-04  2.000e-04  1.0000  0.000e+00  0.000e+00  1.044e-04 -2.727e-04 -1.479e-04 -5.576e-05  6.908e-05
  98  6.154e+00  6.154e+00  1.982e-05  7.052e-05  2.000e-03  2.000e-03  1.0000  0.000e+00  0.000e+00  1.982e-05  4.648e-05  7.015e-05  1.003e-04  1.239e-04
  99  6.154e+00  6.154e+00  7.644e-07  4.523e-06  2.000e-02  2.000e-02  1.0000  0.000e+00  0.000e+00  4.138e-07 -5.469e-06 -4.867e-06  7.028e-07  1.305e-06
*** SOLVE (MultiShoot) ***
iter    cost       merit      stop      |grad|      preg       dreg      step   ||ffeas||  ||gfeas||  ||hfeas||   dV-exp       dV      dPhi-exp     dPhi
   0  2.560e-01  9.370e-01  1.133e+01  1.032e-03  1.000e-09  1.000e-09  0.0625  2.164e+00  0.000e+00  2.119e+00 -5.551e-02 -2.560e-01 -5.268e-02 -2.106e-01
   1  2.895e+00  3.193e+00  3.750e+00  1.109e+00  1.000e-09  1.000e-09  0.1250  1.893e+00  0.000e+00  1.857e+00 -3.309e-01 -2.639e+00 -3.256e-01 -2.596e+00
   2  2.892e+00  3.040e+00  3.721e+00  1.713e+00  1.000e-09  1.000e-09  0.0078  1.878e+00  0.000e+00  1.842e+00  1.268e-02  2.182e-03  1.269e-02  3.347e-03
   3  2.891e+00  2.965e+00  3.692e+00  1.570e+00  1.000e-09  1.000e-09  0.0078  1.864e+00  0.000e+00  1.828e+00  1.157e-02  1.223e-03  1.158e-02  1.801e-03
   4  2.891e+00  2.927e+00  3.663e+00  1.431e+00  1.000e-09  1.000e-09  0.0078  1.849e+00  0.000e+00  1.813e+00  1.050e-02  3.211e-04  1.050e-02  6.077e-04
   5  2.888e+00  2.907e+00  3.648e+00  1.297e+00  1.000e-09  1.000e-09  0.0039  1.842e+00  0.000e+00  1.806e+00  4.900e-03  2.360e-03  4.900e-03  2.431e-03
   6  2.886e+00  2.895e+00  3.634e+00  1.226e+00  1.000e-09  1.000e-09  0.0039  1.835e+00  0.000e+00  1.799e+00  4.625e-03  2.112e-03  4.625e-03  2.147e-03
   7  2.884e+00  2.889e+00  3.620e+00  1.157e+00  1.000e-09  1.000e-09  0.0039  1.828e+00  0.000e+00  1.792e+00  4.355e-03  1.869e-03  4.355e-03  1.887e-03
   8  2.883e+00  2.885e+00  3.606e+00  1.088e+00  1.000e-09  1.000e-09  0.0039  1.821e+00  0.000e+00  1.785e+00  4.088e-03  1.632e-03  4.088e-03  1.640e-03
   9  2.881e+00  2.883e+00  3.592e+00  1.021e+00  1.000e-09  1.000e-09  0.0039  1.813e+00  0.000e+00  1.778e+00  3.826e-03  1.399e-03  3.826e-03  1.403e-03
iter    cost       merit      stop      |grad|      preg       dreg      step   ||ffeas||  ||gfeas||  ||hfeas||   dV-exp       dV      dPhi-exp     dPhi
  10  2.880e+00  2.881e+00  3.578e+00  9.544e-01  1.000e-09  1.000e-09  0.0039  1.806e+00  0.000e+00  1.771e+00  3.568e-03  1.171e-03  3.568e-03  1.173e-03
  11  2.879e+00  2.880e+00  3.564e+00  8.889e-01  1.000e-09  1.000e-09  0.0039  1.799e+00  0.000e+00  1.764e+00  3.314e-03  9.478e-04  3.314e-03  9.489e-04
  12  2.879e+00  2.879e+00  3.550e+00  8.245e-01  1.000e-09  1.000e-09  0.0039  1.792e+00  0.000e+00  1.758e+00  3.064e-03  7.292e-04  3.064e-03  7.297e-04
  13  2.878e+00  2.878e+00  3.536e+00  7.611e-01  1.000e-09  1.000e-09  0.0039  1.785e+00  0.000e+00  1.751e+00  2.817e-03  5.149e-04  2.817e-03  5.151e-04
  14  2.878e+00  2.878e+00  3.522e+00  6.986e-01  1.000e-09  1.000e-09  0.0039  1.778e+00  0.000e+00  1.744e+00  2.575e-03  3.049e-04  2.575e-03  3.050e-04
  15  2.878e+00  2.878e+00  3.508e+00  6.371e-01  1.000e-09  1.000e-09  0.0039  1.771e+00  0.000e+00  1.737e+00  2.336e-03  9.904e-05  2.336e-03  9.910e-05
  16  2.877e+00  2.877e+00  3.501e+00  5.765e-01  1.000e-09  1.000e-09  0.0020  1.768e+00  0.000e+00  1.734e+00  1.088e-03  5.326e-04  1.088e-03  5.326e-04
  17  2.877e+00  2.877e+00  3.495e+00  5.454e-01  1.000e-09  1.000e-09  0.0020  1.764e+00  0.000e+00  1.730e+00  1.027e-03  4.764e-04  1.027e-03  4.764e-04
  18  2.876e+00  2.876e+00  3.488e+00  5.145e-01  1.000e-09  1.000e-09  0.0020  1.761e+00  0.000e+00  1.727e+00  9.673e-04  4.206e-04  9.673e-04  4.206e-04
  19  2.876e+00  2.876e+00  3.481e+00  4.839e-01  1.000e-09  1.000e-09  0.0020  1.758e+00  0.000e+00  1.723e+00  9.077e-04  3.653e-04  9.077e-04  3.653e-04
iter    cost       merit      stop      |grad|      preg       dreg      step   ||ffeas||  ||gfeas||  ||hfeas||   dV-exp       dV      dPhi-exp     dPhi
  20  2.876e+00  2.876e+00  3.474e+00  4.535e-01  1.000e-09  1.000e-09  0.0020  1.754e+00  0.000e+00  1.720e+00  8.485e-04  3.105e-04  8.485e-04  3.105e-04
  21  2.875e+00  2.875e+00  3.467e+00  4.233e-01  1.000e-09  1.000e-09  0.0020  1.751e+00  0.000e+00  1.717e+00  7.897e-04  2.562e-04  7.897e-04  2.562e-04
  22  2.875e+00  2.875e+00  3.461e+00  3.934e-01  1.000e-09  1.000e-09  0.0020  1.747e+00  0.000e+00  1.713e+00  7.314e-04  2.023e-04  7.314e-04  2.023e-04
  23  2.875e+00  2.875e+00  3.454e+00  3.637e-01  1.000e-09  1.000e-09  0.0020  1.744e+00  0.000e+00  1.710e+00  6.736e-04  1.489e-04  6.736e-04  1.489e-04
  24  2.875e+00  2.875e+00  3.447e+00  3.342e-01  1.000e-09  1.000e-09  0.0020  1.740e+00  0.000e+00  1.707e+00  6.162e-04  9.598e-05  6.162e-04  9.598e-05
  25  2.875e+00  2.875e+00  3.440e+00  3.050e-01  1.000e-09  1.000e-09  0.0020  1.737e+00  0.000e+00  1.703e+00  5.592e-04  4.347e-05  5.592e-04  4.347e-05
  26  2.875e+00  2.875e+00  3.440e+00  2.759e-01  1.000e-09  1.000e-09  0.0020  1.737e+00  0.000e+00  1.703e+00  5.027e-04 -8.582e-06  5.027e-04 -8.582e-06
  27  2.875e+00  2.875e+00  3.440e+00  2.760e-01  1.000e-08  1.000e-08  0.0020  1.737e+00  0.000e+00  1.703e+00  5.027e-04 -8.524e-06  5.027e-04 -8.524e-06
  28  2.875e+00  2.875e+00  3.440e+00  2.761e-01  1.000e-07  1.000e-07  0.0020  1.737e+00  0.000e+00  1.703e+00  5.029e-04 -8.105e-06  5.029e-04 -8.105e-06
  29  2.875e+00  2.875e+00  3.440e+00  2.705e-01  1.000e-06  1.000e-06  0.0020  1.737e+00  0.000e+00  1.703e+00  4.920e-04 -1.703e-05  4.920e-04 -1.703e-05
iter    cost       merit      stop      |grad|      preg       dreg      step   ||ffeas||  ||gfeas||  ||hfeas||   dV-exp       dV      dPhi-exp     dPhi
  30  2.875e+00  2.875e+00  3.440e+00  8.199e-02  1.000e-05  1.000e-05  0.0020  1.737e+00  0.000e+00  1.703e+00  1.214e-04 -3.822e-04  1.214e-04 -3.822e-04
  31  3.385e+00  3.385e+00  3.225e+00  4.497e-01  1.000e-04  1.000e-04  0.0625  1.628e+00  0.000e+00  1.597e+00 -7.298e-02 -5.104e-01 -7.298e-02 -5.104e-01
  32  3.385e+00  3.385e+00  3.219e+00  4.323e-01  1.000e-04  1.000e-04  0.0020  1.625e+00  0.000e+00  1.594e+00  8.037e-04  4.049e-04  8.037e-04  4.049e-04
  33  3.384e+00  3.384e+00  3.213e+00  4.335e-01  1.000e-04  1.000e-04  0.0020  1.622e+00  0.000e+00  1.591e+00  8.062e-04  4.126e-04  8.062e-04  4.126e-04
  34  3.384e+00  3.384e+00  3.207e+00  4.349e-01  1.000e-04  1.000e-04  0.0020  1.619e+00  0.000e+00  1.588e+00  8.089e-04  4.206e-04  8.089e-04  4.206e-04
  35  3.384e+00  3.384e+00  3.194e+00  4.364e-01  1.000e-04  1.000e-04  0.0039  1.613e+00  0.000e+00  1.581e+00  1.543e-03  2.415e-05  1.543e-03  2.415e-05
  36  3.384e+00  3.384e+00  3.182e+00  4.417e-01  1.000e-04  1.000e-04  0.0039  1.606e+00  0.000e+00  1.575e+00  1.564e-03  8.645e-05  1.564e-03  8.645e-05
  37  3.384e+00  3.384e+00  3.169e+00  4.474e-01  1.000e-04  1.000e-04  0.0039  1.600e+00  0.000e+00  1.569e+00  1.587e-03  1.497e-04  1.587e-03  1.497e-04
  38  3.383e+00  3.383e+00  3.157e+00  4.534e-01  1.000e-04  1.000e-04  0.0039  1.594e+00  0.000e+00  1.563e+00  1.611e-03  2.133e-04  1.611e-03  2.133e-04
  39  3.383e+00  3.383e+00  3.144e+00  4.596e-01  1.000e-04  1.000e-04  0.0039  1.588e+00  0.000e+00  1.557e+00  1.636e-03  2.769e-04  1.636e-03  2.769e-04
iter    cost       merit      stop      |grad|      preg       dreg      step   ||ffeas||  ||gfeas||  ||hfeas||   dV-exp       dV      dPhi-exp     dPhi
  40  3.383e+00  3.383e+00  3.132e+00  4.657e-01  1.000e-04  1.000e-04  0.0039  1.581e+00  0.000e+00  1.551e+00  1.660e-03  3.400e-04  1.660e-03  3.400e-04
  41  3.382e+00  3.382e+00  3.120e+00  4.719e-01  1.000e-04  1.000e-04  0.0039  1.575e+00  0.000e+00  1.545e+00  1.684e-03  4.022e-04  1.684e-03  4.022e-04
  42  3.382e+00  3.382e+00  3.108e+00  4.778e-01  1.000e-04  1.000e-04  0.0039  1.569e+00  0.000e+00  1.539e+00  1.708e-03  4.629e-04  1.708e-03  4.629e-04
  43  3.381e+00  3.381e+00  3.096e+00  4.835e-01  1.000e-04  1.000e-04  0.0039  1.563e+00  0.000e+00  1.533e+00  1.730e-03  5.219e-04  1.730e-03  5.219e-04
  44  3.381e+00  3.381e+00  3.083e+00  4.887e-01  1.000e-04  1.000e-04  0.0039  1.557e+00  0.000e+00  1.527e+00  1.751e-03  5.786e-04  1.751e-03  5.786e-04
  45  3.380e+00  3.380e+00  3.071e+00  4.935e-01  1.000e-04  1.000e-04  0.0039  1.551e+00  0.000e+00  1.521e+00  1.770e-03  6.326e-04  1.770e-03  6.326e-04
  46  3.380e+00  3.380e+00  3.059e+00  4.978e-01  1.000e-04  1.000e-04  0.0039  1.545e+00  0.000e+00  1.515e+00  1.786e-03  6.836e-04  1.786e-03  6.836e-04
  47  3.379e+00  3.379e+00  3.047e+00  5.013e-01  1.000e-04  1.000e-04  0.0039  1.539e+00  0.000e+00  1.509e+00  1.800e-03  7.311e-04  1.800e-03  7.311e-04
  48  3.378e+00  3.378e+00  3.036e+00  5.041e-01  1.000e-04  1.000e-04  0.0039  1.533e+00  0.000e+00  1.503e+00  1.811e-03  7.748e-04  1.811e-03  7.748e-04
  49  3.377e+00  3.377e+00  3.024e+00  5.059e-01  1.000e-04  1.000e-04  0.0039  1.527e+00  0.000e+00  1.497e+00  1.818e-03  8.144e-04  1.818e-03  8.144e-04
iter    cost       merit      stop      |grad|      preg       dreg      step   ||ffeas||  ||gfeas||  ||hfeas||   dV-exp       dV      dPhi-exp     dPhi
  50  3.376e+00  3.376e+00  3.012e+00  5.069e-01  1.000e-04  1.000e-04  0.0039  1.521e+00  0.000e+00  1.491e+00  1.821e-03  8.494e-04  1.821e-03  8.494e-04
  51  3.376e+00  3.376e+00  3.000e+00  5.068e-01  1.000e-04  1.000e-04  0.0039  1.515e+00  0.000e+00  1.485e+00  1.821e-03  8.795e-04  1.821e-03  8.795e-04
  52  3.375e+00  3.375e+00  2.988e+00  5.055e-01  1.000e-04  1.000e-04  0.0039  1.509e+00  0.000e+00  1.480e+00  1.816e-03  9.044e-04  1.816e-03  9.044e-04
  53  3.374e+00  3.374e+00  2.977e+00  5.031e-01  1.000e-04  1.000e-04  0.0039  1.503e+00  0.000e+00  1.474e+00  1.806e-03  9.238e-04  1.806e-03  9.238e-04
  54  3.373e+00  3.373e+00  2.965e+00  4.994e-01  1.000e-04  1.000e-04  0.0039  1.497e+00  0.000e+00  1.468e+00  1.791e-03  9.374e-04  1.791e-03  9.374e-04
  55  3.372e+00  3.372e+00  2.953e+00  4.943e-01  1.000e-04  1.000e-04  0.0039  1.491e+00  0.000e+00  1.462e+00  1.771e-03  9.449e-04  1.771e-03  9.449e-04
  56  3.372e+00  3.372e+00  2.930e+00  4.878e-01  1.000e-04  1.000e-04  0.0078  1.480e+00  0.000e+00  1.451e+00  3.168e-03  2.686e-05  3.168e-03  2.686e-05
  57  3.372e+00  3.372e+00  2.907e+00  4.752e-01  1.000e-04  1.000e-04  0.0078  1.468e+00  0.000e+00  1.439e+00  3.066e-03  1.209e-04  3.066e-03  1.209e-04
  58  3.372e+00  3.372e+00  2.885e+00  4.559e-01  1.000e-04  1.000e-04  0.0078  1.457e+00  0.000e+00  1.428e+00  2.910e-03  1.500e-04  2.910e-03  1.500e-04
  59  4.285e+00  4.285e+00  2.521e+00  4.293e-01  1.000e-04  1.000e-04  0.1250  1.274e+00  0.000e+00  1.246e+00 -1.142e-01 -9.136e-01 -1.142e-01 -9.136e-01
iter    cost       merit      stop      |grad|      preg       dreg      step   ||ffeas||  ||gfeas||  ||hfeas||   dV-exp       dV      dPhi-exp     dPhi
  60  4.283e+00  4.283e+00  2.501e+00  9.147e-01  1.000e-04  1.000e-04  0.0078  1.265e+00  0.000e+00  1.237e+00  6.316e-03  2.497e-03  6.316e-03  2.497e-03
  61  4.282e+00  4.282e+00  2.481e+00  6.910e-01  1.000e-04  1.000e-04  0.0078  1.255e+00  0.000e+00  1.227e+00  4.567e-03  8.842e-04  4.567e-03  8.842e-04
  62  4.281e+00  4.281e+00  2.497e+00  4.576e-01  1.000e-04  1.000e-04  0.0039  1.250e+00  0.000e+00  1.222e+00  1.579e-03  6.889e-04  1.579e-03  6.889e-04
  63  4.281e+00  4.281e+00  2.521e+00  3.355e-01  1.000e-04  1.000e-04  0.0039  1.245e+00  0.000e+00  1.217e+00  1.102e-03  2.318e-04  1.102e-03  2.318e-04
  64  5.714e+00  5.714e+00  2.152e+00  2.113e-01  1.000e-04  1.000e-04  0.1250  1.089e+00  0.000e+00  1.063e+00 -1.869e-01 -1.433e+00 -1.869e-01 -1.433e+00
  65  8.321e+00  8.321e+00  1.877e+00  2.825e+00  1.000e-04  1.000e-04  0.1250  9.531e-01  0.000e+00  9.236e-01 -5.648e-01 -2.607e+00 -5.648e-01 -2.607e+00
  66  1.971e+01  1.971e+01  1.364e+00  3.776e+00  1.000e-04  1.000e-04  0.2500  7.148e-01  0.000e+00  6.495e-01 -1.649e+00 -1.139e+01 -1.649e+00 -1.139e+01
  67  1.557e+01  2.275e+01  1.017e+00  2.022e+01  2.000e-05  2.000e-05  0.2500  5.361e-01  0.000e+00  4.808e-01  4.213e+00  4.142e+00  4.826e+00  6.594e+00
  68  1.623e+01  2.034e+01  7.719e-01  1.135e+01  4.000e-06  4.000e-06  0.2500  4.021e-01  0.000e+00  3.699e-01  2.366e+00 -6.556e-01  2.692e+00  6.511e-01
  69  1.551e+01  2.019e+01  5.817e-01  1.147e+01  8.000e-07  8.000e-07  0.2500  3.016e-01  0.000e+00  2.802e-01  2.423e+00  7.164e-01  2.806e+00  2.248e+00
iter    cost       merit      stop      |grad|      preg       dreg      step   ||ffeas||  ||gfeas||  ||hfeas||   dV-exp       dV      dPhi-exp     dPhi
  70  1.566e+01  1.827e+01  2.928e-01  8.942e+00  1.600e-07  1.600e-07  0.5000  1.526e-01  0.000e+00  1.402e-01  3.141e+00 -1.548e-01  4.427e+00  2.417e+00
  71  1.446e+01  1.725e+01  2.502e-01  7.094e+00  3.200e-08  3.200e-08  1.0000  9.779e-02  0.000e+00  4.992e-02  3.869e+00  1.201e+00  6.608e+00  3.940e+00
  72  1.156e+01  1.313e+01  2.252e-01  4.143e+00  6.400e-09  6.400e-09  1.0000  3.482e-02  0.000e+00  2.273e-02  2.827e+00  2.906e+00  5.293e+00  5.371e+00
  73  1.136e+01  1.206e+01  5.112e-02  2.657e-01  1.280e-09  1.280e-09  1.0000  2.477e-02  0.000e+00  2.635e-02  4.287e-02  2.014e-01  1.307e-01  2.893e-01
  74  1.138e+01  1.176e+01  5.528e-02  1.173e-01  1.000e-09  1.000e-09  1.0000  4.161e-02  0.000e+00  1.368e-02 -7.393e-02 -2.215e-02 -1.024e-01 -5.059e-02
  75  1.132e+01  1.139e+01  2.186e-02  1.919e-01  1.000e-09  1.000e-09  0.5000  1.296e-02  0.000e+00  8.905e-03  4.678e-02  6.073e-02  1.039e-01  1.750e-01
  76  1.132e+01  1.135e+01  1.688e-02  4.729e-03  1.000e-09  1.000e-09  1.0000  9.595e-03  0.000e+00  7.290e-03 -5.525e-02 -6.545e-04 -4.674e-02  7.853e-03
  77  1.140e+01  1.143e+01  2.443e-02  1.216e-02  1.000e-08  1.000e-08  1.0000  1.824e-02  0.000e+00  6.193e-03 -2.270e-02 -8.610e-02 -2.914e-02 -9.255e-02
  78  1.131e+01  1.150e+01  2.766e-02  1.868e-01  2.000e-09  2.000e-09  1.0000  2.055e-02  0.000e+00  7.119e-03  1.135e-01  9.044e-02  9.203e-02  6.898e-02
  79  1.126e+01  1.142e+01  2.174e-02  2.967e-01  1.000e-09  1.000e-09  0.2500  1.557e-02  0.000e+00  6.172e-03  6.414e-02  4.889e-02  7.455e-02  9.056e-02
iter    cost       merit      stop      |grad|      preg       dreg      step   ||ffeas||  ||gfeas||  ||hfeas||   dV-exp       dV      dPhi-exp     dPhi
  80  1.123e+01  1.139e+01  1.861e-02  2.538e-01  1.000e-09  1.000e-09  0.2500  1.188e-02  0.000e+00  6.730e-03  5.565e-02  3.304e-02  6.227e-02  5.952e-02
  81  1.120e+01  1.149e+01  2.140e-02  3.284e-01  1.000e-09  1.000e-09  0.2500  1.324e-02  0.000e+00  8.164e-03  7.271e-02  3.259e-02  6.316e-02 -5.606e-03
  82  1.117e+01  1.175e+01  3.164e-02  4.917e-01  1.000e-09  1.000e-09  0.2500  2.095e-02  0.000e+00  1.069e-02  1.092e-01  2.527e-02  6.270e-02 -1.607e-01
  83  1.112e+01  1.179e+01  3.634e-02  8.010e-01  1.000e-09  1.000e-09  0.1250  2.274e-02  0.000e+00  1.105e-02  9.449e-02  5.169e-02  8.915e-02  8.974e-03
  84  1.107e+01  1.190e+01  4.387e-02  9.788e-01  1.000e-09  1.000e-09  0.1250  2.561e-02  0.000e+00  1.174e-02  1.153e-01  5.342e-02  1.054e-01 -2.629e-02
  85  1.102e+01  1.208e+01  5.419e-02  1.221e+00  1.000e-09  1.000e-09  0.1250  2.983e-02  0.000e+00  1.275e-02  1.437e-01  5.148e-02  1.275e-01 -7.878e-02
  86  1.098e+01  1.234e+01  6.810e-02  1.549e+00  1.000e-09  1.000e-09  0.1250  3.564e-02  0.000e+00  1.408e-02  1.821e-01  4.194e-02  1.577e-01 -1.534e-01
  87  1.091e+01  1.241e+01  8.692e-02  1.987e+00  1.000e-09  1.000e-09  0.0625  3.641e-02  0.000e+00  1.405e-02  1.205e-01  7.024e-02  1.191e-01  4.809e-02
  88  1.083e+01  1.246e+01  9.436e-02  2.159e+00  1.000e-09  1.000e-09  0.0625  3.751e-02  0.000e+00  1.407e-02  1.309e-01  7.296e-02  1.287e-01  3.780e-02
  89  1.076e+01  1.253e+01  1.027e-01  2.350e+00  1.000e-09  1.000e-09  0.0625  3.891e-02  0.000e+00  1.414e-02  1.424e-01  7.573e-02  1.393e-01  2.657e-02
iter    cost       merit      stop      |grad|      preg       dreg      step   ||ffeas||  ||gfeas||  ||hfeas||   dV-exp       dV      dPhi-exp     dPhi
  90  1.070e+01  1.255e+01  1.119e-01  2.559e+00  1.000e-09  1.000e-09  0.0312  3.873e-02  0.000e+00  1.394e-02  7.874e-02  5.972e-02  7.916e-02  7.299e-02
  91  1.064e+01  1.254e+01  1.154e-01  2.632e+00  1.000e-09  1.000e-09  0.0312  3.861e-02  0.000e+00  1.375e-02  8.099e-02  6.114e-02  8.135e-02  7.242e-02
  92  1.056e+01  1.261e+01  1.192e-01  2.708e+00  1.000e-09  1.000e-09  0.0625  4.076e-02  0.000e+00  1.389e-02  1.640e-01  8.035e-02  1.587e-01 -5.568e-03
  93  1.047e+01  1.271e+01  1.304e-01  2.951e+00  1.000e-09  1.000e-09  0.0625  4.318e-02  0.000e+00  1.402e-02  1.788e-01  8.289e-02  1.725e-01 -1.711e-02
  94  1.039e+01  1.285e+01  1.423e-01  3.209e+00  1.000e-09  1.000e-09  0.0625  4.675e-02  0.000e+00  1.413e-02  1.943e-01  8.523e-02  1.850e-01 -6.359e-02
  95  1.030e+01  1.300e+01  1.549e-01  3.477e+00  1.000e-09  1.000e-09  0.0625  5.147e-02  0.000e+00  1.420e-02  2.105e-01  8.744e-02  1.983e-01 -1.093e-01
  96  1.021e+01  1.310e+01  1.681e-01  3.752e+00  1.000e-09  1.000e-09  0.0625  5.637e-02  0.000e+00  1.422e-02  2.272e-01  8.970e-02  2.146e-01 -1.115e-01
  97  1.012e+01  1.322e+01  1.816e-01  4.030e+00  1.000e-09  1.000e-09  0.0625  6.152e-02  0.000e+00  1.440e-02  2.440e-01  9.227e-02  2.304e-01 -1.261e-01
  98  1.002e+01  1.336e+01  1.953e-01  4.305e+00  1.000e-09  1.000e-09  0.0625  6.675e-02  0.000e+00  1.562e-02  2.606e-01  9.551e-02  2.443e-01 -1.660e-01
  99  9.922e+00  1.344e+01  2.088e-01  4.568e+00  1.000e-09  1.000e-09  0.0625  7.189e-02  0.000e+00  1.691e-02  2.765e-01  9.990e-02  2.607e-01 -1.543e-01
iter    cost       merit      stop      |grad|      preg       dreg      step   ||ffeas||  ||gfeas||  ||hfeas||   dV-exp       dV      dPhi-exp     dPhi
 100  9.817e+00  1.349e+01  2.218e-01  4.809e+00  1.000e-09  1.000e-09  0.0625  7.682e-02  0.000e+00  1.824e-02  2.912e-01  1.059e-01  2.761e-01 -1.354e-01
 101  9.703e+00  1.350e+01  2.337e-01  5.018e+00  1.000e-09  1.000e-09  0.0625  8.141e-02  0.000e+00  1.957e-02  3.038e-01  1.139e-01  2.899e-01 -1.086e-01
 102  9.578e+00  1.346e+01  2.440e-01  5.182e+00  1.000e-09  1.000e-09  0.0625  8.552e-02  0.000e+00  2.087e-02  3.137e-01  1.242e-01  3.014e-01 -7.340e-02
 103  9.442e+00  1.337e+01  2.522e-01  5.289e+00  1.000e-09  1.000e-09  0.0625  8.902e-02  0.000e+00  2.209e-02  3.202e-01  1.364e-01  3.097e-01 -3.069e-02
 104  9.322e+00  1.309e+01  2.571e-01  5.328e+00  1.000e-09  1.000e-09  0.0312  8.835e-02  0.000e+00  2.202e-02  1.639e-01  1.201e-01  1.647e-01  1.454e-01
 105  9.167e+00  1.301e+01  2.560e-01  5.226e+00  1.000e-09  1.000e-09  0.0625  9.086e-02  0.000e+00  2.310e-02  3.164e-01  1.545e-01  3.088e-01  3.373e-02
 106  9.000e+00  1.275e+01  2.569e-01  5.158e+00  1.000e-09  1.000e-09  0.0625  9.251e-02  0.000e+00  2.400e-02  3.122e-01  1.675e-01  3.071e-01  8.529e-02
 107  8.908e+00  1.308e+01  2.523e-01  5.015e+00  1.000e-09  1.000e-09  0.1250  1.063e-01  0.000e+00  2.976e-02  5.876e-01  9.194e-02  5.126e-01 -5.076e-01
 108  8.694e+00  1.227e+01  2.620e-01  5.089e+00  1.000e-09  1.000e-09  0.0625  1.044e-01  0.000e+00  2.975e-02  3.081e-01  2.135e-01  3.113e-01  2.637e-01
 109  8.422e+00  1.192e+01  2.507e-01  4.730e+00  1.000e-09  1.000e-09  0.1250  1.066e-01  0.000e+00  3.261e-02  5.543e-01  2.721e-01  5.386e-01  1.467e-01
iter    cost       merit      stop      |grad|      preg       dreg      step   ||ffeas||  ||gfeas||  ||hfeas||   dV-exp       dV      dPhi-exp     dPhi
 110  8.191e+00  1.162e+01  2.310e-01  4.245e+00  1.000e-09  1.000e-09  0.2500  1.129e-01  0.000e+00  4.422e-02  9.287e-01  2.316e-01  8.307e-01 -1.603e-01
 111  7.716e+00  1.003e+01  2.145e-01  3.747e+00  1.000e-09  1.000e-09  0.2500  9.309e-02  0.000e+00  4.289e-02  8.194e-01  4.746e-01  9.093e-01  8.342e-01
 112  7.435e+00  9.462e+00  1.614e-01  2.733e+00  1.000e-09  1.000e-09  0.5000  1.027e-01  0.000e+00  3.905e-02  1.024e+00  2.811e-01  9.827e-01  1.992e-01
 113  6.580e+00  7.376e+00  1.410e-01  2.161e+00  1.000e-09  1.000e-09  1.0000  5.716e-02  0.000e+00  1.671e-02  1.069e+00  8.550e-01  1.800e+00  1.586e+00
 114  6.337e+00  6.434e+00  3.527e-02  5.142e-01  1.000e-09  1.000e-09  1.0000  1.112e-02  0.000e+00  7.016e-03  2.588e-01  2.434e-01  5.591e-01  5.437e-01
 115  6.327e+00  6.425e+00  2.552e-02  9.407e-02  1.000e-09  1.000e-09  1.0000  1.769e-02  0.000e+00  7.832e-03  4.872e-02  9.841e-03  2.035e-02 -1.852e-02
 116  6.266e+00  6.316e+00  1.348e-02  1.330e-01  1.000e-08  1.000e-08  1.0000  8.888e-03  0.000e+00  4.590e-03  6.556e-02  6.067e-02  1.098e-01  1.049e-01
 117  6.246e+00  6.289e+00  1.488e-02  5.570e-02  2.000e-09  2.000e-09  1.0000  8.692e-03  0.000e+00  6.189e-03  2.746e-02  2.027e-02  2.337e-02  1.619e-02
 118  6.218e+00  6.243e+00  9.782e-03  5.891e-02  1.000e-09  1.000e-09  1.0000  6.212e-03  0.000e+00  3.570e-03  2.712e-02  2.800e-02  4.039e-02  4.127e-02
 119  6.201e+00  6.227e+00  1.091e-02  3.614e-02  1.000e-09  1.000e-09  1.0000  6.149e-03  0.000e+00  4.764e-03  1.633e-02  1.679e-02  1.363e-02  1.409e-02
iter    cost       merit      stop      |grad|      preg       dreg      step   ||ffeas||  ||gfeas||  ||hfeas||   dV-exp       dV      dPhi-exp     dPhi
 120  6.179e+00  6.193e+00  7.163e-03  3.156e-02  1.000e-09  1.000e-09  1.0000  4.397e-03  0.000e+00  2.766e-03  1.419e-02  2.191e-02  2.115e-02  2.888e-02
 121  6.177e+00  6.184e+00  7.468e-03  1.570e-02  1.000e-09  1.000e-09  1.0000  4.604e-03  0.000e+00  2.864e-03  3.860e-03  2.048e-03  3.577e-03  1.765e-03
 122  6.155e+00  6.166e+00  5.115e-03  1.946e-02  1.000e-08  1.000e-08  1.0000  3.046e-03  0.000e+00  2.069e-03  1.065e-02  2.202e-02  1.544e-02  2.681e-02
 123  6.171e+00  6.179e+00  7.566e-03  2.374e-03  2.000e-09  2.000e-09  1.0000  5.297e-03  0.000e+00  2.269e-03 -4.997e-03 -1.612e-02 -7.494e-03 -1.862e-02
 124  6.149e+00  6.178e+00  9.595e-03  2.567e-02  1.000e-09  1.000e-09  1.0000  7.692e-03  0.000e+00  1.903e-03  1.602e-02  2.227e-02  9.883e-03  1.614e-02
 125  6.149e+00  6.161e+00  8.014e-03  1.302e-02  1.000e-09  1.000e-09  0.2500  6.605e-03  0.000e+00  1.408e-03  2.327e-03  1.768e-04  2.925e-03  2.568e-03
 126  6.160e+00  6.163e+00  3.603e-03  8.780e-04  1.000e-08  1.000e-08  1.0000  2.430e-03  0.000e+00  1.172e-03 -5.799e-03 -1.128e-02 -2.464e-03 -7.940e-03
 127  6.151e+00  6.166e+00  5.012e-03  1.112e-02  1.000e-07  1.000e-07  1.0000  4.133e-03  0.000e+00  8.793e-04  7.272e-03  8.883e-03  3.208e-03  4.819e-03
 128  6.151e+00  6.157e+00  4.263e-03  7.266e-03  1.000e-06  1.000e-06  0.2500  3.596e-03  0.000e+00  6.672e-04  1.381e-03  4.330e-04  1.650e-03  1.512e-03
 129  6.155e+00  6.156e+00  1.602e-03  2.720e-06  1.000e-05  1.000e-05  1.0000  1.089e-03  0.000e+00  5.127e-04 -2.462e-03 -4.130e-03 -5.428e-04 -2.211e-03
iter    cost       merit      stop      |grad|      preg       dreg      step   ||ffeas||  ||gfeas||  ||hfeas||   dV-exp       dV      dPhi-exp     dPhi
 130  6.151e+00  6.153e+00  1.289e-03  3.211e-03  1.000e-04  1.000e-04  1.0000  1.042e-03  0.000e+00  2.462e-04  2.073e-03  4.234e-03  2.653e-03  4.813e-03
 131  6.153e+00  6.153e+00  7.197e-04  1.730e-03  1.000e-03  1.000e-03  1.0000  5.185e-04  0.000e+00  2.012e-04 -2.340e-03 -1.997e-03 -1.814e-03 -1.472e-03
 132  6.153e+00  6.153e+00  9.907e-05  6.700e-04  1.000e-02  1.000e-02  1.0000  7.479e-06  0.000e+00  2.264e-06 -7.087e-04 -7.105e-04 -3.805e-04 -3.823e-04
 133  6.153e+00  6.153e+00  2.157e-07  1.496e-06  1.000e-01  1.000e-01  1.0000  2.071e-08  0.000e+00  7.731e-09 -1.543e-06 -1.532e-06  7.023e-07  7.140e-07
 134  6.153e+00  6.153e+00  1.596e-08  1.146e-07  1.000e+00  1.000e+00  1.0000  1.898e-10  0.000e+00  7.219e-11  1.142e-07  1.143e-07  2.757e-07  2.759e-07
 135  6.153e+00  6.153e+00  1.930e-09  1.381e-08  1.000e+01  1.000e+01  1.0000  1.883e-12  0.000e+00  7.170e-13  1.380e-08  1.380e-08  1.529e-08  1.529e-08
Target end-effector pose:
   position: [ 0.5 -1.5 -1. ]
   quaternion: [ 0.     -0.7071  0.      0.7071]
Terminal end-effector pose:
   position: [ 0.5 -1.5 -1. ]
   quaternion: [ 0.     -0.7071  0.      0.7071]
