*** SOLVE walking ***
iter    cost       merit      stop      |grad|      preg       dreg      step   ||ffeas||  ||gfeas||  ||hfeas||   dV-exp       dV      dPhi-exp     dPhi
   0  2.047e+05  2.047e+05  3.903e+00  1.598e+06  1.000e-09  1.000e-09  0.5000  6.821e-15  0.000e+00  0.000e+00  5.992e+05  5.949e+05  5.992e+05  5.949e+05
   1  1.233e+04  1.233e+04  1.655e+01  4.081e+05  1.000e-09  1.000e-09  1.0000  0.000e+00  0.000e+00  0.000e+00  2.040e+05  1.923e+05  2.040e+05  1.923e+05
   2  6.406e+03  6.406e+03  1.831e+00  2.346e+04  1.000e-09  1.000e-09  0.5000  5.421e-20  0.000e+00  0.000e+00  8.797e+03  5.926e+03  8.797e+03  5.926e+03
   3  2.832e+03  2.832e+03  2.052e+00  1.162e+04  1.000e-09  1.000e-09  1.0000  0.000e+00  0.000e+00  0.000e+00  5.812e+03  3.574e+03  5.812e+03  3.574e+03
   4  1.705e+03  1.705e+03  1.315e+00  4.488e+03  1.000e-09  1.000e-09  0.5000  2.711e-20  0.000e+00  0.000e+00  1.683e+03  1.127e+03  1.683e+03  1.127e+03
   5  6.454e+02  6.454e+02  1.724e+00  2.229e+03  1.000e-09  1.000e-09  1.0000  0.000e+00  0.000e+00  0.000e+00  1.115e+03  1.059e+03  1.115e+03  1.059e+03
   6  6.160e+02  6.160e+02  9.240e-02  1.140e+02  1.000e-09  1.000e-09  0.5000  5.421e-20  0.000e+00  0.000e+00  4.276e+01  2.938e+01  4.276e+01  2.938e+01
   7  6.062e+02  6.062e+02  4.543e-02  5.517e+01  1.000e-09  1.000e-09  1.0000  0.000e+00  0.000e+00  0.000e+00  2.758e+01  9.772e+00  2.758e+01  9.772e+00
   8  5.884e+02  5.884e+02  3.024e-02  3.565e+01  1.000e-09  1.000e-09  1.0000  0.000e+00  0.000e+00  0.000e+00  1.782e+01  1.779e+01  1.782e+01  1.779e+01
   9  5.884e+02  5.884e+02  5.719e-05  6.742e-02  1.000e-09  1.000e-09  1.0000  0.000e+00  0.000e+00  0.000e+00  3.371e-02  3.372e-02  3.371e-02  3.372e-02
iter    cost       merit      stop      |grad|      preg       dreg      step   ||ffeas||  ||gfeas||  ||hfeas||   dV-exp       dV      dPhi-exp     dPhi
  10  5.884e+02  5.884e+02  7.170e-08  8.452e-05  1.000e-09  1.000e-09  1.0000  0.000e+00  0.000e+00  0.000e+00  4.226e-05  4.229e-05  4.226e-05  4.229e-05
  11  5.884e+02  5.884e+02  6.501e-13  7.663e-10  1.000e-09  1.000e-09  1.0000  0.000e+00  0.000e+00  0.000e+00  3.832e-10  3.894e-10  3.832e-10  3.894e-10
*** SOLVE trotting ***
iter    cost       merit      stop      |grad|      preg       dreg      step   ||ffeas||  ||gfeas||  ||hfeas||   dV-exp       dV      dPhi-exp     dPhi
   0  1.780e+04  1.780e+04  2.580e+01  9.184e+05  1.000e-09  1.000e-09  1.0000  0.000e+00  0.000e+00  0.000e+00  4.592e+05  4.418e+05  1.115e+06  1.098e+06
   1  1.717e+03  1.717e+03  1.011e+01  3.474e+04  1.000e-09  1.000e-09  1.0000  0.000e+00  0.000e+00  0.000e+00  1.737e+04  1.608e+04  1.737e+04  1.608e+04
   2  1.040e+03  1.040e+03  1.236e+00  2.574e+03  1.000e-09  1.000e-09  0.5000  2.711e-20  0.000e+00  0.000e+00  9.653e+02  6.763e+02  9.653e+02  6.763e+02
   3  4.999e+02  4.999e+02  1.220e+00  1.222e+03  1.000e-09  1.000e-09  1.0000  0.000e+00  0.000e+00  0.000e+00  6.109e+02  5.404e+02  6.109e+02  5.404e+02
   4  4.272e+02  4.272e+02  1.699e-01  1.455e+02  1.000e-09  1.000e-09  1.0000  0.000e+00  0.000e+00  0.000e+00  7.274e+01  7.274e+01  7.274e+01  7.274e+01
   5  4.271e+02  4.271e+02  2.378e-04  2.036e-01  1.000e-09  1.000e-09  1.0000  0.000e+00  0.000e+00  0.000e+00  1.018e-01  1.021e-01  1.018e-01  1.021e-01
   6  4.270e+02  4.270e+02  1.646e-04  1.409e-01  1.000e-09  1.000e-09  1.0000  0.000e+00  0.000e+00  0.000e+00  7.044e-02  7.050e-02  7.044e-02  7.050e-02
   7  4.270e+02  4.270e+02  2.168e-09  1.856e-06  1.000e-09  1.000e-09  1.0000  0.000e+00  0.000e+00  0.000e+00  9.280e-07  9.354e-07  9.280e-07  9.354e-07
   8  4.270e+02  4.270e+02  1.361e-12  1.165e-09  1.000e-08  1.000e-08  1.0000  0.000e+00  0.000e+00  0.000e+00  5.825e-10  6.123e-10  5.827e-10  6.124e-10
*** SOLVE pacing ***
iter    cost       merit      stop      |grad|      preg       dreg      step   ||ffeas||  ||gfeas||  ||hfeas||   dV-exp       dV      dPhi-exp     dPhi
   0  7.843e+04  7.843e+04  5.849e+00  9.188e+05  1.000e-09  1.000e-09  1.0000  0.000e+00  0.000e+00  0.000e+00  4.588e+05  3.812e+05  1.114e+06  1.037e+06
   1  6.287e+03  6.287e+03  1.234e+01  1.553e+05  1.000e-09  1.000e-09  1.0000  0.000e+00  0.000e+00  0.000e+00  7.763e+04  7.215e+04  7.763e+04  7.215e+04
   2  5.218e+03  5.218e+03  1.053e+00  1.099e+04  1.000e-09  1.000e-09  0.2500  1.016e-20  0.000e+00  0.000e+00  2.405e+03  1.069e+03  2.405e+03  1.069e+03
   3  1.826e+03  1.826e+03  2.419e+00  8.837e+03  1.000e-09  1.000e-09  1.0000  0.000e+00  0.000e+00  0.000e+00  4.419e+03  3.393e+03  4.419e+03  3.393e+03
   4  1.230e+03  1.230e+03  8.332e-01  2.051e+03  1.000e-09  1.000e-09  1.0000  0.000e+00  0.000e+00  0.000e+00  1.025e+03  5.960e+02  1.025e+03  5.960e+02
   5  8.139e+02  8.139e+02  5.275e-01  8.598e+02  1.000e-09  1.000e-09  1.0000  0.000e+00  0.000e+00  0.000e+00  4.299e+02  4.157e+02  4.299e+02  4.157e+02
   6  8.010e+02  8.010e+02  1.769e-02  2.837e+01  1.000e-09  1.000e-09  1.0000  0.000e+00  0.000e+00  0.000e+00  1.419e+01  1.292e+01  1.419e+01  1.292e+01
   7  7.998e+02  7.998e+02  1.579e-03  2.529e+00  1.000e-09  1.000e-09  1.0000  0.000e+00  0.000e+00  0.000e+00  1.265e+00  1.197e+00  1.265e+00  1.197e+00
   8  7.998e+02  7.998e+02  8.627e-05  1.382e-01  1.000e-09  1.000e-09  1.0000  0.000e+00  0.000e+00  0.000e+00  6.908e-02  5.716e-02  6.908e-02  5.716e-02
   9  7.997e+02  7.997e+02  1.469e-05  2.353e-02  1.000e-09  1.000e-09  1.0000  0.000e+00  0.000e+00  0.000e+00  1.177e-02  1.181e-02  1.177e-02  1.181e-02
iter    cost       merit      stop      |grad|      preg       dreg      step   ||ffeas||  ||gfeas||  ||hfeas||   dV-exp       dV      dPhi-exp     dPhi
  10  7.997e+02  7.997e+02  1.021e-07  1.635e-04  1.000e-09  1.000e-09  1.0000  0.000e+00  0.000e+00  0.000e+00  8.176e-05  8.767e-05  8.176e-05  8.767e-05
  11  7.997e+02  7.997e+02  2.165e-08  3.468e-05  1.000e-09  1.000e-09  1.0000  0.000e+00  0.000e+00  0.000e+00  1.734e-05  1.734e-05  1.734e-05  1.734e-05
  12  7.997e+02  7.997e+02  4.224e-15  6.765e-12  1.000e-09  1.000e-09  1.0000  0.000e+00  0.000e+00  0.000e+00  3.383e-12  7.844e-12  3.388e-12  7.850e-12
*** SOLVE bounding ***
iter    cost       merit      stop      |grad|      preg       dreg      step   ||ffeas||  ||gfeas||  ||hfeas||   dV-exp       dV      dPhi-exp     dPhi
   0  2.045e+05  2.045e+05  2.239e+00  9.186e+05  1.000e-09  1.000e-09  1.0000  0.000e+00  0.000e+00  0.000e+00  4.579e+05  2.553e+05  1.112e+06  9.095e+05
   1  7.609e+04  7.609e+04  2.661e+00  4.049e+05  1.000e-09  1.000e-09  1.0000  0.000e+00  0.000e+00  0.000e+00  2.025e+05  1.284e+05  2.025e+05  1.284e+05
   2  6.123e+04  6.123e+04  1.210e+00  1.482e+05  1.000e-09  1.000e-09  0.5000  4.337e-19  0.000e+00  0.000e+00  5.557e+04  1.485e+04  5.557e+04  1.485e+04
   3  1.057e+04  1.057e+04  5.602e+00  1.184e+05  1.000e-09  1.000e-09  1.0000  0.000e+00  0.000e+00  0.000e+00  5.920e+04  5.067e+04  5.920e+04  5.067e+04
   4  4.912e+03  4.912e+03  1.736e+00  1.706e+04  1.000e-09  1.000e-09  1.0000  0.000e+00  0.000e+00  0.000e+00  8.530e+03  5.653e+03  8.530e+03  5.653e+03
   5  2.217e+03  2.217e+03  1.295e+00  5.745e+03  1.000e-09  1.000e-09  1.0000  0.000e+00  0.000e+00  0.000e+00  2.873e+03  2.696e+03  2.873e+03  2.696e+03
   6  2.197e+03  2.197e+03  8.059e-02  3.542e+02  1.000e-09  1.000e-09  0.2500  6.505e-19  0.000e+00  0.000e+00  7.748e+01  2.014e+01  7.748e+01  2.014e+01
   7  2.047e+03  2.047e+03  7.645e-02  3.132e+02  1.000e-09  1.000e-09  1.0000  0.000e+00  0.000e+00  0.000e+00  1.566e+02  1.492e+02  1.566e+02  1.492e+02
   8  2.041e+03  2.041e+03  3.595e-03  1.468e+01  1.000e-09  1.000e-09  1.0000  0.000e+00  0.000e+00  0.000e+00  7.340e+00  6.319e+00  7.340e+00  6.319e+00
   9  2.040e+03  2.040e+03  5.260e-04  2.147e+00  1.000e-09  1.000e-09  1.0000  0.000e+00  0.000e+00  0.000e+00  1.073e+00  1.073e+00  1.073e+00  1.073e+00
iter    cost       merit      stop      |grad|      preg       dreg      step   ||ffeas||  ||gfeas||  ||hfeas||   dV-exp       dV      dPhi-exp     dPhi
  10  2.040e+03  2.040e+03  3.645e-08  1.488e-04  1.000e-09  1.000e-09  1.0000  0.000e+00  0.000e+00  0.000e+00  7.440e-05  7.440e-05  7.440e-05  7.440e-05
  11  2.040e+03  2.040e+03  2.253e-10  9.198e-07  1.000e-09  1.000e-09  1.0000  0.000e+00  0.000e+00  0.000e+00  4.599e-07  4.614e-07  4.599e-07  4.614e-07
*** SOLVE jumping ***
iter    cost       merit      stop      |grad|      preg       dreg      step   ||ffeas||  ||gfeas||  ||hfeas||   dV-exp       dV      dPhi-exp     dPhi
   0  1.433e+06  3.770e+06  1.304e+00  3.743e+06  1.000e-09  1.000e-09  0.1250  1.017e+00  0.000e+00  0.000e+00  4.386e+05  4.385e+05  4.803e+05  7.723e+05
   1  1.098e+06  2.886e+06  1.303e+00  2.865e+06  1.000e-09  1.000e-09  0.1250  8.900e-01  0.000e+00  0.000e+00  3.357e+05  3.357e+05  3.677e+05  5.912e+05
   2  8.409e+05  2.209e+06  1.302e+00  2.193e+06  1.000e-09  1.000e-09  0.1250  7.788e-01  0.000e+00  0.000e+00  2.570e+05  2.568e+05  2.814e+05  4.523e+05
   3  4.770e+05  1.375e+06  1.757e+00  1.679e+06  1.000e-09  1.000e-09  0.2500  5.841e-01  0.000e+00  0.000e+00  3.672e+05  3.639e+05  4.420e+05  6.631e+05
   4  1.367e+05  4.752e+05  3.467e+00  9.507e+05  1.000e-09  1.000e-09  0.5000  2.920e-01  0.000e+00  0.000e+00  3.562e+05  3.403e+05  5.254e+05  6.789e+05
   5  4.471e+04  1.401e+05  2.988e+00  2.686e+05  1.000e-09  1.000e-09  0.5000  1.460e-01  0.000e+00  0.000e+00  1.006e+05  9.198e+04  1.483e+05  1.874e+05
   6  1.433e+04  4.408e+04  2.906e+00  8.400e+04  1.000e-09  1.000e-09  0.5000  7.301e-02  0.000e+00  0.000e+00  3.141e+04  3.038e+04  4.628e+04  6.013e+04
   7  3.475e+03  3.475e+03  3.245e+00  2.291e+04  1.000e-09  1.000e-09  1.0000  0.000e+00  0.000e+00  0.000e+00  1.128e+04  1.086e+04  2.739e+04  2.697e+04
   8  3.471e+03  3.471e+03  1.305e-01  9.066e+02  1.000e-09  1.000e-09  0.0078  5.379e-20  0.000e+00  0.000e+00  7.055e+00  3.895e+00  7.055e+00  3.895e+00
   9  3.090e+03  3.090e+03  1.405e-01  8.685e+02  1.000e-09  1.000e-09  1.0000  0.000e+00  0.000e+00  0.000e+00  4.342e+02  3.818e+02  4.342e+02  3.818e+02
iter    cost       merit      stop      |grad|      preg       dreg      step   ||ffeas||  ||gfeas||  ||hfeas||   dV-exp       dV      dPhi-exp     dPhi
  10  3.086e+03  3.086e+03  1.721e-02  1.062e+02  1.000e-09  1.000e-09  0.0625  5.082e-20  0.000e+00  0.000e+00  6.432e+00  3.552e+00  6.432e+00  3.552e+00
  11  3.037e+03  3.037e+03  1.621e-02  9.850e+01  1.000e-09  1.000e-09  1.0000  0.000e+00  0.000e+00  0.000e+00  4.925e+01  4.880e+01  4.925e+01  4.880e+01
  12  3.037e+03  3.037e+03  1.434e-04  8.713e-01  1.000e-09  1.000e-09  1.0000  0.000e+00  0.000e+00  0.000e+00  4.357e-01  4.195e-01  4.357e-01  4.195e-01
  13  3.037e+03  3.037e+03  5.150e-06  3.129e-02  1.000e-09  1.000e-09  1.0000  0.000e+00  0.000e+00  0.000e+00  1.564e-02  1.557e-02  1.564e-02  1.557e-02
  14  3.037e+03  3.037e+03  4.808e-07  2.921e-03  1.000e-09  1.000e-09  1.0000  0.000e+00  0.000e+00  0.000e+00  1.461e-03  1.461e-03  1.461e-03  1.461e-03
  15  3.037e+03  3.037e+03  9.294e-11  5.647e-07  1.000e-09  1.000e-09  1.0000  0.000e+00  0.000e+00  0.000e+00  2.823e-07  2.618e-07  2.823e-07  2.618e-07
