*** SOLVE walking ***
iter    cost       merit      stop      |grad|      preg       dreg      step   ||ffeas||  ||gfeas||  ||hfeas||   dV-exp       dV      dPhi-exp     dPhi
   0  2.060e+04  2.060e+04  3.879e+01  1.598e+06  1.000e-09  1.000e-09  1.0000  0.000e+00  0.000e+00  3.266e+01  7.989e+05  7.790e+05  7.989e+05  7.790e+05
   1  1.731e+04  1.866e+04  1.542e+00  4.006e+04  1.000e-09  1.000e-09  1.0000  0.000e+00  0.000e+00  1.542e+00  2.002e+04  3.285e+03  4.726e+04  3.053e+04
   2  8.099e+03  1.318e+04  2.065e+00  3.345e+04  1.000e-09  1.000e-09  1.0000  0.000e+00  0.000e+00  3.281e-01  1.673e+04  9.212e+03  3.554e+04  2.802e+04
   3  2.638e+03  5.014e+03  2.846e+00  1.502e+04  1.000e-09  1.000e-09  1.0000  0.000e+00  0.000e+00  7.266e-02  7.512e+03  5.461e+03  1.587e+04  1.382e+04
   4  7.607e+02  2.244e+03  2.691e+00  4.099e+03  1.000e-09  1.000e-09  1.0000  0.000e+00  0.000e+00  3.681e-02  2.050e+03  1.877e+03  3.494e+03  3.322e+03
   5  5.897e+02  6.620e+02  2.917e-01  3.446e+02  1.000e-09  1.000e-09  1.0000  0.000e+00  0.000e+00  3.589e-03  1.723e+02  1.710e+02  8.417e+02  8.404e+02
   6  5.884e+02  5.893e+02  2.178e-03  2.567e+00  1.000e-09  1.000e-09  1.0000  0.000e+00  0.000e+00  9.107e-05  1.284e+00  1.284e+00  3.653e+01  3.653e+01
   7  5.884e+02  5.884e+02  1.407e-08  1.549e-05  1.000e-09  1.000e-09  1.0000  0.000e+00  0.000e+00  2.054e-09  8.294e-06  8.296e-06  4.588e-01  4.588e-01
   8  5.884e+02  5.884e+02  7.159e-12  4.392e-10  1.000e-09  1.000e-09  1.0000  0.000e+00  0.000e+00  7.159e-12  3.360e-10  3.386e-10  1.031e-05  1.031e-05
*** SOLVE trotting ***
iter    cost       merit      stop      |grad|      preg       dreg      step   ||ffeas||  ||gfeas||  ||hfeas||   dV-exp       dV      dPhi-exp     dPhi
   0  2.589e+05  7.787e+05  2.775e+00  9.184e+05  1.000e-09  1.000e-09  0.2500  4.040e-02  0.000e+00  2.734e+00  2.009e+05  2.007e+05  2.349e+05  3.369e+05
   1  1.461e+05  5.797e+05  3.258e+00  5.169e+05  1.000e-09  1.000e-09  0.2500  3.030e-02  0.000e+00  3.228e+00  1.131e+05  1.128e+05  9.698e+04  4.842e+04
   2  3.752e+04  4.001e+05  5.449e+00  2.914e+05  1.000e-09  1.000e-09  0.5000  1.515e-02  0.000e+00  5.434e+00  1.093e+05  1.086e+05  3.637e+04 -3.718e+04
   3  8.092e+02  1.252e+05  4.578e+01  7.418e+04  1.000e-09  1.000e-09  1.0000  0.000e+00  0.000e+00  3.740e+00  3.709e+04  3.671e+04  9.394e+04  9.356e+04
   4  5.449e+02  1.556e+03  7.000e-01  7.660e+02  1.000e-09  1.000e-09  1.0000  0.000e+00  0.000e+00  6.080e-02  3.821e+02  2.643e+02  6.158e+04  6.146e+04
   5  4.270e+02  4.830e+02  2.753e-01  2.357e+02  1.000e-09  1.000e-09  1.0000  0.000e+00  0.000e+00  6.734e-03  1.178e+02  1.178e+02  5.674e+02  5.674e+02
   6  4.270e+02  4.414e+02  3.468e-03  9.550e-02  1.000e-09  1.000e-09  1.0000  0.000e+00  0.000e+00  3.468e-03  4.760e-02  4.764e-02  1.363e+01  1.363e+01
   7  4.270e+02  4.270e+02  1.608e-07  5.015e-05  1.000e-09  1.000e-09  1.0000  0.000e+00  0.000e+00  1.608e-07  4.949e-05  4.949e-05  7.209e+00  7.209e+00
   8  4.270e+02  4.270e+02  5.134e-11  2.241e-09  1.000e-09  1.000e-09  1.0000  0.000e+00  0.000e+00  5.134e-11 -2.930e-09 -2.937e-09  1.671e-04  1.671e-04
*** SOLVE pacing ***
iter    cost       merit      stop      |grad|      preg       dreg      step   ||ffeas||  ||gfeas||  ||hfeas||   dV-exp       dV      dPhi-exp     dPhi
   0  1.217e+05  6.078e+05  3.647e+01  9.188e+05  1.000e-09  1.000e-09  0.5000  6.337e-02  0.000e+00  3.640e+01  3.444e+05  3.379e+05  4.291e+05  5.073e+05
   1  2.443e+04  2.123e+05  2.819e+01  2.424e+05  1.000e-09  1.000e-09  1.0000  0.000e+00  0.000e+00  2.819e+01  1.209e+05  9.730e+04  1.761e+05  1.525e+05
   2  4.777e+03  9.845e+03  4.945e+00  4.725e+04  1.000e-09  1.000e-09  1.0000  0.000e+00  0.000e+00  1.521e+00  2.363e+04  1.965e+04  1.125e+05  1.085e+05
   3  9.791e+02  1.561e+03  4.057e+00  7.953e+03  1.000e-09  1.000e-09  1.0000  0.000e+00  0.000e+00  1.558e-01  3.976e+03  3.798e+03  9.075e+03  8.897e+03
   4  8.420e+02  9.080e+02  2.125e-01  3.583e+02  1.000e-09  1.000e-09  1.0000  0.000e+00  0.000e+00  3.534e-02  1.792e+02  1.371e+02  4.041e+02  3.621e+02
   5  8.039e+02  8.238e+02  5.247e-02  8.446e+01  1.000e-09  1.000e-09  1.0000  0.000e+00  0.000e+00  1.167e-02  4.223e+01  3.812e+01  8.264e+01  7.853e+01
   6  7.998e+02  8.001e+02  5.128e-03  8.212e+00  1.000e-09  1.000e-09  1.0000  0.000e+00  0.000e+00  3.565e-04  4.106e+00  4.068e+00  1.376e+01  1.372e+01
   7  7.997e+02  7.998e+02  4.701e-05  7.525e-02  1.000e-09  1.000e-09  1.0000  0.000e+00  0.000e+00  1.415e-05  3.764e-02  3.815e-02  1.837e-01  1.842e-01
   8  7.997e+02  7.997e+02  1.245e-06  1.994e-03  1.000e-09  1.000e-09  1.0000  0.000e+00  0.000e+00  1.956e-07  9.971e-04  1.015e-03  3.974e-03  3.991e-03
   9  7.997e+02  7.997e+02  1.031e-07  1.003e-04  1.000e-09  1.000e-09  1.0000  0.000e+00  0.000e+00  1.031e-07  5.017e-05  5.017e-05  8.409e-05  8.409e-05
iter    cost       merit      stop      |grad|      preg       dreg      step   ||ffeas||  ||gfeas||  ||hfeas||   dV-exp       dV      dPhi-exp     dPhi
  10  7.997e+02  7.997e+02  2.755e-12  1.204e-09  1.000e-09  1.000e-09  1.0000  0.000e+00  0.000e+00  2.755e-12  1.150e-09  1.151e-09  1.888e-05  1.888e-05
*** SOLVE bounding ***
iter    cost       merit      stop      |grad|      preg       dreg      step   ||ffeas||  ||gfeas||  ||hfeas||   dV-exp       dV      dPhi-exp     dPhi
   0  2.123e+05  9.270e+05  8.227e+01  9.186e+05  1.000e-09  1.000e-09  1.0000  0.000e+00  0.000e+00  8.227e+01  4.578e+05  2.475e+05  3.972e+05  1.869e+05
   1  9.090e+04  1.477e+05  1.307e+01  4.205e+05  1.000e-09  1.000e-09  1.0000  0.000e+00  0.000e+00  1.307e+01  2.103e+05  1.214e+05  5.108e+05  4.220e+05
   2  1.132e+04  2.412e+04  7.850e+00  1.777e+05  1.000e-09  1.000e-09  1.0000  0.000e+00  0.000e+00  1.318e+00  8.886e+04  7.958e+04  2.030e+05  1.937e+05
   3  2.361e+03  3.760e+03  3.928e+00  1.856e+04  1.000e-09  1.000e-09  1.0000  0.000e+00  0.000e+00  1.391e-01  9.278e+03  8.957e+03  2.113e+04  2.081e+04
   4  2.040e+03  2.057e+03  1.574e-01  6.427e+02  1.000e-09  1.000e-09  1.0000  0.000e+00  0.000e+00  3.411e-03  3.214e+02  3.214e+02  1.003e+03  1.003e+03
   5  2.041e+03  2.048e+03  2.804e-03  3.060e-01  1.000e-09  1.000e-09  0.5000  2.168e-19  0.000e+00  2.804e-03  1.147e-01 -5.590e-01  8.780e-01  9.675e-01
   6  2.040e+03  2.041e+03  8.908e-04  1.424e+00  1.000e-09  1.000e-09  1.0000  0.000e+00  0.000e+00  8.908e-04  7.120e-01  7.119e-01  3.116e+00  3.116e+00
   7  2.040e+03  2.040e+03  1.509e-06  2.640e-04  1.000e-09  1.000e-09  1.0000  0.000e+00  0.000e+00  1.509e-06  1.918e-04  1.917e-04  5.590e-01  5.590e-01
   8  2.040e+03  2.040e+03  5.475e-08  1.874e-06  1.000e-09  1.000e-09  1.0000  0.000e+00  0.000e+00  5.475e-08  1.499e-06  1.499e-06  4.583e-04  4.583e-04
   9  2.040e+03  2.040e+03  6.105e-09  1.534e-07  1.000e-09  1.000e-09  1.0000  0.000e+00  0.000e+00  6.105e-09  1.240e-07  1.240e-07  7.765e-06  7.765e-06
iter    cost       merit      stop      |grad|      preg       dreg      step   ||ffeas||  ||gfeas||  ||hfeas||   dV-exp       dV      dPhi-exp     dPhi
  10  2.040e+03  2.040e+03  3.808e-10  1.314e-08  1.000e-08  1.000e-08  1.0000  0.000e+00  0.000e+00  3.808e-10  1.069e-08  1.069e-08  9.098e-07  9.098e-07
*** SOLVE jumping ***
iter    cost       merit      stop      |grad|      preg       dreg      step   ||ffeas||  ||gfeas||  ||hfeas||   dV-exp       dV      dPhi-exp     dPhi
   0  1.229e+05  2.155e+06  2.274e+02  3.743e+06  1.000e-09  1.000e-09  1.0000  0.000e+00  0.000e+00  2.274e+02  1.869e+06  1.749e+06  2.507e+06  2.387e+06
   1  1.266e+05  1.792e+05  1.176e+01  2.398e+05  1.000e-09  1.000e-09  1.0000  0.000e+00  0.000e+00  1.176e+01  1.199e+05 -3.706e+03  1.084e+06  9.600e+05
   2  5.677e+04  1.359e+05  5.269e+00  2.472e+05  1.000e-09  1.000e-09  1.0000  0.000e+00  0.000e+00  5.269e+00  1.236e+05  6.984e+04  2.211e+05  1.673e+05
   3  7.356e+03  4.069e+04  7.304e+00  1.075e+05  1.000e-09  1.000e-09  1.0000  0.000e+00  0.000e+00  2.288e+00  5.374e+04  4.942e+04  9.716e+04  9.284e+04
   4  3.096e+03  5.283e+03  1.395e+00  8.639e+03  1.000e-09  1.000e-09  1.0000  0.000e+00  0.000e+00  3.003e-01  4.319e+03  4.260e+03  1.880e+04  1.874e+04
   5  3.037e+03  3.085e+03  1.941e-02  1.179e+02  1.000e-09  1.000e-09  1.0000  0.000e+00  0.000e+00  1.327e-02  5.897e+01  5.897e+01  1.104e+03  1.104e+03
   6  3.037e+03  3.037e+03  3.990e-04  1.798e-02  1.000e-09  1.000e-09  1.0000  0.000e+00  0.000e+00  3.990e-04  9.023e-03  9.023e-03  2.346e+01  2.346e+01
   7  3.037e+03  3.037e+03  4.394e-06  2.297e-04  1.000e-09  1.000e-09  1.0000  0.000e+00  0.000e+00  4.394e-06  1.201e-04  1.202e-04  3.595e-01  3.595e-01
   8  3.037e+03  3.037e+03  8.227e-10  9.038e-08  1.000e-09  1.000e-09  1.0000  0.000e+00  0.000e+00  8.227e-10  8.338e-08  8.281e-08  2.000e-03  2.000e-03
