*** SOLVE (FeasShoot) ***
iter    cost       merit      stop      |grad|      preg       dreg      step   ||ffeas||  ||gfeas||  ||hfeas||   dV-exp       dV      dPhi-exp     dPhi
   0  6.562e-03  7.309e-03  1.534e-01  1.022e-02  1.000e-09  1.000e-09  1.0000  0.000e+00  0.000e+00  1.534e-01  4.408e-03  3.338e-03  9.959e-03  8.889e-03
   1  5.684e-03  9.158e-03  2.529e-01  2.945e-03  1.000e-08  1.000e-08  1.0000  0.000e+00  0.000e+00  2.529e-01  1.475e-03  8.777e-04  1.087e-04 -4.888e-04
   2  5.360e-03  5.879e-03  7.559e-02  8.783e-04  1.000e-07  1.000e-07  1.0000  0.000e+00  0.000e+00  7.559e-02  4.179e-04  3.244e-04  1.636e-03  1.542e-03
   3  5.330e-03  5.332e-03  6.077e-04  8.640e-05  1.000e-06  1.000e-06  1.0000  0.000e+00  0.000e+00  6.077e-04  2.919e-05  2.986e-05  2.867e-04  2.873e-04
   4  5.325e-03  5.327e-03  1.476e-04  5.937e-06  1.000e-05  1.000e-05  1.0000  0.000e+00  0.000e+00  1.476e-04  5.017e-06  5.185e-06  1.044e-05  1.061e-05
   5  5.324e-03  5.324e-03  2.348e-06  6.326e-07  1.000e-04  1.000e-04  1.0000  0.000e+00  0.000e+00  2.348e-06  6.187e-07  6.210e-07  1.488e-06  1.491e-06
   6  5.324e-03  5.324e-03  5.159e-08  5.201e-08  1.000e-03  1.000e-03  1.0000  0.000e+00  0.000e+00  2.521e-08  5.187e-08  5.189e-08  1.252e-07  1.252e-07
   7  5.324e-03  5.324e-03  5.000e-09  5.028e-09  1.000e-02  1.000e-02  1.0000  0.000e+00  0.000e+00  2.543e-10  5.027e-09  5.027e-09  1.214e-08  1.214e-08
*** SOLVE (MultiShoot) ***
iter    cost       merit      stop      |grad|      preg       dreg      step   ||ffeas||  ||gfeas||  ||hfeas||   dV-exp       dV      dPhi-exp     dPhi
   0  5.450e-03  3.215e-02  1.874e-01  1.022e-02  1.000e-09  1.000e-09  1.0000  1.874e-01  0.000e+00  3.331e-16  4.408e-03  4.450e-03  1.621e-01  1.621e-01
   1  5.178e-03  1.289e-02  1.083e-01  1.120e-03  1.000e-09  1.000e-09  1.0000  1.083e-01  0.000e+00  3.626e-18  2.639e-04  2.727e-04  5.898e-03  5.907e-03
   2  5.107e-03  8.848e-03  1.050e-01  4.974e-04  1.000e-08  1.000e-08  1.0000  1.050e-01  0.000e+00  2.602e-17  6.588e-05  7.042e-05  1.828e-04  1.873e-04
   3  5.212e-03  5.646e-03  2.435e-02  1.265e-05  1.000e-07  1.000e-07  1.0000  2.435e-02  0.000e+00  1.735e-17 -1.060e-04 -1.054e-04  1.331e-03  1.331e-03
   4  5.237e-03  5.247e-03  1.214e-03  2.924e-06  1.000e-06  1.000e-06  1.0000  1.214e-03  0.000e+00  3.469e-18 -2.433e-05 -2.406e-05  1.817e-04  1.820e-04
   5  5.239e-03  5.239e-03  1.656e-05  2.339e-06  1.000e-05  1.000e-05  1.0000  1.656e-05  0.000e+00  1.041e-17 -2.506e-06 -2.505e-06  2.823e-06  2.824e-06
   6  5.239e-03  5.239e-03  2.106e-07  1.403e-07  1.000e-04  1.000e-04  1.0000  2.106e-07  0.000e+00  1.655e-18  1.378e-07  1.379e-07  3.323e-07  3.323e-07
   7  5.239e-03  5.239e-03  1.033e-08  1.041e-08  1.000e-03  1.000e-03  1.0000  2.145e-09  0.000e+00  8.674e-19  1.038e-08  1.038e-08  2.506e-08  2.506e-08
*** SOLVE (HybridShoot: 11) ***
iter    cost       merit      stop      |grad|      preg       dreg      step   ||ffeas||  ||gfeas||  ||hfeas||   dV-exp       dV      dPhi-exp     dPhi
   0  5.790e-03  3.994e-02  9.695e-01  1.022e-02  1.000e-09  1.000e-09  1.0000  9.695e-01  0.000e+00  3.331e-16  4.408e-03  4.110e-03  1.585e-02  1.555e-02
   1  5.051e-03  1.168e-02  3.763e-01  1.975e-03  1.000e-09  1.000e-09  1.0000  3.763e-01  0.000e+00  1.388e-17  7.901e-04  7.385e-04  1.124e-02  1.119e-02
   2  5.295e-03  7.470e-03  2.471e-01  3.024e-04  1.000e-09  1.000e-09  1.0000  2.471e-01  0.000e+00  7.806e-18 -1.768e-04 -2.440e-04  9.612e-04  8.939e-04
   3  5.234e-03  5.493e-03  5.885e-02  3.052e-04  1.000e-08  1.000e-08  1.0000  5.885e-02  0.000e+00  4.597e-17  7.364e-05  6.080e-05  9.022e-04  8.894e-04
   4  5.226e-03  5.305e-03  3.599e-02  8.031e-05  1.000e-07  1.000e-07  1.0000  3.599e-02  0.000e+00  2.515e-17  1.253e-05  8.044e-06  6.284e-05  5.836e-05
   5  5.233e-03  5.234e-03  8.353e-04  2.792e-06  1.000e-06  1.000e-06  1.0000  8.353e-04  0.000e+00  1.324e-18 -7.028e-06 -6.751e-06  3.166e-05  3.194e-05
   6  5.232e-03  5.232e-03  3.426e-05  1.083e-06  1.000e-05  1.000e-05  1.0000  3.426e-05  0.000e+00  6.072e-18  9.513e-07  9.592e-07  2.255e-06  2.262e-06
   7  5.232e-03  5.232e-03  4.421e-07  1.120e-07  1.000e-04  1.000e-04  1.0000  4.421e-07  0.000e+00  4.337e-18  1.102e-07  1.103e-07  2.655e-07  2.656e-07
   8  5.232e-03  5.232e-03  8.001e-09  8.062e-09  1.000e-03  1.000e-03  1.0000  4.467e-09  0.000e+00  4.337e-19  8.043e-09  8.044e-09  1.942e-08  1.942e-08
*** SOLVE (OdynSQP) ***
iter    cost       merit      stop      |grad|      preg       dreg      step   ||ffeas||  ||gfeas||  ||hfeas||   dV-exp       dV      dPhi-exp     dPhi
   0  5.450e-03  6.362e-03  1.873e-01  1.022e-02  1.000e-09  1.000e-09  1.0000  1.873e-01  0.000e+00  1.953e-17  4.408e-03  4.450e-03  9.794e-03  9.836e-03
   1  5.278e-03  5.530e-03  1.038e-01  1.062e-03  1.000e-08  1.000e-08  1.0000  1.038e-01  0.000e+00  1.961e-13  1.642e-04  1.724e-04  3.674e-04  3.757e-04
   2  5.203e-03  5.284e-03  6.681e-02  3.786e-04  1.000e-07  1.000e-07  1.0000  6.681e-02  0.000e+00  4.082e-20  7.131e-05  7.513e-05  1.163e-04  1.201e-04
   3  5.328e-03  5.330e-03  3.253e-03  9.573e-05  1.000e-06  1.000e-06  1.0000  3.253e-03  0.000e+00  4.254e-15 -1.259e-04 -1.257e-04 -8.720e-05 -8.702e-05
   4  5.324e-03  5.324e-03  2.102e-05  5.354e-06  1.000e-05  1.000e-05  1.0000  2.102e-05  0.000e+00  2.220e-16  4.732e-06  4.738e-06  1.145e-05  1.145e-05
   5  5.323e-03  5.323e-03  4.297e-07  4.395e-07  1.000e-04  1.000e-04  1.0000  2.301e-07  0.000e+00  1.138e-16  4.320e-07  4.321e-07  1.042e-06  1.043e-06
   6  5.323e-03  5.323e-03  3.272e-08  3.296e-08  1.000e-03  1.000e-03  1.0000  2.316e-09  0.000e+00  1.681e-17  3.289e-08  3.289e-08  7.940e-08  7.940e-08
   7  5.323e-03  5.323e-03  3.131e-09  3.149e-09  1.000e-02  1.000e-02  1.0000  2.314e-11  0.000e+00  8.277e-18  3.148e-09  3.148e-09  3.616e-09  3.616e-09
Target pose:
   position: [1. 0. 1.]
   quaternion: [0. 0. 0. 1.]
Terminal pose:
   position: [1. 0. 1.]
   quaternion: [ 0. -0.  0.  1.]
