*** SOLVE walking (FeasShoot) ***
iter    cost       merit      stop      |grad|      preg       dreg      step   ||ffeas||  ||gfeas||  ||hfeas||   dV-exp       dV      dPhi-exp     dPhi
   0  2.061e+04  2.061e+04  3.877e+01  1.598e+06  1.000e-09  1.000e-09  1.0000  0.000e+00  0.000e+00  3.260e+01  7.989e+05  7.790e+05  7.989e+05  7.790e+05
   1  1.742e+04  1.882e+04  1.598e+00  4.008e+04  1.000e-09  1.000e-09  1.0000  0.000e+00  0.000e+00  1.598e+00  2.003e+04  3.187e+03  4.724e+04  3.040e+04
   2  8.219e+03  1.322e+04  2.048e+00  3.367e+04  1.000e-09  1.000e-09  1.0000  0.000e+00  0.000e+00  3.320e-01  1.684e+04  9.202e+03  3.589e+04  2.825e+04
   3  2.712e+03  5.137e+03  2.813e+00  1.526e+04  1.000e-09  1.000e-09  1.0000  0.000e+00  0.000e+00  7.387e-02  7.631e+03  5.506e+03  1.611e+04  1.398e+04
   4  7.790e+02  2.335e+03  2.723e+00  4.247e+03  1.000e-09  1.000e-09  1.0000  0.000e+00  0.000e+00  3.789e-02  2.124e+03  1.933e+03  3.601e+03  3.411e+03
   5  5.898e+02  6.694e+02  3.224e-01  3.809e+02  1.000e-09  1.000e-09  1.0000  0.000e+00  0.000e+00  3.876e-03  1.905e+02  1.892e+02  8.890e+02  8.877e+02
   6  5.885e+02  5.894e+02  2.110e-03  2.488e+00  1.000e-09  1.000e-09  1.0000  0.000e+00  0.000e+00  8.345e-05  1.244e+00  1.245e+00  4.019e+01  4.019e+01
   7  5.885e+02  5.885e+02  1.269e-08  1.324e-05  1.000e-09  1.000e-09  1.0000  0.000e+00  0.000e+00  1.269e-08  7.031e-06  1.842e-05  4.284e-01  4.284e-01
*** SOLVE walking (MultiShoot) ***
iter    cost       merit      stop      |grad|      preg       dreg      step   ||ffeas||  ||gfeas||  ||hfeas||   dV-exp       dV      dPhi-exp     dPhi
   0  2.064e+04  1.881e+05  3.871e+01  1.598e+06  1.000e-09  1.000e-09  1.0000  2.673e-02  0.000e+00  3.258e+01  7.989e+05  7.789e+05  6.315e+05  6.115e+05
   1  1.743e+04  2.153e+04  1.600e+00  4.015e+04  1.000e-09  1.000e-09  1.0000  9.619e-04  0.000e+00  1.599e+00  2.006e+04  3.212e+03  9.966e+04  8.282e+04
   2  8.217e+03  1.322e+04  2.049e+00  3.369e+04  1.000e-09  1.000e-09  1.0000  2.804e-04  0.000e+00  3.322e-01  1.684e+04  9.210e+03  3.590e+04  2.827e+04
   3  2.712e+03  5.137e+03  2.812e+00  1.526e+04  1.000e-09  1.000e-09  1.0000  8.471e-05  0.000e+00  7.387e-02  7.630e+03  5.505e+03  1.610e+04  1.398e+04
   4  7.790e+02  2.334e+03  2.723e+00  4.247e+03  1.000e-09  1.000e-09  1.0000  2.466e-05  0.000e+00  3.789e-02  2.124e+03  1.933e+03  3.602e+03  3.412e+03
   5  5.898e+02  6.693e+02  3.224e-01  3.809e+02  1.000e-09  1.000e-09  1.0000  7.128e-07  0.000e+00  3.876e-03  1.905e+02  1.892e+02  8.886e+02  8.873e+02
   6  5.885e+02  5.894e+02  2.110e-03  2.488e+00  1.000e-09  1.000e-09  1.0000  1.837e-08  0.000e+00  8.345e-05  1.244e+00  1.245e+00  4.015e+01  4.015e+01
   7  5.885e+02  5.885e+02  1.268e-08  1.336e-05  1.000e-09  1.000e-09  1.0000  1.041e-12  0.000e+00  1.268e-08  7.155e-06  1.854e-05  4.280e-01  4.280e-01
*** SOLVE walking (HybridShoot: 36) ***
iter    cost       merit      stop      |grad|      preg       dreg      step   ||ffeas||  ||gfeas||  ||hfeas||   dV-exp       dV      dPhi-exp     dPhi
   0  2.058e+04  1.876e+05  3.881e+01  1.598e+06  1.000e-09  1.000e-09  1.0000  2.876e-03  0.000e+00  3.258e+01  7.989e+05  7.790e+05  6.318e+05  6.119e+05
   1  1.742e+04  2.151e+04  1.594e+00  4.004e+04  1.000e-09  1.000e-09  1.0000  6.218e-04  0.000e+00  1.594e+00  2.000e+04  3.165e+03  9.945e+04  8.261e+04
   2  8.218e+03  1.323e+04  2.048e+00  3.367e+04  1.000e-09  1.000e-09  1.0000  2.141e-04  0.000e+00  3.322e-01  1.683e+04  9.201e+03  3.587e+04  2.824e+04
   3  2.712e+03  5.136e+03  2.812e+00  1.526e+04  1.000e-09  1.000e-09  1.0000  3.410e-05  0.000e+00  7.387e-02  7.631e+03  5.506e+03  1.611e+04  1.398e+04
   4  7.790e+02  2.335e+03  2.723e+00  4.247e+03  1.000e-09  1.000e-09  1.0000  6.906e-06  0.000e+00  3.789e-02  2.124e+03  1.933e+03  3.602e+03  3.411e+03
   5  5.898e+02  6.694e+02  3.224e-01  3.809e+02  1.000e-09  1.000e-09  1.0000  3.136e-06  0.000e+00  3.876e-03  1.905e+02  1.892e+02  8.887e+02  8.874e+02
   6  5.885e+02  5.894e+02  2.110e-03  2.488e+00  1.000e-09  1.000e-09  1.0000  1.913e-09  0.000e+00  8.345e-05  1.244e+00  1.245e+00  4.020e+01  4.020e+01
   7  5.885e+02  5.885e+02  1.268e-08  1.332e-05  1.000e-09  1.000e-09  1.0000  3.358e-13  0.000e+00  1.268e-08  7.106e-06  1.849e-05  4.282e-01  4.282e-01
*** SOLVE walking (OdynSQP) ***
iter    cost       merit      stop      |grad|      preg       dreg      step   ||ffeas||  ||gfeas||  ||hfeas||   dV-exp       dV      dPhi-exp     dPhi
   0  9.792e+05  4.138e+06  1.892e+00  2.555e+06  1.000e-09  1.000e-09  0.1250  3.089e-04  9.564e-01  9.354e-01  2.994e+05  2.992e+05  1.326e+05 -1.035e+06
   1  7.500e+05  2.772e+06  2.422e+00  1.957e+06  1.000e-09  1.000e-09  0.1250  5.023e-04  8.370e-01  1.585e+00  2.293e+05  2.292e+05  1.740e+05 -2.132e+05
   2  4.225e+05  2.332e+06  4.322e+00  1.498e+06  1.000e-09  1.000e-09  0.2500  1.069e-03  6.276e-01  3.694e+00  3.277e+05  3.275e+05  1.178e+05 -5.122e+05
   3  2.381e+05  1.290e+06  4.763e+00  8.432e+05  1.000e-09  1.000e-09  0.2500  1.160e-03  4.707e-01  4.291e+00  1.845e+05  1.844e+05  1.601e+05  8.704e+04
   4  6.020e+04  7.216e+05  5.987e+00  4.744e+05  1.000e-09  1.000e-09  0.5000  1.305e-03  2.355e-01  5.751e+00  1.779e+05  1.779e+05  1.103e+05  4.264e+04
   5  8.615e+02  2.088e+05  6.881e+01  1.187e+05  1.000e-09  1.000e-09  1.0000  5.012e-04  6.187e-03  3.758e+00  5.935e+04  5.933e+04  1.821e+05  1.821e+05
   6  8.437e+02  1.604e+03  2.753e-02  4.122e+01  1.000e-09  1.000e-09  1.0000  3.939e-06  2.106e-04  2.732e-02  1.778e+01  1.781e+01  1.032e+05  1.032e+05
   7  8.437e+02  8.446e+02  6.455e-05  8.457e-03  1.000e-09  1.000e-09  1.0000  1.148e-08  2.325e-06  6.221e-05 -1.063e-02 -1.073e-02  3.792e+02  3.792e+02
   8  8.437e+02  8.437e+02  2.119e-07  6.178e-06  1.000e-09  1.000e-09  1.0000  1.053e-11  2.798e-13  2.119e-07  1.140e-06  2.630e-05  4.442e-01  4.442e-01
   9  8.437e+02  8.437e+02  2.732e-09  4.556e-07  1.000e-09  1.000e-09  1.0000  3.981e-13  1.828e-13  2.731e-09 -4.976e-07 -5.125e-06  7.215e-04  7.169e-04

*** SOLVE trotting (FeasShoot) ***
iter    cost       merit      stop      |grad|      preg       dreg      step   ||ffeas||  ||gfeas||  ||hfeas||   dV-exp       dV      dPhi-exp     dPhi
   0  2.589e+05  7.791e+05  2.731e+00  9.184e+05  1.000e-09  1.000e-09  0.2500  9.588e-04  0.000e+00  2.730e+00  2.009e+05  2.007e+05  2.348e+05  3.365e+05
   1  1.461e+05  5.828e+05  3.230e+00  5.169e+05  1.000e-09  1.000e-09  0.2500  7.191e-04  0.000e+00  3.229e+00  1.131e+05  1.128e+05  9.621e+04  4.531e+04
   2  3.757e+04  4.092e+05  5.498e+00  2.914e+05  1.000e-09  1.000e-09  0.5000  3.595e-04  0.000e+00  5.497e+00  1.093e+05  1.086e+05  3.262e+04 -4.474e+04
   3  8.267e+02  1.322e+05  4.487e+01  7.428e+04  1.000e-09  1.000e-09  1.0000  0.000e+00  0.000e+00  3.888e+00  3.714e+04  3.674e+04  9.156e+04  9.116e+04
   4  5.840e+02  1.564e+03  6.825e-01  8.003e+02  1.000e-09  1.000e-09  1.0000  0.000e+00  0.000e+00  5.797e-02  3.993e+02  2.427e+02  6.512e+04  6.496e+04
   5  4.274e+02  4.897e+02  3.656e-01  3.133e+02  1.000e-09  1.000e-09  1.0000  0.000e+00  0.000e+00  7.374e-03  1.566e+02  1.566e+02  5.841e+02  5.841e+02
   6  4.274e+02  4.424e+02  3.553e-03  9.671e-02  1.000e-09  1.000e-09  1.0000  0.000e+00  0.000e+00  3.553e-03  4.820e-02 -2.497e-02  1.619e+01  1.612e+01
   7  4.273e+02  4.273e+02  1.720e-04  1.473e-01  1.000e-09  1.000e-09  1.0000  0.000e+00  0.000e+00  2.763e-06  7.368e-02  7.374e-02  7.574e+00  7.574e+00
   8  4.273e+02  4.273e+02  1.004e-09  4.393e-08  1.000e-09  1.000e-09  1.0000  0.000e+00  0.000e+00  1.004e-09  3.650e-08 -7.151e-07  2.917e-03  2.916e-03
*** SOLVE trotting (MultiShoot) ***
iter    cost       merit      stop      |grad|      preg       dreg      step   ||ffeas||  ||gfeas||  ||hfeas||   dV-exp       dV      dPhi-exp     dPhi
   0  2.589e+05  7.797e+05  2.734e+00  9.184e+05  1.000e-09  1.000e-09  0.2500  4.146e-03  0.000e+00  2.730e+00  2.009e+05  2.007e+05  2.347e+05  3.359e+05
   1  1.461e+05  5.827e+05  3.233e+00  5.169e+05  1.000e-09  1.000e-09  0.2500  5.077e-03  0.000e+00  3.228e+00  1.131e+05  1.128e+05  9.623e+04  4.538e+04
   2  3.757e+04  4.094e+05  5.507e+00  2.914e+05  1.000e-09  1.000e-09  0.5000  7.144e-03  0.000e+00  5.500e+00  1.093e+05  1.086e+05  3.251e+04 -4.495e+04
   3  8.270e+02  1.323e+05  4.485e+01  7.427e+04  1.000e-09  1.000e-09  1.0000  4.752e-03  0.000e+00  3.890e+00  3.714e+04  3.674e+04  9.155e+04  9.116e+04
   4  5.840e+02  1.566e+03  6.831e-01  8.010e+02  1.000e-09  1.000e-09  1.0000  6.529e-06  0.000e+00  5.815e-02  3.996e+02  2.431e+02  6.516e+04  6.501e+04
   5  4.274e+02  4.897e+02  3.655e-01  3.132e+02  1.000e-09  1.000e-09  1.0000  4.342e-07  0.000e+00  7.379e-03  1.566e+02  1.566e+02  5.851e+02  5.851e+02
   6  4.274e+02  4.424e+02  3.554e-03  9.678e-02  1.000e-09  1.000e-09  1.0000  3.137e-09  0.000e+00  3.554e-03  4.828e-02 -2.489e-02  1.619e+01  1.612e+01
   7  4.273e+02  4.273e+02  1.720e-04  1.473e-01  1.000e-09  1.000e-09  1.0000  3.793e-10  0.000e+00  2.762e-06  7.368e-02  7.374e-02  7.566e+00  7.566e+00
   8  4.273e+02  4.273e+02  1.004e-09  3.690e-08  1.000e-09  1.000e-09  1.0000  7.966e-14  0.000e+00  1.004e-09  2.947e-08 -7.205e-07  2.913e-03  2.912e-03
*** SOLVE trotting (HybridShoot: 18) ***
iter    cost       merit      stop      |grad|      preg       dreg      step   ||ffeas||  ||gfeas||  ||hfeas||   dV-exp       dV      dPhi-exp     dPhi
   0  2.589e+05  7.792e+05  2.732e+00  9.184e+05  1.000e-09  1.000e-09  0.2500  1.816e-03  0.000e+00  2.730e+00  2.009e+05  2.007e+05  2.348e+05  3.364e+05
   1  1.461e+05  5.829e+05  3.231e+00  5.169e+05  1.000e-09  1.000e-09  0.2500  2.392e-03  0.000e+00  3.229e+00  1.131e+05  1.128e+05  9.620e+04  4.525e+04
   2  3.757e+04  4.093e+05  5.501e+00  2.914e+05  1.000e-09  1.000e-09  0.5000  2.351e-03  0.000e+00  5.498e+00  1.093e+05  1.086e+05  3.259e+04 -4.480e+04
   3  8.268e+02  1.322e+05  4.486e+01  7.428e+04  1.000e-09  1.000e-09  1.0000  6.092e-04  0.000e+00  3.888e+00  3.714e+04  3.674e+04  9.160e+04  9.120e+04
   4  5.840e+02  1.564e+03  6.827e-01  8.006e+02  1.000e-09  1.000e-09  1.0000  4.098e-06  0.000e+00  5.801e-02  3.994e+02  2.428e+02  6.512e+04  6.496e+04
   5  4.274e+02  4.897e+02  3.657e-01  3.133e+02  1.000e-09  1.000e-09  1.0000  9.320e-07  0.000e+00  7.380e-03  1.566e+02  1.566e+02  5.843e+02  5.843e+02
   6  4.274e+02  4.424e+02  3.554e-03  9.675e-02  1.000e-09  1.000e-09  1.0000  1.150e-07  0.000e+00  3.554e-03  4.825e-02 -2.492e-02  1.621e+01  1.614e+01
   7  4.273e+02  4.273e+02  1.720e-04  1.473e-01  1.000e-09  1.000e-09  1.0000  3.607e-10  0.000e+00  2.762e-06  7.368e-02  7.374e-02  7.573e+00  7.573e+00
   8  4.273e+02  4.273e+02  1.004e-09  3.520e-08  1.000e-09  1.000e-09  1.0000  3.628e-13  0.000e+00  1.004e-09  2.777e-08 -7.239e-07  2.916e-03  2.916e-03
*** SOLVE trotting (OdynSQP) ***
iter    cost       merit      stop      |grad|      preg       dreg      step   ||ffeas||  ||gfeas||  ||hfeas||   dV-exp       dV      dPhi-exp     dPhi
   0  2.587e+05  8.085e+05  2.707e+00  9.182e+05  1.000e-09  1.000e-09  0.2500  8.190e-03  0.000e+00  2.698e+00  2.009e+05  2.008e+05  2.274e+05  3.068e+05
   1  1.457e+05  5.819e+05  3.199e+00  5.167e+05  1.000e-09  1.000e-09  0.2500  6.144e-03  0.000e+00  3.193e+00  1.130e+05  1.130e+05  9.623e+04  4.581e+04
   2  3.673e+04  3.213e+05  4.173e+00  2.907e+05  1.000e-09  1.000e-09  0.5000  5.858e-03  0.000e+00  4.168e+00  1.090e+05  1.090e+05  7.581e+04  4.255e+04
   3  3.386e+02  9.154e+04  1.072e+02  7.277e+04  1.000e-09  1.000e-09  1.0000  3.748e-03  1.106e-13  2.672e+00  3.639e+04  3.639e+04  8.745e+04  8.745e+04
   4  3.364e+02  4.713e+02  7.911e-03  4.884e+00  1.000e-09  1.000e-09  1.0000  3.924e-06  1.928e-04  7.714e-03  2.190e+00  2.168e+00  4.547e+04  4.547e+04
   5  3.364e+02  3.365e+02  1.453e-05  1.950e-03  1.000e-09  1.000e-09  1.0000  1.525e-08  8.253e-09  1.451e-05 -2.237e-03 -1.437e-03  6.729e+01  6.729e+01
   6  3.364e+02  3.364e+02  1.814e-08  4.066e-06  1.000e-09  1.000e-09  1.0000  1.129e-11  0.000e+00  1.813e-08 -4.658e-06 -5.354e-05  6.183e-02  6.178e-02
   7  3.364e+02  3.364e+02  1.010e-10  3.253e-08  1.000e-09  1.000e-09  1.0000  1.722e-13  0.000e+00  1.008e-10  3.028e-08  2.225e-07  3.847e-05  3.866e-05

*** SOLVE pacing (FeasShoot) ***
iter    cost       merit      stop      |grad|      preg       dreg      step   ||ffeas||  ||gfeas||  ||hfeas||   dV-exp       dV      dPhi-exp     dPhi
   0  1.217e+05  6.125e+05  3.671e+01  9.189e+05  1.000e-09  1.000e-09  0.5000  1.039e-03  0.000e+00  3.671e+01  3.445e+05  3.380e+05  4.268e+05  5.027e+05
   1  2.559e+04  2.128e+05  2.800e+01  2.423e+05  1.000e-09  1.000e-09  1.0000  0.000e+00  0.000e+00  2.800e+01  1.209e+05  9.607e+04  1.791e+05  1.543e+05
   2  5.262e+03  1.037e+04  4.709e+00  4.957e+04  1.000e-09  1.000e-09  1.0000  0.000e+00  0.000e+00  1.528e+00  2.479e+04  2.032e+04  1.133e+05  1.088e+05
   3  1.034e+03  1.688e+03  4.311e+00  8.921e+03  1.000e-09  1.000e-09  1.0000  0.000e+00  0.000e+00  1.570e-01  4.460e+03  4.229e+03  1.018e+04  9.946e+03
   4  8.517e+02  1.026e+03  2.720e-01  4.638e+02  1.000e-09  1.000e-09  1.0000  0.000e+00  0.000e+00  8.268e-02  2.319e+02  1.819e+02  3.887e+02  3.387e+02
   5  8.023e+02  8.179e+02  6.266e-02  1.007e+02  1.000e-09  1.000e-09  1.0000  0.000e+00  0.000e+00  1.472e-02  5.034e+01  4.937e+01  1.220e+02  1.211e+02
   6  8.014e+02  8.021e+02  1.405e-03  1.962e+00  1.000e-09  1.000e-09  1.0000  0.000e+00  0.000e+00  1.405e-03  9.813e-01  9.636e-01  8.005e+00  7.987e+00
   7  8.014e+02  8.014e+02  2.417e-05  3.873e-02  1.000e-09  1.000e-09  1.0000  0.000e+00  0.000e+00  1.422e-06  1.939e-02  1.937e-02  3.895e-01  3.895e-01
   8  8.014e+02  8.014e+02  2.778e-07  4.454e-04  1.000e-09  1.000e-09  1.0000  0.000e+00  0.000e+00  1.080e-07  2.229e-04  2.265e-04  5.170e-04  5.207e-04
   9  8.014e+02  8.014e+02  2.227e-08  3.573e-05  1.000e-08  1.000e-08  1.0000  0.000e+00  0.000e+00  8.091e-09  1.787e-05  1.809e-05  4.148e-05  4.171e-05
iter    cost       merit      stop      |grad|      preg       dreg      step   ||ffeas||  ||gfeas||  ||hfeas||   dV-exp       dV      dPhi-exp     dPhi
  10  8.014e+02  8.014e+02  1.260e-12  7.822e-10  1.000e-07  1.000e-07  1.0000  0.000e+00  0.000e+00  1.260e-12  7.748e-10 -5.218e-08  1.912e-06  1.859e-06
*** SOLVE pacing (MultiShoot) ***
iter    cost       merit      stop      |grad|      preg       dreg      step   ||ffeas||  ||gfeas||  ||hfeas||   dV-exp       dV      dPhi-exp     dPhi
   0  1.217e+05  6.132e+05  3.675e+01  9.189e+05  1.000e-09  1.000e-09  0.5000  2.916e-02  0.000e+00  3.672e+01  3.445e+05  3.380e+05  4.265e+05  5.021e+05
   1  2.565e+04  2.126e+05  2.796e+01  2.424e+05  1.000e-09  1.000e-09  1.0000  3.386e-02  0.000e+00  2.792e+01  1.209e+05  9.604e+04  1.797e+05  1.549e+05
   2  5.264e+03  1.037e+04  4.720e+00  4.969e+04  1.000e-09  1.000e-09  1.0000  2.525e-04  0.000e+00  1.528e+00  2.485e+04  2.038e+04  1.132e+05  1.087e+05
   3  1.034e+03  1.688e+03  4.313e+00  8.924e+03  1.000e-09  1.000e-09  1.0000  1.857e-05  0.000e+00  1.569e-01  4.462e+03  4.230e+03  1.018e+04  9.950e+03
   4  8.517e+02  1.026e+03  2.720e-01  4.639e+02  1.000e-09  1.000e-09  1.0000  2.892e-06  0.000e+00  8.268e-02  2.319e+02  1.819e+02  3.886e+02  3.386e+02
   5  8.023e+02  8.179e+02  6.266e-02  1.007e+02  1.000e-09  1.000e-09  1.0000  1.159e-06  0.000e+00  1.472e-02  5.034e+01  4.937e+01  1.221e+02  1.211e+02
   6  8.014e+02  8.021e+02  1.405e-03  1.962e+00  1.000e-09  1.000e-09  1.0000  1.788e-08  0.000e+00  1.405e-03  9.811e-01  9.634e-01  8.012e+00  7.995e+00
   7  8.014e+02  8.014e+02  2.418e-05  3.874e-02  1.000e-09  1.000e-09  1.0000  1.420e-10  0.000e+00  1.423e-06  1.940e-02  1.938e-02  3.900e-01  3.899e-01
   8  8.014e+02  8.014e+02  2.777e-07  4.454e-04  1.000e-09  1.000e-09  1.0000  1.068e-12  0.000e+00  1.080e-07  2.229e-04  2.265e-04  5.170e-04  5.207e-04
   9  8.014e+02  8.014e+02  2.227e-08  3.573e-05  1.000e-08  1.000e-08  1.0000  8.992e-15  0.000e+00  8.090e-09  1.787e-05  1.810e-05  4.148e-05  4.171e-05
iter    cost       merit      stop      |grad|      preg       dreg      step   ||ffeas||  ||gfeas||  ||hfeas||   dV-exp       dV      dPhi-exp     dPhi
  10  8.014e+02  8.014e+02  1.350e-12  7.618e-10  1.000e-07  1.000e-07  1.0000  3.553e-15  0.000e+00  1.346e-12  7.547e-10 -5.282e-08  1.912e-06  1.858e-06
*** SOLVE pacing (HybridShoot: 20) ***
iter    cost       merit      stop      |grad|      preg       dreg      step   ||ffeas||  ||gfeas||  ||hfeas||   dV-exp       dV      dPhi-exp     dPhi
   0  1.217e+05  6.127e+05  3.672e+01  9.189e+05  1.000e-09  1.000e-09  0.5000  1.266e-02  0.000e+00  3.671e+01  3.445e+05  3.380e+05  4.267e+05  5.025e+05
   1  2.562e+04  2.127e+05  2.798e+01  2.423e+05  1.000e-09  1.000e-09  1.0000  1.196e-02  0.000e+00  2.797e+01  1.209e+05  9.605e+04  1.793e+05  1.545e+05
   2  5.265e+03  1.037e+04  4.713e+00  4.963e+04  1.000e-09  1.000e-09  1.0000  1.858e-04  0.000e+00  1.528e+00  2.482e+04  2.035e+04  1.132e+05  1.088e+05
   3  1.034e+03  1.689e+03  4.313e+00  8.925e+03  1.000e-09  1.000e-09  1.0000  5.344e-05  0.000e+00  1.570e-01  4.463e+03  4.231e+03  1.018e+04  9.951e+03
   4  8.517e+02  1.026e+03  2.720e-01  4.639e+02  1.000e-09  1.000e-09  1.0000  1.808e-05  0.000e+00  8.267e-02  2.320e+02  1.819e+02  3.889e+02  3.388e+02
   5  8.023e+02  8.179e+02  6.266e-02  1.007e+02  1.000e-09  1.000e-09  1.0000  5.303e-06  0.000e+00  1.472e-02  5.034e+01  4.937e+01  1.220e+02  1.211e+02
   6  8.014e+02  8.021e+02  1.405e-03  1.962e+00  1.000e-09  1.000e-09  1.0000  4.099e-08  0.000e+00  1.405e-03  9.811e-01  9.634e-01  8.008e+00  7.990e+00
   7  8.014e+02  8.014e+02  2.418e-05  3.874e-02  1.000e-09  1.000e-09  1.0000  1.252e-10  0.000e+00  1.422e-06  1.940e-02  1.937e-02  3.896e-01  3.895e-01
   8  8.014e+02  8.014e+02  2.778e-07  4.454e-04  1.000e-09  1.000e-09  1.0000  4.279e-12  0.000e+00  1.080e-07  2.229e-04  2.265e-04  5.170e-04  5.207e-04
   9  8.014e+02  8.014e+02  2.227e-08  3.573e-05  1.000e-08  1.000e-08  1.0000  2.214e-13  0.000e+00  8.097e-09  1.787e-05  1.810e-05  4.148e-05  4.171e-05
iter    cost       merit      stop      |grad|      preg       dreg      step   ||ffeas||  ||gfeas||  ||hfeas||   dV-exp       dV      dPhi-exp     dPhi
  10  8.014e+02  8.014e+02  1.302e-12  7.678e-10  1.000e-07  1.000e-07  1.0000  6.928e-14  0.000e+00  1.233e-12  7.603e-10 -5.117e-08  1.913e-06  1.861e-06
*** SOLVE pacing (OdynSQP) ***
iter    cost       merit      stop      |grad|      preg       dreg      step   ||ffeas||  ||gfeas||  ||hfeas||   dV-exp       dV      dPhi-exp     dPhi
   0  1.151e+05  5.499e+05  3.235e+01  9.185e+05  1.000e-09  1.000e-09  0.5000  2.028e-02  0.000e+00  3.233e+01  3.443e+05  3.444e+05  4.545e+05  5.649e+05
   1  8.541e+02  2.183e+05  1.337e+02  2.292e+05  1.000e-09  1.000e-09  1.0000  2.017e-02  4.131e-04  3.234e+01  1.143e+05  1.143e+05  1.142e+05  1.142e+05
   2  8.077e+02  1.229e+03  1.254e-01  9.148e+01  1.000e-09  1.000e-09  1.0000  9.617e-05  6.391e-04  1.247e-01  4.634e+01  4.639e+01  1.083e+05  1.083e+05
   3  8.077e+02  8.085e+02  5.023e-04  1.700e-02  1.000e-09  1.000e-09  1.0000  1.846e-07  1.140e-05  4.907e-04 -2.434e-02 -2.403e-02  2.098e+02  2.098e+02
   4  8.077e+02  8.077e+02  4.810e-06  3.261e-04  1.000e-09  1.000e-09  1.0000  9.471e-10  0.000e+00  4.809e-06  2.765e-04  3.534e-04  4.182e-01  4.182e-01
   5  8.077e+02  8.077e+02  2.014e-07  1.003e-05  1.000e-09  1.000e-09  1.0000  8.231e-12  1.695e-13  2.014e-07  8.648e-06  5.686e-06  1.944e-03  1.941e-03
   6  8.077e+02  8.077e+02  7.062e-09  3.435e-07  1.000e-08  1.000e-08  1.0000  4.092e-13  2.425e-14  7.061e-09  2.929e-07 -8.811e-07  4.111e-05  3.993e-05

*** SOLVE bounding (FeasShoot) ***
iter    cost       merit      stop      |grad|      preg       dreg      step   ||ffeas||  ||gfeas||  ||hfeas||   dV-exp       dV      dPhi-exp     dPhi
   0  2.146e+05  9.906e+05  8.843e+01  9.205e+05  1.000e-09  1.000e-09  1.0000  0.000e+00  0.000e+00  8.843e+01  4.588e+05  2.462e+05  3.383e+05  1.256e+05
   1  9.674e+04  1.435e+05  1.066e+01  4.250e+05  1.000e-09  1.000e-09  1.0000  0.000e+00  0.000e+00  1.066e+01  2.125e+05  1.178e+05  5.537e+05  4.591e+05
   2  1.215e+04  2.945e+04  7.792e+00  1.894e+05  1.000e-09  1.000e-09  1.0000  0.000e+00  0.000e+00  1.363e+00  9.468e+04  8.459e+04  2.126e+05  2.025e+05
   3  2.311e+03  5.317e+03  4.361e+00  2.017e+04  1.000e-09  1.000e-09  1.0000  0.000e+00  0.000e+00  2.845e-01  1.008e+04  9.839e+03  2.148e+04  2.124e+04
   4  2.070e+03  2.126e+03  1.176e-01  4.870e+02  1.000e-09  1.000e-09  1.0000  0.000e+00  0.000e+00  1.061e-02  2.435e+02  2.416e+02  1.690e+03  1.688e+03
   5  2.069e+03  2.082e+03  4.773e-03  4.610e+00  1.000e-09  1.000e-09  0.5000  2.168e-19  0.000e+00  4.773e-03  1.729e+00  2.677e-01  9.439e+00  1.569e+01
   6  2.068e+03  2.069e+03  1.180e-03  4.039e+00  1.000e-09  1.000e-09  1.0000  0.000e+00  0.000e+00  1.180e-03  2.020e+00  1.716e+00  6.765e+00  6.461e+00
   7  2.067e+03  2.067e+03  1.451e-04  6.003e-01  1.000e-09  1.000e-09  1.0000  0.000e+00  0.000e+00  6.145e-05  3.001e-01  2.998e-01  1.039e+00  1.039e+00
   8  2.067e+03  2.067e+03  1.319e-07  1.958e-04  1.000e-09  1.000e-09  1.0000  0.000e+00  0.000e+00  1.319e-07  9.922e-05  8.817e-05  2.034e-02  2.033e-02
   9  2.067e+03  2.067e+03  1.217e-08  4.619e-07  1.000e-09  1.000e-09  1.0000  0.000e+00  0.000e+00  1.217e-08  3.202e-07 -1.790e-06  2.008e-05  1.797e-05
*** SOLVE bounding (MultiShoot) ***
iter    cost       merit      stop      |grad|      preg       dreg      step   ||ffeas||  ||gfeas||  ||hfeas||   dV-exp       dV      dPhi-exp     dPhi
   0  2.152e+05  9.950e+05  8.886e+01  9.205e+05  1.000e-09  1.000e-09  1.0000  6.784e-01  0.000e+00  8.819e+01  4.588e+05  2.456e+05  3.345e+05  1.212e+05
   1  9.657e+04  1.450e+05  1.103e+01  4.262e+05  1.000e-09  1.000e-09  1.0000  4.082e-02  0.000e+00  1.099e+01  2.131e+05  1.186e+05  5.546e+05  4.601e+05
   2  1.215e+04  2.888e+04  7.778e+00  1.890e+05  1.000e-09  1.000e-09  1.0000  5.185e-04  0.000e+00  1.366e+00  9.451e+04  8.442e+04  2.128e+05  2.027e+05
   3  2.311e+03  5.317e+03  4.360e+00  2.016e+04  1.000e-09  1.000e-09  1.0000  4.478e-04  0.000e+00  2.848e-01  1.008e+04  9.838e+03  2.148e+04  2.123e+04
   4  2.070e+03  2.126e+03  1.176e-01  4.870e+02  1.000e-09  1.000e-09  1.0000  1.658e-06  0.000e+00  1.062e-02  2.435e+02  2.416e+02  1.691e+03  1.689e+03
   5  2.069e+03  2.082e+03  4.775e-03  4.610e+00  1.000e-09  1.000e-09  0.5000  8.083e-07  0.000e+00  4.774e-03  1.729e+00  2.678e-01  9.426e+00  1.566e+01
   6  2.068e+03  2.069e+03  1.180e-03  4.039e+00  1.000e-09  1.000e-09  1.0000  6.752e-08  0.000e+00  1.180e-03  2.020e+00  1.716e+00  6.756e+00  6.452e+00
   7  2.067e+03  2.067e+03  1.452e-04  6.005e-01  1.000e-09  1.000e-09  1.0000  8.506e-10  0.000e+00  6.145e-05  3.003e-01  2.999e-01  1.037e+00  1.037e+00
   8  2.067e+03  2.067e+03  1.315e-07  1.964e-04  1.000e-09  1.000e-09  1.0000  5.047e-12  0.000e+00  1.315e-07  9.979e-05  8.876e-05  2.030e-02  2.029e-02
   9  2.067e+03  2.067e+03  1.213e-08  4.609e-07  1.000e-09  1.000e-09  1.0000  3.619e-13  0.000e+00  1.213e-08  3.195e-07 -1.782e-06  1.997e-05  1.787e-05
*** SOLVE bounding (HybridShoot: 20) ***
iter    cost       merit      stop      |grad|      preg       dreg      step   ||ffeas||  ||gfeas||  ||hfeas||   dV-exp       dV      dPhi-exp     dPhi
   0  2.147e+05  9.934e+05  8.874e+01  9.205e+05  1.000e-09  1.000e-09  1.0000  1.143e-01  0.000e+00  8.862e+01  4.588e+05  2.461e+05  3.355e+05  1.228e+05
   1  9.647e+04  1.441e+05  1.087e+01  4.253e+05  1.000e-09  1.000e-09  1.0000  1.899e-03  0.000e+00  1.086e+01  2.126e+05  1.182e+05  5.543e+05  4.599e+05
   2  1.215e+04  2.907e+04  7.771e+00  1.888e+05  1.000e-09  1.000e-09  1.0000  3.048e-04  0.000e+00  1.363e+00  9.440e+04  8.432e+04  2.123e+05  2.023e+05
   3  2.311e+03  5.315e+03  4.360e+00  2.016e+04  1.000e-09  1.000e-09  1.0000  1.702e-05  0.000e+00  2.844e-01  1.008e+04  9.837e+03  2.148e+04  2.123e+04
   4  2.070e+03  2.125e+03  1.173e-01  4.859e+02  1.000e-09  1.000e-09  1.0000  4.712e-07  0.000e+00  1.057e-02  2.429e+02  2.410e+02  1.689e+03  1.687e+03
   5  2.069e+03  2.082e+03  4.766e-03  4.642e+00  1.000e-09  1.000e-09  0.5000  2.323e-07  0.000e+00  4.765e-03  1.741e+00  2.788e-01  9.401e+00  1.560e+01
   6  2.068e+03  2.069e+03  1.187e-03  4.050e+00  1.000e-09  1.000e-09  1.0000  1.051e-07  0.000e+00  1.187e-03  2.025e+00  1.752e+00  6.749e+00  6.476e+00
   7  2.067e+03  2.067e+03  1.302e-04  5.386e-01  1.000e-09  1.000e-09  1.0000  7.807e-09  0.000e+00  6.137e-05  2.693e-01  2.690e-01  1.013e+00  1.012e+00
   8  2.067e+03  2.067e+03  1.307e-07  4.618e-06  1.000e-09  1.000e-09  1.0000  1.123e-11  0.000e+00  1.307e-07  3.760e-06 -7.660e-06  2.022e-02  2.021e-02
   9  2.067e+03  2.067e+03  1.238e-08  2.970e-07  1.000e-09  1.000e-09  1.0000  3.055e-13  0.000e+00  1.237e-08  2.395e-07 -1.550e-06  1.976e-05  1.798e-05
*** SOLVE bounding (OdynSQP) ***
iter    cost       merit      stop      |grad|      preg       dreg      step   ||ffeas||  ||gfeas||  ||hfeas||   dV-exp       dV      dPhi-exp     dPhi
   0  5.835e+03  6.977e+05  8.776e+01  9.184e+05  1.000e-09  1.000e-09  1.0000  6.864e-01  5.558e-05  8.708e+01  4.577e+05  4.541e+05  4.196e+05  4.160e+05
   1  2.079e+03  6.386e+04  1.567e+01  7.487e+03  1.000e-09  1.000e-09  1.0000  1.702e-02  2.945e-03  1.565e+01  3.768e+03  3.757e+03  2.879e+05  2.879e+05
   2  2.071e+03  2.164e+03  4.715e-02  1.880e+01  1.000e-09  1.000e-09  1.0000  8.186e-05  2.629e-05  4.704e-02  7.232e+00  7.238e+00  3.080e+04  3.080e+04
   3  2.071e+03  2.072e+03  7.989e-04  2.565e-03  1.000e-09  1.000e-09  1.0000  1.404e-07  2.587e-08  7.987e-04 -1.421e-02 -1.689e-02  4.566e+01  4.565e+01
   4  2.071e+03  2.071e+03  3.567e-05  8.368e-04  1.000e-09  1.000e-09  1.0000  1.169e-08  2.932e-13  3.566e-05  5.534e-04  3.594e-04  3.766e-01  3.764e-01
   5  2.071e+03  2.071e+03  4.554e-06  9.692e-05  1.000e-09  1.000e-09  1.0000  3.671e-11  3.899e-13  4.554e-06  7.667e-05 -6.784e-06  7.742e-03  7.659e-03
   6  2.071e+03  2.071e+03  4.300e-07  9.646e-06  1.000e-08  1.000e-08  1.0000  9.931e-12  3.064e-13  4.300e-07  7.702e-06 -1.155e-05  5.157e-04  4.965e-04
   7  2.071e+03  2.071e+03  4.923e-08  1.020e-06  1.000e-07  1.000e-07  1.0000  2.249e-13  2.486e-13  4.923e-08  8.204e-07 -5.711e-06  2.427e-05  1.774e-05
   8  2.071e+03  2.071e+03  3.726e-08  6.145e-07  1.000e-06  1.000e-06  0.2500  4.118e-12  2.446e-13  3.725e-08 -1.549e-07 -6.113e-07 -6.273e-08 -2.425e-07
   9  2.071e+03  2.071e+03  3.726e-08  2.482e-07  1.000e-05  1.000e-05  0.0020  4.118e-12  2.446e-13  3.725e-08  4.848e-10 -1.877e-09  4.870e-10 -7.569e-10
iter    cost       merit      stop      |grad|      preg       dreg      step   ||ffeas||  ||gfeas||  ||hfeas||   dV-exp       dV      dPhi-exp     dPhi
  10  2.071e+03  2.071e+03  3.726e-08  2.482e-07  1.000e-04  1.000e-04  0.0020  4.118e-12  2.446e-13  3.725e-08  4.848e-10 -1.879e-09  4.861e-10 -1.220e-09
  11  2.071e+03  2.071e+03  3.726e-08  2.483e-07  1.000e-03  1.000e-03  0.0020  4.118e-12  2.446e-13  3.725e-08  4.849e-10 -1.877e-09  4.862e-10 -1.219e-09
  12  2.071e+03  2.071e+03  1.690e-10  3.504e-07  1.000e-02  1.000e-02  1.0000  1.159e-11  1.944e-13  8.811e-13  3.503e-07  3.589e-07  8.507e-07  8.593e-07

*** SOLVE jumping (FeasShoot) ***
iter    cost       merit      stop      |grad|      preg       dreg      step   ||ffeas||  ||gfeas||  ||hfeas||   dV-exp       dV      dPhi-exp     dPhi
   0  1.219e+05  2.269e+06  2.391e+02  3.758e+06  1.000e-09  1.000e-09  1.0000  0.000e+00  0.000e+00  2.391e+02  1.877e+06  1.758e+06  2.411e+06  2.292e+06
   1  1.285e+05  1.805e+05  1.156e+01  2.379e+05  1.000e-09  1.000e-09  1.0000  0.000e+00  0.000e+00  1.156e+01  1.189e+05 -6.594e+03  1.141e+06  1.015e+06
   2  3.735e+04  1.650e+05  8.235e+00  2.510e+05  1.000e-09  1.000e-09  1.0000  0.000e+00  0.000e+00  8.235e+00  1.255e+05  9.119e+04  1.771e+05  1.428e+05
   3  3.245e+03  1.050e+04  1.056e+01  6.858e+04  1.000e-09  1.000e-09  1.0000  0.000e+00  0.000e+00  9.362e-01  3.429e+04  3.410e+04  9.086e+04  9.067e+04
   4  3.058e+03  3.264e+03  6.156e-02  3.766e+02  1.000e-09  1.000e-09  1.0000  0.000e+00  0.000e+00  5.307e-02  1.883e+02  1.869e+02  3.611e+03  3.609e+03
   5  3.056e+03  3.068e+03  5.979e-03  3.161e+00  1.000e-09  1.000e-09  1.0000  0.000e+00  0.000e+00  5.979e-03  1.582e+00  1.569e+00  9.283e+01  9.282e+01
   6  3.057e+03  3.061e+03  4.485e-03  1.372e-01  1.000e-09  1.000e-09  0.2500  1.016e-20  0.000e+00  4.485e-03  3.003e-02 -5.763e-01  3.919e-01  8.714e-01
   7  3.056e+03  3.057e+03  6.146e-04  1.187e+00  1.000e-09  1.000e-09  1.0000  0.000e+00  0.000e+00  6.146e-04  5.934e-01  5.989e-01  2.468e+00  2.474e+00
   8  3.056e+03  3.056e+03  3.666e-06  2.246e-02  1.000e-09  1.000e-09  1.0000  0.000e+00  0.000e+00  1.978e-06  1.121e-02  1.127e-02  1.596e-01  1.596e-01
   9  3.056e+03  3.056e+03  1.151e-08  7.040e-05  1.000e-09  1.000e-09  1.0000  0.000e+00  0.000e+00  5.736e-09  3.519e-05  2.572e-05  2.741e-04  2.646e-04
*** SOLVE jumping (MultiShoot) ***
iter    cost       merit      stop      |grad|      preg       dreg      step   ||ffeas||  ||gfeas||  ||hfeas||   dV-exp       dV      dPhi-exp     dPhi
   0  1.202e+05  2.275e+06  2.399e+02  3.758e+06  1.000e-09  1.000e-09  1.0000  5.868e-01  0.000e+00  2.393e+02  1.877e+06  1.760e+06  2.403e+06  2.286e+06
   1  1.285e+05  1.805e+05  1.159e+01  2.343e+05  1.000e-09  1.000e-09  1.0000  6.427e-03  0.000e+00  1.158e+01  1.172e+05 -8.277e+03  1.143e+06  1.017e+06
   2  3.734e+04  1.645e+05  8.225e+00  2.508e+05  1.000e-09  1.000e-09  1.0000  2.139e-04  0.000e+00  8.225e+00  1.254e+05  9.112e+04  1.774e+05  1.431e+05
   3  3.246e+03  1.049e+04  1.056e+01  6.857e+04  1.000e-09  1.000e-09  1.0000  8.166e-06  0.000e+00  9.374e-01  3.429e+04  3.410e+04  9.062e+04  9.043e+04
   4  3.058e+03  3.263e+03  6.188e-02  3.786e+02  1.000e-09  1.000e-09  1.0000  3.211e-07  0.000e+00  5.299e-02  1.893e+02  1.878e+02  3.608e+03  3.606e+03
   5  3.056e+03  3.068e+03  5.970e-03  3.157e+00  1.000e-09  1.000e-09  1.0000  7.404e-08  0.000e+00  5.970e-03  1.578e+00  1.565e+00  9.244e+01  9.242e+01
   6  3.057e+03  3.061e+03  4.478e-03  1.372e-01  1.000e-09  1.000e-09  0.2500  5.574e-08  0.000e+00  4.478e-03  3.002e-02 -5.763e-01  3.904e-01  8.654e-01
   7  3.056e+03  3.057e+03  6.147e-04  1.187e+00  1.000e-09  1.000e-09  1.0000  2.974e-09  0.000e+00  6.147e-04  5.934e-01  5.988e-01  2.460e+00  2.465e+00
   8  3.056e+03  3.056e+03  3.684e-06  2.251e-02  1.000e-09  1.000e-09  1.0000  1.519e-10  0.000e+00  1.978e-06  1.126e-02  1.133e-02  1.593e-01  1.593e-01
   9  3.056e+03  3.056e+03  1.155e-08  7.053e-05  1.000e-09  1.000e-09  1.0000  2.931e-13  0.000e+00  5.720e-09  3.532e-05  2.585e-05  2.736e-04  2.641e-04
*** SOLVE jumping (HybridShoot: 20) ***
iter    cost       merit      stop      |grad|      preg       dreg      step   ||ffeas||  ||gfeas||  ||hfeas||   dV-exp       dV      dPhi-exp     dPhi
   0  1.217e+05  2.271e+06  2.393e+02  3.758e+06  1.000e-09  1.000e-09  1.0000  2.470e-01  0.000e+00  2.391e+02  1.877e+06  1.758e+06  2.408e+06  2.290e+06
   1  1.283e+05  1.875e+05  1.317e+01  2.375e+05  1.000e-09  1.000e-09  1.0000  1.620e-03  0.000e+00  1.317e+01  1.187e+05 -6.600e+03  1.134e+06  1.009e+06
   2  3.735e+04  1.490e+05  8.213e+00  2.506e+05  1.000e-09  1.000e-09  1.0000  1.320e-04  0.000e+00  8.212e+00  1.253e+05  9.100e+04  1.926e+05  1.583e+05
   3  3.246e+03  9.613e+03  1.056e+01  6.859e+04  1.000e-09  1.000e-09  1.0000  1.803e-05  0.000e+00  9.367e-01  3.430e+04  3.411e+04  8.375e+04  8.356e+04
   4  3.058e+03  3.238e+03  6.191e-02  3.787e+02  1.000e-09  1.000e-09  1.0000  3.120e-06  0.000e+00  5.306e-02  1.894e+02  1.879e+02  3.193e+03  3.191e+03
   5  3.056e+03  3.067e+03  5.980e-03  3.159e+00  1.000e-09  1.000e-09  1.0000  5.215e-07  0.000e+00  5.979e-03  1.579e+00  1.566e+00  8.159e+01  8.157e+01
   6  3.057e+03  3.061e+03  4.485e-03  1.372e-01  1.000e-09  1.000e-09  0.2500  3.915e-07  0.000e+00  4.485e-03  3.002e-02 -5.763e-01  3.475e-01  6.935e-01
   7  3.056e+03  3.057e+03  6.146e-04  1.187e+00  1.000e-09  1.000e-09  1.0000  3.261e-08  0.000e+00  6.146e-04  5.934e-01  5.988e-01  2.238e+00  2.243e+00
   8  3.056e+03  3.056e+03  3.683e-06  2.251e-02  1.000e-09  1.000e-09  1.0000  1.685e-10  0.000e+00  1.978e-06  1.126e-02  1.132e-02  1.414e-01  1.415e-01
   9  3.056e+03  3.056e+03  1.155e-08  7.051e-05  1.000e-09  1.000e-09  1.0000  3.231e-13  0.000e+00  5.766e-09  3.530e-05  2.583e-05  2.448e-04  2.354e-04
*** SOLVE jumping (OdynSQP) ***
iter    cost       merit      stop      |grad|      preg       dreg      step   ||ffeas||  ||gfeas||  ||hfeas||   dV-exp       dV      dPhi-exp     dPhi
   0  3.314e+03  1.634e+06  5.832e+02  3.873e+06  1.000e-09  1.000e-09  1.0000  3.389e-01  1.466e-04  1.757e+02  1.934e+06  1.933e+06  3.065e+06  3.064e+06
   1  3.119e+03  1.060e+04  1.614e+00  3.395e+02  1.000e-09  1.000e-09  1.0000  3.070e-04  7.724e-13  1.614e+00  1.963e+02  1.951e+02  8.083e+05  8.083e+05
   2  3.118e+03  3.174e+03  2.409e-02  1.217e+00  1.000e-09  1.000e-09  1.0000  6.279e-07  1.465e-13  2.409e-02  1.132e+00  1.133e+00  3.685e+03  3.685e+03
   3  3.118e+03  3.119e+03  1.066e-03  1.691e-02  1.000e-09  1.000e-09  1.0000  8.171e-10  1.066e-13  1.066e-03  1.570e-02  1.460e-02  2.669e+01  2.669e+01
   4  3.118e+03  3.118e+03  1.673e-05  3.724e-04  1.000e-09  1.000e-09  1.0000  5.441e-11  8.908e-14  1.673e-05  3.480e-04  3.551e-04  6.082e-01  6.082e-01
   5  3.118e+03  3.118e+03  5.154e-07  8.001e-06  1.000e-09  1.000e-09  1.0000  4.780e-13  8.195e-14  5.154e-07  7.458e-06  6.145e-07  4.703e-03  4.696e-03
   6  3.118e+03  3.118e+03  8.358e-09  3.468e-08  1.000e-08  1.000e-08  1.0000  9.268e-12  7.948e-14  8.348e-09  2.278e-08 -5.703e-07  7.345e-05  7.285e-05
