*** SOLVE walking (FeasShoot) ***
iter    cost       merit      stop      |grad|      preg       dreg      step   ||ffeas||  ||gfeas||  ||hfeas||   dV-exp       dV      dPhi-exp     dPhi
   0  7.965e+05  7.965e+05  1.003e+00  1.598e+06  1.000e-09  1.000e-09  0.0020  1.842e-14  0.000e+00  0.000e+00  3.117e+03  3.123e+03  3.117e+03  3.123e+03
   1  7.965e+05  7.965e+05  9.991e-01  1.591e+06  1.000e-09  1.000e-09  0.0020  1.842e-14  0.000e+00  0.000e+00  3.117e+03  3.123e+03  3.117e+03  3.123e+03
   2  7.965e+05  7.965e+05  9.991e-01  1.591e+06  1.000e-08  1.000e-08  0.0020  1.842e-14  0.000e+00  0.000e+00  3.117e+03  3.123e+03  3.117e+03  3.123e+03
   3  7.965e+05  7.965e+05  9.991e-01  1.591e+06  1.000e-07  1.000e-07  0.0020  1.842e-14  0.000e+00  0.000e+00  3.117e+03  3.123e+03  3.117e+03  3.123e+03
   4  7.965e+05  7.965e+05  9.991e-01  1.591e+06  1.000e-06  1.000e-06  0.0020  1.842e-14  0.000e+00  0.000e+00  3.117e+03  3.123e+03  3.117e+03  3.123e+03
   5  7.965e+05  7.965e+05  9.991e-01  1.591e+06  1.000e-05  1.000e-05  0.0020  1.842e-14  0.000e+00  0.000e+00  3.117e+03  3.123e+03  3.117e+03  3.123e+03
   6  7.965e+05  7.965e+05  9.991e-01  1.591e+06  1.000e-04  1.000e-04  0.0020  1.842e-14  0.000e+00  0.000e+00  3.117e+03  3.123e+03  3.117e+03  3.123e+03
   7  7.965e+05  7.965e+05  9.991e-01  1.591e+06  1.000e-03  1.000e-03  0.0020  1.842e-14  0.000e+00  0.000e+00  3.117e+03  3.123e+03  3.117e+03  3.123e+03
   8  7.965e+05  7.965e+05  9.989e-01  1.590e+06  1.000e-02  1.000e-02  0.0020  1.842e-14  0.000e+00  0.000e+00  3.117e+03  3.123e+03  3.117e+03  3.123e+03
   9  7.934e+05  7.934e+05  1.001e+00  1.586e+06  1.000e-01  1.000e-01  0.0020  1.839e-14  0.000e+00  0.000e+00  3.094e+03  3.100e+03  3.094e+03  3.100e+03
iter    cost       merit      stop      |grad|      preg       dreg      step   ||ffeas||  ||gfeas||  ||hfeas||   dV-exp       dV      dPhi-exp     dPhi
  10  7.903e+05  7.903e+05  1.001e+00  1.580e+06  1.000e-01  1.000e-01  0.0020  1.835e-14  0.000e+00  0.000e+00  3.083e+03  3.092e+03  3.083e+03  3.092e+03
  11  7.872e+05  7.872e+05  1.002e+00  1.574e+06  1.000e-01  1.000e-01  0.0020  1.831e-14  0.000e+00  0.000e+00  3.072e+03  3.080e+03  3.072e+03  3.080e+03
  12  7.826e+05  7.826e+05  1.004e+00  1.569e+06  1.000e-01  1.000e-01  0.0039  1.824e-14  0.000e+00  0.000e+00  6.116e+03  4.550e+03  6.116e+03  4.550e+03
  13  7.766e+05  7.766e+05  1.006e+00  1.560e+06  1.000e-01  1.000e-01  0.0039  1.817e-14  0.000e+00  0.000e+00  6.083e+03  6.057e+03  6.083e+03  6.057e+03
  14  7.706e+05  7.706e+05  1.006e+00  1.548e+06  1.000e-01  1.000e-01  0.0039  1.810e-14  0.000e+00  0.000e+00  6.036e+03  5.975e+03  6.036e+03  5.975e+03
  15  7.648e+05  7.648e+05  1.006e+00  1.536e+06  1.000e-01  1.000e-01  0.0156  1.782e-14  0.000e+00  0.000e+00  2.382e+04  5.805e+03  2.382e+04  5.805e+03
  16  2.091e+04  2.091e+04  3.650e+01  1.525e+06  1.000e-01  1.000e-01  1.0000  0.000e+00  0.000e+00  0.000e+00  7.633e+05  7.439e+05  7.633e+05  7.439e+05
  17  2.480e+03  2.480e+03  8.116e+00  3.988e+04  2.000e-02  2.000e-02  1.0000  0.000e+00  0.000e+00  0.000e+00  2.014e+04  1.843e+04  2.014e+04  1.843e+04
  18  2.051e+03  2.051e+03  8.874e-01  3.591e+03  4.000e-03  4.000e-03  0.2500  1.626e-19  0.000e+00  0.000e+00  7.872e+02  4.291e+02  7.872e+02  4.291e+02
  19  1.918e+03  1.918e+03  7.345e-01  2.794e+03  8.000e-04  8.000e-04  0.5000  1.084e-19  0.000e+00  0.000e+00  1.051e+03  1.329e+02  1.051e+03  1.329e+02
iter    cost       merit      stop      |grad|      preg       dreg      step   ||ffeas||  ||gfeas||  ||hfeas||   dV-exp       dV      dPhi-exp     dPhi
  20  1.151e+03  1.151e+03  1.111e+00  2.554e+03  1.600e-04  1.600e-04  0.5000  5.421e-20  0.000e+00  0.000e+00  9.585e+02  7.675e+02  9.585e+02  7.675e+02
  21  9.217e+02  9.217e+02  6.043e-01  1.115e+03  3.200e-05  3.200e-05  0.5000  2.711e-20  0.000e+00  0.000e+00  4.180e+02  2.292e+02  4.180e+02  2.292e+02
  22  7.438e+02  7.438e+02  4.470e-01  6.658e+02  6.400e-06  6.400e-06  1.0000  0.000e+00  0.000e+00  0.000e+00  3.329e+02  1.779e+02  3.329e+02  1.779e+02
  23  7.410e+02  7.410e+02  2.153e-01  3.194e+02  1.280e-06  1.280e-06  0.0312  3.205e-24  0.000e+00  0.000e+00  9.827e+00  2.747e+00  9.827e+00  2.747e+00
  24  7.303e+02  7.303e+02  2.089e-01  3.055e+02  1.280e-06  1.280e-06  0.1250  9.487e-20  0.000e+00  0.000e+00  3.580e+01  1.071e+01  3.580e+01  1.071e+01
  25  5.900e+02  5.900e+02  2.395e-01  2.831e+02  1.280e-06  1.280e-06  1.0000  0.000e+00  0.000e+00  0.000e+00  1.415e+02  1.403e+02  1.415e+02  1.403e+02
  26  5.900e+02  5.900e+02  4.156e-03  4.912e+00  2.560e-07  2.560e-07  0.0020  1.084e-19  0.000e+00  0.000e+00  9.584e-03 -2.297e-03  9.584e-03 -2.297e-03
  27  5.900e+02  5.900e+02  4.156e-03  4.908e+00  2.560e-06  2.560e-06  0.0020  1.084e-19  0.000e+00  0.000e+00  9.576e-03 -2.262e-03  9.576e-03 -2.262e-03
  28  5.900e+02  5.900e+02  4.155e-03  4.870e+00  2.560e-05  2.560e-05  0.0020  1.084e-19  0.000e+00  0.000e+00  9.502e-03 -1.919e-03  9.502e-03 -1.919e-03
  29  5.900e+02  5.900e+02  4.108e-03  4.551e+00  2.560e-04  2.560e-04  0.0020  1.082e-19  0.000e+00  0.000e+00  8.881e-03  6.673e-04  8.881e-03  6.673e-04
iter    cost       merit      stop      |grad|      preg       dreg      step   ||ffeas||  ||gfeas||  ||hfeas||   dV-exp       dV      dPhi-exp     dPhi
  30  5.893e+02  5.893e+02  2.421e-03  2.800e+00  2.560e-04  2.560e-04  1.0000  0.000e+00  0.000e+00  0.000e+00  1.429e+00  6.902e-01  1.429e+00  6.902e-01
  31  5.885e+02  5.885e+02  1.264e-03  1.490e+00  5.120e-05  5.120e-05  1.0000  0.000e+00  0.000e+00  0.000e+00  7.453e-01  7.434e-01  7.453e-01  7.434e-01
  32  5.885e+02  5.885e+02  1.683e-04  1.968e-01  1.024e-05  1.024e-05  0.0039  1.080e-19  0.000e+00  0.000e+00  7.674e-04  5.404e-06  7.674e-04  5.404e-06
  33  5.885e+02  5.885e+02  4.900e-06  5.759e-03  1.024e-05  1.024e-05  0.0312  1.050e-19  0.000e+00  0.000e+00  1.772e-04  1.428e-04  1.772e-04  1.428e-04
  34  5.885e+02  5.885e+02  3.437e-06  4.044e-03  1.024e-05  1.024e-05  1.0000  0.000e+00  0.000e+00  0.000e+00  2.026e-03  8.785e-04  2.026e-03  8.785e-04
  35  5.885e+02  5.885e+02  5.093e-06  5.669e-03  1.024e-04  1.024e-04  0.0078  5.379e-20  0.000e+00  0.000e+00  4.413e-05  2.191e-05  4.413e-05  2.191e-05
  36  5.885e+02  5.885e+02  3.968e-06  4.443e-03  1.024e-04  1.024e-04  1.0000  0.000e+00  0.000e+00  0.000e+00  2.339e-03  9.527e-04  2.339e-03  9.527e-04
  37  5.885e+02  5.885e+02  3.671e-06  3.613e-03  1.024e-03  1.024e-03  0.0078  1.076e-19  0.000e+00  0.000e+00  2.814e-05  1.631e-05  2.814e-05  1.631e-05
  38  5.885e+02  5.885e+02  2.545e-06  2.633e-03  1.024e-03  1.024e-03  1.0000  0.000e+00  0.000e+00  0.000e+00  1.501e-03  1.620e-04  1.501e-03  1.620e-04
  39  5.885e+02  5.885e+02  1.405e-06  1.302e-03  1.024e-02  1.024e-02  1.0000  0.000e+00  0.000e+00  0.000e+00  8.281e-04  5.799e-04  8.281e-04  5.799e-04
iter    cost       merit      stop      |grad|      preg       dreg      step   ||ffeas||  ||gfeas||  ||hfeas||   dV-exp       dV      dPhi-exp     dPhi
  40  5.885e+02  5.885e+02  7.262e-08  6.190e-05  1.024e-01  1.024e-01  1.0000  0.000e+00  0.000e+00  0.000e+00  4.281e-05  4.062e-05  4.281e-05  4.062e-05
  41  5.885e+02  5.885e+02  2.888e-09  1.808e-06  1.024e+00  1.024e+00  1.0000  0.000e+00  0.000e+00  0.000e+00  1.702e-06  1.697e-06  1.702e-06  1.697e-06
*** SOLVE walking (MultiShoot) ***
iter    cost       merit      stop      |grad|      preg       dreg      step   ||ffeas||  ||gfeas||  ||hfeas||   dV-exp       dV      dPhi-exp     dPhi
   0  1.877e+04  1.877e+04  4.257e+01  1.598e+06  1.000e-09  1.000e-09  1.0000  3.466e+01  0.000e+00  0.000e+00  7.988e+05  7.808e+05  7.988e+05  7.808e+05
   1  1.319e+04  1.352e+04  1.378e+00  3.639e+04  1.000e-09  1.000e-09  1.0000  4.340e-01  0.000e+00  0.000e+00  1.818e+04  5.573e+03  4.382e+04  3.121e+04
   2  1.429e+04  2.422e+04  8.826e-01  2.522e+04  1.000e-09  1.000e-09  1.0000  2.394e-01  0.000e+00  0.000e+00  1.261e+04 -1.092e+03  2.069e+04  6.984e+03
   3  1.085e+04  2.121e+04  1.264e+00  2.742e+04  1.000e-09  1.000e-09  0.5000  1.266e-01  0.000e+00  0.000e+00  1.028e+04  3.435e+03  1.490e+04  1.266e+04
   4  7.737e+03  2.031e+04  1.326e+00  2.053e+04  1.000e-09  1.000e-09  1.0000  1.086e-01  0.000e+00  0.000e+00  1.026e+04  3.113e+03  1.235e+04  5.200e+03
   5  7.132e+03  1.467e+04  1.004e+00  1.432e+04  1.000e-09  1.000e-09  0.5000  8.003e-02  0.000e+00  0.000e+00  5.370e+03  6.053e+02  6.716e+03  3.298e+03
   6  5.626e+03  1.082e+04  1.165e+00  1.311e+04  1.000e-09  1.000e-09  0.5000  4.443e-02  0.000e+00  0.000e+00  4.915e+03  1.506e+03  6.997e+03  5.670e+03
   7  7.657e+03  1.159e+04  6.591e-01  1.009e+04  1.000e-09  1.000e-09  0.5000  2.423e-02  0.000e+00  0.000e+00  3.785e+03 -2.031e+03  5.425e+03  1.247e+03
   8  6.487e+03  1.227e+04  1.091e+00  1.416e+04  1.000e-09  1.000e-09  0.5000  1.386e-02  0.000e+00  0.000e+00  5.311e+03  1.170e+03  7.477e+03  5.501e+03
   9  5.205e+03  1.736e+04  1.135e+00  1.182e+04  1.000e-09  1.000e-09  0.2500  1.994e-02  0.000e+00  0.000e+00  2.586e+03  1.282e+03  1.659e+03 -2.427e+03
iter    cost       merit      stop      |grad|      preg       dreg      step   ||ffeas||  ||gfeas||  ||hfeas||   dV-exp       dV      dPhi-exp     dPhi
  10  3.236e+03  1.754e+04  1.427e+00  9.236e+03  1.000e-09  1.000e-09  0.2500  4.323e-02  0.000e+00  0.000e+00  2.020e+03  1.969e+03  9.453e+01 -5.734e+03
  11  1.907e+03  7.584e+03  1.388e+00  5.297e+03  1.000e-09  1.000e-09  0.5000  3.432e-02  0.000e+00  0.000e+00  1.986e+03  1.329e+03  2.723e+03  2.802e+03
  12  9.192e+02  4.437e+03  1.433e+00  2.638e+03  1.000e-09  1.000e-09  0.5000  4.254e-02  0.000e+00  0.000e+00  9.891e+02  9.882e+02  6.493e+02  3.086e+02
  13  6.899e+02  1.976e+03  4.787e-01  6.616e+02  1.000e-09  1.000e-09  1.0000  3.111e-02  0.000e+00  0.000e+00  3.308e+02  2.292e+02  8.033e+02  7.018e+02
  14  7.071e+02  1.310e+03  1.492e-01  2.113e+02  1.000e-09  1.000e-09  0.0625  2.917e-02  0.000e+00  0.000e+00  1.279e+01 -1.717e+01  1.530e+01  2.296e+01
  15  5.893e+02  7.735e+02  2.008e-01  2.371e+02  1.000e-09  1.000e-09  1.0000  1.781e-02  0.000e+00  0.000e+00  1.186e+02  1.178e+02  2.360e+02  2.352e+02
  16  5.910e+02  6.802e+02  1.726e-02  2.852e+00  1.000e-09  1.000e-09  0.0312  1.726e-02  0.000e+00  0.000e+00  8.773e-02 -1.705e+00  1.776e-01  1.172e+00
  17  5.885e+02  5.938e+02  4.236e-03  5.002e+00  1.000e-09  1.000e-09  1.0000  2.027e-03  0.000e+00  0.000e+00  2.497e+00  2.497e+00  4.186e+01  4.186e+01
  18  5.885e+02  5.903e+02  1.359e-03  1.034e-03  1.000e-09  1.000e-09  1.0000  1.359e-03  0.000e+00  0.000e+00  3.157e-05 -2.717e-02  8.626e-01  8.354e-01
  19  5.885e+02  5.893e+02  1.259e-03  5.468e-02  1.000e-09  1.000e-09  0.2500  1.259e-03  0.000e+00  0.000e+00  1.194e-02  1.197e-02  2.808e-02  7.653e-02
iter    cost       merit      stop      |grad|      preg       dreg      step   ||ffeas||  ||gfeas||  ||hfeas||   dV-exp       dV      dPhi-exp     dPhi
  20  5.885e+02  5.886e+02  3.655e-04  3.050e-02  1.000e-09  1.000e-09  1.0000  3.655e-04  0.000e+00  0.000e+00  1.499e-02  1.512e-02  3.038e-01  3.039e-01
  21  5.885e+02  5.887e+02  9.642e-04  8.113e-05  1.000e-09  1.000e-09  1.0000  9.642e-04  0.000e+00  0.000e+00 -1.179e-04 -3.415e-05 -9.683e-02 -9.674e-02
  22  5.885e+02  5.887e+02  2.779e-03  6.934e-06  1.000e-08  1.000e-08  1.0000  2.779e-03  0.000e+00  0.000e+00 -6.005e-05  1.446e-05 -1.466e-01 -1.465e-01
  23  5.885e+02  5.888e+02  6.867e-03  1.731e-04  1.000e-07  1.000e-07  1.0000  6.867e-03  0.000e+00  0.000e+00 -3.507e-06  5.072e-05 -1.651e-01 -1.651e-01
  24  5.885e+02  5.886e+02  6.331e-03  6.718e-04  1.000e-06  1.000e-06  0.1250  6.331e-03  0.000e+00  0.000e+00  7.594e-05  7.676e-05  1.431e-03  1.091e-02
  25  5.885e+02  5.886e+02  1.055e-02  1.407e-04  1.000e-06  1.000e-06  1.0000  1.055e-02  0.000e+00  0.000e+00 -9.273e-05 -6.284e-05 -4.266e-02 -4.263e-02
  26  5.885e+02  5.886e+02  1.007e-02  7.997e-04  1.000e-05  1.000e-05  0.2500  1.007e-02  0.000e+00  0.000e+00  1.616e-04  1.632e-04  7.621e-04  2.565e-03
  27  5.885e+02  5.885e+02  6.986e-03  1.690e-04  1.000e-04  1.000e-04  1.0000  6.986e-03  0.000e+00  0.000e+00 -2.730e-04 -2.669e-04  7.516e-03  7.522e-03
  28  5.885e+02  5.885e+02  6.906e-03  4.350e-04  1.000e-03  1.000e-03  0.2500  6.906e-03  0.000e+00  0.000e+00  9.081e-05  9.115e-05  1.160e-04  1.918e-04
  29  5.885e+02  5.885e+02  7.257e-04  1.358e-04  1.000e-02  1.000e-02  1.0000  7.257e-04  0.000e+00  0.000e+00 -1.500e-04 -1.497e-04  3.750e-03  3.750e-03
iter    cost       merit      stop      |grad|      preg       dreg      step   ||ffeas||  ||gfeas||  ||hfeas||   dV-exp       dV      dPhi-exp     dPhi
  30  5.885e+02  5.885e+02  1.023e-04  9.834e-06  1.000e-01  1.000e-01  1.0000  1.023e-04  0.000e+00  0.000e+00 -1.275e-05 -1.274e-05  1.839e-04  1.839e-04
  31  5.885e+02  5.885e+02  1.904e-07  2.576e-06  1.000e+00  1.000e+00  1.0000  1.904e-07  0.000e+00  0.000e+00 -2.583e-06 -2.583e-06  1.352e-05  1.352e-05
  32  5.885e+02  5.885e+02  2.290e-10  2.720e-09  1.000e+01  1.000e+01  1.0000  2.290e-10  0.000e+00  0.000e+00  2.684e-09  2.685e-09  1.768e-08  1.768e-08
*** SOLVE walking (HybridShoot: 36) ***
iter    cost       merit      stop      |grad|      preg       dreg      step   ||ffeas||  ||gfeas||  ||hfeas||   dV-exp       dV      dPhi-exp     dPhi
   0  7.965e+05  7.965e+05  1.003e+00  1.598e+06  1.000e-09  1.000e-09  0.0020  9.614e-04  0.000e+00  0.000e+00  3.117e+03  3.123e+03  3.117e+03  3.123e+03
   1  7.965e+05  7.965e+05  9.991e-01  1.591e+06  1.000e-09  1.000e-09  0.0020  9.614e-04  0.000e+00  0.000e+00  3.117e+03  3.123e+03  3.117e+03  3.123e+03
   2  7.965e+05  7.965e+05  9.991e-01  1.591e+06  1.000e-08  1.000e-08  0.0020  9.614e-04  0.000e+00  0.000e+00  3.117e+03  3.123e+03  3.117e+03  3.123e+03
   3  7.965e+05  7.965e+05  9.991e-01  1.591e+06  1.000e-07  1.000e-07  0.0020  9.614e-04  0.000e+00  0.000e+00  3.117e+03  3.123e+03  3.117e+03  3.123e+03
   4  7.965e+05  7.965e+05  9.991e-01  1.591e+06  1.000e-06  1.000e-06  0.0020  9.614e-04  0.000e+00  0.000e+00  3.117e+03  3.123e+03  3.117e+03  3.123e+03
   5  7.965e+05  7.965e+05  9.991e-01  1.591e+06  1.000e-05  1.000e-05  0.0020  9.614e-04  0.000e+00  0.000e+00  3.117e+03  3.123e+03  3.117e+03  3.123e+03
   6  7.965e+05  7.965e+05  9.991e-01  1.591e+06  1.000e-04  1.000e-04  0.0020  9.614e-04  0.000e+00  0.000e+00  3.117e+03  3.123e+03  3.117e+03  3.123e+03
   7  7.965e+05  7.965e+05  9.991e-01  1.591e+06  1.000e-03  1.000e-03  0.0020  9.614e-04  0.000e+00  0.000e+00  3.117e+03  3.123e+03  3.117e+03  3.123e+03
   8  7.965e+05  7.965e+05  9.989e-01  1.590e+06  1.000e-02  1.000e-02  0.0020  9.614e-04  0.000e+00  0.000e+00  3.117e+03  3.123e+03  3.117e+03  3.123e+03
   9  7.934e+05  3.022e+06  1.001e+00  1.586e+06  1.000e-01  1.000e-01  0.0020  1.889e-03  0.000e+00  0.000e+00  3.094e+03  3.099e+03  9.566e+02 -1.091e+06
iter    cost       merit      stop      |grad|      preg       dreg      step   ||ffeas||  ||gfeas||  ||hfeas||   dV-exp       dV      dPhi-exp     dPhi
  10  7.903e+05  3.027e+06  1.001e+00  1.580e+06  1.000e-01  1.000e-01  0.0020  3.737e-03  0.000e+00  0.000e+00  3.083e+03  3.092e+03  9.221e+02 -1.103e+06
  11  7.872e+05  2.476e+06  1.001e+00  1.574e+06  1.000e-01  1.000e-01  0.0020  5.602e-03  0.000e+00  0.000e+00  3.072e+03  3.081e+03  1.974e+03 -5.590e+05
  12  7.810e+05  1.010e+07  1.006e+00  1.569e+06  1.000e-01  1.000e-01  0.0039  4.654e-02  0.000e+00  0.000e+00  6.116e+03  6.145e+03 -2.591e+04 -8.192e+06
  13  7.749e+05  6.325e+06  1.006e+00  1.557e+06  1.000e-01  1.000e-01  0.0039  5.542e-02  0.000e+00  0.000e+00  6.070e+03  6.110e+03  2.593e+03 -8.839e+05
  14  7.689e+05  3.643e+06  1.006e+00  1.545e+06  1.000e-01  1.000e-01  0.0039  5.740e-02  0.000e+00  0.000e+00  6.023e+03  6.041e+03  5.637e+03 -9.287e+04
  15  7.570e+05  2.243e+06  1.014e+00  1.533e+06  1.000e-01  1.000e-01  0.0078  5.937e-02  0.000e+00  0.000e+00  1.193e+04  1.192e+04  1.154e+04 -3.751e+04
  16  6.681e+05  3.097e+06  1.131e+00  1.509e+06  1.000e-01  1.000e-01  0.0625  1.336e-01  0.000e+00  0.000e+00  9.139e+04  8.889e+04  7.039e+03 -1.261e+06
  17  1.695e+05  1.125e+06  3.932e+00  1.332e+06  1.000e-01  1.000e-01  0.5000  1.051e-01  0.000e+00  0.000e+00  4.996e+05  4.985e+05  6.294e+05  7.580e+05
  18  3.309e+03  5.138e+05  5.100e+01  3.372e+05  2.000e-02  2.000e-02  1.0000  1.123e-01  0.000e+00  0.000e+00  1.688e+05  1.662e+05  1.358e+05  1.332e+05
  19  8.980e+03  8.827e+04  3.012e-01  5.355e+03  4.000e-03  4.000e-03  1.0000  3.489e-02  0.000e+00  0.000e+00  2.705e+03 -5.671e+03  1.787e+05  1.703e+05
iter    cost       merit      stop      |grad|      preg       dreg      step   ||ffeas||  ||gfeas||  ||hfeas||   dV-exp       dV      dPhi-exp     dPhi
  20  1.781e+04  2.225e+04  4.719e-01  1.679e+04  8.000e-04  8.000e-04  1.0000  3.906e-03  0.000e+00  0.000e+00  8.404e+03 -8.828e+03  4.361e+04  2.638e+04
  21  7.232e+03  3.462e+04  2.381e+00  3.445e+04  1.600e-04  1.600e-04  0.5000  4.348e-03  0.000e+00  0.000e+00  1.292e+04  1.058e+04  1.152e+04  7.791e+03
  22  6.153e+03  2.602e+04  1.082e+00  1.332e+04  3.200e-05  3.200e-05  0.1250  6.307e-03  0.000e+00  0.000e+00  1.561e+03  1.079e+03  7.893e+02 -5.091e+03
  23  2.595e+03  1.066e+04  2.144e+00  1.113e+04  3.200e-05  3.200e-05  1.0000  5.124e-03  0.000e+00  0.000e+00  5.565e+03  3.558e+03  7.429e+03  5.422e+03
  24  2.621e+03  6.091e+03  7.710e-01  4.044e+03  6.400e-06  6.400e-06  0.1250  4.406e-03  0.000e+00  0.000e+00  4.739e+02 -2.667e+01  5.445e+02  5.384e+02
  25  2.445e+03  5.948e+03  8.328e-01  4.074e+03  6.400e-06  6.400e-06  0.2500  5.304e-03  0.000e+00  0.000e+00  8.912e+02  1.765e+02  7.429e+02 -4.164e+02
  26  2.273e+03  4.907e+03  8.183e-01  3.722e+03  1.280e-06  1.280e-06  0.2500  5.255e-03  0.000e+00  0.000e+00  8.142e+02  1.716e+02  8.204e+02  1.964e+02
  27  2.193e+03  4.287e+03  7.715e-01  3.385e+03  2.560e-07  2.560e-07  0.2500  4.551e-03  0.000e+00  0.000e+00  7.405e+02  8.055e+01  8.214e+02  4.043e+02
  28  2.118e+03  4.724e+03  7.612e-01  3.225e+03  5.120e-08  5.120e-08  0.1250  5.148e-03  0.000e+00  0.000e+00  3.780e+02  7.513e+01  3.402e+02 -2.271e+02
  29  1.813e+03  4.556e+03  8.439e-01  3.061e+03  5.120e-08  5.120e-08  1.0000  6.458e-03  0.000e+00  0.000e+00  1.531e+03  3.048e+02  9.741e+02 -2.516e+02
iter    cost       merit      stop      |grad|      preg       dreg      step   ||ffeas||  ||gfeas||  ||hfeas||   dV-exp       dV      dPhi-exp     dPhi
  30  1.734e+03  3.487e+03  7.125e-01  2.472e+03  1.024e-08  1.024e-08  0.0625  6.411e-03  0.000e+00  0.000e+00  1.497e+02  7.913e+01  1.505e+02  9.193e+01
  31  1.502e+03  2.856e+03  7.622e-01  2.292e+03  1.024e-08  1.024e-08  0.5000  5.300e-03  0.000e+00  0.000e+00  8.595e+02  2.312e+02  1.001e+03  5.151e+02
  32  1.425e+03  2.299e+03  6.415e-01  1.830e+03  2.048e-09  2.048e-09  0.2500  3.542e-03  0.000e+00  0.000e+00  4.003e+02  7.719e+01  5.087e+02  5.106e+02
  33  1.334e+03  2.480e+03  6.280e-01  1.677e+03  1.000e-09  1.000e-09  0.1250  3.392e-03  0.000e+00  0.000e+00  1.965e+02  9.143e+01  2.029e+02  1.424e+02
  34  6.048e+02  1.274e+03  1.230e+00  1.491e+03  1.000e-09  1.000e-09  1.0000  2.133e-03  0.000e+00  0.000e+00  7.453e+02  7.290e+02  1.140e+03  1.124e+03
  35  6.103e+02  9.347e+02  3.001e-02  3.670e+01  1.000e-09  1.000e-09  0.0312  2.067e-03  0.000e+00  0.000e+00  1.129e+00 -5.533e+00  1.455e+00  4.904e+00
  36  6.181e+02  7.515e+02  3.559e-02  4.409e+01  1.000e-09  1.000e-09  0.2500  1.700e-03  0.000e+00  0.000e+00  9.643e+00 -7.795e+00  1.684e+01  2.100e+01
  37  6.182e+02  6.842e+02  4.952e-02  6.134e+01  1.000e-09  1.000e-09  0.0156  1.681e-03  0.000e+00  0.000e+00  9.510e-01 -7.624e-02  9.622e-01  6.419e-01
  38  5.893e+02  5.928e+02  5.032e-02  5.941e+01  1.000e-09  1.000e-09  1.0000  1.388e-04  0.000e+00  0.000e+00  2.970e+01  2.895e+01  6.862e+01  6.788e+01
  39  5.885e+02  5.890e+02  1.262e-03  1.486e+00  1.000e-09  1.000e-09  1.0000  3.841e-05  0.000e+00  0.000e+00  7.438e-01  7.438e-01  2.010e+00  2.010e+00
iter    cost       merit      stop      |grad|      preg       dreg      step   ||ffeas||  ||gfeas||  ||hfeas||   dV-exp       dV      dPhi-exp     dPhi
  40  5.885e+02  5.887e+02  3.580e-05  9.659e-05  1.000e-09  1.000e-09  0.2500  3.580e-05  0.000e+00  0.000e+00  1.887e-05  1.459e-05  4.138e-03  1.649e-02
  41  5.885e+02  5.886e+02  1.287e-05  1.603e-05  1.000e-09  1.000e-09  1.0000  1.287e-05  0.000e+00  0.000e+00 -1.879e-05 -1.759e-05  7.230e-02  7.231e-02
  42  5.885e+02  5.885e+02  1.178e-05  2.632e-05  1.000e-09  1.000e-09  0.2500  1.178e-05  0.000e+00  0.000e+00  5.487e-06  4.891e-06  4.352e-04  1.724e-03
  43  5.885e+02  5.885e+02  3.430e-06  8.837e-06  1.000e-08  1.000e-08  1.0000  3.430e-06  0.000e+00  0.000e+00  1.192e-06  7.498e-06  6.586e-03  6.592e-03
  44  5.885e+02  5.885e+02  3.213e-06  5.057e-06  1.000e-07  1.000e-07  0.2500  3.213e-06  0.000e+00  0.000e+00  9.172e-07  6.376e-07  2.231e-05  8.619e-05
  45  5.885e+02  5.885e+02  1.072e-06  1.906e-06  1.000e-06  1.000e-06  1.0000  1.072e-06  0.000e+00  0.000e+00 -1.201e-06  6.070e-07  4.209e-04  4.227e-04
  46  5.885e+02  5.885e+02  9.980e-07  3.875e-06  1.000e-05  1.000e-05  0.2500  9.980e-07  0.000e+00  0.000e+00  8.298e-07  8.706e-07  2.649e-06  8.147e-06
  47  5.885e+02  5.885e+02  3.098e-07  2.589e-06  1.000e-04  1.000e-04  1.0000  3.098e-07  0.000e+00  0.000e+00  1.129e-06  2.983e-06  3.505e-05  3.690e-05
  48  5.885e+02  5.885e+02  2.790e-07  6.247e-07  1.000e-03  1.000e-03  0.2500  2.790e-07  0.000e+00  0.000e+00  1.202e-07  1.216e-07  3.103e-07  8.821e-07
  49  5.885e+02  5.885e+02  4.891e-08  2.139e-07  1.000e-02  1.000e-02  1.0000  4.891e-08  0.000e+00  0.000e+00 -3.156e-07 -2.811e-07  2.519e-06  2.553e-06
iter    cost       merit      stop      |grad|      preg       dreg      step   ||ffeas||  ||gfeas||  ||hfeas||   dV-exp       dV      dPhi-exp     dPhi
  50  5.885e+02  5.885e+02  1.874e-09  5.993e-08  1.000e-01  1.000e-01  1.0000  1.874e-09  0.000e+00  0.000e+00  5.757e-08  5.735e-08  3.473e-07  3.471e-07
*** SOLVE walking (OdynSQP) ***
iter    cost       merit      stop      |grad|      preg       dreg      step   ||ffeas||  ||gfeas||  ||hfeas||   dV-exp       dV      dPhi-exp     dPhi
   0  1.200e+06  4.544e+06  2.003e+00  2.555e+06  1.000e-09  1.000e-09  0.0312  9.426e-01  1.061e+00  0.000e+00  7.859e+04  7.858e+04  3.111e+04 -1.441e+06
   1  6.759e+05  3.100e+06  2.835e+00  2.398e+06  1.000e-09  1.000e-09  0.2500  7.278e-01  2.107e+00  0.000e+00  5.245e+05  5.239e+05  3.467e+05 -1.872e+05
   2  1.703e+05  2.262e+06  4.893e+00  1.350e+06  1.000e-09  1.000e-09  0.5000  4.111e-01  4.482e+00  0.000e+00  5.063e+05  5.056e+05  6.639e+04 -3.742e+05
   3  4.320e+04  9.176e+05  4.090e+00  3.389e+05  1.000e-09  1.000e-09  0.5000  2.240e-01  3.866e+00  0.000e+00  1.271e+05  1.271e+05  2.129e+05  2.986e+05
   4  8.531e+02  2.407e+05  4.959e+01  8.473e+04  1.000e-09  1.000e-09  1.0000  6.547e-02  2.179e+00  0.000e+00  4.236e+04  4.235e+04  2.396e+05  2.396e+05
   5  8.437e+02  1.126e+04  1.949e-01  2.259e+01  1.000e-09  1.000e-09  1.0000  4.512e-02  1.497e-01  0.000e+00  9.368e+00  9.384e+00  1.095e+05  1.095e+05
   6  8.437e+02  2.520e+03  6.272e-02  1.056e-02  1.000e-09  1.000e-09  1.0000  5.297e-02  9.752e-03  0.000e+00  4.547e-03  4.600e-03  3.531e+03  3.531e+03
   7  8.437e+02  1.017e+03  1.299e-02  9.891e-04  1.000e-09  1.000e-09  1.0000  7.138e-03  5.848e-03  0.000e+00 -2.502e-03 -2.501e-03  6.644e+02  6.644e+02
   8  8.437e+02  9.095e+02  9.849e-03  3.640e-03  1.000e-09  1.000e-09  0.5000  6.106e-03  3.743e-03  0.000e+00  1.323e-03  1.325e-03  1.048e+01  2.096e+01
   9  8.437e+02  8.690e+02  7.565e-03  4.225e-05  1.000e-09  1.000e-09  1.0000  7.016e-03  5.489e-04  0.000e+00 -3.399e-04 -3.377e-04  7.628e+00  7.628e+00
iter    cost       merit      stop      |grad|      preg       dreg      step   ||ffeas||  ||gfeas||  ||hfeas||   dV-exp       dV      dPhi-exp     dPhi
  10  8.437e+02  8.559e+02  7.291e-03  1.269e-03  1.000e-09  1.000e-09  0.2500  6.866e-03  4.249e-04  0.000e+00  2.643e-04  2.646e-04  1.148e-01  4.583e-01
  11  8.437e+02  8.452e+02  1.758e-03  2.962e-04  1.000e-09  1.000e-09  1.0000  1.582e-03  1.759e-04  0.000e+00 -3.509e-04 -3.506e-04  4.620e+00  4.620e+00
  12  8.437e+02  8.444e+02  1.659e-03  3.397e-04  1.000e-09  1.000e-09  0.1250  1.504e-03  1.548e-04  0.000e+00  3.905e-05  3.907e-05  5.180e-03  4.116e-02
  13  8.437e+02  8.444e+02  3.346e-03  7.333e-05  1.000e-09  1.000e-09  1.0000  3.291e-03  5.528e-05  0.000e+00 -1.121e-05 -1.077e-05 -3.523e-01 -3.523e-01
  14  8.437e+02  8.441e+02  3.215e-03  7.310e-04  1.000e-08  1.000e-08  0.1250  3.166e-03  4.862e-05  0.000e+00  8.411e-05  8.415e-05  1.801e-03  1.382e-02
  15  8.437e+02  8.441e+02  6.548e-03  1.242e-04  1.000e-08  1.000e-08  1.0000  6.533e-03  1.446e-05  0.000e+00 -3.270e-05 -3.197e-05 -1.740e-01 -1.740e-01
  16  8.437e+02  8.439e+02  6.237e-03  1.074e-03  1.000e-07  1.000e-07  0.2500  6.226e-03  1.111e-05  0.000e+00  2.237e-04  2.239e-04  2.250e-03  8.331e-03
  17  8.437e+02  8.438e+02  2.996e-03  2.165e-04  1.000e-06  1.000e-06  1.0000  2.992e-03  3.348e-06  0.000e+00 -2.829e-04 -2.826e-04  4.201e-02  4.201e-02
  18  8.437e+02  8.437e+02  2.896e-03  6.718e-04  2.000e-07  2.000e-07  0.1250  2.893e-03  2.944e-06  0.000e+00  7.735e-05  7.738e-05  1.585e-04  7.264e-04
  19  8.437e+02  8.437e+02  5.975e-03  1.051e-04  2.000e-07  2.000e-07  1.0000  5.968e-03  6.878e-06  0.000e+00 -3.218e-05 -3.155e-05 -1.007e-02 -1.007e-02
iter    cost       merit      stop      |grad|      preg       dreg      step   ||ffeas||  ||gfeas||  ||hfeas||   dV-exp       dV      dPhi-exp     dPhi
  20  8.437e+02  8.437e+02  5.771e-03  1.012e-03  2.000e-06  2.000e-06  0.2500  5.763e-03  7.563e-06  0.000e+00  2.113e-04  2.114e-04  2.945e-04  5.444e-04
  21  8.437e+02  8.437e+02  2.532e-03  2.110e-04  2.000e-05  2.000e-05  1.0000  2.529e-03  2.692e-06  0.000e+00 -2.652e-04 -2.649e-04  2.376e-03  2.376e-03
  22  8.437e+02  8.437e+02  2.825e-03  5.451e-04  2.000e-04  2.000e-04  0.2500  2.821e-03  3.304e-06  0.000e+00  1.158e-04  1.159e-04  8.595e-05 -3.455e-06
  23  8.437e+02  8.437e+02  1.829e-04  1.537e-04  2.000e-03  2.000e-03  1.0000  1.827e-04  2.454e-07  0.000e+00 -1.581e-04 -1.581e-04  3.804e-04  3.804e-04
  24  8.437e+02  8.437e+02  2.048e-04  8.693e-06  2.000e-02  2.000e-02  1.0000  2.047e-04  8.333e-08  0.000e+00  4.839e-06  4.873e-06  2.605e-06  2.639e-06
  25  8.437e+02  8.437e+02  1.962e-05  8.273e-06  2.000e-01  2.000e-01  1.0000  1.961e-05  1.281e-08  0.000e+00 -8.545e-06 -8.543e-06  8.929e-07  8.949e-07
  26  8.437e+02  8.437e+02  1.002e-08  1.977e-06  2.000e+00  2.000e+00  1.0000  9.990e-09  3.442e-11  0.000e+00  1.976e-06  1.976e-06  4.798e-06  4.798e-06

*** SOLVE trotting (FeasShoot) ***
iter    cost       merit      stop      |grad|      preg       dreg      step   ||ffeas||  ||gfeas||  ||hfeas||   dV-exp       dV      dPhi-exp     dPhi
   0  4.579e+05  1.113e+06  1.003e+00  9.184e+05  1.000e-09  1.000e-09  0.0020  2.186e-01  0.000e+00  0.000e+00  1.792e+03  1.776e+03  1.794e+03  3.057e+03
   1  4.561e+05  1.108e+06  1.003e+00  9.148e+05  1.000e-09  1.000e-09  0.0020  2.182e-01  0.000e+00  0.000e+00  1.785e+03  1.781e+03  1.787e+03  3.057e+03
   2  4.543e+05  1.104e+06  1.003e+00  9.112e+05  1.000e-09  1.000e-09  0.0020  2.178e-01  0.000e+00  0.000e+00  1.778e+03  1.803e+03  1.781e+03  3.074e+03
   3  4.525e+05  1.100e+06  1.003e+00  9.076e+05  1.000e-09  1.000e-09  0.0020  2.173e-01  0.000e+00  0.000e+00  1.771e+03  1.810e+03  1.773e+03  3.076e+03
   4  4.507e+05  1.095e+06  1.003e+00  9.040e+05  1.000e-09  1.000e-09  0.0020  2.169e-01  0.000e+00  0.000e+00  1.764e+03  1.780e+03  1.766e+03  3.042e+03
   5  4.489e+05  1.091e+06  1.003e+00  9.005e+05  1.000e-09  1.000e-09  0.0020  2.165e-01  0.000e+00  0.000e+00  1.757e+03  1.737e+03  1.759e+03  2.993e+03
   6  4.472e+05  1.087e+06  1.003e+00  8.970e+05  1.000e-09  1.000e-09  0.0020  2.161e-01  0.000e+00  0.000e+00  1.750e+03  1.726e+03  1.753e+03  2.977e+03
   7  4.455e+05  1.082e+06  1.003e+00  8.935e+05  1.000e-09  1.000e-09  0.0020  2.156e-01  0.000e+00  0.000e+00  1.744e+03  1.738e+03  1.746e+03  2.984e+03
   8  4.385e+05  1.069e+06  1.015e+00  8.901e+05  1.000e-09  1.000e-09  0.0078  2.140e-01  0.000e+00  0.000e+00  6.927e+03  6.964e+03  6.965e+03  1.193e+04
   9  4.332e+05  1.039e+06  1.011e+00  8.762e+05  1.000e-09  1.000e-09  0.0312  2.073e-01  0.000e+00  0.000e+00  2.695e+04  5.362e+03  2.756e+04  2.492e+04
iter    cost       merit      stop      |grad|      preg       dreg      step   ||ffeas||  ||gfeas||  ||hfeas||   dV-exp       dV      dPhi-exp     dPhi
  10  1.853e+04  1.853e+04  2.336e+01  8.654e+05  1.000e-09  1.000e-09  1.0000  0.000e+00  0.000e+00  0.000e+00  4.327e+05  4.146e+05  1.051e+06  1.033e+06
  11  1.708e+03  1.708e+03  1.059e+01  3.619e+04  1.000e-09  1.000e-09  1.0000  0.000e+00  0.000e+00  0.000e+00  1.810e+04  1.682e+04  1.810e+04  1.682e+04
  12  1.039e+03  1.039e+03  1.229e+00  2.557e+03  1.000e-09  1.000e-09  0.5000  2.711e-20  0.000e+00  0.000e+00  9.587e+02  6.688e+02  9.587e+02  6.688e+02
  13  5.264e+02  5.264e+02  1.156e+00  1.219e+03  1.000e-09  1.000e-09  1.0000  0.000e+00  0.000e+00  0.000e+00  6.094e+02  5.129e+02  6.094e+02  5.129e+02
  14  5.239e+02  5.239e+02  1.908e-01  2.003e+02  1.000e-09  1.000e-09  0.0625  1.016e-19  0.000e+00  0.000e+00  1.213e+01  2.484e+00  1.213e+01  2.484e+00
  15  4.278e+02  4.278e+02  2.244e-01  1.925e+02  1.000e-09  1.000e-09  1.0000  0.000e+00  0.000e+00  0.000e+00  9.624e+01  9.609e+01  9.624e+01  9.609e+01
  16  4.274e+02  4.274e+02  9.336e-04  8.000e-01  1.000e-09  1.000e-09  1.0000  0.000e+00  0.000e+00  0.000e+00  4.000e-01  3.702e-01  4.000e-01  3.702e-01
  17  4.274e+02  4.274e+02  7.617e-05  6.527e-02  1.000e-09  1.000e-09  0.5000  1.355e-20  0.000e+00  0.000e+00  2.448e-02  1.225e-02  2.448e-02  1.225e-02
  18  4.274e+02  4.274e+02  4.629e-05  3.966e-02  1.000e-09  1.000e-09  1.0000  0.000e+00  0.000e+00  0.000e+00  1.983e-02  2.013e-02  1.983e-02  2.013e-02
  19  4.274e+02  4.274e+02  5.123e-07  4.390e-04  1.000e-09  1.000e-09  1.0000  0.000e+00  0.000e+00  0.000e+00  2.195e-04  1.651e-04  2.195e-04  1.651e-04
iter    cost       merit      stop      |grad|      preg       dreg      step   ||ffeas||  ||gfeas||  ||hfeas||   dV-exp       dV      dPhi-exp     dPhi
  20  4.274e+02  4.274e+02  3.001e-07  2.571e-04  1.000e-08  1.000e-08  0.5000  2.168e-19  0.000e+00  0.000e+00  9.642e-05  4.493e-05  9.642e-05  4.493e-05
  21  4.274e+02  4.274e+02  1.218e-07  1.044e-04  1.000e-07  1.000e-07  1.0000  0.000e+00  0.000e+00  0.000e+00  5.219e-05  5.077e-05  5.219e-05  5.077e-05
  22  4.274e+02  4.274e+02  1.609e-08  1.378e-05  1.000e-06  1.000e-06  0.5000  0.000e+00  0.000e+00  0.000e+00  5.169e-06  2.862e-06  5.169e-06  2.862e-06
  23  4.274e+02  4.274e+02  3.597e-09  3.077e-06  1.000e-05  1.000e-05  1.0000  0.000e+00  0.000e+00  0.000e+00  1.541e-06  1.407e-06  1.541e-06  1.407e-06
*** SOLVE trotting (MultiShoot) ***
iter    cost       merit      stop      |grad|      preg       dreg      step   ||ffeas||  ||gfeas||  ||hfeas||   dV-exp       dV      dPhi-exp     dPhi
   0  4.314e+05  1.939e+06  1.064e+00  9.184e+05  1.000e-09  1.000e-09  0.0312  5.033e-01  0.000e+00  0.000e+00  2.825e+04  2.825e+04  1.643e+03 -8.232e+05
   1  3.304e+05  1.580e+06  1.304e+00  8.619e+05  1.000e-09  1.000e-09  0.1250  8.344e-01  0.000e+00  0.000e+00  1.010e+05  1.010e+05  3.904e+04 -3.947e+05
   2  1.765e+04  7.434e+05  1.869e+01  6.599e+05  1.000e-09  1.000e-09  1.0000  9.693e-01  0.000e+00  0.000e+00  3.300e+05  3.127e+05  2.290e+05  2.117e+05
   3  1.758e+03  1.156e+05  9.789e+00  3.446e+04  1.000e-09  1.000e-09  1.0000  3.042e-01  0.000e+00  0.000e+00  1.722e+04  1.589e+04  2.662e+05  2.649e+05
   4  1.945e+03  5.438e+04  6.840e-01  2.662e+03  1.000e-09  1.000e-09  1.0000  2.801e-01  0.000e+00  0.000e+00  1.331e+03 -1.866e+02  5.844e+03  4.326e+03
   5  6.322e+02  1.918e+03  2.395e+00  3.033e+03  1.000e-09  1.000e-09  1.0000  1.374e-02  0.000e+00  0.000e+00  1.516e+03  1.312e+03  2.645e+04  2.624e+04
   6  5.484e+02  1.232e+03  3.729e-01  4.097e+02  1.000e-09  1.000e-09  1.0000  1.461e-02  0.000e+00  0.000e+00  2.049e+02  8.382e+01  1.641e+02  4.307e+01
   7  4.275e+02  7.470e+02  2.823e-01  2.419e+02  1.000e-09  1.000e-09  1.0000  1.366e-02  0.000e+00  0.000e+00  1.209e+02  1.209e+02  1.433e+02  1.433e+02
   8  4.274e+02  5.630e+02  1.159e-02  1.153e-01  1.000e-09  1.000e-09  0.5000  1.159e-02  0.000e+00  0.000e+00  4.271e-02  4.271e-02  1.215e+01  2.425e+01
   9  4.274e+02  4.335e+02  1.047e-03  2.101e-02  1.000e-09  1.000e-09  1.0000  1.047e-03  0.000e+00  0.000e+00  7.657e-03  7.659e-03  6.165e+01  6.165e+01
iter    cost       merit      stop      |grad|      preg       dreg      step   ||ffeas||  ||gfeas||  ||hfeas||   dV-exp       dV      dPhi-exp     dPhi
  10  4.274e+02  4.302e+02  9.576e-04  1.827e-03  1.000e-09  1.000e-09  0.2500  9.576e-04  0.000e+00  0.000e+00  3.782e-04  3.784e-04  6.602e-02  2.629e-01
  11  4.274e+02  4.279e+02  2.997e-04  8.030e-05  1.000e-09  1.000e-09  1.0000  2.997e-04  0.000e+00  0.000e+00 -3.475e-04 -3.471e-04  9.618e-01  9.618e-01
  12  4.274e+02  4.276e+02  2.673e-04  3.976e-04  1.000e-09  1.000e-09  0.2500  2.673e-04  0.000e+00  0.000e+00  8.130e-05  8.135e-05  5.993e-03  2.373e-02
  13  4.274e+02  4.275e+02  1.442e-04  2.984e-05  1.000e-09  1.000e-09  1.0000  1.442e-04  0.000e+00  0.000e+00 -9.365e-05 -9.351e-05  4.491e-02  4.491e-02
  14  4.274e+02  4.274e+02  1.222e-04  1.227e-04  1.000e-09  1.000e-09  0.5000  1.222e-04  0.000e+00  0.000e+00  3.782e-05  3.786e-05  2.050e-03  4.062e-03
  15  4.274e+02  4.274e+02  3.959e-05  5.666e-05  1.000e-08  1.000e-08  1.0000  3.959e-05  0.000e+00  0.000e+00 -6.056e-05 -6.055e-05  7.490e-03  7.490e-03
  16  4.274e+02  4.274e+02  2.591e-05  8.670e-06  1.000e-07  1.000e-07  0.5000  2.591e-05  0.000e+00  0.000e+00  2.717e-06  2.720e-06  3.154e-04  6.280e-04
  17  4.274e+02  4.274e+02  1.112e-05  3.645e-06  1.000e-06  1.000e-06  1.0000  1.112e-05  0.000e+00  0.000e+00 -4.008e-06 -4.007e-06  3.339e-04  3.339e-04
  18  4.274e+02  4.274e+02  1.021e-05  9.036e-07  1.000e-05  1.000e-05  1.0000  1.021e-05  0.000e+00  0.000e+00  2.571e-07  2.582e-07  1.057e-05  1.057e-05
  19  4.274e+02  4.274e+02  9.058e-06  1.741e-06  1.000e-04  1.000e-04  0.2500  9.058e-06  0.000e+00  0.000e+00  3.545e-07  3.546e-07  2.003e-06  6.948e-06
iter    cost       merit      stop      |grad|      preg       dreg      step   ||ffeas||  ||gfeas||  ||hfeas||   dV-exp       dV      dPhi-exp     dPhi
  20  4.274e+02  4.274e+02  2.340e-06  4.574e-07  1.000e-03  1.000e-03  1.0000  2.340e-06  0.000e+00  0.000e+00 -5.983e-07 -5.980e-07  1.859e-05  1.859e-05
  21  4.274e+02  4.274e+02  7.307e-07  2.058e-08  1.000e-02  1.000e-02  1.0000  7.307e-07  0.000e+00  0.000e+00 -7.268e-08 -7.256e-08  2.226e-06  2.226e-06
  22  4.274e+02  4.274e+02  1.125e-08  4.374e-08  1.000e-01  1.000e-01  1.0000  1.125e-08  0.000e+00  0.000e+00 -4.503e-08 -4.503e-08  4.687e-07  4.687e-07
*** SOLVE trotting (HybridShoot: 18) ***
iter    cost       merit      stop      |grad|      preg       dreg      step   ||ffeas||  ||gfeas||  ||hfeas||   dV-exp       dV      dPhi-exp     dPhi
   0  4.562e+05  5.925e+06  1.826e+00  9.184e+05  1.000e-09  1.000e-09  0.0039  1.826e+00  0.000e+00  0.000e+00  3.580e+03  3.388e+03 -1.522e+04 -4.810e+06
   1  4.545e+05  3.184e+06  1.823e+00  9.116e+05  1.000e-09  1.000e-09  0.0020  1.823e+00  0.000e+00  0.000e+00  1.779e+03  1.777e+03  1.789e+03  7.267e+03
   2  4.509e+05  1.810e+06  1.815e+00  9.080e+05  1.000e-09  1.000e-09  0.0039  1.815e+00  0.000e+00  0.000e+00  3.540e+03  3.599e+03  3.562e+03  9.133e+03
   3  4.491e+05  1.127e+06  1.812e+00  9.008e+05  1.000e-09  1.000e-09  0.0020  1.812e+00  0.000e+00  0.000e+00  1.758e+03  1.774e+03  1.760e+03  3.114e+03
   4  4.473e+05  1.087e+06  1.808e+00  8.973e+05  1.000e-09  1.000e-09  0.0020  1.808e+00  0.000e+00  0.000e+00  1.751e+03  1.761e+03  1.753e+03  3.021e+03
   5  4.437e+05  1.080e+06  1.801e+00  8.938e+05  1.000e-09  1.000e-09  0.0039  1.801e+00  0.000e+00  0.000e+00  3.485e+03  3.661e+03  3.494e+03  6.164e+03
   6  4.314e+05  1.611e+06  3.355e+00  8.865e+05  1.000e-09  1.000e-09  0.0156  3.355e+00  0.000e+00  0.000e+00  1.374e+04  1.223e+04  5.205e+03 -5.342e+05
   7  9.450e+04  8.035e+05  4.561e+00  8.620e+05  1.000e-09  1.000e-09  1.0000  3.863e+00  0.000e+00  0.000e+00  4.310e+05  3.369e+05  3.378e+05  2.437e+05
   8  1.897e+03  1.642e+04  4.956e+01  1.881e+05  1.000e-09  1.000e-09  1.0000  1.583e-01  0.000e+00  0.000e+00  9.407e+04  9.261e+04  4.340e+05  4.326e+05
   9  4.665e+03  5.018e+03  3.150e-01  2.941e+03  1.000e-09  1.000e-09  1.0000  7.709e-03  0.000e+00  0.000e+00  1.470e+03 -2.768e+03  8.380e+03  4.143e+03
iter    cost       merit      stop      |grad|      preg       dreg      step   ||ffeas||  ||gfeas||  ||hfeas||   dV-exp       dV      dPhi-exp     dPhi
  10  7.817e+02  7.671e+03  5.412e+00  8.472e+03  1.000e-09  1.000e-09  1.0000  8.777e-03  0.000e+00  0.000e+00  4.236e+03  3.883e+03  3.398e+03  3.045e+03
  11  4.807e+02  1.769e+03  7.343e-01  7.075e+02  1.000e-09  1.000e-09  1.0000  3.282e-03  0.000e+00  0.000e+00  3.537e+02  3.010e+02  2.511e+03  2.458e+03
  12  4.411e+02  7.685e+02  1.197e-01  1.058e+02  1.000e-09  1.000e-09  0.5000  1.669e-03  0.000e+00  0.000e+00  3.968e+01  3.965e+01  1.979e+02  3.561e+02
  13  4.277e+02  5.285e+02  3.120e-02  2.674e+01  1.000e-09  1.000e-09  1.0000  1.028e-03  0.000e+00  0.000e+00  1.337e+01  1.337e+01  7.627e+01  7.626e+01
  14  4.274e+02  4.775e+02  1.022e-03  5.502e-01  1.000e-09  1.000e-09  1.0000  1.022e-03  0.000e+00  0.000e+00  2.768e-01  2.757e-01  5.741e-01  5.731e-01
  15  4.274e+02  4.313e+02  1.580e-04  3.139e-03  1.000e-09  1.000e-09  1.0000  1.580e-04  0.000e+00  0.000e+00  2.095e-03  3.045e-04  2.119e+01  2.119e+01
  16  4.274e+02  4.285e+02  8.846e-05  3.514e-03  1.000e-09  1.000e-09  1.0000  8.846e-05  0.000e+00  0.000e+00  2.169e-03 -1.565e-03  8.555e-01  8.518e-01
  17  4.274e+02  4.279e+02  7.264e-05  6.888e-03  1.000e-09  1.000e-09  0.5000  7.264e-05  0.000e+00  0.000e+00  2.742e-03  4.080e-04  5.122e-02  9.736e-02
  18  4.274e+02  4.275e+02  1.251e-05  4.377e-03  1.000e-09  1.000e-09  1.0000  1.251e-05  0.000e+00  0.000e+00  2.842e-03  2.618e-03  1.872e-01  1.870e-01
  19  4.274e+02  4.274e+02  9.509e-06  3.290e-04  1.000e-09  1.000e-09  0.5000  9.509e-06  0.000e+00  0.000e+00  1.423e-04  1.350e-05  2.445e-03  4.618e-03
iter    cost       merit      stop      |grad|      preg       dreg      step   ||ffeas||  ||gfeas||  ||hfeas||   dV-exp       dV      dPhi-exp     dPhi
  20  4.274e+02  4.274e+02  4.952e-06  2.385e-04  1.000e-08  1.000e-08  1.0000  4.952e-06  0.000e+00  0.000e+00  1.969e-04  1.697e-04  3.690e-03  3.662e-03
  21  4.274e+02  4.274e+02  3.002e-06  3.417e-05  1.000e-07  1.000e-07  1.0000  3.002e-06  0.000e+00  0.000e+00  2.880e-05 -2.727e-05  7.761e-04  7.201e-04
  22  4.274e+02  4.274e+02  1.752e-06  7.182e-05  1.000e-06  1.000e-06  1.0000  1.752e-06  0.000e+00  0.000e+00  5.885e-05 -6.651e-05  2.984e-04  1.731e-04
  23  4.274e+02  4.274e+02  1.578e-06  1.684e-04  1.000e-05  1.000e-05  0.2500  1.578e-06  0.000e+00  0.000e+00  3.980e-05  1.973e-05  4.447e-05  3.841e-05
  24  4.274e+02  4.274e+02  5.177e-07  1.186e-04  1.000e-04  1.000e-04  1.0000  5.177e-07  0.000e+00  0.000e+00  1.019e-04  6.925e-05  1.996e-04  1.670e-04
  25  4.274e+02  4.274e+02  4.273e-07  3.876e-05  1.000e-03  1.000e-03  0.5000  4.273e-07  0.000e+00  0.000e+00  1.813e-05  6.758e-06  2.235e-05  1.518e-05
  26  4.274e+02  4.274e+02  5.646e-08  2.523e-05  1.000e-02  1.000e-02  1.0000  5.185e-08  0.000e+00  0.000e+00  2.419e-05  2.413e-05  5.455e-05  5.449e-05
  27  4.274e+02  4.274e+02  2.319e-09  5.662e-08  1.000e-01  1.000e-01  1.0000  2.319e-09  0.000e+00  0.000e+00  5.654e-08  5.442e-08  2.059e-06  2.057e-06
*** SOLVE trotting (OdynSQP) ***
iter    cost       merit      stop      |grad|      preg       dreg      step   ||ffeas||  ||gfeas||  ||hfeas||   dV-exp       dV      dPhi-exp     dPhi
   0  4.452e+05  1.469e+06  1.031e+00  9.182e+05  1.000e-09  1.000e-09  0.0156  2.206e-01  0.000e+00  0.000e+00  1.423e+04  1.423e+04  8.478e+03 -3.542e+05
   1  4.179e+05  1.263e+06  1.065e+00  8.897e+05  1.000e-09  1.000e-09  0.0312  2.934e-01  0.000e+00  0.000e+00  2.737e+04  2.737e+04  2.082e+04 -1.821e+05
   2  2.353e+05  1.458e+06  1.775e+00  8.350e+05  1.000e-09  1.000e-09  0.2500  6.014e-01  0.000e+00  0.000e+00  1.827e+05  1.826e+05  2.609e+04 -4.437e+05
   3  5.917e+04  3.637e+05  3.970e+00  4.698e+05  1.000e-09  1.000e-09  0.5000  2.996e-01  0.000e+00  0.000e+00  1.762e+05  1.761e+05  3.296e+05  4.829e+05
   4  1.506e+04  9.117e+04  3.907e+00  1.177e+05  1.000e-09  1.000e-09  0.5000  1.497e-01  0.000e+00  0.000e+00  4.412e+04  4.411e+04  8.221e+04  1.203e+05
   5  4.018e+03  2.305e+04  3.663e+00  2.944e+04  1.000e-09  1.000e-09  0.5000  7.487e-02  0.000e+00  0.000e+00  1.104e+04  1.104e+04  2.055e+04  3.006e+04
   6  1.257e+03  6.015e+03  2.926e+00  7.362e+03  1.000e-09  1.000e-09  0.5000  3.744e-02  0.000e+00  0.000e+00  2.761e+03  2.761e+03  5.139e+03  7.517e+03
   7  3.364e+02  3.571e+03  2.728e+00  1.841e+03  1.000e-09  1.000e-09  1.0000  4.891e-03  4.601e-02  0.000e+00  9.206e+02  9.206e+02  6.517e+01  6.521e+01
   8  3.364e+02  3.841e+02  1.499e-03  1.071e-02  1.000e-09  1.000e-09  1.0000  1.334e-03  1.652e-04  0.000e+00  3.001e-03  3.043e-03  1.570e+03  1.570e+03
   9  3.364e+02  3.421e+02  3.566e-04  2.538e-03  1.000e-09  1.000e-09  1.0000  3.319e-04  2.468e-05  0.000e+00  1.466e-03  1.467e-03  1.815e+01  1.815e+01
iter    cost       merit      stop      |grad|      preg       dreg      step   ||ffeas||  ||gfeas||  ||hfeas||   dV-exp       dV      dPhi-exp     dPhi
  10  3.364e+02  3.390e+02  3.264e-04  1.524e-03  1.000e-09  1.000e-09  0.5000  3.032e-04  2.317e-05  0.000e+00  5.657e-04  5.658e-04  1.204e-01  2.403e-01
  11  3.364e+02  3.368e+02  9.284e-05  1.487e-04  1.000e-09  1.000e-09  1.0000  8.955e-05  3.295e-06  0.000e+00 -1.390e-05 -1.362e-05  9.275e-01  9.275e-01
  12  3.364e+02  3.365e+02  5.650e-05  2.328e-04  1.000e-09  1.000e-09  0.5000  5.414e-05  2.363e-06  0.000e+00  8.960e-05  8.963e-05  3.617e-02  7.225e-02
  13  3.364e+02  3.365e+02  2.162e-05  4.464e-05  1.000e-09  1.000e-09  1.0000  2.102e-05  6.042e-07  0.000e+00  1.691e-05  1.694e-05  3.464e-02  3.464e-02
  14  3.364e+02  3.364e+02  1.234e-05  4.075e-05  1.000e-09  1.000e-09  0.5000  1.182e-05  5.171e-07  0.000e+00  1.495e-05  1.495e-05  2.319e-03  4.622e-03
  15  3.364e+02  3.364e+02  2.862e-06  5.844e-06  1.000e-08  1.000e-08  1.0000  2.762e-06  9.970e-08  0.000e+00  8.072e-07  8.132e-07  2.353e-03  2.353e-03
  16  3.364e+02  3.364e+02  2.404e-06  7.092e-06  1.000e-07  1.000e-07  0.5000  2.316e-06  8.801e-08  0.000e+00  2.325e-06  2.327e-06  3.072e-05  5.911e-05
  17  3.364e+02  3.364e+02  7.563e-07  1.042e-06  1.000e-06  1.000e-06  1.0000  7.348e-07  2.150e-08  0.000e+00 -5.805e-08 -5.676e-08  1.022e-04  1.022e-04
  18  3.364e+02  3.364e+02  1.295e-06  1.174e-06  1.000e-05  1.000e-05  1.0000  1.262e-06  3.245e-08  0.000e+00 -7.392e-08 -7.236e-08 -1.678e-05 -1.678e-05
  19  3.364e+02  3.364e+02  1.432e-06  5.012e-06  1.000e-04  1.000e-04  0.5000  1.391e-06  4.121e-08  0.000e+00  1.903e-06  1.903e-06  8.355e-07 -2.307e-07
iter    cost       merit      stop      |grad|      preg       dreg      step   ||ffeas||  ||gfeas||  ||hfeas||   dV-exp       dV      dPhi-exp     dPhi
  20  3.364e+02  3.364e+02  1.408e-07  1.998e-06  1.000e-03  1.000e-03  1.0000  1.362e-07  4.611e-09  0.000e+00 -2.176e-06 -2.176e-06  7.840e-06  7.840e-06
  21  3.364e+02  3.364e+02  3.472e-08  1.140e-06  1.000e-02  1.000e-02  1.0000  2.913e-08  5.584e-09  0.000e+00  1.099e-06  1.099e-06  2.281e-06  2.281e-06
  22  3.364e+02  3.364e+02  1.517e-09  5.103e-07  1.000e-01  1.000e-01  1.0000  2.275e-10  2.998e-11  0.000e+00 -5.117e-07 -5.117e-07 -3.198e-07 -3.197e-07

*** SOLVE pacing (FeasShoot) ***
iter    cost       merit      stop      |grad|      preg       dreg      step   ||ffeas||  ||gfeas||  ||hfeas||   dV-exp       dV      dPhi-exp     dPhi
   0  4.579e+05  1.112e+06  1.586e+00  9.189e+05  1.000e-09  1.000e-09  0.0020  1.586e+00  0.000e+00  0.000e+00  1.793e+03  1.762e+03  1.795e+03  3.042e+03
   1  4.544e+05  1.105e+06  1.580e+00  9.154e+05  1.000e-09  1.000e-09  0.0039  1.580e+00  0.000e+00  0.000e+00  3.569e+03  3.532e+03  3.579e+03  6.083e+03
   2  4.526e+05  1.099e+06  1.577e+00  9.083e+05  1.000e-09  1.000e-09  0.0020  1.577e+00  0.000e+00  0.000e+00  1.772e+03  1.773e+03  1.775e+03  3.039e+03
   3  4.401e+05  1.083e+06  1.571e+00  9.047e+05  1.000e-09  1.000e-09  0.0039  1.571e+00  0.000e+00  0.000e+00  3.527e+03  1.248e+04  3.537e+03  1.501e+04
   4  4.367e+05  1.062e+06  1.565e+00  8.798e+05  1.000e-09  1.000e-09  0.0039  1.565e+00  0.000e+00  0.000e+00  3.430e+03  3.444e+03  3.439e+03  5.895e+03
   5  4.289e+05  1.042e+06  1.540e+00  8.729e+05  1.000e-09  1.000e-09  0.0156  1.540e+00  0.000e+00  0.000e+00  1.353e+04  7.833e+03  1.368e+04  1.756e+04
   6  9.099e+04  9.099e+04  4.703e+00  8.570e+05  1.000e-09  1.000e-09  1.0000  0.000e+00  0.000e+00  0.000e+00  4.280e+05  3.379e+05  1.039e+06  9.492e+05
   7  9.481e+03  9.481e+03  9.492e+00  1.800e+05  1.000e-09  1.000e-09  1.0000  0.000e+00  0.000e+00  0.000e+00  9.000e+04  8.151e+04  9.000e+04  8.151e+04
   8  7.191e+03  7.191e+03  1.199e+00  1.725e+04  1.000e-09  1.000e-09  0.2500  8.132e-20  0.000e+00  0.000e+00  3.773e+03  2.291e+03  3.773e+03  2.291e+03
   9  1.829e+03  1.829e+03  3.467e+00  1.269e+04  1.000e-09  1.000e-09  1.0000  0.000e+00  0.000e+00  0.000e+00  6.345e+03  5.361e+03  6.345e+03  5.361e+03
iter    cost       merit      stop      |grad|      preg       dreg      step   ||ffeas||  ||gfeas||  ||hfeas||   dV-exp       dV      dPhi-exp     dPhi
  10  1.375e+03  1.375e+03  7.467e-01  2.055e+03  1.000e-09  1.000e-09  0.5000  2.168e-19  0.000e+00  0.000e+00  7.706e+02  4.543e+02  7.706e+02  4.543e+02
  11  8.134e+02  8.134e+02  7.026e-01  1.144e+03  1.000e-09  1.000e-09  1.0000  0.000e+00  0.000e+00  0.000e+00  5.722e+02  5.617e+02  5.722e+02  5.617e+02
  12  8.107e+02  8.107e+02  1.427e-02  2.316e+01  1.000e-09  1.000e-09  0.2500  8.132e-20  0.000e+00  0.000e+00  5.067e+00  2.649e+00  5.067e+00  2.649e+00
  13  8.024e+02  8.024e+02  1.120e-02  1.799e+01  1.000e-09  1.000e-09  1.0000  0.000e+00  0.000e+00  0.000e+00  8.994e+00  8.371e+00  8.994e+00  8.371e+00
  14  8.016e+02  8.016e+02  9.139e-04  1.467e+00  1.000e-09  1.000e-09  1.0000  0.000e+00  0.000e+00  0.000e+00  7.335e-01  7.289e-01  7.335e-01  7.289e-01
  15  8.016e+02  8.016e+02  6.003e-06  9.637e-03  1.000e-09  1.000e-09  1.0000  0.000e+00  0.000e+00  0.000e+00  4.818e-03  1.674e-03  4.818e-03  1.674e-03
  16  8.016e+02  8.016e+02  5.954e-06  9.557e-03  1.000e-08  1.000e-08  1.0000  0.000e+00  0.000e+00  0.000e+00  4.779e-03  1.743e-03  4.779e-03  1.743e-03
  17  8.016e+02  8.016e+02  3.414e-06  5.481e-03  1.000e-07  1.000e-07  1.0000  0.000e+00  0.000e+00  0.000e+00  2.740e-03  3.673e-04  2.740e-03  3.673e-04
  18  8.016e+02  8.016e+02  3.035e-06  4.869e-03  1.000e-06  1.000e-06  0.5000  2.168e-19  0.000e+00  0.000e+00  1.826e-03  1.223e-03  1.826e-03  1.223e-03
  19  8.016e+02  8.016e+02  3.287e-08  5.265e-05  1.000e-05  1.000e-05  1.0000  0.000e+00  0.000e+00  0.000e+00  2.639e-05  2.156e-05  2.639e-05  2.156e-05
iter    cost       merit      stop      |grad|      preg       dreg      step   ||ffeas||  ||gfeas||  ||hfeas||   dV-exp       dV      dPhi-exp     dPhi
  20  8.016e+02  8.016e+02  5.924e-09  9.200e-06  1.000e-04  1.000e-04  0.5000  1.084e-19  0.000e+00  0.000e+00  3.489e-06  2.311e-06  3.489e-06  2.311e-06
*** SOLVE pacing (MultiShoot) ***
iter    cost       merit      stop      |grad|      preg       dreg      step   ||ffeas||  ||gfeas||  ||hfeas||   dV-exp       dV      dPhi-exp     dPhi
   0  3.520e+05  1.651e+06  3.150e+00  9.189e+05  1.000e-09  1.000e-09  0.1250  3.150e+00  0.000e+00  0.000e+00  1.077e+05  1.077e+05  2.720e+04 -5.361e+05
   1  6.391e+04  3.162e+05  5.495e+00  7.034e+05  1.000e-09  1.000e-09  1.0000  1.224e+00  0.000e+00  0.000e+00  3.512e+05  2.881e+05  7.485e+05  6.854e+05
   2  8.854e+03  3.841e+04  7.127e+00  1.262e+05  1.000e-09  1.000e-09  1.0000  2.866e-01  0.000e+00  0.000e+00  6.311e+04  5.506e+04  1.597e+05  1.517e+05
   3  9.488e+03  1.686e+04  8.499e-01  1.613e+04  1.000e-09  1.000e-09  0.5000  1.429e-01  0.000e+00  0.000e+00  6.048e+03 -6.343e+02  9.753e+03  6.774e+03
   4  2.088e+03  1.150e+04  4.158e+00  1.737e+04  1.000e-09  1.000e-09  1.0000  1.084e-01  0.000e+00  0.000e+00  8.687e+03  7.400e+03  1.169e+04  1.040e+04
   5  3.168e+03  4.257e+03  4.063e-01  2.575e+03  1.000e-09  1.000e-09  1.0000  2.508e-02  0.000e+00  0.000e+00  1.288e+03 -1.080e+03  4.904e+03  2.536e+03
   6  2.816e+03  3.894e+03  8.401e-01  4.733e+03  1.000e-09  1.000e-09  1.0000  7.999e-03  0.000e+00  0.000e+00  2.367e+03  3.524e+02  4.669e+03  2.655e+03
   7  9.550e+02  4.423e+03  2.107e+00  4.029e+03  1.000e-09  1.000e-09  1.0000  9.642e-03  0.000e+00  0.000e+00  2.014e+03  1.861e+03  1.423e+03  1.270e+03
   8  9.041e+02  2.489e+03  1.696e-01  3.070e+02  1.000e-09  1.000e-09  0.2500  8.813e-03  0.000e+00  0.000e+00  6.715e+01  5.085e+01  1.044e+02  1.999e+02
   9  8.022e+02  9.423e+02  1.276e-01  2.049e+02  1.000e-09  1.000e-09  1.0000  1.557e-03  0.000e+00  0.000e+00  1.025e+02  1.019e+02  7.550e+02  7.544e+02
iter    cost       merit      stop      |grad|      preg       dreg      step   ||ffeas||  ||gfeas||  ||hfeas||   dV-exp       dV      dPhi-exp     dPhi
  10  8.018e+02  8.372e+02  7.877e-04  1.227e+00  1.000e-09  1.000e-09  0.5000  7.877e-04  0.000e+00  0.000e+00  4.601e-01  4.601e-01  1.776e+01  3.506e+01
  11  8.016e+02  8.052e+02  1.912e-04  3.069e-01  1.000e-09  1.000e-09  1.0000  1.599e-04  0.000e+00  0.000e+00  1.535e-01  1.509e-01  1.427e+01  1.427e+01
  12  8.016e+02  8.033e+02  1.456e-04  5.958e-03  1.000e-09  1.000e-09  0.2500  1.456e-04  0.000e+00  0.000e+00  1.306e-03  1.306e-03  4.128e-02  1.612e-01
  13  8.016e+02  8.019e+02  4.806e-05  3.356e-03  1.000e-09  1.000e-09  1.0000  4.806e-05  0.000e+00  0.000e+00  1.707e-03  1.727e-03  5.502e-01  5.502e-01
  14  8.016e+02  8.017e+02  4.335e-05  1.458e-04  1.000e-09  1.000e-09  0.2500  4.335e-05  0.000e+00  0.000e+00  3.201e-05  3.202e-05  3.345e-03  1.328e-02
  15  8.016e+02  8.016e+02  1.558e-05  8.150e-05  1.000e-09  1.000e-09  1.0000  1.558e-05  0.000e+00  0.000e+00  4.217e-05  4.219e-05  3.907e-02  3.907e-02
  16  8.016e+02  8.016e+02  1.416e-05  1.401e-05  1.000e-09  1.000e-09  0.2500  1.416e-05  0.000e+00  0.000e+00  3.158e-06  3.161e-06  2.530e-04  1.002e-03
  17  8.016e+02  8.016e+02  6.560e-06  9.615e-06  1.000e-08  1.000e-08  1.0000  6.560e-06  0.000e+00  0.000e+00  5.943e-06  5.949e-06  2.675e-03  2.675e-03
  18  8.016e+02  8.016e+02  5.415e-06  9.408e-06  1.000e-07  1.000e-07  0.5000  5.415e-06  0.000e+00  0.000e+00  3.864e-06  3.868e-06  1.044e-04  2.050e-04
  19  8.016e+02  8.016e+02  5.314e-06  7.053e-06  1.000e-06  1.000e-06  1.0000  5.314e-06  0.000e+00  0.000e+00  4.415e-06  4.415e-06  1.326e-05  1.326e-05
iter    cost       merit      stop      |grad|      preg       dreg      step   ||ffeas||  ||gfeas||  ||hfeas||   dV-exp       dV      dPhi-exp     dPhi
  20  8.016e+02  8.016e+02  4.897e-06  7.271e-06  1.000e-05  1.000e-05  1.0000  4.897e-06  0.000e+00  0.000e+00  4.842e-06  4.844e-06  2.316e-05  2.316e-05
  21  8.016e+02  8.016e+02  3.525e-06  6.830e-06  1.000e-04  1.000e-04  0.5000  3.525e-06  0.000e+00  0.000e+00  2.848e-06  2.849e-06  1.790e-05  3.296e-05
  22  8.016e+02  8.016e+02  2.366e-06  4.555e-06  1.000e-03  1.000e-03  1.0000  2.366e-06  0.000e+00  0.000e+00  3.410e-06  3.409e-06  1.614e-05  1.614e-05
  23  8.016e+02  8.016e+02  2.619e-07  2.012e-06  1.000e-02  1.000e-02  1.0000  2.619e-07  0.000e+00  0.000e+00  1.848e-06  1.848e-06  1.340e-05  1.340e-05
  24  8.016e+02  8.016e+02  5.416e-09  2.303e-07  1.000e-01  1.000e-01  1.0000  5.416e-09  0.000e+00  0.000e+00  2.259e-07  2.259e-07  9.298e-07  9.298e-07
*** SOLVE pacing (HybridShoot: 20) ***
iter    cost       merit      stop      |grad|      preg       dreg      step   ||ffeas||  ||gfeas||  ||hfeas||   dV-exp       dV      dPhi-exp     dPhi
   0  4.579e+05  1.112e+06  1.586e+00  9.189e+05  1.000e-09  1.000e-09  0.0020  1.586e+00  0.000e+00  0.000e+00  1.793e+03  1.776e+03  1.795e+03  3.049e+03
   1  4.544e+05  1.105e+06  1.580e+00  9.153e+05  1.000e-09  1.000e-09  0.0039  1.580e+00  0.000e+00  0.000e+00  3.569e+03  3.478e+03  3.578e+03  6.011e+03
   2  4.508e+05  7.332e+06  1.678e+01  9.084e+05  1.000e-09  1.000e-09  0.0039  1.678e+01  0.000e+00  0.000e+00  3.541e+03  3.643e+03 -2.081e+04 -6.229e+06
   3  4.472e+05  4.605e+06  2.028e+01  9.011e+05  1.000e-09  1.000e-09  0.0039  2.028e+01  0.000e+00  0.000e+00  3.513e+03  3.607e+03  7.102e+02 -7.139e+05
   4  3.596e+05  2.166e+06  1.762e+01  8.938e+05  1.000e-09  1.000e-09  0.1250  1.762e+01  0.000e+00  0.000e+00  1.047e+05  8.760e+04  1.388e+05  3.602e+05
   5  5.916e+04  3.682e+05  6.062e+00  7.182e+05  1.000e-09  1.000e-09  1.0000  6.028e+00  0.000e+00  0.000e+00  3.586e+05  3.004e+05  9.528e+05  8.946e+05
   6  7.949e+03  1.028e+04  7.334e+00  1.166e+05  1.000e-09  1.000e-09  1.0000  9.104e-02  0.000e+00  0.000e+00  5.831e+04  5.121e+04  2.105e+05  2.034e+05
   7  1.081e+04  1.737e+04  6.615e-01  1.430e+04  1.000e-09  1.000e-09  0.5000  5.844e-02  0.000e+00  0.000e+00  5.363e+03 -2.859e+03  7.192e+03  7.984e+02
   8  3.335e+03  1.929e+04  3.000e+00  2.001e+04  1.000e-09  1.000e-09  0.5000  6.522e-02  0.000e+00  0.000e+00  7.504e+03  7.474e+03  6.675e+03  5.815e+03
   9  1.462e+03  1.198e+04  1.731e+00  5.062e+03  1.000e-09  1.000e-09  0.5000  8.601e-02  0.000e+00  0.000e+00  1.898e+03  1.873e+03  6.273e+02 -6.692e+02
iter    cost       merit      stop      |grad|      preg       dreg      step   ||ffeas||  ||gfeas||  ||hfeas||   dV-exp       dV      dPhi-exp     dPhi
  10  1.174e+03  5.089e+03  5.600e-01  1.316e+03  1.000e-09  1.000e-09  0.2500  6.402e-02  0.000e+00  0.000e+00  2.880e+02  2.873e+02  6.241e+02  1.632e+03
  11  1.152e+03  3.087e+03  3.218e-01  7.418e+02  1.000e-09  1.000e-09  0.0312  6.330e-02  0.000e+00  0.000e+00  2.282e+01  2.282e+01  2.351e+01  4.482e+01
  12  9.993e+02  2.408e+03  3.480e-01  6.962e+02  1.000e-09  1.000e-09  0.2500  9.217e-02  0.000e+00  0.000e+00  1.523e+02  1.523e+02  4.199e+01 -2.889e+02
  13  8.456e+02  1.715e+03  2.313e-01  3.916e+02  1.000e-09  1.000e-09  1.0000  1.137e-01  0.000e+00  0.000e+00  1.958e+02  1.536e+02  3.122e+01 -1.096e+01
  14  8.193e+02  8.544e+02  5.305e-02  8.698e+01  1.000e-09  1.000e-09  1.0000  9.191e-03  0.000e+00  0.000e+00  4.352e+01  2.630e+01  4.429e+02  4.257e+02
  15  8.018e+02  8.045e+02  2.190e-02  3.516e+01  1.000e-09  1.000e-09  1.0000  9.868e-04  0.000e+00  0.000e+00  1.758e+01  1.755e+01  4.000e+01  3.997e+01
  16  8.016e+02  8.029e+02  9.076e-04  2.713e-01  1.000e-09  1.000e-09  1.0000  9.076e-04  0.000e+00  0.000e+00  1.370e-01  1.264e-01  2.453e-01  2.348e-01
  17  8.016e+02  8.020e+02  5.667e-04  2.088e-02  1.000e-09  1.000e-09  1.0000  5.667e-04  0.000e+00  0.000e+00  9.974e-03  4.450e-03  2.428e-01  2.373e-01
  18  8.016e+02  8.018e+02  4.296e-04  1.058e-02  1.000e-09  1.000e-09  0.5000  4.296e-04  0.000e+00  0.000e+00  3.951e-03  2.696e-03  2.738e-02  4.955e-02
  19  8.016e+02  8.016e+02  2.645e-06  1.146e-04  1.000e-09  1.000e-09  1.0000  2.645e-06  0.000e+00  0.000e+00  7.049e-06 -1.932e-05  7.292e-02  7.289e-02
iter    cost       merit      stop      |grad|      preg       dreg      step   ||ffeas||  ||gfeas||  ||hfeas||   dV-exp       dV      dPhi-exp     dPhi
  20  8.016e+02  8.016e+02  2.451e-06  6.520e-05  1.000e-09  1.000e-09  1.0000  2.451e-06  0.000e+00  0.000e+00  3.298e-05  1.407e-05  4.954e-05  3.063e-05
  21  8.016e+02  8.016e+02  2.928e-06  5.669e-05  1.000e-08  1.000e-08  1.0000  2.928e-06  0.000e+00  0.000e+00  2.657e-05  3.467e-06  6.235e-06 -1.687e-05
  22  8.016e+02  8.016e+02  3.884e-06  6.378e-05  1.000e-07  1.000e-07  1.0000  3.884e-06  0.000e+00  0.000e+00  3.135e-05  3.268e-06  1.093e-05 -1.715e-05
  23  8.016e+02  8.016e+02  3.304e-06  7.654e-05  1.000e-06  1.000e-06  0.5000  3.304e-06  0.000e+00  0.000e+00  2.840e-05  1.946e-05  3.235e-05  2.736e-05
  24  8.016e+02  8.016e+02  6.415e-07  3.194e-06  1.000e-05  1.000e-05  1.0000  6.415e-07  0.000e+00  0.000e+00  6.160e-07  1.842e-06  1.876e-05  1.999e-05
  25  8.016e+02  8.016e+02  5.198e-07  5.565e-06  1.000e-04  1.000e-04  1.0000  5.198e-07  0.000e+00  0.000e+00  3.303e-06  4.293e-06  4.198e-06  5.188e-06
  26  8.016e+02  8.016e+02  3.488e-07  4.344e-06  1.000e-03  1.000e-03  1.0000  3.488e-07  0.000e+00  0.000e+00  2.960e-06  3.054e-06  4.351e-06  4.445e-06
  27  8.016e+02  8.016e+02  4.095e-08  1.770e-06  1.000e-02  1.000e-02  1.0000  4.095e-08  0.000e+00  0.000e+00  1.607e-06  1.565e-06  3.633e-06  3.591e-06
  28  8.016e+02  8.016e+02  8.701e-10  2.515e-07  1.000e-01  1.000e-01  1.0000  8.701e-10  0.000e+00  0.000e+00  2.466e-07  2.452e-07  5.914e-07  5.899e-07
*** SOLVE pacing (OdynSQP) ***
iter    cost       merit      stop      |grad|      preg       dreg      step   ||ffeas||  ||gfeas||  ||hfeas||   dV-exp       dV      dPhi-exp     dPhi
   0  4.039e+05  1.314e+06  2.202e+00  9.184e+05  1.000e-09  1.000e-09  0.0625  2.202e+00  0.000e+00  0.000e+00  5.560e+04  5.560e+04  3.970e+04 -1.989e+05
   1  1.015e+05  3.891e+05  3.971e+00  8.072e+05  1.000e-09  1.000e-09  0.5000  1.100e+00  0.000e+00  0.000e+00  3.025e+05  3.024e+05  4.466e+05  5.905e+05
   2  2.581e+04  9.937e+04  3.901e+00  2.019e+05  1.000e-09  1.000e-09  0.5000  5.627e-01  0.000e+00  0.000e+00  7.564e+04  7.569e+04  1.108e+05  1.460e+05
   3  6.988e+03  2.562e+04  3.576e+00  5.024e+04  1.000e-09  1.000e-09  0.5000  2.851e-01  0.000e+00  0.000e+00  1.881e+04  1.882e+04  2.788e+04  3.697e+04
   4  8.144e+02  1.241e+04  7.571e+00  1.248e+04  1.000e-09  1.000e-09  1.0000  2.971e-02  3.251e-01  0.000e+00  6.173e+03  6.174e+03  3.896e+03  3.896e+03
   5  8.135e+02  4.041e+03  1.975e-01  1.271e+00  1.000e-09  1.000e-09  1.0000  9.531e-03  1.880e-01  0.000e+00  9.426e-01  9.439e-01  2.571e+03  2.571e+03
   6  8.134e+02  8.982e+02  1.038e-02  1.072e-02  1.000e-09  1.000e-09  1.0000  2.533e-03  7.843e-03  0.000e+00  7.293e-03  7.289e-03  1.529e+03  1.529e+03
   7  8.134e+02  8.271e+02  3.341e-03  2.809e-03  1.000e-09  1.000e-09  1.0000  3.198e-03  1.434e-04  0.000e+00  1.340e-03  1.340e-03  2.874e+01  2.874e+01
   8  8.134e+02  8.162e+02  1.369e-03  9.259e-04  1.000e-09  1.000e-09  1.0000  1.359e-03  9.440e-06  0.000e+00  2.488e-04  2.486e-04  4.029e+00  4.029e+00
   9  8.134e+02  8.147e+02  1.259e-03  6.699e-04  1.000e-09  1.000e-09  1.0000  1.256e-03  3.174e-06  0.000e+00 -7.257e-06 -7.557e-06  1.119e-01  1.119e-01
iter    cost       merit      stop      |grad|      preg       dreg      step   ||ffeas||  ||gfeas||  ||hfeas||   dV-exp       dV      dPhi-exp     dPhi
  10  8.134e+02  8.139e+02  9.755e-04  7.701e-04  1.000e-09  1.000e-09  0.5000  9.718e-04  3.667e-06  0.000e+00  2.035e-04  2.035e-04  7.266e-02  1.451e-01
  11  8.134e+02  8.135e+02  1.395e-04  5.203e-04  1.000e-09  1.000e-09  1.0000  1.385e-04  1.016e-06  0.000e+00 -5.269e-04 -5.269e-04  2.129e-01  2.129e-01
  12  8.134e+02  8.135e+02  3.966e-04  2.239e-05  1.000e-09  1.000e-09  1.0000  3.937e-04  2.879e-06  0.000e+00 -4.012e-05 -4.012e-05 -3.286e-02 -3.286e-02
  13  8.134e+02  8.135e+02  3.744e-04  2.090e-04  1.000e-08  1.000e-08  0.2500  3.717e-04  2.720e-06  0.000e+00  4.911e-05  4.911e-05  4.025e-04  1.462e-03
  14  8.134e+02  8.134e+02  1.172e-04  4.516e-05  1.000e-07  1.000e-07  1.0000  1.163e-04  8.526e-07  0.000e+00 -5.024e-05 -5.024e-05  8.161e-03  8.161e-03
  15  8.134e+02  8.134e+02  3.338e-04  1.122e-05  1.000e-06  1.000e-06  1.0000  3.314e-04  2.428e-06  0.000e+00 -2.909e-06 -2.909e-06 -3.460e-03 -3.460e-03
  16  8.134e+02  8.134e+02  3.147e-04  1.905e-04  1.000e-05  1.000e-05  0.2500  3.124e-04  2.290e-06  0.000e+00  4.506e-05  4.506e-05  8.316e-05  1.975e-04
  17  8.134e+02  8.134e+02  9.414e-05  3.578e-05  1.000e-04  1.000e-04  1.0000  9.346e-05  6.852e-07  0.000e+00 -3.966e-05 -3.966e-05  8.402e-04  8.402e-04
  18  8.134e+02  8.134e+02  8.601e-05  1.047e-05  1.000e-03  1.000e-03  0.5000  8.538e-05  6.255e-07  0.000e+00  3.546e-06  3.546e-06  1.166e-05  1.978e-05
  19  8.134e+02  8.134e+02  2.050e-07  5.031e-05  1.000e-02  1.000e-02  1.0000  2.035e-07  1.502e-09  0.000e+00  5.029e-05  5.029e-05  1.359e-04  1.359e-04
iter    cost       merit      stop      |grad|      preg       dreg      step   ||ffeas||  ||gfeas||  ||hfeas||   dV-exp       dV      dPhi-exp     dPhi
  20  8.134e+02  8.134e+02  2.327e-08  1.895e-05  1.000e-01  1.000e-01  1.0000  2.806e-10  1.850e-12  0.000e+00 -1.895e-05 -1.895e-05 -1.885e-05 -1.885e-05
  21  8.134e+02  8.134e+02  7.833e-10  6.379e-07  1.000e+00  1.000e+00  1.0000  1.698e-12  7.747e-14  0.000e+00 -6.379e-07 -6.379e-07 -6.378e-07 -6.378e-07

*** SOLVE bounding (FeasShoot) ***
iter    cost       merit      stop      |grad|      preg       dreg      step   ||ffeas||  ||gfeas||  ||hfeas||   dV-exp       dV      dPhi-exp     dPhi
   0  4.573e+05  1.110e+06  1.180e+00  9.205e+05  1.000e-09  1.000e-09  0.0039  1.180e+00  0.000e+00  0.000e+00  3.589e+03  3.485e+03  3.599e+03  6.046e+03
   1  4.555e+05  1.105e+06  1.177e+00  9.135e+05  1.000e-09  1.000e-09  0.0020  1.177e+00  0.000e+00  0.000e+00  1.782e+03  1.780e+03  1.785e+03  3.051e+03
   2  4.519e+05  1.097e+06  1.173e+00  9.099e+05  1.000e-09  1.000e-09  0.0039  1.173e+00  0.000e+00  0.000e+00  3.547e+03  3.547e+03  3.557e+03  6.078e+03
   3  4.470e+05  1.087e+06  1.168e+00  9.028e+05  1.000e-09  1.000e-09  0.0039  1.168e+00  0.000e+00  0.000e+00  3.520e+03  4.914e+03  3.530e+03  7.425e+03
   4  4.435e+05  1.077e+06  1.164e+00  8.930e+05  1.000e-09  1.000e-09  0.0039  1.164e+00  0.000e+00  0.000e+00  3.481e+03  3.480e+03  3.491e+03  5.964e+03
   5  4.403e+05  1.061e+06  1.146e+00  8.860e+05  1.000e-09  1.000e-09  0.0156  1.146e+00  0.000e+00  0.000e+00  1.374e+04  3.283e+03  1.389e+04  1.314e+04
   6  2.133e+05  2.133e+05  2.055e+00  8.794e+05  1.000e-09  1.000e-09  1.0000  0.000e+00  0.000e+00  0.000e+00  4.384e+05  2.269e+05  1.065e+06  8.532e+05
   7  8.092e+04  8.092e+04  2.610e+00  4.225e+05  1.000e-09  1.000e-09  1.0000  0.000e+00  0.000e+00  0.000e+00  2.112e+05  1.324e+05  2.112e+05  1.324e+05
   8  6.500e+04  6.500e+04  1.214e+00  1.578e+05  1.000e-09  1.000e-09  0.5000  0.000e+00  0.000e+00  0.000e+00  5.918e+04  1.592e+04  5.918e+04  1.592e+04
   9  1.337e+04  1.337e+04  4.706e+00  1.259e+05  1.000e-09  1.000e-09  1.0000  0.000e+00  0.000e+00  0.000e+00  6.293e+04  5.163e+04  6.293e+04  5.163e+04
iter    cost       merit      stop      |grad|      preg       dreg      step   ||ffeas||  ||gfeas||  ||hfeas||   dV-exp       dV      dPhi-exp     dPhi
  10  1.049e+04  1.049e+04  1.078e+00  2.263e+04  1.000e-09  1.000e-09  0.2500  4.064e-20  0.000e+00  0.000e+00  4.950e+03  2.877e+03  4.950e+03  2.877e+03
  11  2.499e+03  2.499e+03  3.370e+00  1.685e+04  1.000e-09  1.000e-09  1.0000  0.000e+00  0.000e+00  0.000e+00  8.425e+03  7.995e+03  8.425e+03  7.995e+03
  12  2.476e+03  2.476e+03  1.751e-01  8.674e+02  1.000e-09  1.000e-09  0.0625  4.066e-19  0.000e+00  0.000e+00  5.252e+01  2.300e+01  5.252e+01  2.300e+01
  13  2.072e+03  2.072e+03  1.966e-01  8.154e+02  1.000e-09  1.000e-09  1.0000  0.000e+00  0.000e+00  0.000e+00  4.077e+02  4.032e+02  4.077e+02  4.032e+02
  14  2.072e+03  2.072e+03  2.366e-03  9.811e+00  1.000e-09  1.000e-09  0.1250  3.795e-19  0.000e+00  0.000e+00  1.150e+00  4.479e-01  1.150e+00  4.479e-01
  15  2.068e+03  2.068e+03  2.063e-03  8.538e+00  1.000e-09  1.000e-09  1.0000  0.000e+00  0.000e+00  0.000e+00  4.269e+00  3.822e+00  4.269e+00  3.822e+00
  16  2.068e+03  2.068e+03  2.327e-04  9.627e-01  1.000e-09  1.000e-09  1.0000  0.000e+00  0.000e+00  0.000e+00  4.813e-01  4.805e-01  4.813e-01  4.805e-01
  17  2.068e+03  2.068e+03  1.569e-06  6.493e-03  1.000e-09  1.000e-09  0.2500  0.000e+00  0.000e+00  0.000e+00  1.420e-03  7.959e-04  1.420e-03  7.959e-04
  18  2.068e+03  2.068e+03  6.804e-08  2.815e-04  1.000e-08  1.000e-08  1.0000  0.000e+00  0.000e+00  0.000e+00  1.408e-04  1.237e-04  1.408e-04  1.237e-04
  19  2.068e+03  2.068e+03  2.928e-08  1.211e-04  1.000e-07  1.000e-07  0.2500  6.505e-19  0.000e+00  0.000e+00  2.649e-05  1.579e-05  2.649e-05  1.579e-05
iter    cost       merit      stop      |grad|      preg       dreg      step   ||ffeas||  ||gfeas||  ||hfeas||   dV-exp       dV      dPhi-exp     dPhi
  20  2.068e+03  2.068e+03  5.419e-10  2.241e-06  1.000e-06  1.000e-06  1.0000  0.000e+00  0.000e+00  0.000e+00  1.121e-06  9.968e-07  1.121e-06  9.968e-07
*** SOLVE bounding (MultiShoot) ***
iter    cost       merit      stop      |grad|      preg       dreg      step   ||ffeas||  ||gfeas||  ||hfeas||   dV-exp       dV      dPhi-exp     dPhi
   0  3.536e+05  1.824e+06  2.657e+00  9.205e+05  1.000e-09  1.000e-09  0.1250  2.657e+00  0.000e+00  0.000e+00  1.078e+05  1.072e+05  5.961e+03 -7.079e+05
   1  2.039e+05  9.426e+05  2.669e+00  7.057e+05  1.000e-09  1.000e-09  0.2500  2.669e+00  0.000e+00  0.000e+00  1.543e+05  1.496e+05  1.535e+05  1.463e+05
   2  4.510e+04  1.347e+05  4.477e+00  4.058e+05  1.000e-09  1.000e-09  1.0000  6.477e-01  0.000e+00  0.000e+00  2.019e+05  1.588e+05  4.816e+05  4.385e+05
   3  5.168e+04  7.446e+04  8.329e-01  8.614e+04  1.000e-09  1.000e-09  1.0000  2.400e-01  0.000e+00  0.000e+00  4.305e+04 -6.582e+03  8.176e+04  3.213e+04
   4  1.148e+04  3.683e+04  4.323e+00  9.924e+04  1.000e-09  1.000e-09  1.0000  8.580e-02  0.000e+00  0.000e+00  4.962e+04  4.020e+04  9.516e+04  8.574e+04
   5  1.274e+04  2.286e+04  7.404e-01  1.887e+04  1.000e-09  1.000e-09  0.2500  6.441e-02  0.000e+00  0.000e+00  4.127e+03 -1.261e+03  4.967e+03  2.098e+03
   6  6.087e+03  1.367e+04  1.753e+00  2.135e+04  1.000e-09  1.000e-09  0.5000  3.202e-02  0.000e+00  0.000e+00  8.006e+03  6.653e+03  1.184e+04  1.432e+04
   7  5.145e+03  1.017e+04  7.811e-01  8.039e+03  1.000e-09  1.000e-09  0.1250  2.803e-02  0.000e+00  0.000e+00  9.421e+02  9.425e+02  1.031e+03  1.657e+03
   8  3.799e+03  1.158e+04  8.096e-01  6.154e+03  1.000e-09  1.000e-09  0.2500  4.959e-02  0.000e+00  0.000e+00  1.346e+03  1.345e+03  5.011e+02 -2.035e+03
   9  2.503e+03  4.006e+03  6.915e-01  3.464e+03  1.000e-09  1.000e-09  0.5000  1.917e-02  0.000e+00  0.000e+00  1.299e+03  1.296e+03  2.491e+03  3.681e+03
iter    cost       merit      stop      |grad|      preg       dreg      step   ||ffeas||  ||gfeas||  ||hfeas||   dV-exp       dV      dPhi-exp     dPhi
  10  2.079e+03  2.997e+03  2.095e-01  8.712e+02  1.000e-09  1.000e-09  1.0000  2.341e-02  0.000e+00  0.000e+00  4.356e+02  4.246e+02  2.693e+02  2.583e+02
  11  2.070e+03  2.095e+03  5.328e-03  2.207e+01  1.000e-09  1.000e-09  1.0000  1.270e-03  0.000e+00  0.000e+00  1.103e+01  8.624e+00  4.451e+02  4.427e+02
  12  2.070e+03  2.078e+03  1.190e-03  4.930e+00  1.000e-09  1.000e-09  0.5000  7.653e-04  0.000e+00  0.000e+00  1.849e+00  8.491e-02  4.322e+00  5.031e+00
  13  2.068e+03  2.074e+03  1.144e-03  4.734e+00  1.000e-09  1.000e-09  1.0000  1.108e-03  0.000e+00  0.000e+00  2.366e+00  1.947e+00  6.868e-01  2.672e-01
  14  2.068e+03  2.071e+03  1.161e-03  8.792e-01  1.000e-09  1.000e-09  0.1250  1.161e-03  0.000e+00  0.000e+00  1.030e-01  2.005e-02  8.674e-02 -1.101e-01
  15  2.068e+03  2.069e+03  1.080e-03  8.015e-01  1.000e-09  1.000e-09  0.5000  1.080e-03  0.000e+00  0.000e+00  3.002e-01  3.003e-01  3.499e-01  3.995e-01
  16  2.068e+03  2.068e+03  8.733e-04  2.001e-01  1.000e-09  1.000e-09  0.5000  8.733e-04  0.000e+00  0.000e+00  7.477e-02  7.479e-02  1.381e-01  2.015e-01
  17  2.068e+03  2.068e+03  7.221e-04  4.977e-02  1.000e-09  1.000e-09  0.5000  7.221e-04  0.000e+00  0.000e+00  1.844e-02  1.844e-02  4.160e-02  6.476e-02
  18  2.068e+03  2.068e+03  5.652e-04  1.228e-02  1.000e-09  1.000e-09  0.5000  5.652e-04  0.000e+00  0.000e+00  4.425e-03  4.430e-03  1.644e-02  2.845e-02
  19  2.068e+03  2.068e+03  4.591e-04  2.933e-03  1.000e-09  1.000e-09  0.5000  4.591e-04  0.000e+00  0.000e+00  9.608e-04  9.632e-04  5.020e-03  9.081e-03
iter    cost       merit      stop      |grad|      preg       dreg      step   ||ffeas||  ||gfeas||  ||hfeas||   dV-exp       dV      dPhi-exp     dPhi
  20  2.068e+03  2.068e+03  5.652e-04  6.403e-04  1.000e-08  1.000e-08  1.0000  5.652e-04  0.000e+00  0.000e+00 -1.250e-04 -1.159e-04 -4.184e-03 -4.175e-03
  21  2.068e+03  2.068e+03  7.953e-04  5.806e-03  1.000e-07  1.000e-07  0.2500  7.953e-04  0.000e+00  0.000e+00  1.236e-03  1.241e-03  1.346e-04 -3.165e-03
  22  2.068e+03  2.068e+03  1.263e-05  1.507e-03  1.000e-06  1.000e-06  1.0000  1.263e-05  0.000e+00  0.000e+00 -1.515e-03 -1.515e-03  5.976e-03  5.976e-03
  23  2.068e+03  2.068e+03  1.613e-05  1.146e-04  1.000e-05  1.000e-05  0.2500  1.613e-05  0.000e+00  0.000e+00  2.433e-05  2.443e-05  1.983e-05  6.406e-06
  24  2.068e+03  2.068e+03  7.299e-08  3.073e-05  1.000e-04  1.000e-04  1.0000  7.299e-08  0.000e+00  0.000e+00 -3.078e-05 -3.078e-05  1.059e-05  1.059e-05
  25  2.068e+03  2.068e+03  1.032e-07  3.785e-07  1.000e-03  1.000e-03  0.5000  1.032e-07  0.000e+00  0.000e+00  1.426e-07  1.439e-07  8.586e-08  3.034e-08
  26  2.068e+03  2.068e+03  5.047e-09  1.684e-07  1.000e-02  1.000e-02  1.0000  5.047e-09  0.000e+00  0.000e+00 -1.760e-07 -1.759e-07  8.474e-09  8.532e-09
*** SOLVE bounding (HybridShoot: 20) ***
iter    cost       merit      stop      |grad|      preg       dreg      step   ||ffeas||  ||gfeas||  ||hfeas||   dV-exp       dV      dPhi-exp     dPhi
   0  4.572e+05  1.110e+06  1.180e+00  9.205e+05  1.000e-09  1.000e-09  0.0039  1.180e+00  0.000e+00  0.000e+00  3.589e+03  3.576e+03  3.599e+03  6.136e+03
   1  4.554e+05  1.105e+06  1.177e+00  9.133e+05  1.000e-09  1.000e-09  0.0020  1.177e+00  0.000e+00  0.000e+00  1.782e+03  1.779e+03  1.785e+03  3.049e+03
   2  4.519e+05  1.097e+06  1.173e+00  9.098e+05  1.000e-09  1.000e-09  0.0039  1.173e+00  0.000e+00  0.000e+00  3.547e+03  3.540e+03  3.557e+03  6.071e+03
   3  4.483e+05  1.089e+06  1.169e+00  9.027e+05  1.000e-09  1.000e-09  0.0039  1.169e+00  0.000e+00  0.000e+00  3.519e+03  3.524e+03  3.527e+03  5.633e+03
   4  4.448e+05  1.080e+06  1.165e+00  8.956e+05  1.000e-09  1.000e-09  0.0039  1.165e+00  0.000e+00  0.000e+00  3.492e+03  3.502e+03  3.501e+03  5.966e+03
   5  4.379e+05  1.066e+06  1.155e+00  8.886e+05  1.000e-09  1.000e-09  0.0078  1.155e+00  0.000e+00  0.000e+00  6.915e+03  6.967e+03  6.954e+03  1.190e+04
   6  4.290e+05  1.042e+06  1.137e+00  8.746e+05  1.000e-09  1.000e-09  0.0156  1.137e+00  0.000e+00  0.000e+00  1.356e+04  8.862e+03  1.371e+04  1.872e+04
   7  1.516e+05  7.401e+05  2.817e+00  8.569e+05  1.000e-09  1.000e-09  0.5000  1.097e+00  0.000e+00  0.000e+00  3.210e+05  2.774e+05  3.318e+05  2.991e+05
   8  1.358e+05  2.679e+05  1.101e+00  3.007e+05  1.000e-09  1.000e-09  1.0000  4.924e-01  0.000e+00  0.000e+00  1.496e+05  1.579e+04  3.117e+05  1.779e+05
   9  1.068e+04  2.916e+04  1.253e+01  2.675e+05  1.000e-09  1.000e-09  1.0000  4.763e-02  0.000e+00  0.000e+00  1.338e+05  1.251e+05  3.063e+05  2.977e+05
iter    cost       merit      stop      |grad|      preg       dreg      step   ||ffeas||  ||gfeas||  ||hfeas||   dV-exp       dV      dPhi-exp     dPhi
  10  1.019e+04  1.164e+04  8.454e-01  1.723e+04  1.000e-09  1.000e-09  1.0000  5.631e-03  0.000e+00  0.000e+00  8.613e+03  4.876e+02  1.946e+04  1.134e+04
  11  7.093e+03  1.563e+04  1.145e+00  1.625e+04  1.000e-09  1.000e-09  0.5000  4.143e-03  0.000e+00  0.000e+00  6.094e+03  3.095e+03  7.627e+03  6.161e+03
  12  2.176e+03  4.737e+03  2.308e+00  1.005e+04  1.000e-09  1.000e-09  1.0000  1.478e-03  0.000e+00  0.000e+00  5.025e+03  4.916e+03  9.643e+03  9.534e+03
  13  2.113e+03  2.935e+03  5.126e-02  2.168e+02  1.000e-09  1.000e-09  1.0000  9.489e-04  0.000e+00  0.000e+00  1.083e+02  6.362e+01  5.665e+02  5.218e+02
  14  2.074e+03  2.424e+03  2.160e-02  8.963e+01  1.000e-09  1.000e-09  1.0000  8.090e-04  0.000e+00  0.000e+00  4.481e+01  3.904e+01  1.054e+02  9.964e+01
  15  2.070e+03  2.182e+03  2.853e-03  1.184e+01  1.000e-09  1.000e-09  0.5000  5.205e-04  0.000e+00  0.000e+00  4.436e+00  3.966e+00  3.568e+01  6.645e+01
  16  2.068e+03  2.092e+03  9.370e-04  3.890e+00  1.000e-09  1.000e-09  1.0000  2.199e-04  0.000e+00  0.000e+00  1.939e+00  1.460e+00  3.450e+01  3.402e+01
  17  2.068e+03  2.080e+03  2.337e-04  9.672e-01  1.000e-09  1.000e-09  0.5000  2.255e-04  0.000e+00  0.000e+00  3.627e-01  2.102e-01  2.107e-01 -9.384e-02
  18  2.068e+03  2.072e+03  1.570e-04  5.412e-01  1.000e-09  1.000e-09  1.0000  1.570e-04  0.000e+00  0.000e+00  2.701e-01  2.677e-01  2.123e+00  2.121e+00
  19  2.068e+03  2.070e+03  1.371e-04  1.217e-02  1.000e-09  1.000e-09  0.2500  1.371e-04  0.000e+00  0.000e+00  2.613e-03  2.288e-03  7.015e-02  2.724e-01
iter    cost       merit      stop      |grad|      preg       dreg      step   ||ffeas||  ||gfeas||  ||hfeas||   dV-exp       dV      dPhi-exp     dPhi
  20  2.068e+03  2.068e+03  1.143e-04  9.715e-04  1.000e-09  1.000e-09  1.0000  1.143e-04  0.000e+00  0.000e+00 -1.980e-04 -2.243e-03  1.543e-01  1.522e-01
  21  2.068e+03  2.068e+03  1.164e-04  1.790e-02  1.000e-09  1.000e-09  0.1250  1.164e-04  0.000e+00  0.000e+00  2.090e-03  1.805e-03  1.189e-03 -5.400e-03
  22  2.068e+03  2.068e+03  1.036e-04  3.434e-03  1.000e-09  1.000e-09  0.2500  1.036e-04  0.000e+00  0.000e+00  7.172e-04  4.061e-04  6.136e-03  2.208e-02
  23  2.068e+03  2.068e+03  4.802e-07  9.168e-04  1.000e-09  1.000e-09  1.0000  4.802e-07  0.000e+00  0.000e+00 -9.356e-04 -9.437e-04  8.628e-02  8.627e-02
  24  2.068e+03  2.068e+03  5.761e-07  5.845e-05  1.000e-09  1.000e-09  0.2500  5.761e-07  0.000e+00  0.000e+00  1.271e-05  8.762e-06  2.572e-06 -3.178e-05
  25  2.068e+03  2.068e+03  1.005e-08  3.327e-06  1.000e-08  1.000e-08  1.0000  1.005e-08  0.000e+00  0.000e+00 -3.406e-06 -3.444e-06  1.163e-04  1.163e-04
*** SOLVE bounding (OdynSQP) ***
iter    cost       merit      stop      |grad|      preg       dreg      step   ||ffeas||  ||gfeas||  ||hfeas||   dV-exp       dV      dPhi-exp     dPhi
   0  3.524e+05  1.827e+06  1.862e+00  9.186e+05  1.000e-09  1.000e-09  0.1250  1.862e+00  0.000e+00  0.000e+00  1.076e+05  1.076e+05  5.020e+03 -7.133e+05
   1  1.988e+05  7.578e+05  1.762e+00  7.032e+05  1.000e-09  1.000e-09  0.2500  1.411e+00  0.000e+00  0.000e+00  1.537e+05  1.536e+05  1.984e+05  3.321e+05
   2  5.098e+04  1.998e+05  3.859e+00  3.955e+05  1.000e-09  1.000e-09  0.5000  7.471e-01  0.000e+00  0.000e+00  1.481e+05  1.478e+05  2.142e+05  2.801e+05
   3  1.407e+04  5.194e+04  3.475e+00  9.883e+04  1.000e-09  1.000e-09  0.5000  3.803e-01  0.000e+00  0.000e+00  3.693e+04  3.692e+04  5.519e+04  7.344e+04
   4  4.957e+03  2.129e+04  2.413e+00  2.447e+04  1.000e-09  1.000e-09  0.5000  3.279e-01  0.000e+00  0.000e+00  9.108e+03  9.108e+03  1.041e+04  1.172e+04
   5  2.747e+03  6.819e+03  1.038e+00  5.984e+03  1.000e-09  1.000e-09  0.5000  1.635e-01  0.000e+00  0.000e+00  2.210e+03  2.210e+03  4.256e+03  6.303e+03
   6  2.103e+03  4.141e+03  3.064e-01  1.428e+03  1.000e-09  1.000e-09  1.0000  2.511e-02  1.386e-01  0.000e+00  6.446e+02  6.447e+02  6.423e+02  6.424e+02
   7  2.103e+03  2.615e+03  8.227e-02  3.922e-01  1.000e-09  1.000e-09  0.5000  1.252e-02  6.975e-02  0.000e+00  1.734e-01  1.734e-01  2.537e+02  5.071e+02
   8  2.102e+03  2.231e+03  4.128e-02  1.597e-01  1.000e-09  1.000e-09  0.5000  6.245e-03  3.503e-02  0.000e+00  7.341e-02  7.342e-02  6.386e+01  1.276e+02
   9  2.102e+03  2.141e+03  2.479e-02  6.917e-02  1.000e-09  1.000e-09  1.0000  3.278e-04  2.446e-02  0.000e+00  6.176e-02  6.179e-02  2.572e+01  2.572e+01
iter    cost       merit      stop      |grad|      preg       dreg      step   ||ffeas||  ||gfeas||  ||hfeas||   dV-exp       dV      dPhi-exp     dPhi
  10  2.102e+03  2.103e+03  4.651e-04  9.438e-04  1.000e-09  1.000e-09  1.0000  2.758e-04  1.893e-04  0.000e+00  7.898e-04  7.902e-04  1.892e+01  1.892e+01
  11  2.102e+03  2.103e+03  4.181e-04  1.066e-04  1.000e-09  1.000e-09  0.2500  2.722e-04  1.459e-04  0.000e+00  2.308e-05  2.307e-05  4.600e-03  1.833e-02
  12  2.102e+03  2.102e+03  9.646e-05  1.461e-06  1.000e-09  1.000e-09  1.0000  6.877e-05  2.770e-05  0.000e+00 -7.403e-06 -7.425e-06  6.255e-02  6.255e-02
  13  2.102e+03  2.102e+03  8.926e-05  1.559e-05  1.000e-09  1.000e-09  0.2500  6.831e-05  2.096e-05  0.000e+00  3.110e-06  3.109e-06  1.783e-04  7.037e-04
  14  2.102e+03  2.102e+03  1.915e-05  4.405e-06  1.000e-08  1.000e-08  1.0000  1.797e-05  1.178e-06  0.000e+00  3.219e-06  3.217e-06  3.412e-03  3.412e-03
  15  2.102e+03  2.102e+03  7.143e-05  2.456e-06  1.000e-07  1.000e-07  1.0000  7.118e-05  2.454e-07  0.000e+00 -7.633e-07 -7.704e-07 -1.272e-03 -1.272e-03
  16  2.102e+03  2.102e+03  7.094e-05  1.777e-05  1.000e-06  1.000e-06  0.2500  7.075e-05  1.867e-07  0.000e+00  3.665e-06  3.663e-06  5.138e-06  9.556e-06
  17  2.102e+03  2.102e+03  1.863e-05  4.077e-07  1.000e-05  1.000e-05  1.0000  1.860e-05  3.165e-08  0.000e+00 -1.237e-06 -1.238e-06  3.167e-04  3.167e-04
  18  2.102e+03  2.102e+03  1.826e-05  3.827e-06  1.000e-04  1.000e-04  0.2500  1.823e-05  3.064e-08  0.000e+00  7.660e-07  7.656e-07  1.046e-06  1.884e-06
  19  2.102e+03  2.102e+03  3.171e-06  4.740e-06  1.000e-03  1.000e-03  1.0000  3.163e-06  8.248e-09  0.000e+00 -4.886e-06 -4.886e-06  1.805e-05  1.804e-05
iter    cost       merit      stop      |grad|      preg       dreg      step   ||ffeas||  ||gfeas||  ||hfeas||   dV-exp       dV      dPhi-exp     dPhi
  20  2.102e+03  2.102e+03  7.801e-07  7.499e-06  1.000e-02  1.000e-02  1.0000  7.785e-07  1.560e-09  0.000e+00  7.446e-06  7.446e-06  1.547e-05  1.547e-05
  21  2.102e+03  2.102e+03  3.718e-09  7.819e-06  1.000e-01  1.000e-01  1.0000  2.719e-10  6.881e-12  0.000e+00 -7.819e-06 -7.819e-06 -6.512e-06 -6.512e-06

*** SOLVE jumping (FeasShoot) ***
iter    cost       merit      stop      |grad|      preg       dreg      step   ||ffeas||  ||gfeas||  ||hfeas||   dV-exp       dV      dPhi-exp     dPhi
   0  1.441e+06  3.787e+06  1.303e+00  3.758e+06  1.000e-09  1.000e-09  0.1250  3.298e-01  0.000e+00  0.000e+00  4.404e+05  4.390e+05  4.823e+05  7.742e+05
   1  1.104e+06  2.901e+06  1.303e+00  2.880e+06  1.000e-09  1.000e-09  0.1250  2.885e-01  0.000e+00  0.000e+00  3.374e+05  3.371e+05  3.695e+05  5.939e+05
   2  8.456e+05  2.221e+06  1.302e+00  2.205e+06  1.000e-09  1.000e-09  0.1250  2.525e-01  0.000e+00  0.000e+00  2.584e+05  2.580e+05  2.829e+05  4.545e+05
   3  4.824e+05  1.385e+06  1.747e+00  1.689e+06  1.000e-09  1.000e-09  0.2500  1.894e-01  0.000e+00  0.000e+00  3.693e+05  3.632e+05  4.445e+05  6.641e+05
   4  1.488e+05  4.912e+05  3.221e+00  9.614e+05  1.000e-09  1.000e-09  0.5000  9.468e-02  0.000e+00  0.000e+00  3.602e+05  3.336e+05  5.314e+05  6.760e+05
   5  4.852e+04  1.526e+05  3.003e+00  2.928e+05  1.000e-09  1.000e-09  0.5000  4.734e-02  0.000e+00  0.000e+00  1.096e+05  1.003e+05  1.617e+05  2.044e+05
   6  1.503e+04  4.749e+04  3.022e+00  9.159e+04  1.000e-09  1.000e-09  0.5000  2.367e-02  0.000e+00  0.000e+00  3.426e+04  3.348e+04  5.049e+04  6.594e+04
   7  3.342e+03  3.342e+03  3.580e+00  2.429e+04  1.000e-09  1.000e-09  1.0000  0.000e+00  0.000e+00  0.000e+00  1.197e+04  1.169e+04  2.906e+04  2.879e+04
   8  3.339e+03  3.339e+03  8.987e-02  6.004e+02  1.000e-09  1.000e-09  0.0078  5.379e-20  0.000e+00  0.000e+00  4.672e+00  2.778e+00  4.672e+00  2.778e+00
   9  3.292e+03  3.292e+03  8.596e-02  5.662e+02  1.000e-09  1.000e-09  0.1250  3.795e-19  0.000e+00  0.000e+00  6.635e+01  4.720e+01  6.635e+01  4.720e+01
iter    cost       merit      stop      |grad|      preg       dreg      step   ||ffeas||  ||gfeas||  ||hfeas||   dV-exp       dV      dPhi-exp     dPhi
  10  3.082e+03  3.082e+03  7.649e-02  4.716e+02  1.000e-09  1.000e-09  1.0000  0.000e+00  0.000e+00  0.000e+00  2.358e+02  2.106e+02  2.358e+02  2.106e+02
  11  3.081e+03  3.081e+03  8.332e-03  5.135e+01  1.000e-09  1.000e-09  0.0312  6.565e-21  0.000e+00  0.000e+00  1.580e+00  6.554e-01  1.580e+00  6.554e-01
  12  3.078e+03  3.078e+03  7.991e-03  4.921e+01  1.000e-09  1.000e-09  0.2500  5.082e-21  0.000e+00  0.000e+00  1.076e+01  3.233e+00  1.076e+01  3.233e+00
  13  3.070e+03  3.070e+03  6.953e-03  4.271e+01  1.000e-09  1.000e-09  0.1250  1.897e-19  0.000e+00  0.000e+00  5.006e+00  7.182e+00  5.006e+00  7.182e+00
  14  3.066e+03  3.066e+03  4.624e-03  2.836e+01  1.000e-09  1.000e-09  1.0000  0.000e+00  0.000e+00  0.000e+00  1.418e+01  4.948e+00  1.418e+01  4.948e+00
  15  3.056e+03  3.056e+03  3.019e-03  1.846e+01  1.000e-09  1.000e-09  1.0000  0.000e+00  0.000e+00  0.000e+00  9.230e+00  9.229e+00  9.230e+00  9.229e+00
  16  3.056e+03  3.056e+03  2.613e-07  1.597e-03  1.000e-09  1.000e-09  1.0000  0.000e+00  0.000e+00  0.000e+00  7.987e-04  6.647e-04  7.987e-04  6.647e-04
  17  3.056e+03  3.056e+03  8.633e-08  5.279e-04  1.000e-08  1.000e-08  1.0000  0.000e+00  0.000e+00  0.000e+00  2.639e-04  1.919e-04  2.639e-04  1.919e-04
  18  3.056e+03  3.056e+03  8.382e-08  5.125e-04  1.000e-07  1.000e-07  1.0000  0.000e+00  0.000e+00  0.000e+00  2.563e-04  1.272e-04  2.563e-04  1.272e-04
  19  3.056e+03  3.056e+03  6.965e-08  4.258e-04  1.000e-06  1.000e-06  0.5000  1.355e-20  0.000e+00  0.000e+00  1.597e-04  1.090e-04  1.597e-04  1.090e-04
iter    cost       merit      stop      |grad|      preg       dreg      step   ||ffeas||  ||gfeas||  ||hfeas||   dV-exp       dV      dPhi-exp     dPhi
  20  3.056e+03  3.056e+03  2.543e-09  1.548e-05  1.000e-05  1.000e-05  1.0000  0.000e+00  0.000e+00  0.000e+00  7.774e-06  5.003e-06  7.774e-06  5.003e-06
*** SOLVE jumping (MultiShoot) ***
iter    cost       merit      stop      |grad|      preg       dreg      step   ||ffeas||  ||gfeas||  ||hfeas||   dV-exp       dV      dPhi-exp     dPhi
   0  1.058e+06  5.202e+06  1.773e+00  3.758e+06  1.000e-09  1.000e-09  0.2500  5.824e-01  0.000e+00  0.000e+00  8.220e+05  8.213e+05  4.564e+05 -6.409e+05
   1  2.887e+05  3.439e+06  3.656e+00  2.115e+06  1.000e-09  1.000e-09  0.5000  8.856e-01  0.000e+00  0.000e+00  7.925e+05  7.697e+05  2.532e+05 -3.089e+05
   2  1.654e+05  1.354e+06  1.726e+00  5.733e+05  1.000e-09  1.000e-09  0.2500  6.681e-01  0.000e+00  0.000e+00  1.253e+05  1.232e+05  2.221e+05  5.101e+05
   3  5.344e+04  4.795e+05  3.038e+00  3.263e+05  1.000e-09  1.000e-09  0.5000  4.791e-01  0.000e+00  0.000e+00  1.222e+05  1.120e+05  2.062e+05  2.800e+05
   4  1.766e+04  2.847e+05  2.852e+00  1.015e+05  1.000e-09  1.000e-09  0.5000  6.006e-01  0.000e+00  0.000e+00  3.798e+04  3.578e+04  1.098e+04 -1.821e+04
   5  8.716e+03  1.152e+05  1.675e+00  2.959e+04  1.000e-09  1.000e-09  1.0000  4.789e-01  0.000e+00  0.000e+00  1.460e+04  8.946e+03  4.164e+04  3.598e+04
   6  1.466e+04  3.707e+04  3.879e-01  1.137e+04  1.000e-09  1.000e-09  0.5000  2.016e-01  0.000e+00  0.000e+00  4.263e+03 -5.941e+03  1.968e+04  2.489e+04
   7  5.951e+03  1.539e+04  1.949e+00  2.320e+04  1.000e-09  1.000e-09  0.5000  1.149e-01  0.000e+00  0.000e+00  8.700e+03  8.705e+03  1.227e+04  1.584e+04
   8  3.074e+03  8.704e+03  9.411e-01  5.789e+03  1.000e-09  1.000e-09  1.0000  1.370e-01  0.000e+00  0.000e+00  2.894e+03  2.877e+03  1.984e+03  1.967e+03
   9  3.252e+03  5.710e+03  1.197e-01  4.587e+01  1.000e-09  1.000e-09  0.1250  1.197e-01  0.000e+00  0.000e+00  5.381e+00 -1.777e+02  4.989e+01  1.784e+02
iter    cost       merit      stop      |grad|      preg       dreg      step   ||ffeas||  ||gfeas||  ||hfeas||   dV-exp       dV      dPhi-exp     dPhi
  10  3.058e+03  3.572e+03  6.380e-02  3.898e+02  1.000e-09  1.000e-09  1.0000  5.007e-02  0.000e+00  0.000e+00  1.951e+02  1.940e+02  9.103e+02  9.091e+02
  11  3.070e+03  3.150e+03  1.548e-02  2.562e+00  1.000e-09  1.000e-09  1.0000  1.548e-02  0.000e+00  0.000e+00  1.274e+00 -1.244e+01  1.789e+02  1.652e+02
  12  3.056e+03  3.102e+03  1.789e-02  2.731e+01  1.000e-09  1.000e-09  1.0000  1.789e-02  0.000e+00  0.000e+00  1.366e+01  1.350e+01  7.478e+00  7.316e+00
  13  3.056e+03  3.058e+03  1.655e-03  3.564e-01  1.000e-09  1.000e-09  1.0000  1.655e-03  0.000e+00  0.000e+00  1.822e-01  1.790e-01  2.103e+01  2.103e+01
  14  3.056e+03  3.057e+03  1.307e-03  5.134e-03  1.000e-09  1.000e-09  0.5000  1.307e-03  0.000e+00  0.000e+00  2.180e-03 -1.212e-02  1.141e-01  2.118e-01
  15  3.056e+03  3.056e+03  6.854e-05  2.897e-02  1.000e-09  1.000e-09  1.0000  6.854e-05  0.000e+00  0.000e+00  1.484e-02  1.483e-02  4.123e-01  4.123e-01
  16  3.056e+03  3.056e+03  1.435e-05  1.816e-05  1.000e-09  1.000e-09  1.0000  1.435e-05  0.000e+00  0.000e+00  1.122e-05  1.139e-05  8.709e-03  8.709e-03
  17  3.056e+03  3.056e+03  9.107e-06  8.796e-06  1.000e-08  1.000e-08  0.5000  9.107e-06  0.000e+00  0.000e+00  2.443e-06  2.460e-06  2.128e-04  4.232e-04
  18  3.056e+03  3.056e+03  5.333e-06  5.277e-06  1.000e-07  1.000e-07  1.0000  5.333e-06  0.000e+00  0.000e+00 -5.476e-06 -5.476e-06  1.460e-04  1.460e-04
  19  3.056e+03  3.056e+03  2.905e-06  3.055e-07  1.000e-06  1.000e-06  1.0000  2.905e-06  0.000e+00  0.000e+00  1.041e-07  1.040e-07  4.882e-05  4.882e-05
iter    cost       merit      stop      |grad|      preg       dreg      step   ||ffeas||  ||gfeas||  ||hfeas||   dV-exp       dV      dPhi-exp     dPhi
  20  3.056e+03  3.056e+03  1.759e-06  3.459e-07  1.000e-05  1.000e-05  1.0000  1.759e-06  0.000e+00  0.000e+00  8.118e-08  8.003e-08  1.158e-05  1.157e-05
  21  3.056e+03  3.056e+03  9.977e-07  4.418e-07  1.000e-04  1.000e-04  1.0000  9.977e-07  0.000e+00  0.000e+00  8.759e-08  8.545e-08  3.906e-06  3.904e-06
  22  3.056e+03  3.056e+03  6.413e-07  2.896e-07  1.000e-03  1.000e-03  1.0000  6.413e-07  0.000e+00  0.000e+00  2.104e-08  1.862e-08  9.150e-07  9.126e-07
  23  3.056e+03  3.056e+03  2.756e-07  1.537e-07  1.000e-02  1.000e-02  1.0000  2.756e-07  0.000e+00  0.000e+00 -1.984e-07 -1.989e-07  2.601e-07  2.596e-07
  24  3.056e+03  3.056e+03  3.004e-08  2.197e-08  1.000e-01  1.000e-01  1.0000  3.004e-08  0.000e+00  0.000e+00 -2.238e-08 -2.238e-08  1.316e-07  1.316e-07
  25  3.056e+03  3.056e+03  5.349e-10  2.429e-10  1.000e+00  1.000e+00  1.0000  5.349e-10  0.000e+00  0.000e+00  2.397e-10  2.397e-10  9.490e-09  9.490e-09
*** SOLVE jumping (HybridShoot: 20) ***
iter    cost       merit      stop      |grad|      preg       dreg      step   ||ffeas||  ||gfeas||  ||hfeas||   dV-exp       dV      dPhi-exp     dPhi
   0  1.441e+06  4.957e+06  1.302e+00  3.758e+06  1.000e-09  1.000e-09  0.1250  4.941e-01  0.000e+00  0.000e+00  4.404e+05  4.384e+05  3.361e+05 -3.959e+05
   1  8.134e+05  4.830e+06  1.768e+00  2.881e+06  1.000e-09  1.000e-09  0.2500  9.658e-01  0.000e+00  0.000e+00  6.301e+05  6.279e+05  1.398e+05 -1.333e+06
   2  6.238e+05  2.429e+06  1.299e+00  1.624e+06  1.000e-09  1.000e-09  0.1250  8.684e-01  0.000e+00  0.000e+00  1.903e+05  1.895e+05  2.156e+05  3.920e+05
   3  1.782e+05  1.831e+06  3.484e+00  1.245e+06  1.000e-09  1.000e-09  0.5000  1.590e+00  0.000e+00  0.000e+00  4.664e+05  4.456e+05  9.112e+04 -3.048e+05
   4  5.258e+04  7.794e+05  3.330e+00  3.518e+05  1.000e-09  1.000e-09  0.5000  1.398e+00  0.000e+00  0.000e+00  1.317e+05  1.256e+05  1.816e+05  2.254e+05
   5  1.792e+04  3.007e+05  2.762e+00  9.980e+04  1.000e-09  1.000e-09  0.5000  1.088e+00  0.000e+00  0.000e+00  3.732e+04  3.466e+04  7.761e+04  1.152e+05
   6  3.277e+03  9.275e+04  4.524e+00  3.007e+04  1.000e-09  1.000e-09  1.0000  6.885e-01  0.000e+00  0.000e+00  1.483e+04  1.464e+04  6.677e+04  6.658e+04
   7  5.769e+03  4.314e+04  5.752e-01  4.124e+02  1.000e-09  1.000e-09  0.2500  5.752e-01  0.000e+00  0.000e+00  9.100e+01 -2.492e+03  1.931e+03  4.869e+03
   8  3.751e+03  1.869e+04  7.196e-01  5.381e+03  1.000e-09  1.000e-09  0.5000  4.597e-01  0.000e+00  0.000e+00  2.020e+03  2.018e+03  3.896e+03  5.770e+03
   9  3.247e+03  7.505e+03  2.622e-01  1.359e+03  1.000e-09  1.000e-09  0.5000  2.622e-01  0.000e+00  0.000e+00  5.110e+02  5.046e+02  2.116e+03  3.714e+03
iter    cost       merit      stop      |grad|      preg       dreg      step   ||ffeas||  ||gfeas||  ||hfeas||   dV-exp       dV      dPhi-exp     dPhi
  10  3.169e+03  4.774e+03  1.976e-01  3.613e+02  1.000e-09  1.000e-09  0.2500  1.976e-01  0.000e+00  0.000e+00  7.935e+01  7.738e+01  2.105e+02  6.018e+02
  11  3.145e+03  3.860e+03  1.761e-01  2.107e+02  1.000e-09  1.000e-09  0.1250  1.761e-01  0.000e+00  0.000e+00  2.476e+01  2.457e+01  3.565e+01  1.117e+02
  12  3.109e+03  3.392e+03  1.390e-01  1.633e+02  1.000e-09  1.000e-09  0.2500  1.390e-01  0.000e+00  0.000e+00  3.599e+01  3.531e+01  5.484e+01  1.107e+02
  13  3.075e+03  3.259e+03  1.810e-01  9.547e+01  1.000e-09  1.000e-09  0.5000  1.810e-01  0.000e+00  0.000e+00  3.672e+01  3.463e+01  1.539e+01 -8.036e+00
  14  3.064e+03  3.146e+03  1.606e-01  2.962e+01  1.000e-09  1.000e-09  0.5000  1.606e-01  0.000e+00  0.000e+00  1.187e+01  1.065e+01  1.707e+01  2.104e+01
  15  3.058e+03  3.077e+03  7.413e-02  1.064e+01  1.000e-09  1.000e-09  1.0000  7.413e-02  0.000e+00  0.000e+00  7.460e+00  5.758e+00  2.940e+01  2.770e+01
  16  3.056e+03  3.063e+03  5.551e-02  2.204e+00  1.000e-09  1.000e-09  1.0000  5.551e-02  0.000e+00  0.000e+00  1.968e+00  2.057e+00  4.330e+00  4.419e+00
  17  3.056e+03  3.057e+03  2.240e-03  3.561e-02  1.000e-09  1.000e-09  1.0000  2.240e-03  0.000e+00  0.000e+00 -1.614e-02 -7.275e-02  3.364e+00  3.308e+00
  18  3.056e+03  3.056e+03  1.072e-03  7.618e-02  1.000e-09  1.000e-09  1.0000  1.072e-03  0.000e+00  0.000e+00  4.609e-02  5.183e-02  8.314e-02  8.887e-02
  19  3.056e+03  3.056e+03  1.508e-05  7.106e-03  1.000e-09  1.000e-09  1.0000  1.508e-05  0.000e+00  0.000e+00 -7.522e-03 -7.939e-03  9.244e-03  8.827e-03
iter    cost       merit      stop      |grad|      preg       dreg      step   ||ffeas||  ||gfeas||  ||hfeas||   dV-exp       dV      dPhi-exp     dPhi
  20  3.056e+03  3.056e+03  1.461e-05  1.197e-03  1.000e-08  1.000e-08  0.5000  1.461e-05  0.000e+00  0.000e+00  4.284e-04  3.374e-05  4.399e-04  5.667e-05
  21  3.056e+03  3.056e+03  9.774e-06  7.596e-04  1.000e-07  1.000e-07  1.0000  9.774e-06  0.000e+00  0.000e+00  5.382e-04  2.181e-04  7.925e-04  4.724e-04
  22  3.056e+03  3.056e+03  8.753e-07  4.987e-04  1.000e-06  1.000e-06  1.0000  8.753e-07  0.000e+00  0.000e+00  4.466e-04  4.517e-04  1.027e-03  1.033e-03
  23  3.056e+03  3.056e+03  3.732e-07  4.300e-06  1.000e-05  1.000e-05  1.0000  3.732e-07  0.000e+00  0.000e+00  2.221e-06 -4.317e-07  1.861e-05  1.595e-05
  24  3.056e+03  3.056e+03  1.521e-07  5.966e-06  1.000e-04  1.000e-04  1.0000  1.521e-07  0.000e+00  0.000e+00  3.293e-06 -1.261e-07  6.900e-06  3.481e-06
  25  3.056e+03  3.056e+03  6.167e-08  5.584e-06  1.000e-03  1.000e-03  1.0000  6.167e-08  0.000e+00  0.000e+00  3.552e-06  1.190e-06  6.569e-06  4.207e-06
  26  3.056e+03  3.056e+03  1.480e-08  1.158e-06  1.000e-02  1.000e-02  1.0000  1.480e-08  0.000e+00  0.000e+00  8.247e-07  6.489e-07  1.720e-06  1.544e-06
*** SOLVE jumping (OdynSQP) ***
iter    cost       merit      stop      |grad|      preg       dreg      step   ||ffeas||  ||gfeas||  ||hfeas||   dV-exp       dV      dPhi-exp     dPhi
   0  1.483e+06  5.826e+06  1.304e+00  3.873e+06  1.000e-09  1.000e-09  0.1250  5.835e-01  0.000e+00  0.000e+00  4.538e+05  4.538e+05  2.562e+05 -1.127e+06
   1  3.715e+05  2.328e+06  3.982e+00  2.964e+06  1.000e-09  1.000e-09  0.5000  5.258e-01  0.000e+00  0.000e+00  1.111e+06  1.111e+06  1.218e+06  1.326e+06
   2  9.472e+04  1.187e+06  3.887e+00  7.391e+05  1.000e-09  1.000e-09  0.5000  5.873e-01  0.000e+00  0.000e+00  2.768e+05  2.768e+05  2.195e+05  1.623e+05
   3  2.587e+04  3.111e+05  3.531e+00  1.841e+05  1.000e-09  1.000e-09  0.5000  3.066e-01  0.000e+00  0.000e+00  6.886e+04  6.886e+04  1.994e+05  3.300e+05
   4  8.811e+03  1.333e+05  2.555e+00  4.572e+04  1.000e-09  1.000e-09  0.5000  2.676e-01  0.000e+00  0.000e+00  1.706e+04  1.705e+04  2.612e+04  3.519e+04
   5  4.622e+03  6.137e+04  1.185e+00  1.129e+04  1.000e-09  1.000e-09  0.5000  2.440e-01  0.000e+00  0.000e+00  4.191e+03  4.189e+03  6.936e+03  9.680e+03
   6  4.025e+03  2.528e+04  3.219e-01  2.753e+03  1.000e-09  1.000e-09  0.2500  1.828e-01  0.000e+00  0.000e+00  5.971e+02  5.969e+02  2.375e+03  7.709e+03
   7  3.696e+03  1.185e+04  1.894e-01  1.521e+03  1.000e-09  1.000e-09  0.2500  1.402e-01  0.000e+00  0.000e+00  3.289e+02  3.288e+02  9.483e+02  2.807e+03
   8  3.517e+03  7.190e+03  1.264e-01  8.338e+02  1.000e-09  1.000e-09  0.2500  1.264e-01  0.000e+00  0.000e+00  1.796e+02  1.795e+02  2.802e+02  5.818e+02
   9  3.355e+03  4.928e+03  1.082e-01  4.536e+02  1.000e-09  1.000e-09  0.5000  1.082e-01  0.000e+00  0.000e+00  1.617e+02  1.615e+02  2.935e+02  4.250e+02
iter    cost       merit      stop      |grad|      preg       dreg      step   ||ffeas||  ||gfeas||  ||hfeas||   dV-exp       dV      dPhi-exp     dPhi
  10  3.322e+03  4.036e+03  9.813e-02  9.821e+01  1.000e-09  1.000e-09  0.5000  9.813e-02  0.000e+00  0.000e+00  3.268e+01  3.259e+01  6.944e+01  1.061e+02
  11  3.323e+03  3.513e+03  5.232e-02  1.617e+01  1.000e-09  1.000e-09  1.0000  5.226e-02  6.067e-05  0.000e+00 -2.157e-01 -2.952e-01  1.662e+02  1.662e+02
  12  3.323e+03  3.382e+03  3.242e-02  2.188e-01  1.000e-09  1.000e-09  1.0000  3.242e-02  2.519e-06  0.000e+00  1.809e-01  1.702e-01  3.633e+01  3.632e+01
  13  3.323e+03  3.336e+03  1.444e-02  2.248e-02  1.000e-09  1.000e-09  1.0000  1.444e-02  1.770e-07  0.000e+00  1.691e-02  1.560e-02  1.635e+01  1.635e+01
  14  3.323e+03  3.324e+03  3.307e-03  8.746e-03  1.000e-09  1.000e-09  1.0000  3.307e-03  1.524e-07  0.000e+00  6.449e-03  5.775e-03  5.064e+00  5.063e+00
  15  3.323e+03  3.323e+03  1.671e-04  6.818e-04  1.000e-09  1.000e-09  1.0000  1.671e-04  5.552e-09  0.000e+00  6.470e-04  6.409e-04  7.138e-01  7.138e-01
  16  3.323e+03  3.323e+03  1.521e-04  5.124e-05  1.000e-09  1.000e-09  0.5000  1.521e-04  2.891e-09  0.000e+00  2.203e-05  2.152e-05  8.736e-04  1.725e-03
  17  3.323e+03  3.323e+03  1.870e-05  1.203e-05  1.000e-08  1.000e-08  1.0000  1.870e-05  2.923e-10  0.000e+00  9.971e-06  9.772e-06  7.585e-03  7.585e-03
  18  3.323e+03  3.323e+03  1.734e-05  4.642e-06  1.000e-07  1.000e-07  0.2500  1.734e-05  2.485e-10  0.000e+00  9.607e-07  9.437e-07  1.066e-05  3.974e-05
  19  3.323e+03  3.323e+03  5.417e-06  8.809e-07  1.000e-06  1.000e-06  1.0000  5.417e-06  4.264e-11  0.000e+00 -1.234e-06 -1.266e-06  1.680e-04  1.679e-04
iter    cost       merit      stop      |grad|      preg       dreg      step   ||ffeas||  ||gfeas||  ||hfeas||   dV-exp       dV      dPhi-exp     dPhi
  20  3.323e+03  3.323e+03  4.845e-06  1.217e-06  1.000e-05  1.000e-05  0.2500  4.845e-06  4.056e-11  0.000e+00  2.515e-07  2.472e-07  1.266e-06  4.307e-06
  21  3.323e+03  3.323e+03  1.618e-06  3.222e-07  1.000e-04  1.000e-04  1.0000  1.618e-06  1.787e-11  0.000e+00 -4.266e-07 -4.353e-07  1.103e-05  1.102e-05
  22  3.323e+03  3.323e+03  1.330e-06  2.915e-07  1.000e-03  1.000e-03  0.5000  1.330e-06  1.942e-11  0.000e+00  1.093e-07  1.053e-07  3.643e-07  6.154e-07
  23  3.323e+03  3.323e+03  4.729e-10  1.791e-07  1.000e-02  1.000e-02  1.0000  4.729e-10  4.232e-14  0.000e+00 -1.793e-07 -1.793e-07  1.001e-06  1.001e-06
