*** SOLVE (FeasShoot) ***
iter    cost       merit      stop      |grad|      preg       dreg      step   ||ffeas||  ||gfeas||  ||hfeas||   dV-exp       dV      dPhi-exp     dPhi
   0  1.036e+01  1.036e+01  7.102e+00  2.449e+01  1.000e-09  1.000e-09  0.0625  6.395e-15  0.000e+00  9.253e-02  1.120e+00  2.563e-01  1.120e+00  2.563e-01
   1  1.842e+01  1.842e+01  4.054e+00  2.512e+00  1.000e-09  1.000e-09  0.2500  4.798e-15  0.000e+00  6.958e-02 -5.391e+00 -8.060e+00 -5.391e+00 -8.060e+00
   2  2.662e+01  2.662e+01  2.409e+00  2.251e+01  1.000e-09  1.000e-09  0.1250  4.274e-15  0.000e+00  6.092e-02 -3.502e+00 -8.202e+00 -3.502e+00 -8.202e+00
   3  8.226e+01  8.226e+01  6.862e-01  1.933e+01  1.000e-09  1.000e-09  0.2500  3.164e-15  0.000e+00  4.576e-02 -7.195e+00 -5.565e+01 -7.195e+00 -5.565e+01
   4  7.824e+01  7.824e+01  3.435e-02  6.941e+01  1.000e-09  1.000e-09  0.2500  2.415e-15  0.000e+00  3.435e-02  1.300e+01  4.028e+00  1.300e+01  4.028e+00
   5  7.356e+01  7.356e+01  4.913e-02  4.467e+01  1.000e-09  1.000e-09  0.2500  1.832e-15  0.000e+00  2.578e-02  8.147e+00  4.672e+00  8.147e+00  4.672e+00
   6  7.189e+01  7.189e+01  1.117e-01  2.266e+01  1.000e-09  1.000e-09  0.5000  8.882e-16  0.000e+00  1.293e-02  3.629e+00  1.677e+00  3.629e+00  1.677e+00
   7  1.022e+02  1.022e+02  9.157e-02  3.510e-01  1.000e-09  1.000e-09  1.0000  0.000e+00  0.000e+00  6.542e-05 -9.448e+00 -3.030e+01 -9.448e+00 -3.030e+01
   8  1.018e+02  1.282e+02  2.048e-01  4.211e+01  1.000e-09  1.000e-09  0.1250  2.372e-20  0.000e+00  5.724e-05  4.935e+00  3.419e-01  5.406e+00  4.104e+00
   9  8.120e+01  8.127e+01  2.510e-01  4.127e+01  1.000e-09  1.000e-09  1.0000  0.000e+00  0.000e+00  1.286e-07  2.064e+01  2.064e+01  5.005e+01  5.005e+01
iter    cost       merit      stop      |grad|      preg       dreg      step   ||ffeas||  ||gfeas||  ||hfeas||   dV-exp       dV      dPhi-exp     dPhi
  10  8.120e+01  8.124e+01  1.530e-05  2.500e-03  1.000e-09  1.000e-09  0.0078  4.202e-22  0.000e+00  1.276e-07  1.946e-05 -1.526e-04  2.148e-05  1.060e-04
  11  8.120e+01  8.120e+01  7.033e-06  1.141e-03  1.000e-09  1.000e-09  1.0000  0.000e+00  0.000e+00  1.408e-09  5.782e-04  5.875e-04  1.683e-02  1.683e-02
  12  8.120e+01  8.120e+01  1.535e-05  2.524e-03  1.000e-09  1.000e-09  1.0000  0.000e+00  0.000e+00  1.356e-09  1.262e-03  1.260e-03  1.269e-03  1.267e-03
  13  8.120e+01  8.120e+01  1.259e-08  1.055e-06  1.000e-08  1.000e-08  1.0000  0.000e+00  0.000e+00  1.221e-11  1.035e-06  1.036e-06  1.740e-04  1.740e-04
*** SOLVE (MultiShoot) ***
iter    cost       merit      stop      |grad|      preg       dreg      step   ||ffeas||  ||gfeas||  ||hfeas||   dV-exp       dV      dPhi-exp     dPhi
   0  1.106e+01  1.514e+04  6.686e+00  2.449e+01  1.000e-09  1.000e-09  0.2500  1.596e-01  0.000e+00  7.531e-02 -4.491e-01 -4.491e-01 -2.172e+03 -8.688e+03
   1  4.641e+02  6.053e+03  1.736e-01  2.545e+01  1.000e-09  1.000e-09  0.2500  1.170e-01  0.000e+00  5.662e-02 -9.321e+00 -4.530e+02  4.843e+02  1.521e+03
   2  6.889e+02  2.491e+03  5.525e-01  8.511e+02  1.000e-09  1.000e-09  0.5000  8.340e-02  0.000e+00  2.854e-02  3.081e+02 -2.248e+02  8.043e+02  7.677e+02
   3  6.006e+02  1.253e+03  1.009e+00  1.257e+03  1.000e-09  1.000e-09  1.0000  8.058e-02  0.000e+00  4.514e-04  6.073e+02  8.837e+01  8.560e+02  3.371e+02
   4  5.600e+02  1.117e+03  9.262e-01  1.038e+03  1.000e-09  1.000e-09  0.2500  6.043e-02  0.000e+00  3.385e-04  2.272e+02  4.058e+01  2.736e+02  2.262e+02
   5  8.582e+01  9.502e+01  5.514e+00  9.569e+02  1.000e-09  1.000e-09  1.0000  8.165e-04  0.000e+00  8.014e-07  4.787e+02  4.742e+02  1.153e+03  1.149e+03
   6  8.560e+01  9.056e+01  5.355e-02  9.275e+00  1.000e-09  1.000e-09  0.2500  6.106e-04  0.000e+00  6.010e-07  2.029e+00  2.225e-01  2.447e+00  1.894e+00
   7  8.120e+01  8.181e+01  5.351e-02  8.797e+00  1.000e-09  1.000e-09  1.0000  5.923e-05  0.000e+00  3.497e-10  4.399e+00  4.399e+00  1.007e+01  1.007e+01
   8  8.120e+01  8.121e+01  4.945e-07  5.148e-05  1.000e-09  1.000e-09  1.0000  4.444e-07  0.000e+00  4.480e-14  4.065e-05  4.065e-05  3.022e-01  3.022e-01
   9  8.120e+01  8.120e+01  2.211e-08  2.439e-07  1.000e-09  1.000e-09  1.0000  2.211e-08  0.000e+00  1.638e-14 -3.472e-07 -3.472e-07  1.085e-03  1.085e-03
iter    cost       merit      stop      |grad|      preg       dreg      step   ||ffeas||  ||gfeas||  ||hfeas||   dV-exp       dV      dPhi-exp     dPhi
  10  8.120e+01  8.120e+01  7.508e-10  1.071e-08  1.000e-08  1.000e-08  1.0000  7.508e-10  0.000e+00  4.274e-15 -1.461e-08 -1.461e-08  2.744e-05  2.744e-05
*** SOLVE (HybridShoot: 10) ***
iter    cost       merit      stop      |grad|      preg       dreg      step   ||ffeas||  ||gfeas||  ||hfeas||   dV-exp       dV      dPhi-exp     dPhi
   0  1.028e+01  8.196e+01  7.148e+00  2.449e+01  1.000e-09  1.000e-09  0.0156  1.311e-02  0.000e+00  9.844e-02  3.569e-01  3.290e-01  2.410e-01 -7.089e+00
   1  1.449e+01  6.898e+01  5.111e+00  1.352e+01  1.000e-09  1.000e-09  0.2500  9.547e-02  0.000e+00  7.413e-02 -2.414e+00 -4.210e+00 -7.077e+00 -2.286e+01
   2  2.469e+01  5.016e+01  2.709e+00  2.632e+01  1.000e-09  1.000e-09  0.0625  8.906e-02  0.000e+00  6.950e-02 -1.814e+00 -1.020e+01 -1.703e+00 -8.423e+00
   3  3.446e+01  4.549e+01  1.692e+00  1.276e+01  1.000e-09  1.000e-09  0.1250  7.648e-02  0.000e+00  6.084e-02 -2.333e+00 -9.768e+00 -2.120e+00 -8.062e+00
   4  3.653e+01  4.169e+01  1.310e+00  6.100e+00  1.000e-09  1.000e-09  0.0625  7.142e-02  0.000e+00  5.704e-02 -5.494e-01 -2.068e+00 -5.272e-01 -1.713e+00
   5  1.440e+02  1.473e+02  3.250e-01  7.332e+00  1.000e-09  1.000e-09  0.5000  1.356e-01  0.000e+00  2.876e-02 -1.362e+01 -1.075e+02 -1.398e+01 -1.082e+02
   6  1.308e+02  1.916e+02  4.728e-01  1.665e+02  1.000e-09  1.000e-09  0.5000  9.778e-02  0.000e+00  1.443e-02  5.721e+01  1.321e+01  7.133e+01  4.146e+01
   7  1.708e+02  1.884e+02  2.879e-01  1.196e+02  1.000e-09  1.000e-09  1.0000  2.778e-02  0.000e+00  1.137e-04  4.946e+01 -3.999e+01  1.025e+02  1.310e+01
   8  1.806e+02  2.445e+02  4.935e-01  1.792e+02  1.000e-09  1.000e-09  0.5000  1.388e-02  0.000e+00  5.682e-05  6.720e+01 -9.760e+00  9.923e+01  5.430e+01
   9  8.189e+01  8.243e+01  1.198e+00  1.986e+02  1.000e-09  1.000e-09  1.0000  5.370e-05  0.000e+00  2.561e-08  9.928e+01  9.869e+01  2.406e+02  2.400e+02
iter    cost       merit      stop      |grad|      preg       dreg      step   ||ffeas||  ||gfeas||  ||hfeas||   dV-exp       dV      dPhi-exp     dPhi
  10  8.120e+01  8.139e+01  8.328e-03  1.369e+00  1.000e-09  1.000e-09  1.0000  1.011e-05  0.000e+00  1.081e-13  6.846e-01  6.842e-01  1.478e+00  1.478e+00
  11  8.120e+01  8.120e+01  4.729e-06  4.599e-04  1.000e-09  1.000e-09  1.0000  1.598e-09  0.000e+00  3.804e-14  3.888e-04  3.888e-04  9.241e-02  9.241e-02
  12  8.120e+01  8.120e+01  9.217e-11  1.505e-08  1.000e-09  1.000e-09  1.0000  8.103e-11  0.000e+00  5.235e-14  7.577e-09  6.839e-09  1.381e-05  1.381e-05
*** SOLVE (OdynSQP) ***
iter    cost       merit      stop      |grad|      preg       dreg      step   ||ffeas||  ||gfeas||  ||hfeas||   dV-exp       dV      dPhi-exp     dPhi
   0  1.106e+01  1.106e+01  6.686e+00  2.449e+01  1.000e-09  1.000e-09  0.2500  1.596e-01  0.000e+00  7.531e-02 -4.491e-01 -4.491e-01 -4.491e-01 -4.491e-01
   1  1.489e+01  1.489e+01  4.581e+00  2.545e+01  1.000e-09  1.000e-09  0.0312  1.546e-01  0.000e+00  7.296e-02 -8.416e-01 -3.828e+00 -8.416e-01 -3.828e+00
   2  2.464e+01  2.464e+01  2.730e+00  2.146e+01  1.000e-09  1.000e-09  0.1250  1.347e-01  0.000e+00  6.387e-02 -3.440e+00 -9.751e+00 -3.440e+00 -9.751e+00
   3  4.445e+01  4.445e+01  1.301e+00  1.634e+01  1.000e-09  1.000e-09  0.1250  1.174e-01  0.000e+00  5.591e-02 -2.711e+00 -1.981e+01 -2.711e+00 -1.981e+01
   4  4.413e+01  4.413e+01  8.624e-01  1.102e+01  1.000e-09  1.000e-09  0.1250  1.025e-01  0.000e+00  4.894e-02  5.973e-01  3.195e-01  5.973e-01  3.195e-01
   5  1.010e+02  1.010e+02  3.804e-01  2.261e-01  1.000e-09  1.000e-09  0.5000  5.466e-02  0.000e+00  2.463e-02 -9.757e+00 -5.686e+01 -9.757e+00 -5.686e+01
   6  8.885e+01  1.067e+02  2.152e-01  7.591e+01  1.000e-09  1.000e-09  0.5000  3.874e-02  0.000e+00  1.235e-02  2.381e+01  1.215e+01  2.872e+01  2.197e+01
   7  9.257e+01  9.599e+01  8.023e-02  3.330e+01  1.000e-09  1.000e-09  1.0000  1.623e-02  0.000e+00  8.478e-05  7.507e+00 -3.719e+00  1.481e+01  3.580e+00
   8  9.234e+01  1.077e+02  1.227e-01  2.277e+01  1.000e-09  1.000e-09  0.0625  1.522e-02  0.000e+00  7.948e-05  1.379e+00  2.326e-01  1.443e+00  1.256e+00
   9  8.120e+01  8.123e+01  1.354e-01  2.214e+01  1.000e-09  1.000e-09  1.0000  2.284e-05  0.000e+00  4.854e-08  1.113e+01  1.113e+01  2.701e+01  2.701e+01
iter    cost       merit      stop      |grad|      preg       dreg      step   ||ffeas||  ||gfeas||  ||hfeas||   dV-exp       dV      dPhi-exp     dPhi
  10  8.120e+01  8.120e+01  1.205e-05  1.984e-03  1.000e-09  1.000e-09  1.0000  5.628e-07  0.000e+00  1.363e-13  9.902e-04  9.886e-04  1.260e-02  1.259e-02
  11  8.120e+01  8.120e+01  2.249e-08  1.864e-06  1.000e-09  1.000e-09  1.0000  1.823e-09  0.000e+00  2.581e-15  1.848e-06  1.848e-06  1.477e-04  1.477e-04
  12  8.120e+01  8.120e+01  1.759e-11  2.623e-10  1.000e-08  1.000e-08  1.0000  1.739e-11  0.000e+00  2.061e-13 -4.707e-10 -4.707e-10  4.688e-07  4.688e-07
Target CoM position =  [ 0.099  -0.0007  0.3578]
Reached CoM position =  [ 0.099  -0.0007  0.3578]
