*** SOLVE (FeasShoot) ***
iter    cost       merit      stop      |grad|      preg       dreg      step   ||ffeas||  ||gfeas||  ||hfeas||   dV-exp       dV      dPhi-exp     dPhi
   0  1.509e+01  1.509e+01  5.132e+00  1.264e+01  1.000e-09  1.000e-09  0.2500  0.000e+00  0.000e+00  4.745e+00 -2.793e+00 -4.482e+00 -2.793e+00 -4.482e+00
   1  3.124e+01  3.124e+01  4.142e+00  2.012e+01  1.000e-09  1.000e-09  0.1250  0.000e+00  0.000e+00  4.142e+00 -3.301e+00 -1.615e+01 -3.301e+00 -1.615e+01
   2  4.775e+01  4.775e+01  3.213e+00  2.180e+00  1.000e-09  1.000e-09  0.2500  0.000e+00  0.000e+00  3.213e+00 -3.763e+00 -1.651e+01 -3.763e+00 -1.651e+01
   3  5.270e+01  5.270e+01  2.830e+00  6.050e+00  1.000e-09  1.000e-09  0.2500  9.926e-24  0.000e+00  2.830e+00 -1.076e+00 -4.946e+00 -1.076e+00 -4.946e+00
   4  5.912e+01  5.912e+01  2.379e+00  2.360e+00  1.000e-09  1.000e-09  0.2500  7.941e-23  0.000e+00  2.379e+00 -2.290e+00 -6.423e+00 -2.290e+00 -6.423e+00
   5  7.505e+01  7.505e+01  1.872e+00  3.296e+00  1.000e-09  1.000e-09  0.2500  2.541e-21  0.000e+00  1.872e+00 -2.035e+00 -1.593e+01 -2.035e+00 -1.593e+01
   6  7.203e+01  7.203e+01  1.455e+00  1.833e+01  1.000e-09  1.000e-09  0.2500  2.541e-21  0.000e+00  1.455e+00  3.028e+00  3.022e+00  3.028e+00  3.022e+00
   7  7.196e+01  7.196e+01  1.280e+00  4.640e+00  1.000e-09  1.000e-09  0.1250  2.965e-21  0.000e+00  1.280e+00  3.613e-01  7.083e-02  3.613e-01  7.083e-02
   8  9.400e+01  9.400e+01  5.583e-01  1.589e+00  1.000e-09  1.000e-09  1.0000  0.000e+00  0.000e+00  5.583e-01 -9.456e+00 -2.204e+01 -9.456e+00 -2.204e+01
   9  8.120e+01  8.141e+01  1.556e-01  2.540e+01  1.000e-09  1.000e-09  1.0000  0.000e+00  0.000e+00  6.205e-03  1.279e+01  1.279e+01  3.087e+01  3.086e+01
iter    cost       merit      stop      |grad|      preg       dreg      step   ||ffeas||  ||gfeas||  ||hfeas||   dV-exp       dV      dPhi-exp     dPhi
  10  8.120e+01  8.120e+01  7.095e-06  6.200e-04  1.000e-09  1.000e-09  1.0000  0.000e+00  0.000e+00  2.769e-07  5.832e-04  5.703e-04  1.021e-01  1.021e-01
  11  8.120e+01  8.120e+01  1.714e-09  2.785e-07  1.000e-09  1.000e-09  1.0000  0.000e+00  0.000e+00  1.321e-10  1.409e-07 -2.944e-07  2.406e-06  1.971e-06
*** SOLVE (MultiShoot) ***
iter    cost       merit      stop      |grad|      preg       dreg      step   ||ffeas||  ||gfeas||  ||hfeas||   dV-exp       dV      dPhi-exp     dPhi
   0  1.509e+01  3.451e+01  5.132e+00  1.264e+01  1.000e-09  1.000e-09  0.2500  6.600e-07  0.000e+00  4.745e+00 -2.793e+00 -4.482e+00 -7.545e+00 -2.349e+01
   1  3.124e+01  3.971e+01  4.142e+00  2.012e+01  1.000e-09  1.000e-09  0.1250  1.853e-06  0.000e+00  4.142e+00 -3.301e+00 -1.615e+01 -3.147e+00 -1.491e+01
   2  4.775e+01  5.104e+01  3.213e+00  2.180e+00  1.000e-09  1.000e-09  0.2500  7.604e-07  0.000e+00  3.213e+00 -3.763e+00 -1.651e+01 -3.525e+00 -1.556e+01
   3  5.270e+01  5.415e+01  2.830e+00  6.050e+00  1.000e-09  1.000e-09  0.2500  1.778e-06  0.000e+00  2.830e+00 -1.076e+00 -4.946e+00 -1.027e+00 -4.750e+00
   4  5.912e+01  5.973e+01  2.379e+00  2.360e+00  1.000e-09  1.000e-09  0.2500  2.007e-06  0.000e+00  2.379e+00 -2.290e+00 -6.423e+00 -2.261e+00 -6.308e+00
   5  7.505e+01  7.529e+01  1.872e+00  3.296e+00  1.000e-09  1.000e-09  0.2500  1.525e-06  0.000e+00  1.872e+00 -2.035e+00 -1.593e+01 -2.019e+00 -1.586e+01
   6  7.203e+01  7.212e+01  1.455e+00  1.833e+01  1.000e-09  1.000e-09  0.2500  1.134e-06  0.000e+00  1.455e+00  3.028e+00  3.022e+00  3.035e+00  3.049e+00
   7  7.196e+01  7.200e+01  1.280e+00  4.640e+00  1.000e-09  1.000e-09  0.1250  9.879e-07  0.000e+00  1.280e+00  3.613e-01  7.083e-02  3.620e-01  7.642e-02
   8  9.400e+01  9.400e+01  5.583e-01  1.589e+00  1.000e-09  1.000e-09  1.0000  4.614e-07  0.000e+00  5.583e-01 -9.456e+00 -2.204e+01 -9.444e+00 -2.203e+01
   9  8.120e+01  8.141e+01  1.556e-01  2.540e+01  1.000e-09  1.000e-09  1.0000  2.585e-09  0.000e+00  6.205e-03  1.279e+01  1.279e+01  3.087e+01  3.086e+01
iter    cost       merit      stop      |grad|      preg       dreg      step   ||ffeas||  ||gfeas||  ||hfeas||   dV-exp       dV      dPhi-exp     dPhi
  10  8.120e+01  8.120e+01  7.095e-06  6.200e-04  1.000e-09  1.000e-09  1.0000  2.163e-12  0.000e+00  2.769e-07  5.832e-04  5.703e-04  1.021e-01  1.021e-01
  11  8.120e+01  8.120e+01  1.715e-09  2.786e-07  1.000e-09  1.000e-09  1.0000  2.041e-15  0.000e+00  1.321e-10  1.410e-07 -2.943e-07  2.406e-06  1.971e-06
*** SOLVE (HybridShoot: 10) ***
iter    cost       merit      stop      |grad|      preg       dreg      step   ||ffeas||  ||gfeas||  ||hfeas||   dV-exp       dV      dPhi-exp     dPhi
   0  1.509e+01  3.451e+01  5.132e+00  1.264e+01  1.000e-09  1.000e-09  0.2500  1.793e-06  0.000e+00  4.745e+00 -2.793e+00 -4.482e+00 -7.545e+00 -2.349e+01
   1  3.124e+01  3.971e+01  4.142e+00  2.012e+01  1.000e-09  1.000e-09  0.1250  3.592e-06  0.000e+00  4.142e+00 -3.301e+00 -1.615e+01 -3.147e+00 -1.491e+01
   2  4.775e+01  5.104e+01  3.213e+00  2.180e+00  1.000e-09  1.000e-09  0.2500  1.387e-06  0.000e+00  3.213e+00 -3.763e+00 -1.651e+01 -3.525e+00 -1.556e+01
   3  5.270e+01  5.415e+01  2.830e+00  6.050e+00  1.000e-09  1.000e-09  0.2500  3.254e-07  0.000e+00  2.830e+00 -1.076e+00 -4.946e+00 -1.027e+00 -4.750e+00
   4  5.912e+01  5.973e+01  2.379e+00  2.360e+00  1.000e-09  1.000e-09  0.2500  2.712e-07  0.000e+00  2.379e+00 -2.290e+00 -6.423e+00 -2.261e+00 -6.308e+00
   5  7.505e+01  7.529e+01  1.872e+00  3.296e+00  1.000e-09  1.000e-09  0.2500  1.200e-07  0.000e+00  1.872e+00 -2.035e+00 -1.593e+01 -2.019e+00 -1.586e+01
   6  7.203e+01  7.212e+01  1.455e+00  1.833e+01  1.000e-09  1.000e-09  0.2500  1.645e-07  0.000e+00  1.455e+00  3.028e+00  3.022e+00  3.035e+00  3.049e+00
   7  7.196e+01  7.200e+01  1.280e+00  4.640e+00  1.000e-09  1.000e-09  0.1250  1.667e-07  0.000e+00  1.280e+00  3.613e-01  7.083e-02  3.620e-01  7.642e-02
   8  9.400e+01  9.400e+01  5.583e-01  1.589e+00  1.000e-09  1.000e-09  1.0000  1.239e-06  0.000e+00  5.583e-01 -9.456e+00 -2.204e+01 -9.444e+00 -2.203e+01
   9  8.120e+01  8.141e+01  1.556e-01  2.540e+01  1.000e-09  1.000e-09  1.0000  5.348e-09  0.000e+00  6.205e-03  1.279e+01  1.279e+01  3.087e+01  3.086e+01
iter    cost       merit      stop      |grad|      preg       dreg      step   ||ffeas||  ||gfeas||  ||hfeas||   dV-exp       dV      dPhi-exp     dPhi
  10  8.120e+01  8.120e+01  7.095e-06  6.200e-04  1.000e-09  1.000e-09  1.0000  8.750e-12  0.000e+00  2.769e-07  5.832e-04  5.703e-04  1.021e-01  1.021e-01
  11  8.120e+01  8.120e+01  1.715e-09  2.786e-07  1.000e-09  1.000e-09  1.0000  1.874e-15  0.000e+00  1.321e-10  1.410e-07 -2.943e-07  2.406e-06  1.971e-06
*** SOLVE (OdynSQP) ***
iter    cost       merit      stop      |grad|      preg       dreg      step   ||ffeas||  ||gfeas||  ||hfeas||   dV-exp       dV      dPhi-exp     dPhi
   0  1.509e+01  1.509e+01  5.132e+00  1.264e+01  1.000e-09  1.000e-09  0.2500  6.600e-07  0.000e+00  4.745e+00 -2.793e+00 -4.482e+00 -2.793e+00 -4.482e+00
   1  3.124e+01  3.124e+01  4.142e+00  2.012e+01  1.000e-09  1.000e-09  0.1250  1.853e-06  0.000e+00  4.142e+00 -3.301e+00 -1.615e+01 -3.301e+00 -1.615e+01
   2  4.775e+01  4.775e+01  3.213e+00  2.180e+00  1.000e-09  1.000e-09  0.2500  7.604e-07  0.000e+00  3.213e+00 -3.763e+00 -1.651e+01 -3.763e+00 -1.651e+01
   3  5.270e+01  5.270e+01  2.830e+00  6.050e+00  1.000e-09  1.000e-09  0.2500  1.778e-06  0.000e+00  2.830e+00 -1.076e+00 -4.946e+00 -1.076e+00 -4.946e+00
   4  5.912e+01  5.912e+01  2.379e+00  2.360e+00  1.000e-09  1.000e-09  0.2500  2.007e-06  0.000e+00  2.379e+00 -2.290e+00 -6.423e+00 -2.290e+00 -6.423e+00
   5  7.505e+01  7.505e+01  1.872e+00  3.296e+00  1.000e-09  1.000e-09  0.2500  1.525e-06  0.000e+00  1.872e+00 -2.035e+00 -1.593e+01 -2.035e+00 -1.593e+01
   6  7.203e+01  7.203e+01  1.455e+00  1.833e+01  1.000e-09  1.000e-09  0.2500  1.134e-06  0.000e+00  1.455e+00  3.028e+00  3.022e+00  3.028e+00  3.022e+00
   7  7.196e+01  7.196e+01  1.280e+00  4.640e+00  1.000e-09  1.000e-09  0.1250  9.879e-07  0.000e+00  1.280e+00  3.613e-01  7.083e-02  3.613e-01  7.083e-02
   8  9.400e+01  9.400e+01  5.583e-01  1.589e+00  1.000e-09  1.000e-09  1.0000  4.614e-07  0.000e+00  5.583e-01 -9.456e+00 -2.204e+01 -9.456e+00 -2.204e+01
   9  8.120e+01  8.141e+01  1.556e-01  2.540e+01  1.000e-09  1.000e-09  1.0000  2.585e-09  0.000e+00  6.205e-03  1.279e+01  1.279e+01  3.087e+01  3.086e+01
iter    cost       merit      stop      |grad|      preg       dreg      step   ||ffeas||  ||gfeas||  ||hfeas||   dV-exp       dV      dPhi-exp     dPhi
  10  8.120e+01  8.120e+01  7.095e-06  6.200e-04  1.000e-09  1.000e-09  1.0000  2.156e-12  0.000e+00  2.769e-07  5.832e-04  5.703e-04  1.021e-01  1.021e-01
  11  8.120e+01  8.120e+01  1.713e-09  2.784e-07  1.000e-09  1.000e-09  1.0000  2.777e-15  0.000e+00  1.322e-10  1.408e-07 -2.945e-07  2.406e-06  1.971e-06
Target CoM position =  [ 0.099  -0.0007  0.3578]
Reached CoM position =  [ 0.099  -0.0007  0.3578]
