*** SOLVE walking (FeasShoot) ***
iter    cost       merit      stop      |grad|      preg       dreg      step   ||ffeas||  ||gfeas||  ||hfeas||   dV-exp       dV      dPhi-exp     dPhi
   0  1.696e+05  1.696e+05  1.331e+02  4.516e+07  1.000e-09  1.000e-09  1.0000  0.000e+00  0.000e+00  7.738e+01  2.258e+07  2.241e+07  2.258e+07  2.241e+07
   1  5.708e+04  8.200e+04  8.184e+00  3.302e+05  1.000e-09  1.000e-09  1.0000  0.000e+00  0.000e+00  8.184e+00  1.649e+05  1.126e+05  3.756e+05  3.232e+05
   2  4.841e+04  1.406e+05  1.017e+01  1.040e+05  1.000e-09  1.000e-09  1.0000  0.000e+00  0.000e+00  1.017e+01  5.195e+04  8.672e+03  3.398e+04 -9.301e+03
   3  1.182e+04  3.864e+04  4.412e+00  8.651e+04  1.000e-09  1.000e-09  1.0000  0.000e+00  0.000e+00  4.412e+00  4.325e+04  3.659e+04  7.822e+04  7.156e+04
   4  6.490e+03  1.222e+04  1.886e+00  1.335e+04  1.000e-09  1.000e-09  1.0000  0.000e+00  0.000e+00  1.886e+00  6.672e+03  5.329e+03  1.435e+04  1.301e+04
   5  5.696e+03  6.596e+03  5.922e-01  2.732e+03  1.000e-09  1.000e-09  1.0000  0.000e+00  0.000e+00  5.922e-01  1.366e+03  7.940e+02  3.332e+03  2.760e+03
   6  5.243e+03  5.537e+03  2.123e-01  1.145e+03  1.000e-09  1.000e-09  1.0000  0.000e+00  0.000e+00  2.123e-01  5.729e+02  4.529e+02  1.098e+03  9.779e+02
   7  5.133e+03  5.183e+03  5.713e-02  2.620e+02  1.000e-09  1.000e-09  1.0000  0.000e+00  0.000e+00  5.713e-02  1.310e+02  1.106e+02  2.678e+02  2.474e+02
   8  5.112e+03  5.115e+03  6.200e-03  4.087e+01  1.000e-09  1.000e-09  1.0000  0.000e+00  0.000e+00  6.200e-03  2.044e+01  2.045e+01  4.648e+01  4.649e+01
   9  5.112e+03  5.112e+03  2.338e-04  1.971e-01  1.000e-09  1.000e-09  1.0000  0.000e+00  0.000e+00  2.338e-04  9.720e-02  9.724e-02  1.622e+00  1.622e+00
iter    cost       merit      stop      |grad|      preg       dreg      step   ||ffeas||  ||gfeas||  ||hfeas||   dV-exp       dV      dPhi-exp     dPhi
  10  5.112e+03  5.112e+03  7.653e-07  3.328e-05  1.000e-09  1.000e-09  1.0000  0.000e+00  0.000e+00  7.653e-07  6.004e-06  3.211e-06  2.979e-02  2.978e-02
  11  5.112e+03  5.112e+03  3.728e-08  2.420e-06  1.000e-09  1.000e-09  1.0000  0.000e+00  0.000e+00  3.728e-08  6.028e-07  4.897e-07  4.712e-05  4.701e-05
  12  5.112e+03  5.112e+03  5.611e-09  4.447e-08  1.000e-08  1.000e-08  1.0000  0.000e+00  0.000e+00  5.611e-09 -2.350e-07 -2.557e-07  7.769e-07  7.563e-07
*** SOLVE walking (MultiShoot) ***
iter    cost       merit      stop      |grad|      preg       dreg      step   ||ffeas||  ||gfeas||  ||hfeas||   dV-exp       dV      dPhi-exp     dPhi
   0  1.623e+05  1.648e+05  1.391e+02  4.516e+07  1.000e-09  1.000e-09  1.0000  4.506e-01  0.000e+00  7.771e+01  2.258e+07  2.242e+07  2.258e+07  2.242e+07
   1  4.858e+04  6.019e+04  4.027e+00  3.157e+05  1.000e-09  1.000e-09  1.0000  2.467e-02  0.000e+00  4.002e+00  1.577e+05  1.137e+05  3.713e+05  3.274e+05
   2  1.957e+04  7.087e+04  3.344e+00  8.657e+04  1.000e-09  1.000e-09  0.5000  1.202e-02  0.000e+00  3.332e+00  3.245e+04  2.901e+04  3.769e+04  3.949e+04
   3  6.808e+03  2.932e+04  2.935e+00  2.836e+04  1.000e-09  1.000e-09  1.0000  2.113e-03  0.000e+00  2.933e+00  1.416e+04  1.276e+04  1.729e+04  1.590e+04
   4  5.384e+03  8.260e+03  7.497e-01  3.313e+03  1.000e-09  1.000e-09  1.0000  6.909e-05  0.000e+00  7.497e-01  1.655e+03  1.424e+03  1.004e+04  9.806e+03
   5  5.192e+03  5.742e+03  2.867e-01  5.495e+02  1.000e-09  1.000e-09  0.5000  3.851e-05  0.000e+00  2.867e-01  2.061e+02  1.919e+02  6.501e+02  1.080e+03
   6  5.114e+03  5.423e+03  3.216e-01  1.553e+02  1.000e-09  1.000e-09  1.0000  1.276e-05  0.000e+00  3.216e-01  7.781e+01  7.792e+01  4.432e+01  4.443e+01
   7  5.127e+03  5.131e+03  7.600e-03  3.579e+00  1.000e-09  1.000e-09  1.0000  6.674e-06  0.000e+00  7.593e-03  1.848e+00 -1.321e+01  1.524e+02  1.374e+02
   8  5.112e+03  5.135e+03  7.694e-03  3.082e+01  1.000e-09  1.000e-09  1.0000  3.560e-07  0.000e+00  7.694e-03  1.541e+01  1.496e+01  1.514e+01  1.468e+01
   9  5.112e+03  5.113e+03  7.443e-04  9.669e-01  1.000e-09  1.000e-09  1.0000  9.720e-07  0.000e+00  7.434e-04  4.830e-01  3.178e-01  1.055e+01  1.038e+01
iter    cost       merit      stop      |grad|      preg       dreg      step   ||ffeas||  ||gfeas||  ||hfeas||   dV-exp       dV      dPhi-exp     dPhi
  10  5.112e+03  5.112e+03  3.182e-05  3.253e-01  1.000e-09  1.000e-09  1.0000  1.931e-08  0.000e+00  7.236e-06  1.627e-01  1.627e-01  6.964e-01  6.964e-01
  11  5.112e+03  5.112e+03  1.921e-08  1.137e-05  1.000e-09  1.000e-09  1.0000  3.964e-11  0.000e+00  1.917e-08  9.605e-06  9.595e-06  2.630e-03  2.630e-03
  12  5.112e+03  5.112e+03  1.682e-09  1.915e-07  1.000e-08  1.000e-08  1.0000  2.012e-12  0.000e+00  1.680e-09  1.290e-07  1.329e-07  3.302e-06  3.306e-06
*** SOLVE walking (HybridShoot: 13) ***
iter    cost       merit      stop      |grad|      preg       dreg      step   ||ffeas||  ||gfeas||  ||hfeas||   dV-exp       dV      dPhi-exp     dPhi
   0  1.633e+05  1.773e+05  1.383e+02  4.516e+07  1.000e-09  1.000e-09  1.0000  2.555e-02  0.000e+00  7.739e+01  2.258e+07  2.242e+07  2.256e+07  2.241e+07
   1  5.707e+04  8.097e+04  8.167e+00  3.174e+05  1.000e-09  1.000e-09  1.0000  7.112e-03  0.000e+00  8.160e+00  1.585e+05  1.062e+05  3.611e+05  3.087e+05
   2  4.838e+04  1.405e+05  1.014e+01  1.040e+05  1.000e-09  1.000e-09  1.0000  2.392e-03  0.000e+00  1.014e+01  5.194e+04  8.693e+03  3.402e+04 -9.232e+03
   3  1.182e+04  3.874e+04  4.421e+00  8.645e+04  1.000e-09  1.000e-09  1.0000  2.267e-03  0.000e+00  4.419e+00  4.322e+04  3.656e+04  7.805e+04  7.139e+04
   4  6.490e+03  1.223e+04  1.885e+00  1.335e+04  1.000e-09  1.000e-09  1.0000  8.811e-04  0.000e+00  1.884e+00  6.671e+03  5.328e+03  1.439e+04  1.305e+04
   5  5.696e+03  6.597e+03  5.919e-01  2.732e+03  1.000e-09  1.000e-09  1.0000  1.089e-04  0.000e+00  5.918e-01  1.366e+03  7.941e+02  3.334e+03  2.762e+03
   6  5.243e+03  5.537e+03  2.123e-01  1.145e+03  1.000e-09  1.000e-09  1.0000  1.805e-05  0.000e+00  2.123e-01  5.727e+02  4.527e+02  1.097e+03  9.773e+02
   7  5.133e+03  5.183e+03  5.711e-02  2.621e+02  1.000e-09  1.000e-09  1.0000  1.486e-05  0.000e+00  5.710e-02  1.310e+02  1.106e+02  2.678e+02  2.474e+02
   8  5.112e+03  5.115e+03  6.203e-03  4.088e+01  1.000e-09  1.000e-09  1.0000  3.148e-07  0.000e+00  6.203e-03  2.045e+01  2.046e+01  4.648e+01  4.649e+01
   9  5.112e+03  5.112e+03  2.337e-04  1.972e-01  1.000e-09  1.000e-09  1.0000  4.582e-08  0.000e+00  2.336e-04  9.730e-02  9.736e-02  1.624e+00  1.624e+00
iter    cost       merit      stop      |grad|      preg       dreg      step   ||ffeas||  ||gfeas||  ||hfeas||   dV-exp       dV      dPhi-exp     dPhi
  10  5.112e+03  5.112e+03  7.740e-07  1.784e-05  1.000e-09  1.000e-09  1.0000  2.831e-10  0.000e+00  7.737e-07 -9.641e-06 -1.252e-05  2.977e-02  2.976e-02
  11  5.112e+03  5.112e+03  3.791e-08  2.479e-06  1.000e-09  1.000e-09  1.0000  4.443e-11  0.000e+00  3.786e-08  6.384e-07  5.319e-07  4.770e-05  4.759e-05
  12  5.112e+03  5.112e+03  5.687e-09  5.364e-08  1.000e-08  1.000e-08  1.0000  1.966e-12  0.000e+00  5.685e-09 -2.469e-07 -2.675e-07  7.830e-07  7.624e-07
*** SOLVE walking (OdynSQP) ***
iter    cost       merit      stop      |grad|      preg       dreg      step   ||ffeas||  ||gfeas||  ||hfeas||   dV-exp       dV      dPhi-exp     dPhi
   0  9.261e+06  9.977e+07  5.234e+01  7.224e+07  1.000e-09  1.000e-09  0.5000  4.953e-02  1.492e+01  3.737e+01  2.709e+07  2.687e+07  7.643e+06 -1.203e+07
   1  2.336e+06  4.651e+07  5.110e+01  1.850e+07  1.000e-09  1.000e-09  0.5000  1.952e-02  7.462e+00  4.362e+01  6.938e+06  6.924e+06  7.476e+06  8.001e+06
   2  5.992e+05  1.667e+07  3.719e+01  4.650e+06  1.000e-09  1.000e-09  0.5000  1.377e-02  3.731e+00  3.344e+01  1.744e+06  1.737e+06  4.750e+06  7.750e+06
   3  1.166e+04  8.391e+06  5.039e+01  1.175e+06  1.000e-09  1.000e-09  1.0000  6.155e-03  1.233e-05  3.877e+01  5.877e+05  5.875e+05  2.455e+05  2.454e+05
   4  1.113e+04  2.419e+05  2.136e+00  7.886e+02  1.000e-09  1.000e-09  1.0000  2.871e-04  2.817e-11  2.135e+00  5.302e+02  5.318e+02  3.960e+06  3.960e+06
   5  1.111e+04  1.746e+04  1.174e-01  2.271e+01  1.000e-09  1.000e-09  1.0000  2.909e-05  7.608e-04  1.166e-01  1.575e+01  1.513e+01  1.091e+05  1.091e+05
   6  1.111e+04  1.325e+04  7.898e-02  3.889e+00  1.000e-09  1.000e-09  1.0000  3.984e-05  2.620e-13  7.894e-02  1.737e+00  1.161e+00  1.040e+03  1.040e+03
   7  1.111e+04  1.167e+04  4.092e-02  2.456e+00  1.000e-09  1.000e-09  1.0000  3.864e-05  6.923e-10  4.088e-02  6.276e-01  6.273e-02  5.148e+02  5.142e+02
   8  1.111e+04  1.133e+04  3.275e-02  2.374e+00  1.000e-09  1.000e-09  0.5000  2.871e-05  3.459e-10  3.272e-02  7.351e-01  6.002e-01  2.834e+01  5.581e+01
   9  1.111e+04  1.111e+04  8.219e-05  8.918e-01  1.000e-09  1.000e-09  1.0000  7.868e-09  1.000e-12  1.188e-05 -9.134e-01 -9.135e-01  1.096e+02  1.096e+02
iter    cost       merit      stop      |grad|      preg       dreg      step   ||ffeas||  ||gfeas||  ||hfeas||   dV-exp       dV      dPhi-exp     dPhi
  10  1.111e+04  1.111e+04  2.933e-06  3.938e-04  1.000e-09  1.000e-09  1.0000  1.977e-09  5.043e-13  2.931e-06  2.366e-04  1.987e-04  1.536e-02  1.533e-02
  11  1.111e+04  1.111e+04  2.962e-06  1.385e-04  1.000e-09  1.000e-09  1.0000  1.884e-09  3.834e-13  2.960e-06  4.968e-05  2.228e-05  2.506e-05 -2.342e-06
  12  1.111e+04  1.111e+04  1.969e-06  1.671e-04  1.000e-08  1.000e-08  1.0000  1.819e-09  2.964e-13  1.967e-06  8.482e-05  6.032e-05  5.041e-04  4.796e-04
  13  1.111e+04  1.111e+04  2.232e-06  7.218e-05  1.000e-07  1.000e-07  1.0000  1.719e-09  2.232e-13  2.231e-06 -8.832e-06 -3.172e-05 -6.446e-05 -8.735e-05
  14  1.111e+04  1.111e+04  2.184e-06  1.396e-04  1.000e-06  1.000e-06  1.0000  1.690e-09  3.466e-13  2.182e-06  5.937e-05  3.712e-05  6.450e-05  4.226e-05
  15  1.111e+04  1.111e+04  2.191e-06  6.500e-05  1.000e-05  1.000e-05  1.0000  1.657e-09  2.305e-13  2.189e-06 -1.437e-05 -3.617e-05 -1.473e-05 -3.653e-05
  16  1.111e+04  1.111e+04  2.132e-06  1.341e-04  1.000e-04  1.000e-04  1.0000  1.569e-09  3.118e-13  2.131e-06  5.757e-05  3.641e-05  5.977e-05  3.860e-05
  17  1.111e+04  1.111e+04  1.699e-06  4.802e-05  1.000e-03  1.000e-03  1.0000  1.227e-09  1.574e-13  1.697e-06 -1.743e-05 -3.627e-05 -9.293e-06 -2.813e-05
  18  1.111e+04  1.111e+04  1.042e-06  7.741e-05  1.000e-02  1.000e-02  1.0000  5.759e-10  2.383e-13  1.042e-06  3.978e-05  2.878e-05  6.173e-05  5.073e-05
  19  1.111e+04  1.111e+04  1.036e-07  6.229e-05  1.000e-01  1.000e-01  1.0000  3.614e-10  2.525e-13  1.032e-07 -6.707e-05 -6.797e-05 -5.136e-05 -5.227e-05
iter    cost       merit      stop      |grad|      preg       dreg      step   ||ffeas||  ||gfeas||  ||hfeas||   dV-exp       dV      dPhi-exp     dPhi
  20  1.111e+04  1.111e+04  7.533e-08  8.372e-04  1.000e+00  1.000e+00  1.0000  6.201e-10  4.423e-13  4.027e-11  8.372e-04  8.372e-04  2.026e-03  2.026e-03
  21  1.111e+04  1.111e+04  3.865e-08  4.296e-04  1.000e+01  1.000e+01  1.0000  6.459e-10  3.006e-13  7.283e-13 -4.296e-04 -4.296e-04 -4.290e-04 -4.290e-04
  22  1.111e+04  1.111e+04  9.744e-09  1.083e-04  1.000e+02  1.000e+02  1.0000  6.363e-10  2.873e-13  7.247e-13 -1.083e-04 -1.083e-04 -1.075e-04 -1.075e-04

*** SOLVE jumping (FeasShoot) ***
iter    cost       merit      stop      |grad|      preg       dreg      step   ||ffeas||  ||gfeas||  ||hfeas||   dV-exp       dV      dPhi-exp     dPhi
   0  8.664e+05  1.865e+07  6.530e+02  1.814e+07  1.000e-09  1.000e-09  1.0000  0.000e+00  0.000e+00  6.530e+02  9.027e+06  8.203e+06  4.139e+06  3.315e+06
   1  2.242e+05  7.564e+06  5.390e+02  1.697e+06  1.000e-09  1.000e-09  1.0000  0.000e+00  0.000e+00  5.390e+02  8.504e+05  6.422e+05  2.402e+06  2.194e+06
   2  1.005e+05  2.712e+06  3.836e+02  4.272e+05  1.000e-09  1.000e-09  1.0000  0.000e+00  0.000e+00  3.836e+02  1.966e+05  1.237e+05  1.255e+06  1.182e+06
   3  4.079e+04  8.264e+05  2.308e+02  1.630e+05  1.000e-09  1.000e-09  0.5000  0.000e+00  0.000e+00  2.308e+02  6.031e+04  5.972e+04  3.204e+05  5.799e+05
   4  3.630e+04  1.601e+05  7.270e+01  3.146e+04  1.000e-09  1.000e-09  1.0000  0.000e+00  0.000e+00  7.270e+01  8.304e+03  4.483e+03  2.774e+05  2.735e+05
   5  3.340e+04  6.140e+04  3.290e+01  1.637e+04  1.000e-09  1.000e-09  0.5000  0.000e+00  0.000e+00  3.290e+01  6.251e+03  2.902e+03  2.319e+04  3.677e+04
   6  2.915e+04  3.279e+04  8.549e+00  8.927e+03  1.000e-09  1.000e-09  1.0000  0.000e+00  0.000e+00  8.549e+00  4.208e+03  4.252e+03  1.457e+04  1.461e+04
   7  2.891e+04  3.041e+04  7.020e+00  2.329e+03  1.000e-09  1.000e-09  0.2500  1.301e-18  0.000e+00  7.020e+00  5.064e+02  2.388e+02  5.878e+02  5.642e+02
   8  2.837e+04  2.889e+04  3.734e+00  1.505e+03  1.000e-09  1.000e-09  0.5000  8.674e-19  0.000e+00  3.734e+00  5.474e+02  5.394e+02  7.763e+02  9.972e+02
   9  2.796e+04  2.885e+04  4.097e+00  1.138e+03  1.000e-09  1.000e-09  0.5000  4.337e-19  0.000e+00  4.097e+00  4.265e+02  4.141e+02  3.871e+02  3.353e+02
iter    cost       merit      stop      |grad|      preg       dreg      step   ||ffeas||  ||gfeas||  ||hfeas||   dV-exp       dV      dPhi-exp     dPhi
  10  2.784e+04  2.897e+04  4.825e+00  1.240e+03  1.000e-09  1.000e-09  0.5000  0.000e+00  0.000e+00  4.825e+00  4.778e+02  1.141e+02  3.926e+02 -5.637e+01
  11  2.704e+04  2.940e+04  7.028e+00  2.081e+03  1.000e-09  1.000e-09  0.5000  1.735e-18  0.000e+00  7.028e+00  8.034e+02  8.010e+02  4.341e+02  6.238e+01
  12  2.631e+04  2.829e+04  9.266e+00  1.870e+03  1.000e-09  1.000e-09  0.5000  0.000e+00  0.000e+00  9.266e+00  7.306e+02  7.306e+02  4.912e+02  2.519e+02
  13  2.563e+04  2.712e+04  9.441e+00  1.787e+03  1.000e-09  1.000e-09  0.5000  8.674e-19  0.000e+00  9.441e+00  7.025e+02  6.854e+02  6.887e+02  6.578e+02
  14  2.501e+04  2.623e+04  8.932e+00  1.551e+03  1.000e-09  1.000e-09  0.5000  1.084e-19  0.000e+00  8.932e+00  6.123e+02  6.139e+02  6.469e+02  6.831e+02
  15  2.474e+04  2.633e+04  1.196e+01  1.447e+03  1.000e-09  1.000e-09  0.5000  0.000e+00  0.000e+00  1.196e+01  5.690e+02  2.716e+02  3.681e+02 -1.302e+02
  16  2.388e+04  2.583e+04  1.905e+01  1.537e+03  1.000e-09  1.000e-09  1.0000  0.000e+00  0.000e+00  1.905e+01  8.548e+02  8.589e+02  1.315e+02  1.356e+02
  17  2.357e+04  2.386e+04  5.851e+00  4.587e+02  1.000e-09  1.000e-09  1.0000  0.000e+00  0.000e+00  5.851e+00  3.097e+02  3.179e+02  9.832e+02  9.915e+02
  18  2.361e+04  2.369e+04  3.316e+00  1.478e+02  1.000e-09  1.000e-09  0.5000  4.328e-19  0.000e+00  3.316e+00  6.125e+01 -4.146e+01  9.360e+01  2.323e+01
  19  2.359e+04  2.373e+04  1.906e+00  3.013e+02  1.000e-09  1.000e-09  0.5000  2.168e-19  0.000e+00  1.906e+00  1.165e+02  1.282e+01  1.664e+02  1.128e+02
iter    cost       merit      stop      |grad|      preg       dreg      step   ||ffeas||  ||gfeas||  ||hfeas||   dV-exp       dV      dPhi-exp     dPhi
  20  2.344e+04  2.352e+04  6.234e-01  3.092e+02  1.000e-09  1.000e-09  1.0000  0.000e+00  0.000e+00  6.234e-01  1.632e+02  1.535e+02  3.200e+02  3.103e+02
  21  2.341e+04  2.343e+04  1.839e-01  4.222e+01  1.000e-09  1.000e-09  1.0000  0.000e+00  0.000e+00  1.839e-01  2.581e+01  2.583e+01  5.268e+01  5.270e+01
  22  2.341e+04  2.341e+04  8.094e-02  1.098e+01  1.000e-09  1.000e-09  1.0000  0.000e+00  0.000e+00  8.094e-02  7.681e+00  7.702e+00  1.382e+01  1.384e+01
  23  2.340e+04  2.341e+04  3.226e-02  5.801e+00  1.000e-09  1.000e-09  1.0000  0.000e+00  0.000e+00  3.226e-02  4.042e+00  4.037e+00  7.515e+00  7.510e+00
  24  2.340e+04  2.340e+04  2.004e-02  3.222e+00  1.000e-09  1.000e-09  1.0000  0.000e+00  0.000e+00  2.004e-02  2.234e+00  2.239e+00  3.443e+00  3.448e+00
  25  2.340e+04  2.340e+04  1.066e-02  1.804e+00  1.000e-09  1.000e-09  1.0000  0.000e+00  0.000e+00  1.066e-02  1.235e+00  1.233e+00  2.061e+00  2.059e+00
  26  2.340e+04  2.340e+04  7.274e-03  1.039e+00  1.000e-09  1.000e-09  1.0000  0.000e+00  0.000e+00  7.274e-03  6.950e-01  6.968e-01  1.010e+00  1.012e+00
  27  2.340e+04  2.340e+04  5.756e-03  6.145e-01  1.000e-09  1.000e-09  1.0000  0.000e+00  0.000e+00  5.756e-03  3.882e-01  3.866e-01  5.038e-01  5.023e-01
  28  2.340e+04  2.340e+04  3.126e-03  4.005e-01  1.000e-09  1.000e-09  1.0000  0.000e+00  0.000e+00  3.126e-03  2.252e-01  2.252e-01  3.722e-01  3.721e-01
  29  2.340e+04  2.340e+04  3.747e-03  3.017e-01  1.000e-09  1.000e-09  1.0000  0.000e+00  0.000e+00  3.747e-03  1.348e-01  1.326e-01  9.655e-02  9.436e-02
iter    cost       merit      stop      |grad|      preg       dreg      step   ||ffeas||  ||gfeas||  ||hfeas||   dV-exp       dV      dPhi-exp     dPhi
  30  2.340e+04  2.340e+04  3.874e-03  2.851e-01  1.000e-09  1.000e-09  1.0000  0.000e+00  0.000e+00  3.874e-03  9.295e-02  9.085e-02  8.846e-02  8.636e-02
  31  2.340e+04  2.340e+04  3.533e-03  3.256e-01  1.000e-09  1.000e-09  0.5000  0.000e+00  0.000e+00  3.533e-03  1.004e-01  9.931e-02  1.052e-01  1.089e-01
  32  2.340e+04  2.340e+04  3.504e-04  1.253e-01  1.000e-09  1.000e-09  1.0000  0.000e+00  0.000e+00  3.504e-04 -1.392e-01 -1.392e-01 -9.461e-02 -9.463e-02
  33  2.340e+04  2.340e+04  2.811e-04  2.522e-02  1.000e-09  1.000e-09  1.0000  0.000e+00  0.000e+00  2.811e-04  1.545e-02  1.538e-02  1.982e-02  1.975e-02
  34  2.340e+04  2.340e+04  2.105e-04  1.755e-02  1.000e-09  1.000e-09  1.0000  0.000e+00  0.000e+00  2.105e-04  9.076e-03  8.995e-03  1.233e-02  1.225e-02
  35  2.340e+04  2.340e+04  2.790e-04  1.497e-02  1.000e-09  1.000e-09  1.0000  0.000e+00  0.000e+00  2.790e-04  5.796e-03  5.649e-03  3.104e-03  2.958e-03
  36  2.340e+04  2.340e+04  2.477e-04  1.600e-02  1.000e-08  1.000e-08  1.0000  0.000e+00  0.000e+00  2.477e-04  4.403e-03  4.211e-03  5.106e-03  4.914e-03
  37  2.340e+04  2.340e+04  2.505e-04  2.006e-02  1.000e-07  1.000e-07  0.5000  0.000e+00  0.000e+00  2.505e-04  6.054e-03  5.979e-03  6.021e-03  5.913e-03
  38  2.340e+04  2.340e+04  1.286e-05  9.124e-03  1.000e-06  1.000e-06  1.0000  0.000e+00  0.000e+00  1.286e-05 -9.720e-03 -9.722e-03 -6.873e-03 -6.875e-03
  39  2.340e+04  2.340e+04  1.236e-05  1.070e-03  1.000e-05  1.000e-05  1.0000  0.000e+00  0.000e+00  1.236e-05  6.015e-04  5.967e-04  6.353e-04  6.305e-04
iter    cost       merit      stop      |grad|      preg       dreg      step   ||ffeas||  ||gfeas||  ||hfeas||   dV-exp       dV      dPhi-exp     dPhi
  40  2.340e+04  2.340e+04  1.042e-05  7.704e-04  1.000e-04  1.000e-04  1.0000  0.000e+00  0.000e+00  1.042e-05  3.605e-04  3.572e-04  4.410e-04  4.378e-04
  41  2.340e+04  2.340e+04  5.994e-06  3.885e-04  1.000e-03  1.000e-03  1.0000  0.000e+00  0.000e+00  5.994e-06  1.342e-04  1.315e-04  2.265e-04  2.238e-04
  42  2.340e+04  2.340e+04  6.850e-07  2.043e-05  1.000e-02  1.000e-02  1.0000  0.000e+00  0.000e+00  6.850e-07 -5.923e-05 -5.867e-05 -3.918e-06 -3.359e-06
  43  2.340e+04  2.340e+04  1.692e-08  2.030e-06  1.000e-01  1.000e-01  1.0000  0.000e+00  0.000e+00  1.692e-08 -2.941e-06 -2.936e-06  5.401e-07  5.443e-07
  44  2.340e+04  2.340e+04  1.955e-10  9.712e-07  1.000e+00  1.000e+00  1.0000  0.000e+00  0.000e+00  1.955e-10  9.592e-07  9.592e-07  1.046e-06  1.046e-06
*** SOLVE jumping (MultiShoot) ***
iter    cost       merit      stop      |grad|      preg       dreg      step   ||ffeas||  ||gfeas||  ||hfeas||   dV-exp       dV      dPhi-exp     dPhi
   0  8.347e+05  1.903e+07  6.682e+02  1.814e+07  1.000e-09  1.000e-09  1.0000  3.855e+00  0.000e+00  6.643e+02  9.027e+06  8.234e+06  3.726e+06  2.933e+06
   1  1.429e+05  6.204e+06  4.451e+02  1.638e+06  1.000e-09  1.000e-09  1.0000  4.276e-01  0.000e+00  4.447e+02  8.185e+05  6.917e+05  3.856e+06  3.729e+06
   2  5.779e+04  2.828e+06  4.068e+02  2.610e+05  1.000e-09  1.000e-09  1.0000  8.221e-01  0.000e+00  4.060e+02  1.145e+05  8.515e+04  3.753e+05  3.460e+05
   3  5.213e+04  1.320e+06  3.724e+02  7.430e+04  1.000e-09  1.000e-09  1.0000  1.435e-01  0.000e+00  3.723e+02  3.447e+04  5.664e+03  1.515e+05  1.227e+05
   4  9.315e+04  6.367e+05  3.193e+02  7.175e+04  1.000e-09  1.000e-09  1.0000  6.825e-02  0.000e+00  3.193e+02  2.982e+04 -4.102e+04  1.202e+05  4.938e+04
   5  2.641e+04  2.483e+05  2.607e+02  1.510e+05  1.000e-09  1.000e-09  1.0000  5.038e-02  0.000e+00  2.607e+02  7.243e+04  6.674e+04  1.223e+05  1.166e+05
   6  2.412e+04  1.075e+05  1.959e+02  1.748e+04  1.000e-09  1.000e-09  0.5000  2.675e-02  0.000e+00  1.959e+02  4.773e+03  2.294e+03  1.856e+04  2.988e+04
   7  3.386e+04  5.008e+04  7.627e+01  7.041e+02  1.000e-09  1.000e-09  1.0000  1.703e-02  0.000e+00  7.626e+01 -7.292e+03 -9.738e+03  1.816e+04  1.572e+04
   8  3.399e+04  4.258e+04  6.864e+01  1.475e+04  1.000e-09  1.000e-09  0.1250  1.490e-02  0.000e+00  6.862e+01  1.717e+03 -1.335e+02  1.837e+03  8.217e+02
   9  3.070e+04  3.516e+04  4.705e+01  1.034e+04  1.000e-09  1.000e-09  1.0000  5.948e-03  0.000e+00  4.705e+01  4.562e+03  3.294e+03  6.612e+03  5.344e+03
iter    cost       merit      stop      |grad|      preg       dreg      step   ||ffeas||  ||gfeas||  ||hfeas||   dV-exp       dV      dPhi-exp     dPhi
  10  2.793e+04  3.378e+04  7.138e+01  6.674e+03  1.000e-09  1.000e-09  1.0000  2.045e-03  0.000e+00  7.138e+01  2.698e+03  2.766e+03  7.053e+02  7.733e+02
  11  2.623e+04  2.905e+04  5.825e+01  7.137e+03  1.000e-09  1.000e-09  0.5000  1.805e-03  0.000e+00  5.825e+01  2.389e+03  1.695e+03  2.707e+03  2.331e+03
  12  2.564e+04  2.641e+04  3.188e+01  2.391e+03  1.000e-09  1.000e-09  0.5000  7.753e-04  0.000e+00  3.188e+01  6.427e+02  5.919e+02  9.619e+02  1.230e+03
  13  2.508e+04  2.619e+04  2.899e+01  2.366e+03  1.000e-09  1.000e-09  1.0000  1.416e-03  0.000e+00  2.899e+01  8.587e+02  5.649e+02  9.700e+02  6.762e+02
  14  2.373e+04  2.433e+04  8.897e+00  2.156e+03  1.000e-09  1.000e-09  1.0000  1.271e-03  0.000e+00  8.896e+00  1.375e+03  1.351e+03  2.737e+03  2.712e+03
  15  2.353e+04  2.377e+04  4.690e+00  5.946e+02  1.000e-09  1.000e-09  0.5000  1.290e-03  0.000e+00  4.689e+00  2.275e+02  1.937e+02  3.340e+02  4.067e+02
  16  2.349e+04  2.360e+04  3.531e+00  2.069e+02  1.000e-09  1.000e-09  0.2500  9.855e-04  0.000e+00  3.530e+00  4.542e+01  4.253e+01  5.478e+01  7.994e+01
  17  2.342e+04  2.344e+04  5.468e-01  1.316e+02  1.000e-09  1.000e-09  1.0000  2.226e-04  0.000e+00  5.466e-01  6.814e+01  6.809e+01  1.504e+02  1.504e+02
  18  2.341e+04  2.341e+04  6.500e-02  2.206e+01  1.000e-09  1.000e-09  1.0000  3.552e-05  0.000e+00  6.496e-02  1.657e+01  1.659e+01  3.742e+01  3.745e+01
  19  2.340e+04  2.341e+04  4.428e-02  6.114e+00  1.000e-09  1.000e-09  1.0000  4.613e-06  0.000e+00  4.428e-02  4.307e+00  4.224e+00  6.268e+00  6.185e+00
iter    cost       merit      stop      |grad|      preg       dreg      step   ||ffeas||  ||gfeas||  ||hfeas||   dV-exp       dV      dPhi-exp     dPhi
  20  2.340e+04  2.340e+04  2.166e-02  3.135e+00  1.000e-09  1.000e-09  1.0000  8.120e-07  0.000e+00  2.166e-02  2.112e+00  2.106e+00  3.653e+00  3.647e+00
  21  2.340e+04  2.340e+04  1.228e-02  1.430e+00  1.000e-09  1.000e-09  1.0000  5.745e-07  0.000e+00  1.228e-02  9.625e-01  9.586e-01  1.558e+00  1.554e+00
  22  2.340e+04  2.340e+04  9.350e-03  8.394e-01  1.000e-09  1.000e-09  1.0000  5.683e-07  0.000e+00  9.349e-03  5.245e-01  5.208e-01  7.033e-01  6.996e-01
  23  2.340e+04  2.340e+04  6.668e-03  5.641e-01  1.000e-09  1.000e-09  1.0000  1.016e-06  0.000e+00  6.667e-03  3.006e-01  2.977e-01  4.237e-01  4.208e-01
  24  2.340e+04  2.340e+04  8.329e-03  4.678e-01  1.000e-09  1.000e-09  1.0000  1.130e-06  0.000e+00  8.328e-03  1.876e-01  1.825e-01  1.208e-01  1.158e-01
  25  2.340e+04  2.340e+04  7.729e-03  4.920e-01  1.000e-09  1.000e-09  1.0000  1.877e-06  0.000e+00  7.727e-03  1.399e-01  1.343e-01  1.543e-01  1.487e-01
  26  2.340e+04  2.340e+04  7.417e-03  6.124e-01  1.000e-09  1.000e-09  0.5000  1.468e-06  0.000e+00  7.415e-03  1.854e-01  1.831e-01  1.891e-01  1.905e-01
  27  2.340e+04  2.340e+04  4.115e-04  2.736e-01  1.000e-09  1.000e-09  1.0000  5.599e-08  0.000e+00  4.114e-04 -2.926e-01 -2.927e-01 -2.089e-01 -2.090e-01
  28  2.340e+04  2.340e+04  3.981e-04  3.439e-02  1.000e-09  1.000e-09  1.0000  3.447e-08  0.000e+00  3.981e-04  1.937e-02  1.915e-02  2.027e-02  2.005e-02
  29  2.340e+04  2.340e+04  3.740e-04  2.681e-02  1.000e-09  1.000e-09  1.0000  7.569e-08  0.000e+00  3.739e-04  1.189e-02  1.170e-02  1.292e-02  1.273e-02
iter    cost       merit      stop      |grad|      preg       dreg      step   ||ffeas||  ||gfeas||  ||hfeas||   dV-exp       dV      dPhi-exp     dPhi
  30  2.340e+04  2.340e+04  5.926e-04  2.618e-02  1.000e-09  1.000e-09  1.0000  7.891e-08  0.000e+00  5.925e-04  8.250e-03  7.909e-03  1.360e-03  1.019e-03
  31  2.340e+04  2.340e+04  5.652e-04  3.122e-02  1.000e-08  1.000e-08  1.0000  1.280e-07  0.000e+00  5.651e-04  7.186e-03  6.774e-03  7.660e-03  7.248e-03
  32  2.340e+04  2.340e+04  5.724e-04  4.154e-02  1.000e-07  1.000e-07  0.5000  1.044e-07  0.000e+00  5.723e-04  1.231e-02  1.214e-02  1.224e-02  1.200e-02
  33  2.340e+04  2.340e+04  1.802e-05  2.104e-02  2.000e-08  2.000e-08  1.0000  3.407e-09  0.000e+00  1.801e-05 -2.191e-02 -2.192e-02 -1.652e-02 -1.652e-02
  34  2.340e+04  2.340e+04  1.912e-05  1.562e-03  4.000e-09  4.000e-09  1.0000  2.475e-09  0.000e+00  1.912e-05  7.634e-04  7.501e-04  6.965e-04  6.833e-04
  35  2.340e+04  2.340e+04  2.162e-05  1.411e-03  4.000e-08  4.000e-08  1.0000  4.866e-09  0.000e+00  2.161e-05  5.073e-04  4.941e-04  4.128e-04  3.995e-04
  36  2.340e+04  2.340e+04  1.583e-05  1.573e-03  4.000e-07  4.000e-07  0.5000  3.468e-09  0.000e+00  1.582e-05  4.931e-04  4.874e-04  5.696e-04  6.405e-04
  37  2.340e+04  2.340e+04  1.944e-06  5.413e-04  4.000e-06  4.000e-06  1.0000  1.795e-10  0.000e+00  1.944e-06 -6.172e-04 -6.175e-04 -4.337e-04 -4.341e-04
  38  2.340e+04  2.340e+04  1.452e-06  1.369e-04  4.000e-05  4.000e-05  1.0000  7.003e-11  0.000e+00  1.452e-06  8.626e-05  8.566e-05  1.174e-04  1.168e-04
  39  2.340e+04  2.340e+04  6.683e-07  7.816e-05  4.000e-04  4.000e-04  1.0000  2.029e-10  0.000e+00  6.681e-07  4.685e-05  4.673e-05  8.298e-05  8.286e-05
iter    cost       merit      stop      |grad|      preg       dreg      step   ||ffeas||  ||gfeas||  ||hfeas||   dV-exp       dV      dPhi-exp     dPhi
  40  2.340e+04  2.340e+04  2.519e-07  2.617e-05  4.000e-03  4.000e-03  1.0000  5.051e-11  0.000e+00  2.519e-07  1.546e-05  1.537e-05  2.922e-05  2.913e-05
  41  2.340e+04  2.340e+04  9.935e-09  4.544e-06  4.000e-02  4.000e-02  1.0000  5.351e-12  0.000e+00  9.929e-09  3.778e-06  3.780e-06  8.962e-06  8.964e-06
*** SOLVE jumping (HybridShoot: 8) ***
iter    cost       merit      stop      |grad|      preg       dreg      step   ||ffeas||  ||gfeas||  ||hfeas||   dV-exp       dV      dPhi-exp     dPhi
   0  1.332e+06  1.935e+07  6.616e+02  1.814e+07  1.000e-09  1.000e-09  1.0000  2.417e+00  0.000e+00  6.592e+02  9.027e+06  7.737e+06  3.906e+06  2.615e+06
   1  9.045e+04  6.063e+06  4.386e+02  2.631e+06  1.000e-09  1.000e-09  1.0000  1.041e+00  0.000e+00  4.376e+02  1.316e+06  1.242e+06  4.352e+06  4.278e+06
   2  9.787e+04  2.357e+06  3.318e+02  1.571e+05  1.000e-09  1.000e-09  1.0000  5.276e-01  0.000e+00  3.312e+02  6.375e+04 -7.411e+03  7.912e+05  7.201e+05
   3  8.525e+04  8.304e+05  2.189e+02  1.480e+05  1.000e-09  1.000e-09  1.0000  8.036e-02  0.000e+00  2.188e+02  7.001e+04  1.262e+04  4.542e+05  3.968e+05
   4  4.263e+04  3.347e+05  1.716e+02  1.284e+05  1.000e-09  1.000e-09  0.5000  3.628e-02  0.000e+00  1.715e+02  4.740e+04  4.262e+04  8.768e+04  1.232e+05
   5  8.797e+04  1.741e+05  1.012e+02  3.500e+04  1.000e-09  1.000e-09  1.0000  2.430e-02  0.000e+00  1.011e+02  1.398e+04 -4.533e+04  7.390e+04  1.459e+04
   6  4.828e+04  9.027e+04  4.734e+01  1.251e+05  1.000e-09  1.000e-09  1.0000  3.275e-02  0.000e+00  4.730e+01  6.281e+04  3.968e+04  1.105e+05  8.742e+04
   7  3.591e+04  8.463e+04  6.980e+01  4.701e+04  1.000e-09  1.000e-09  1.0000  6.340e-02  0.000e+00  6.973e+01  2.313e+04  1.237e+04  7.453e+03 -3.306e+03
   8  2.576e+04  3.504e+04  2.658e+01  2.436e+04  1.000e-09  1.000e-09  1.0000  1.415e-02  0.000e+00  2.657e+01  1.214e+04  1.015e+04  2.723e+04  2.523e+04
   9  2.569e+04  2.912e+04  1.966e+01  5.477e+03  1.000e-09  1.000e-09  0.2500  1.055e-02  0.000e+00  1.965e+01  1.192e+03  7.102e+01  1.494e+03  1.279e+03
iter    cost       merit      stop      |grad|      preg       dreg      step   ||ffeas||  ||gfeas||  ||hfeas||   dV-exp       dV      dPhi-exp     dPhi
  10  2.513e+04  2.758e+04  1.469e+01  4.757e+03  1.000e-09  1.000e-09  0.2500  7.875e-03  0.000e+00  1.468e+01  1.035e+03  5.595e+02  1.242e+03  1.388e+03
  11  2.447e+04  2.571e+04  7.260e+00  3.654e+03  1.000e-09  1.000e-09  0.5000  3.886e-03  0.000e+00  7.256e+00  1.353e+03  6.650e+02  1.988e+03  1.936e+03
  12  2.390e+04  2.403e+04  6.336e-01  2.110e+03  1.000e-09  1.000e-09  1.0000  6.218e-04  0.000e+00  6.329e-01  1.020e+03  5.615e+02  2.351e+03  1.892e+03
  13  2.393e+04  2.480e+04  5.433e-01  1.406e+03  1.000e-09  1.000e-09  0.1250  5.437e-04  0.000e+00  5.428e-01  1.649e+02 -2.631e+01  1.828e+02  1.173e+02
  14  2.341e+04  2.359e+04  1.357e-01  1.037e+03  1.000e-09  1.000e-09  1.0000  6.078e-05  0.000e+00  1.357e-01  5.201e+02  5.226e+02  1.077e+03  1.080e+03
  15  2.340e+04  2.349e+04  1.274e-01  1.365e+01  1.000e-09  1.000e-09  0.5000  3.952e-05  0.000e+00  1.274e-01  4.420e+00  4.280e+00  7.274e+00  9.987e+00
  16  2.341e+04  2.343e+04  6.177e-02  1.329e+01  1.000e-09  1.000e-09  0.5000  1.839e-05  0.000e+00  6.175e-02  4.388e+00 -3.941e+00  1.561e+01  1.849e+01
  17  2.340e+04  2.340e+04  1.535e-02  2.335e+01  1.000e-09  1.000e-09  1.0000  6.432e-06  0.000e+00  1.535e-02  1.049e+01  8.944e+00  2.176e+01  2.021e+01
  18  2.340e+04  2.340e+04  2.805e-03  2.207e+00  1.000e-09  1.000e-09  1.0000  7.446e-07  0.000e+00  2.805e-03  1.199e+00  1.198e+00  2.722e+00  2.720e+00
  19  2.340e+04  2.340e+04  1.364e-03  1.890e-01  1.000e-09  1.000e-09  1.0000  4.104e-07  0.000e+00  1.364e-03  1.292e-01  1.293e-01  2.240e-01  2.242e-01
iter    cost       merit      stop      |grad|      preg       dreg      step   ||ffeas||  ||gfeas||  ||hfeas||   dV-exp       dV      dPhi-exp     dPhi
  20  2.340e+04  2.340e+04  8.590e-04  1.036e-01  1.000e-09  1.000e-09  1.0000  2.236e-07  0.000e+00  8.588e-04  6.888e-02  6.863e-02  1.053e-01  1.051e-01
  21  2.340e+04  2.340e+04  6.451e-04  6.097e-02  1.000e-09  1.000e-09  1.0000  8.131e-08  0.000e+00  6.450e-04  3.835e-02  3.834e-02  5.200e-02  5.199e-02
  22  2.340e+04  2.340e+04  3.875e-04  3.906e-02  1.000e-09  1.000e-09  1.0000  1.072e-07  0.000e+00  3.874e-04  2.157e-02  2.145e-02  3.387e-02  3.376e-02
  23  2.340e+04  2.340e+04  4.868e-04  2.983e-02  1.000e-09  1.000e-09  1.0000  1.212e-07  0.000e+00  4.867e-04  1.304e-02  1.290e-02  8.266e-03  8.125e-03
  24  2.340e+04  2.340e+04  4.523e-04  2.834e-02  1.000e-09  1.000e-09  1.0000  1.040e-07  0.000e+00  4.522e-04  8.882e-03  8.663e-03  9.782e-03  9.562e-03
  25  2.340e+04  2.340e+04  3.878e-04  3.285e-02  1.000e-08  1.000e-08  0.5000  1.120e-07  0.000e+00  3.877e-04  1.008e-02  9.981e-03  1.083e-02  1.150e-02
  26  2.340e+04  2.340e+04  3.278e-05  1.315e-02  2.000e-09  2.000e-09  1.0000  9.785e-09  0.000e+00  3.277e-05 -1.447e-02 -1.447e-02 -1.029e-02 -1.030e-02
  27  2.340e+04  2.340e+04  2.687e-05  2.397e-03  1.000e-09  1.000e-09  1.0000  7.378e-09  0.000e+00  2.686e-05  1.448e-03  1.436e-03  1.821e-03  1.809e-03
  28  2.340e+04  2.340e+04  2.094e-05  1.705e-03  1.000e-08  1.000e-08  1.0000  4.034e-09  0.000e+00  2.093e-05  8.589e-04  8.510e-04  1.130e-03  1.122e-03
  29  2.340e+04  2.340e+04  2.862e-05  1.491e-03  1.000e-07  1.000e-07  1.0000  8.657e-09  0.000e+00  2.861e-05  5.529e-04  5.354e-04  2.629e-04  2.453e-04
iter    cost       merit      stop      |grad|      preg       dreg      step   ||ffeas||  ||gfeas||  ||hfeas||   dV-exp       dV      dPhi-exp     dPhi
  30  2.340e+04  2.340e+04  2.470e-05  1.637e-03  1.000e-06  1.000e-06  1.0000  7.199e-09  0.000e+00  2.469e-05  4.340e-04  4.152e-04  5.190e-04  5.001e-04
  31  2.340e+04  2.340e+04  2.625e-05  2.050e-03  1.000e-05  1.000e-05  0.5000  6.410e-09  0.000e+00  2.625e-05  6.163e-04  6.084e-04  5.977e-04  5.711e-04
  32  2.340e+04  2.340e+04  1.096e-06  9.757e-04  1.000e-04  1.000e-04  1.0000  3.207e-10  0.000e+00  1.096e-06 -1.027e-03 -1.027e-03 -7.242e-04 -7.243e-04
  33  2.340e+04  2.340e+04  6.955e-07  7.577e-05  1.000e-03  1.000e-03  1.0000  2.237e-10  0.000e+00  6.953e-07  4.900e-05  4.876e-05  7.459e-05  7.434e-05
  34  2.340e+04  2.340e+04  7.738e-08  2.149e-05  1.000e-02  1.000e-02  1.0000  3.505e-11  0.000e+00  7.735e-08  1.646e-05  1.650e-05  3.736e-05  3.740e-05
  35  2.340e+04  2.340e+04  4.289e-09  3.793e-06  1.000e-01  1.000e-01  1.0000  1.011e-12  0.000e+00  4.288e-09  3.568e-06  3.567e-06  8.382e-06  8.382e-06
*** SOLVE jumping (OdynSQP) ***
iter    cost       merit      stop      |grad|      preg       dreg      step   ||ffeas||  ||gfeas||  ||hfeas||   dV-exp       dV      dPhi-exp     dPhi
   0  5.925e+05  2.788e+07  6.659e+02  2.745e+07  1.000e-09  1.000e-09  1.0000  3.367e-01  5.689e-05  6.656e+02  1.369e+07  1.314e+07  5.950e+06  5.399e+06
   1  2.742e+05  1.128e+07  5.372e+02  1.159e+06  1.000e-09  1.000e-09  1.0000  2.262e-01  4.321e-05  5.370e+02  5.805e+05  3.183e+05  3.218e+06  2.955e+06
   2  3.012e+04  2.904e+06  2.805e+02  5.284e+05  1.000e-09  1.000e-09  1.0000  4.926e-02  3.575e-04  2.805e+02  2.503e+05  2.441e+05  2.881e+06  2.874e+06
   3  2.075e+04  9.592e+05  1.832e+02  3.203e+04  1.000e-09  1.000e-09  0.5000  3.190e-02  1.675e-03  1.832e+02  1.053e+04  9.365e+03  2.598e+05  5.079e+05
   4  2.878e+04  1.720e+05  5.592e+01  2.516e+03  1.000e-09  1.000e-09  1.0000  5.354e-03  1.378e-03  5.592e+01 -7.959e+03 -8.028e+03  3.180e+05  3.180e+05
   5  2.496e+04  7.195e+04  3.669e+01  5.436e+03  1.000e-09  1.000e-09  1.0000  5.724e-04  0.000e+00  3.669e+01  3.803e+03  3.815e+03  2.844e+04  2.845e+04
   6  2.412e+04  3.696e+04  2.006e+01  1.301e+03  1.000e-09  1.000e-09  1.0000  8.850e-05  7.889e-05  2.006e+01  8.417e+02  8.461e+02  1.149e+04  1.149e+04
   7  2.387e+04  2.477e+04  2.815e+00  3.809e+02  1.000e-09  1.000e-09  1.0000  1.112e-04  4.903e-04  2.815e+00  2.495e+02  2.506e+02  5.770e+03  5.772e+03
   8  2.381e+04  2.408e+04  1.706e+00  1.008e+02  1.000e-09  1.000e-09  1.0000  1.248e-05  1.457e-13  1.706e+00  6.149e+01  6.158e+01  2.391e+02  2.392e+02
   9  2.377e+04  2.386e+04  1.175e+00  6.745e+01  1.000e-09  1.000e-09  1.0000  1.228e-05  3.271e-04  1.174e+00  3.938e+01  3.914e+01  8.188e+01  8.165e+01
iter    cost       merit      stop      |grad|      preg       dreg      step   ||ffeas||  ||gfeas||  ||hfeas||   dV-exp       dV      dPhi-exp     dPhi
  10  2.372e+04  2.384e+04  1.503e+00  1.079e+02  1.000e-09  1.000e-09  0.5000  8.332e-06  1.635e-04  1.503e+00  4.348e+01  4.321e+01  3.031e+01  1.687e+01
  11  2.367e+04  2.381e+04  1.887e+00  1.319e+02  1.000e-09  1.000e-09  0.5000  9.084e-06  8.175e-05  1.886e+00  5.248e+01  5.215e+01  3.824e+01  2.368e+01
  12  2.360e+04  2.379e+04  2.411e+00  1.720e+02  1.000e-09  1.000e-09  0.5000  1.177e-05  3.935e-05  2.411e+00  6.814e+01  6.768e+01  4.819e+01  2.777e+01
  13  2.352e+04  2.374e+04  2.964e+00  2.147e+02  1.000e-09  1.000e-09  0.5000  1.556e-05  2.077e-05  2.964e+00  8.502e+01  8.442e+01  6.449e+01  4.335e+01
  14  2.342e+04  2.366e+04  3.361e+00  2.494e+02  1.000e-09  1.000e-09  0.5000  1.948e-05  4.779e-06  3.361e+00  9.887e+01  9.819e+01  8.488e+01  7.021e+01
  15  2.332e+04  2.355e+04  3.497e+00  2.685e+02  1.000e-09  1.000e-09  0.5000  2.248e-05  6.253e-05  3.497e+00  1.067e+02  1.060e+02  1.021e+02  9.687e+01
  16  2.321e+04  2.343e+04  3.366e+00  2.693e+02  1.000e-09  1.000e-09  0.5000  2.389e-05  2.028e-04  3.366e+00  1.073e+02  1.066e+02  1.115e+02  1.152e+02
  17  2.306e+04  2.341e+04  5.441e+00  2.553e+02  1.000e-09  1.000e-09  1.0000  4.666e-05  1.590e-09  5.441e+00  1.525e+02  1.502e+02  1.816e+01  1.586e+01
  18  2.289e+04  2.302e+04  3.043e+00  2.561e+02  1.000e-09  1.000e-09  1.0000  3.402e-05  1.209e-04  3.043e+00  1.737e+02  1.726e+02  2.831e+02  2.820e+02
  19  2.276e+04  2.287e+04  1.872e+00  1.866e+02  1.000e-09  1.000e-09  1.0000  2.847e-05  6.811e-04  1.871e+00  1.279e+02  1.272e+02  1.982e+02  1.975e+02
iter    cost       merit      stop      |grad|      preg       dreg      step   ||ffeas||  ||gfeas||  ||hfeas||   dV-exp       dV      dPhi-exp     dPhi
  20  2.267e+04  2.274e+04  1.082e+00  1.247e+02  1.000e-09  1.000e-09  1.0000  1.578e-05  1.829e-04  1.082e+00  8.627e+01  8.584e+01  1.383e+02  1.378e+02
  21  2.262e+04  2.267e+04  6.758e-01  7.812e+01  1.000e-09  1.000e-09  1.0000  1.098e-05  2.953e-05  6.758e-01  5.429e+01  5.406e+01  8.342e+01  8.319e+01
  22  2.259e+04  2.262e+04  4.324e-01  4.820e+01  1.000e-09  1.000e-09  1.0000  6.069e-06  1.119e-04  4.323e-01  3.335e+01  3.323e+01  5.051e+01  5.039e+01
  23  2.256e+04  2.258e+04  2.776e-01  3.138e+01  1.000e-09  1.000e-09  1.0000  2.878e-06  1.507e-04  2.774e-01  2.170e+01  2.162e+01  3.280e+01  3.272e+01
  24  2.255e+04  2.256e+04  1.741e-01  1.986e+01  1.000e-09  1.000e-09  1.0000  2.454e-06  1.660e-05  1.741e-01  1.389e+01  1.385e+01  2.129e+01  2.125e+01
  25  2.254e+04  2.255e+04  1.035e-01  1.182e+01  1.000e-09  1.000e-09  1.0000  1.067e-06  1.974e-04  1.033e-01  8.233e+00  8.201e+00  1.300e+01  1.297e+01
  26  2.254e+04  2.254e+04  5.510e-02  6.791e+00  1.000e-09  1.000e-09  1.0000  1.328e-06  1.716e-10  5.510e-02  4.702e+00  4.692e+00  7.844e+00  7.834e+00
  27  2.253e+04  2.254e+04  3.120e-02  3.878e+00  1.000e-09  1.000e-09  1.0000  3.690e-07  5.631e-13  3.120e-02  2.643e+00  2.632e+00  4.281e+00  4.270e+00
  28  2.253e+04  2.253e+04  1.254e-02  2.274e+00  1.000e-09  1.000e-09  1.0000  8.469e-07  2.582e-04  1.228e-02  1.486e+00  1.486e+00  2.756e+00  2.756e+00
  29  2.253e+04  2.253e+04  1.026e-02  1.414e+00  1.000e-09  1.000e-09  1.0000  2.941e-07  2.558e-13  1.026e-02  8.351e-01  8.311e-01  1.052e+00  1.048e+00
iter    cost       merit      stop      |grad|      preg       dreg      step   ||ffeas||  ||gfeas||  ||hfeas||   dV-exp       dV      dPhi-exp     dPhi
  30  2.253e+04  2.253e+04  7.025e-03  1.027e+00  1.000e-09  1.000e-09  1.0000  7.235e-07  9.828e-11  7.025e-03  4.950e-01  4.976e-01  7.178e-01  7.205e-01
  31  2.253e+04  2.253e+04  1.107e-02  9.175e-01  1.000e-09  1.000e-09  1.0000  3.545e-07  1.376e-13  1.107e-02  3.163e-01  3.155e-01  5.620e-02  5.543e-02
  32  2.253e+04  2.253e+04  9.039e-03  1.033e+00  1.000e-09  1.000e-09  0.5000  3.254e-07  1.190e-13  9.039e-03  3.209e-01  3.220e-01  3.538e-01  3.878e-01
  33  2.253e+04  2.253e+04  1.045e-03  3.798e-01  1.000e-09  1.000e-09  1.0000  1.561e-08  1.279e-13  1.045e-03 -4.278e-01 -4.283e-01 -2.984e-01 -2.988e-01
  34  2.253e+04  2.253e+04  4.075e-04  8.591e-02  1.000e-09  1.000e-09  1.0000  3.805e-08  1.226e-13  4.075e-04  5.324e-02  5.329e-02  9.964e-02  9.969e-02
  35  2.253e+04  2.253e+04  5.348e-04  5.775e-02  1.000e-09  1.000e-09  1.0000  1.472e-08  3.784e-13  5.348e-04  3.002e-02  2.988e-02  1.662e-02  1.648e-02
  36  2.253e+04  2.253e+04  6.052e-04  4.857e-02  1.000e-09  1.000e-09  1.0000  3.590e-08  2.576e-13  6.052e-04  1.878e-02  1.894e-02  1.508e-02  1.524e-02
  37  2.253e+04  2.253e+04  7.478e-04  5.129e-02  1.000e-09  1.000e-09  1.0000  2.268e-08  8.715e-14  7.478e-04  1.357e-02  1.357e-02  9.001e-03  9.003e-03
  38  2.253e+04  2.253e+04  7.100e-04  6.482e-02  1.000e-09  1.000e-09  0.5000  2.040e-08  1.228e-13  7.100e-04  1.941e-02  1.947e-02  1.987e-02  2.040e-02
  39  2.253e+04  2.253e+04  3.048e-05  3.076e-02  1.000e-09  1.000e-09  1.0000  7.787e-10  4.068e-13  3.047e-05 -3.263e-02 -3.265e-02 -2.431e-02 -2.432e-02
iter    cost       merit      stop      |grad|      preg       dreg      step   ||ffeas||  ||gfeas||  ||hfeas||   dV-exp       dV      dPhi-exp     dPhi
  40  2.253e+04  2.253e+04  1.693e-05  3.327e-03  1.000e-09  1.000e-09  1.0000  1.861e-09  3.997e-13  1.693e-05  1.829e-03  1.834e-03  2.990e-03  2.995e-03
  41  2.253e+04  2.253e+04  9.389e-06  2.612e-03  1.000e-08  1.000e-08  0.5000  8.788e-10  3.464e-13  9.388e-06  9.220e-04  9.209e-04  1.265e-03  1.606e-03
  42  2.253e+04  2.253e+04  7.530e-06  7.303e-05  1.000e-07  1.000e-07  1.0000  1.861e-10  2.789e-13  7.530e-06 -2.208e-04 -2.219e-04 -1.364e-04 -1.375e-04
  43  2.253e+04  2.253e+04  4.144e-06  5.317e-04  1.000e-06  1.000e-06  1.0000  4.745e-11  2.363e-13  4.144e-06  3.633e-04  3.620e-04  5.968e-04  5.954e-04
  44  2.253e+04  2.253e+04  1.378e-06  3.016e-04  1.000e-05  1.000e-05  1.0000  1.124e-10  2.185e-13  1.378e-06  1.952e-04  1.952e-04  3.813e-04  3.813e-04
  45  2.253e+04  2.253e+04  1.529e-06  1.861e-04  1.000e-04  1.000e-04  1.0000  4.132e-11  1.918e-13  1.529e-06  1.065e-04  1.060e-04  8.987e-05  8.938e-05
  46  2.253e+04  2.253e+04  9.916e-07  1.161e-04  1.000e-03  1.000e-03  1.0000  8.181e-11  1.776e-13  9.915e-07  6.205e-05  6.236e-05  9.321e-05  9.352e-05
  47  2.253e+04  2.253e+04  4.106e-07  2.325e-05  1.000e-02  1.000e-02  1.0000  2.040e-11  1.652e-13  4.106e-07  4.864e-06  4.818e-06  2.171e-05  2.166e-05
  48  2.253e+04  2.253e+04  4.638e-09  1.803e-05  1.000e-01  1.000e-01  1.0000  1.544e-11  1.492e-13  4.623e-09 -1.879e-05 -1.878e-05 -1.291e-05 -1.290e-05

*** SOLVE walking (FeasShoot) ***
iter    cost       merit      stop      |grad|      preg       dreg      step   ||ffeas||  ||gfeas||  ||hfeas||   dV-exp       dV      dPhi-exp     dPhi
   0  2.770e+07  1.273e+08  3.895e+00  7.231e+07  1.000e-09  1.000e-09  0.1250  3.449e-02  0.000e+00  3.861e+00  8.474e+06  8.468e+06  2.477e+06 -3.950e+07
   1  1.561e+07  1.015e+08  6.718e+00  5.538e+07  1.000e-09  1.000e-09  0.2500  2.587e-02  0.000e+00  6.692e+00  1.211e+07  1.209e+07  3.089e+06 -2.401e+07
   2  1.195e+07  5.512e+07  6.751e+00  3.119e+07  1.000e-09  1.000e-09  0.1250  2.263e-02  0.000e+00  6.729e+00  3.655e+06  3.655e+06  3.629e+06  3.443e+06
   3  6.738e+06  4.148e+07  1.087e+01  2.388e+07  1.000e-09  1.000e-09  0.2500  1.698e-02  0.000e+00  1.085e+01  5.224e+06  5.213e+06  1.935e+06 -7.942e+06
   4  5.161e+06  2.576e+07  1.289e+01  1.345e+07  1.000e-09  1.000e-09  0.1250  1.485e-02  0.000e+00  1.287e+01  1.576e+06  1.577e+06  1.172e+06 -1.653e+06
   5  1.302e+06  1.671e+07  1.927e+01  1.030e+07  1.000e-09  1.000e-09  0.5000  7.427e-03  0.000e+00  1.926e+01  3.861e+06  3.858e+06  1.309e+06 -1.245e+06
   6  3.739e+04  3.702e+06  3.449e+01  2.580e+06  1.000e-09  1.000e-09  1.0000  0.000e+00  0.000e+00  9.170e+00  1.289e+06  1.265e+06  5.326e+06  5.302e+06
   7  2.032e+04  9.604e+05  4.705e+00  4.896e+04  1.000e-09  1.000e-09  1.0000  0.000e+00  0.000e+00  4.705e+00  2.446e+04  1.707e+04  9.166e+05  9.092e+05
   8  1.584e+04  2.744e+05  2.588e+00  1.474e+04  1.000e-09  1.000e-09  0.5000  4.337e-19  0.000e+00  2.588e+00  5.531e+03  4.475e+03  1.113e+05  2.160e+05
   9  1.303e+04  7.034e+04  1.147e+00  5.692e+03  1.000e-09  1.000e-09  1.0000  0.000e+00  0.000e+00  1.147e+00  2.850e+03  2.810e+03  7.480e+04  7.476e+04
iter    cost       merit      stop      |grad|      preg       dreg      step   ||ffeas||  ||gfeas||  ||hfeas||   dV-exp       dV      dPhi-exp     dPhi
  10  1.303e+04  3.240e+04  7.755e-01  2.798e+02  1.000e-09  1.000e-09  0.5000  1.735e-18  0.000e+00  7.755e-01  1.049e+02  3.859e+00  4.748e+03  9.290e+03
  11  1.291e+04  1.616e+04  2.601e-01  2.325e+02  1.000e-09  1.000e-09  1.0000  0.000e+00  0.000e+00  2.601e-01  1.163e+02  1.173e+02  6.553e+03  6.554e+03
  12  1.292e+04  1.332e+04  6.438e-02  1.922e+01  1.000e-09  1.000e-09  1.0000  0.000e+00  0.000e+00  6.438e-02  9.673e+00 -6.739e+00  1.232e+03  1.215e+03
  13  1.290e+04  1.293e+04  1.002e-02  3.165e+01  1.000e-09  1.000e-09  1.0000  0.000e+00  0.000e+00  1.002e-02  1.581e+01  1.592e+01  1.855e+02  1.856e+02
  14  1.290e+04  1.290e+04  1.247e-04  6.112e-01  1.000e-09  1.000e-09  1.0000  0.000e+00  0.000e+00  1.247e-04  3.062e-01  3.063e-01  1.575e+01  1.575e+01
  15  1.290e+04  1.290e+04  8.967e-07  1.191e-04  1.000e-09  1.000e-09  1.0000  0.000e+00  0.000e+00  8.967e-07  7.328e-05  7.329e-05  9.666e-02  9.666e-02
  16  1.290e+04  1.290e+04  2.456e-08  7.029e-07  1.000e-09  1.000e-09  1.0000  0.000e+00  0.000e+00  2.456e-08 -1.790e-06 -1.873e-06  3.386e-04  3.385e-04
  17  1.290e+04  1.290e+04  1.365e-09  1.374e-08  1.000e-08  1.000e-08  1.0000  0.000e+00  0.000e+00  1.365e-09 -5.226e-08 -6.318e-08  4.473e-06  4.462e-06
*** SOLVE walking (MultiShoot) ***
iter    cost       merit      stop      |grad|      preg       dreg      step   ||ffeas||  ||gfeas||  ||hfeas||   dV-exp       dV      dPhi-exp     dPhi
   0  2.770e+07  1.285e+08  3.941e+00  7.231e+07  1.000e-09  1.000e-09  0.1250  6.508e-02  0.000e+00  3.876e+00  8.474e+06  8.467e+06  2.331e+06 -4.068e+07
   1  1.561e+07  1.038e+08  6.897e+00  5.538e+07  1.000e-09  1.000e-09  0.2500  1.523e-01  0.000e+00  6.745e+00  1.211e+07  1.209e+07  2.664e+06 -2.571e+07
   2  1.195e+07  5.624e+07  6.927e+00  3.120e+07  1.000e-09  1.000e-09  0.1250  1.519e-01  0.000e+00  6.775e+00  3.656e+06  3.656e+06  3.632e+06  3.467e+06
   3  6.738e+06  4.347e+07  1.149e+01  2.388e+07  1.000e-09  1.000e-09  0.2500  1.742e-01  0.000e+00  1.131e+01  5.224e+06  5.214e+06  1.578e+06 -9.370e+06
   4  5.161e+06  2.658e+07  1.340e+01  1.345e+07  1.000e-09  1.000e-09  0.1250  1.615e-01  0.000e+00  1.324e+01  1.576e+06  1.577e+06  1.194e+06 -1.478e+06
   5  2.908e+06  1.374e+07  1.355e+01  1.030e+07  1.000e-09  1.000e-09  0.2500  1.487e-01  0.000e+00  1.340e+01  2.252e+06  2.253e+06  2.222e+06  2.132e+06
   6  3.391e+04  6.988e+06  8.535e+01  5.789e+06  1.000e-09  1.000e-09  1.0000  2.359e-01  0.000e+00  1.717e+01  2.894e+06  2.874e+06  1.355e+06  1.335e+06
   7  2.217e+04  9.870e+05  4.829e+00  4.236e+04  1.000e-09  1.000e-09  1.0000  8.889e-03  0.000e+00  4.820e+00  2.106e+04  1.173e+04  2.533e+06  2.524e+06
   8  1.648e+04  3.116e+05  2.954e+00  1.863e+04  1.000e-09  1.000e-09  0.5000  3.289e-03  0.000e+00  2.951e+00  6.985e+03  5.696e+03  1.006e+05  1.929e+05
   9  1.295e+04  5.335e+04  8.088e-01  7.046e+03  1.000e-09  1.000e-09  1.0000  1.949e-03  0.000e+00  8.068e-01  3.523e+03  3.531e+03  1.107e+05  1.107e+05
iter    cost       merit      stop      |grad|      preg       dreg      step   ||ffeas||  ||gfeas||  ||hfeas||   dV-exp       dV      dPhi-exp     dPhi
  10  1.346e+04  2.508e+04  4.653e-01  1.284e+02  1.000e-09  1.000e-09  1.0000  1.837e-04  0.000e+00  4.651e-01  6.396e+01 -5.100e+02  8.643e+03  8.069e+03
  11  1.292e+04  1.804e+04  4.099e-01  1.055e+03  1.000e-09  1.000e-09  1.0000  1.389e-04  0.000e+00  4.098e-01  5.276e+02  5.402e+02  1.219e+03  1.232e+03
  12  1.312e+04  1.471e+04  2.550e-01  8.937e+01  1.000e-09  1.000e-09  0.5000  4.705e-05  0.000e+00  2.550e-01  3.352e+01 -2.039e+02  5.171e+02  7.632e+02
  13  1.297e+04  1.341e+04  1.409e-01  3.945e+02  1.000e-09  1.000e-09  0.5000  2.205e-05  0.000e+00  1.409e-01  1.479e+02  1.479e+02  3.261e+02  5.043e+02
  14  1.291e+04  1.307e+04  1.026e-01  1.177e+02  1.000e-09  1.000e-09  1.0000  9.663e-06  0.000e+00  1.026e-01  5.885e+01  6.330e+01  1.186e+02  1.230e+02
  15  1.290e+04  1.296e+04  7.227e-02  1.824e+01  1.000e-09  1.000e-09  0.5000  7.081e-06  0.000e+00  7.226e-02  6.837e+00  6.836e+00  1.869e+01  3.055e+01
  16  1.290e+04  1.291e+04  3.002e-02  4.613e+00  1.000e-09  1.000e-09  1.0000  2.320e-06  0.000e+00  3.002e-02  2.309e+00  2.306e+00  1.880e+01  1.879e+01
  17  1.290e+04  1.290e+04  2.419e-05  1.753e-02  1.000e-09  1.000e-09  1.0000  4.674e-09  0.000e+00  2.418e-05  1.635e-02  1.630e-02  5.869e+00  5.869e+00
  18  1.290e+04  1.290e+04  1.890e-07  1.732e-04  1.000e-09  1.000e-09  1.0000  5.382e-11  0.000e+00  1.890e-07  1.500e-04  1.488e-04  2.491e-03  2.490e-03
  19  1.290e+04  1.290e+04  4.146e-08  5.092e-06  1.000e-08  1.000e-08  1.0000  1.349e-11  0.000e+00  4.145e-08  4.156e-06  4.043e-06  1.136e-05  1.124e-05
iter    cost       merit      stop      |grad|      preg       dreg      step   ||ffeas||  ||gfeas||  ||hfeas||   dV-exp       dV      dPhi-exp     dPhi
  20  1.290e+04  1.290e+04  3.891e-10  2.597e-07  1.000e-07  1.000e-07  1.0000  7.785e-13  0.000e+00  3.883e-10  2.059e-07  2.021e-07  1.208e-06  1.204e-06
*** SOLVE walking (HybridShoot: 11) ***
iter    cost       merit      stop      |grad|      preg       dreg      step   ||ffeas||  ||gfeas||  ||hfeas||   dV-exp       dV      dPhi-exp     dPhi
   0  2.770e+07  1.273e+08  3.895e+00  7.231e+07  1.000e-09  1.000e-09  0.1250  4.024e-02  0.000e+00  3.855e+00  8.474e+06  8.466e+06  2.477e+06 -3.951e+07
   1  1.561e+07  1.022e+08  6.773e+00  5.538e+07  1.000e-09  1.000e-09  0.2500  8.378e-02  0.000e+00  6.689e+00  1.211e+07  1.209e+07  2.915e+06 -2.471e+07
   2  1.195e+07  5.549e+07  6.809e+00  3.120e+07  1.000e-09  1.000e-09  0.1250  8.623e-02  0.000e+00  6.723e+00  3.656e+06  3.656e+06  3.627e+06  3.424e+06
   3  6.738e+06  4.162e+07  1.091e+01  2.388e+07  1.000e-09  1.000e-09  0.2500  8.265e-02  0.000e+00  1.083e+01  5.225e+06  5.214e+06  1.946e+06 -7.899e+06
   4  5.161e+06  2.581e+07  1.292e+01  1.345e+07  1.000e-09  1.000e-09  0.1250  7.719e-02  0.000e+00  1.284e+01  1.576e+06  1.577e+06  1.175e+06 -1.633e+06
   5  1.302e+06  1.692e+07  1.954e+01  1.030e+07  1.000e-09  1.000e-09  0.5000  5.243e-02  0.000e+00  1.948e+01  3.861e+06  3.859e+06  1.216e+06 -1.431e+06
   6  3.738e+04  3.583e+06  3.448e+01  2.579e+06  1.000e-09  1.000e-09  1.0000  3.373e-02  0.000e+00  8.839e+00  1.289e+06  1.265e+06  5.551e+06  5.527e+06
   7  2.032e+04  9.622e+05  4.714e+00  4.897e+04  1.000e-09  1.000e-09  1.0000  1.174e-03  0.000e+00  4.713e+00  2.445e+04  1.706e+04  8.554e+05  8.480e+05
   8  1.585e+04  2.747e+05  2.591e+00  1.475e+04  1.000e-09  1.000e-09  0.5000  5.703e-04  0.000e+00  2.590e+00  5.531e+03  4.471e+03  1.116e+05  2.166e+05
   9  1.303e+04  7.045e+04  1.149e+00  5.701e+03  1.000e-09  1.000e-09  1.0000  2.083e-04  0.000e+00  1.149e+00  2.854e+03  2.814e+03  7.487e+04  7.483e+04
iter    cost       merit      stop      |grad|      preg       dreg      step   ||ffeas||  ||gfeas||  ||hfeas||   dV-exp       dV      dPhi-exp     dPhi
  10  1.303e+04  3.243e+04  7.768e-01  2.802e+02  1.000e-09  1.000e-09  0.5000  8.767e-05  0.000e+00  7.767e-01  1.051e+02  4.030e+00  4.758e+03  9.310e+03
  11  1.291e+04  1.616e+04  2.602e-01  2.327e+02  1.000e-09  1.000e-09  1.0000  6.737e-06  0.000e+00  2.601e-01  1.165e+02  1.175e+02  6.568e+03  6.569e+03
  12  1.292e+04  1.332e+04  6.438e-02  1.920e+01  1.000e-09  1.000e-09  1.0000  3.950e-05  0.000e+00  6.435e-02  9.658e+00 -6.704e+00  1.232e+03  1.216e+03
  13  1.290e+04  1.293e+04  1.002e-02  3.160e+01  1.000e-09  1.000e-09  1.0000  1.642e-06  0.000e+00  1.002e-02  1.576e+01  1.587e+01  1.855e+02  1.856e+02
  14  1.290e+04  1.290e+04  1.247e-04  6.102e-01  1.000e-09  1.000e-09  1.0000  2.145e-08  0.000e+00  1.247e-04  3.052e-01  3.053e-01  1.575e+01  1.575e+01
  15  1.290e+04  1.290e+04  8.950e-07  5.950e-05  1.000e-09  1.000e-09  1.0000  2.006e-10  0.000e+00  8.948e-07  1.377e-05  1.397e-05  9.664e-02  9.664e-02
  16  1.290e+04  1.290e+04  2.411e-08  8.860e-07  1.000e-09  1.000e-09  1.0000  1.109e-11  0.000e+00  2.410e-08 -1.960e-06 -2.030e-06  3.379e-04  3.378e-04
  17  1.290e+04  1.290e+04  1.324e-09  2.278e-09  1.000e-08  1.000e-08  1.0000  8.614e-13  0.000e+00  1.323e-09 -6.202e-08 -7.148e-08  4.384e-06  4.374e-06
*** SOLVE walking (OdynSQP) ***
iter    cost       merit      stop      |grad|      preg       dreg      step   ||ffeas||  ||gfeas||  ||hfeas||   dV-exp       dV      dPhi-exp     dPhi
   0  1.526e+07  1.450e+08  8.195e+01  1.184e+08  1.000e-09  1.000e-09  0.5000  1.347e-01  1.992e+01  6.189e+01  4.441e+07  4.398e+07  2.185e+07 -1.147e+06
   1  3.862e+06  4.287e+07  4.927e+01  3.046e+07  1.000e-09  1.000e-09  0.5000  6.735e-02  9.960e+00  3.925e+01  1.143e+07  1.139e+07  2.436e+07  3.726e+07
   2  1.023e+06  1.475e+07  3.468e+01  7.685e+06  1.000e-09  1.000e-09  0.5000  3.368e-02  4.980e+00  2.966e+01  2.882e+06  2.839e+06  5.771e+06  8.615e+06
   3  3.289e+04  5.651e+06  3.062e+01  2.012e+06  1.000e-09  1.000e-09  1.0000  6.941e-02  8.405e-06  2.832e+01  1.007e+06  9.903e+05  2.252e+06  2.235e+06
   4  1.887e+04  9.832e+05  9.745e+00  3.359e+04  1.000e-09  1.000e-09  1.0000  7.142e-03  1.941e-04  9.738e+00  1.689e+04  1.402e+04  1.862e+06  1.859e+06
   5  1.795e+04  4.803e+05  9.345e+00  6.218e+03  1.000e-09  1.000e-09  0.5000  6.925e-03  1.356e-03  9.336e+00  2.316e+03  9.191e+02  1.223e+04  2.075e+04
   6  1.616e+04  2.493e+04  3.545e-01  3.709e+03  1.000e-09  1.000e-09  1.0000  1.226e-04  6.272e-12  3.544e-01  1.795e+03  1.791e+03  2.242e+05  2.242e+05
   7  1.616e+04  1.961e+04  2.785e-01  9.179e+00  1.000e-09  1.000e-09  1.0000  1.349e-04  3.597e-14  2.783e-01  3.089e+00 -4.491e-01  9.439e+02  9.404e+02
   8  1.616e+04  1.747e+04  2.114e-01  1.260e+01  1.000e-09  1.000e-09  0.5000  9.279e-05  7.138e-04  2.106e-01  4.476e+00  2.813e+00  2.117e+02  4.173e+02
   9  1.616e+04  1.618e+04  4.317e-03  9.400e-01  1.000e-09  1.000e-09  1.0000  3.298e-06  5.884e-14  4.314e-03 -1.363e+00 -1.479e+00  6.391e+02  6.389e+02
iter    cost       merit      stop      |grad|      preg       dreg      step   ||ffeas||  ||gfeas||  ||hfeas||   dV-exp       dV      dPhi-exp     dPhi
  10  1.616e+04  1.617e+04  4.031e-03  4.117e-01  1.000e-09  1.000e-09  0.5000  2.457e-06  6.484e-14  4.028e-03  1.497e-01  1.025e-01  3.712e-01  5.455e-01
  11  1.616e+04  1.616e+04  2.019e-04  2.418e-02  1.000e-09  1.000e-09  1.0000  8.775e-08  5.951e-14  2.018e-04 -3.258e-02 -3.595e-02  2.927e+00  2.924e+00
  12  1.616e+04  1.616e+04  1.667e-04  1.517e-02  1.000e-09  1.000e-09  0.5000  7.065e-08  5.618e-14  1.666e-04  5.683e-03  4.226e-03  1.248e-02  1.781e-02
  13  1.616e+04  1.616e+04  1.188e-05  4.710e-04  1.000e-09  1.000e-09  1.0000  2.297e-09  1.692e-13  1.187e-05 -1.040e-03 -1.145e-03  2.888e-02  2.878e-02
  14  1.616e+04  1.616e+04  7.959e-06  1.975e-03  1.000e-09  1.000e-09  1.0000  3.436e-09  2.087e-13  7.956e-06  1.659e-03  1.476e-03  2.440e-03  2.258e-03
  15  1.616e+04  1.616e+04  1.318e-05  1.058e-04  1.000e-08  1.000e-08  1.0000  5.588e-09  5.822e-14  1.318e-05 -2.663e-04 -5.622e-04 -7.876e-04 -1.083e-03
  16  1.616e+04  1.616e+04  2.152e-05  1.778e-03  1.000e-07  1.000e-07  1.0000  9.131e-09  3.353e-13  2.151e-05  1.206e-03  7.217e-04  1.168e-04 -3.674e-04
  17  1.616e+04  1.616e+04  3.509e-05  6.149e-04  1.000e-06  1.000e-06  1.0000  1.487e-08  1.024e-13  3.507e-05 -3.086e-04 -1.097e-03 -1.195e-03 -1.983e-03
  18  1.616e+04  1.616e+04  5.742e-05  3.865e-03  1.000e-05  1.000e-05  1.0000  2.409e-08  5.165e-13  5.739e-05  2.370e-03  1.091e-03  2.151e-04 -1.064e-03
  19  1.616e+04  1.616e+04  5.269e-05  2.569e-03  1.000e-04  1.000e-04  0.5000  2.130e-08  5.040e-14  5.267e-05  7.020e-04  2.039e-04  8.159e-04  4.319e-04
iter    cost       merit      stop      |grad|      preg       dreg      step   ||ffeas||  ||gfeas||  ||hfeas||   dV-exp       dV      dPhi-exp     dPhi
  20  1.616e+04  1.616e+04  1.537e-06  9.814e-05  1.000e-03  1.000e-03  1.0000  3.989e-10  4.259e-13  1.536e-06  6.984e-05  4.725e-05  1.304e-03  1.281e-03
  21  1.616e+04  1.616e+04  8.732e-07  4.234e-04  1.000e-02  1.000e-02  1.0000  2.302e-10  9.948e-14  8.729e-07 -4.411e-04 -4.544e-04 -4.331e-04 -4.464e-04
  22  1.616e+04  1.616e+04  3.427e-08  3.125e-04  1.000e-01  1.000e-01  1.0000  3.388e-10  7.105e-14  3.393e-08 -3.139e-04 -3.146e-04 -3.089e-04 -3.095e-04
  23  1.616e+04  1.616e+04  1.603e-08  2.591e-04  1.000e+00  1.000e+00  1.0000  2.355e-10  4.459e-13  4.547e-11  2.591e-04  2.591e-04  6.262e-04  6.262e-04
  24  1.616e+04  1.616e+04  1.211e-09  1.957e-05  1.000e+01  1.000e+01  1.0000  5.807e-11  4.485e-14  1.137e-12 -1.957e-05 -1.957e-05 -1.717e-05 -1.717e-05
