*** SOLVE (FeasShoot) ***
iter    cost       merit      stop      |grad|      preg       dreg      step   ||ffeas||  ||gfeas||  ||hfeas||   dV-exp       dV      dPhi-exp     dPhi
   0  3.930e-03  3.930e-03  1.473e+00  0.000e+00  1.000e-09  1.000e-09  0.0625  1.473e+00  0.000e+00  5.582e-05 -3.794e-03 -3.930e-03 -3.794e-03 -3.930e-03
   1  8.724e-03  8.724e-03  1.427e+00  1.153e-01  1.000e-09  1.000e-09  0.0312  1.427e+00  0.000e+00  8.192e-05 -4.453e-03 -4.793e-03 -4.453e-03 -4.793e-03
   2  1.739e-02  1.739e-02  1.382e+00  1.684e-01  1.000e-09  1.000e-09  0.0312  1.382e+00  0.000e+00  7.927e-05 -6.101e-03 -8.669e-03 -6.101e-03 -8.669e-03
   3  2.198e-02  2.198e-02  1.361e+00  2.296e-01  1.000e-09  1.000e-09  0.0156  1.360e+00  0.000e+00  8.043e-05 -3.821e-03 -4.587e-03 -3.821e-03 -4.587e-03
   4  2.910e-02  2.910e-02  1.349e+00  2.738e-01  1.000e-09  1.000e-09  0.0156  1.339e+00  0.000e+00  8.059e-05 -4.550e-03 -7.120e-03 -4.550e-03 -7.120e-03
   5  3.285e-02  3.285e-02  1.868e+00  3.389e-01  1.000e-09  1.000e-09  0.0078  1.329e+00  0.000e+00  8.090e-05 -2.745e-03 -3.747e-03 -2.745e-03 -3.747e-03
   6  3.827e-02  3.827e-02  2.183e+00  3.629e-01  1.000e-09  1.000e-09  0.0078  1.318e+00  0.000e+00  8.049e-05 -2.951e-03 -5.419e-03 -2.951e-03 -5.419e-03
   7  4.396e-02  4.396e-02  2.828e+00  3.546e-01  1.000e-09  1.000e-09  0.0078  1.308e+00  0.000e+00  8.331e-05 -2.929e-03 -5.697e-03 -2.929e-03 -5.697e-03
   8  5.229e-02  5.229e-02  3.116e+00  2.179e-01  1.000e-09  1.000e-09  0.0156  1.288e+00  0.000e+00  1.019e-04 -4.152e-03 -8.330e-03 -4.152e-03 -8.330e-03
   9  5.732e-02  5.732e-02  2.328e+00  1.096e-02  1.000e-09  1.000e-09  0.0312  1.247e+00  0.000e+00  1.028e-04 -2.072e-03 -5.023e-03 -2.072e-03 -5.023e-03
iter    cost       merit      stop      |grad|      preg       dreg      step   ||ffeas||  ||gfeas||  ||hfeas||   dV-exp       dV      dPhi-exp     dPhi
  10  6.428e-02  6.428e-02  2.218e+00  3.196e-01  1.000e-09  1.000e-09  0.0156  1.228e+00  0.000e+00  1.120e-04 -5.493e-03 -6.961e-03 -5.493e-03 -6.961e-03
  11  6.823e-02  6.823e-02  1.910e+00  2.183e-01  1.000e-09  1.000e-09  0.0156  1.209e+00  0.000e+00  1.206e-04 -3.856e-03 -3.948e-03 -3.856e-03 -3.948e-03
  12  8.118e-02  8.118e-02  1.722e+00  2.782e-01  1.000e-09  1.000e-09  0.0312  1.171e+00  0.000e+00  5.043e-05 -1.024e-02 -1.295e-02 -1.024e-02 -1.295e-02
  13  8.356e-02  8.356e-02  1.401e+00  2.894e-01  1.000e-09  1.000e-09  0.0078  1.162e+00  0.000e+00  5.041e-05 -2.336e-03 -2.382e-03 -2.336e-03 -2.382e-03
  14  8.605e-02  8.605e-02  1.336e+00  3.027e-01  1.000e-09  1.000e-09  0.0078  1.153e+00  0.000e+00  5.096e-05 -2.435e-03 -2.494e-03 -2.435e-03 -2.494e-03
  15  8.863e-02  8.863e-02  1.271e+00  3.103e-01  1.000e-09  1.000e-09  0.0078  1.144e+00  0.000e+00  5.296e-05 -2.489e-03 -2.579e-03 -2.489e-03 -2.579e-03
  16  9.128e-02  9.128e-02  1.205e+00  3.137e-01  1.000e-09  1.000e-09  0.0078  1.135e+00  0.000e+00  5.664e-05 -2.512e-03 -2.655e-03 -2.512e-03 -2.655e-03
  17  9.724e-02  9.724e-02  1.138e+00  3.142e-01  1.000e-09  1.000e-09  0.0156  1.117e+00  0.000e+00  7.556e-05 -5.138e-03 -5.955e-03 -5.138e-03 -5.955e-03
  18  1.024e-01  1.024e-01  1.100e+00  3.038e-01  1.000e-09  1.000e-09  0.0156  1.100e+00  0.000e+00  7.857e-05 -4.945e-03 -5.142e-03 -4.945e-03 -5.142e-03
  19  1.049e-01  1.049e-01  1.091e+00  2.988e-01  1.000e-09  1.000e-09  0.0078  1.091e+00  0.000e+00  7.869e-05 -2.376e-03 -2.560e-03 -2.376e-03 -2.560e-03
iter    cost       merit      stop      |grad|      preg       dreg      step   ||ffeas||  ||gfeas||  ||hfeas||   dV-exp       dV      dPhi-exp     dPhi
  20  1.106e-01  1.106e-01  1.074e+00  2.908e-01  1.000e-09  1.000e-09  0.0156  1.074e+00  0.000e+00  8.761e-05 -4.700e-03 -5.632e-03 -4.700e-03 -5.632e-03
  21  1.152e-01  1.152e-01  1.057e+00  2.695e-01  1.000e-09  1.000e-09  0.0156  1.057e+00  0.000e+00  8.801e-05 -4.345e-03 -4.650e-03 -4.345e-03 -4.650e-03
  22  1.195e-01  1.195e-01  1.041e+00  2.518e-01  1.000e-09  1.000e-09  0.0156  1.041e+00  0.000e+00  8.812e-05 -4.048e-03 -4.301e-03 -4.048e-03 -4.301e-03
  23  1.268e-01  1.268e-01  1.008e+00  2.342e-01  1.000e-09  1.000e-09  0.0312  1.008e+00  0.000e+00  8.627e-05 -7.713e-03 -7.319e-03 -7.713e-03 -7.319e-03
  24  1.329e-01  1.329e-01  9.767e-01  2.006e-01  1.000e-09  1.000e-09  0.0312  9.766e-01  0.000e+00  8.368e-05 -6.559e-03 -6.026e-03 -6.559e-03 -6.026e-03
  25  1.383e-01  1.383e-01  9.462e-01  1.800e-01  1.000e-09  1.000e-09  0.0312  9.461e-01  0.000e+00  8.115e-05 -5.850e-03 -5.420e-03 -5.850e-03 -5.420e-03
  26  1.433e-01  1.433e-01  9.166e-01  1.669e-01  1.000e-09  1.000e-09  0.0312  9.165e-01  0.000e+00  7.865e-05 -5.394e-03 -5.031e-03 -5.394e-03 -5.031e-03
  27  1.481e-01  1.481e-01  8.880e-01  1.584e-01  1.000e-09  1.000e-09  0.0312  8.879e-01  0.000e+00  7.622e-05 -5.094e-03 -4.779e-03 -5.094e-03 -4.779e-03
  28  1.527e-01  1.527e-01  8.602e-01  1.523e-01  1.000e-09  1.000e-09  0.0312  8.601e-01  0.000e+00  7.387e-05 -4.880e-03 -4.620e-03 -4.880e-03 -4.620e-03
  29  1.572e-01  1.572e-01  8.333e-01  1.473e-01  1.000e-09  1.000e-09  0.0312  8.333e-01  0.000e+00  7.161e-05 -4.707e-03 -4.494e-03 -4.707e-03 -4.494e-03
iter    cost       merit      stop      |grad|      preg       dreg      step   ||ffeas||  ||gfeas||  ||hfeas||   dV-exp       dV      dPhi-exp     dPhi
  30  1.616e-01  1.616e-01  8.073e-01  1.429e-01  1.000e-09  1.000e-09  0.0312  8.072e-01  0.000e+00  6.941e-05 -4.553e-03 -4.377e-03 -4.553e-03 -4.377e-03
  31  1.701e-01  1.701e-01  7.568e-01  1.387e-01  1.000e-09  1.000e-09  0.0625  7.568e-01  0.000e+00  6.536e-05 -8.969e-03 -8.538e-03 -8.969e-03 -8.538e-03
  32  1.783e-01  1.783e-01  7.095e-01  1.288e-01  1.000e-09  1.000e-09  0.0625  7.095e-01  0.000e+00  6.144e-05 -8.283e-03 -8.181e-03 -8.283e-03 -8.181e-03
  33  1.859e-01  1.859e-01  6.652e-01  1.199e-01  1.000e-09  1.000e-09  0.0625  6.651e-01  0.000e+00  5.764e-05 -7.672e-03 -7.611e-03 -7.672e-03 -7.611e-03
  34  2.003e-01  2.003e-01  5.820e-01  1.113e-01  1.000e-09  1.000e-09  0.1250  5.820e-01  0.000e+00  5.069e-05 -1.448e-02 -1.441e-02 -1.448e-02 -1.441e-02
  35  2.063e-01  2.063e-01  5.457e-01  9.331e-02  1.000e-09  1.000e-09  0.0625  5.456e-01  0.000e+00  4.868e-05 -5.930e-03 -6.014e-03 -5.930e-03 -6.014e-03
  36  2.204e-01  2.204e-01  4.775e-01  8.634e-02  1.000e-09  1.000e-09  0.1250  4.774e-01  0.000e+00  6.847e-05 -1.112e-02 -1.406e-02 -1.112e-02 -1.406e-02
  37  2.289e-01  2.289e-01  4.178e-01  6.696e-02  1.000e-09  1.000e-09  0.1250  4.177e-01  0.000e+00  6.136e-05 -8.651e-03 -8.467e-03 -8.651e-03 -8.467e-03
  38  2.357e-01  2.357e-01  3.656e-01  5.715e-02  1.000e-09  1.000e-09  0.1250  3.655e-01  0.000e+00  5.048e-05 -7.352e-03 -6.856e-03 -7.352e-03 -6.856e-03
  39  2.484e-01  2.484e-01  2.742e-01  4.953e-02  1.000e-09  1.000e-09  0.2500  2.741e-01  0.000e+00  4.350e-05 -1.298e-02 -1.268e-02 -1.298e-02 -1.268e-02
iter    cost       merit      stop      |grad|      preg       dreg      step   ||ffeas||  ||gfeas||  ||hfeas||   dV-exp       dV      dPhi-exp     dPhi
  40  2.588e-01  2.588e-01  2.061e-01  3.394e-02  1.000e-09  1.000e-09  0.2500  2.056e-01  0.000e+00  4.502e-04 -8.864e-03 -1.040e-02 -8.864e-03 -1.040e-02
  41  2.643e-01  2.643e-01  1.546e-01  2.036e-02  1.000e-09  1.000e-09  0.2500  1.542e-01  0.000e+00  3.510e-04 -5.434e-03 -5.529e-03 -5.434e-03 -5.529e-03
  42  2.727e-01  2.727e-01  7.731e-02  1.432e-02  1.000e-08  1.000e-08  0.5000  7.710e-02  0.000e+00  2.056e-04 -8.070e-03 -8.408e-03 -8.070e-03 -8.408e-03
  43  2.755e-01  2.755e-01  3.871e-02  4.377e-03  1.000e-07  1.000e-07  0.5000  3.855e-02  0.000e+00  1.638e-04 -2.788e-03 -2.708e-03 -2.788e-03 -2.708e-03
  44  2.788e-01  2.788e-01  2.487e-03  2.386e-03  1.000e-06  1.000e-06  1.0000  0.000e+00  0.000e+00  2.553e-04 -3.180e-03 -3.305e-03 -3.180e-03 -3.305e-03
  45  2.782e-01  2.782e-01  4.117e-04  1.007e-03  1.000e-05  1.000e-05  1.0000  0.000e+00  0.000e+00  5.518e-07  5.262e-04  5.154e-04  1.276e-03  1.265e-03
  46  2.782e-01  2.782e-01  3.256e-06  4.436e-06  1.000e-04  1.000e-04  1.0000  0.000e+00  0.000e+00  1.279e-08  4.162e-06  3.860e-06  9.969e-06  9.668e-06
  47  2.782e-01  2.782e-01  2.310e-07  2.972e-07  1.000e-03  1.000e-03  1.0000  0.000e+00  0.000e+00  1.569e-10  2.952e-07  2.943e-07  4.313e-07  4.304e-07
  48  2.782e-01  2.782e-01  2.266e-08  2.899e-08  1.000e-02  1.000e-02  1.0000  0.000e+00  0.000e+00  1.678e-11  2.897e-08  2.896e-08  3.048e-08  3.047e-08
  49  2.782e-01  2.782e-01  2.262e-09  2.892e-09  1.000e-01  1.000e-01  1.0000  0.000e+00  0.000e+00  7.050e-13  2.891e-09  2.891e-09  3.065e-09  3.064e-09
*** SOLVE (MultiShoot) ***
iter    cost       merit      stop      |grad|      preg       dreg      step   ||ffeas||  ||gfeas||  ||hfeas||   dV-exp       dV      dPhi-exp     dPhi
   0  9.412e-01  5.402e+02  1.001e+02  0.000e+00  1.000e-09  1.000e-09  1.0000  1.001e+02  0.000e+00  4.066e-20 -9.713e-01 -9.412e-01 -5.318e+02 -5.317e+02
   1  9.674e-01  1.294e+03  4.802e+02  4.337e-01  1.000e-09  1.000e-09  1.0000  4.802e+02  0.000e+00  8.470e-21 -2.650e-02 -2.623e-02 -1.024e+03 -1.024e+03
   2  4.089e+00  1.544e+03  1.144e+03  5.658e-01  1.000e-09  1.000e-09  1.0000  1.144e+03  0.000e+00  1.694e-21 -3.126e+00 -3.122e+00 -8.967e+02 -8.967e+02
   3  2.848e+01  8.418e+03  1.246e+04  1.941e+00  1.000e-09  1.000e-09  1.0000  1.246e+04  0.000e+00  6.353e-21 -2.439e+01 -2.439e+01 -7.644e+03 -7.644e+03
   4  2.202e+03  2.717e+05  8.004e+05  7.302e+01  1.000e-09  1.000e-09  1.0000  8.004e+05  0.000e+00  8.047e-20 -2.175e+03 -2.174e+03 -2.675e+05 -2.675e+05
   5  2.441e+07  1.666e+09  9.754e+09  8.493e+04  1.000e-09  1.000e-09  1.0000  9.754e+09  0.000e+00  2.081e-18 -2.452e+07 -2.441e+07 -1.666e+09 -1.666e+09
*** SOLVE (HybridShoot: 33) ***
iter    cost       merit      stop      |grad|      preg       dreg      step   ||ffeas||  ||gfeas||  ||hfeas||   dV-exp       dV      dPhi-exp     dPhi
   0  4.030e-03  1.280e-01  1.473e+00  0.000e+00  1.000e-09  1.000e-09  0.0625  1.473e+00  0.000e+00  2.541e-21 -3.794e-03 -4.030e-03 -3.278e-03  4.233e-03
   1  9.039e-03  6.908e-02  1.427e+00  1.168e-01  1.000e-09  1.000e-09  0.0312  1.427e+00  0.000e+00  2.329e-21 -4.495e-03 -5.008e-03 -4.434e-03 -3.071e-03
   2  1.761e-02  4.669e-02  1.382e+00  1.711e-01  1.000e-09  1.000e-09  0.0312  1.382e+00  0.000e+00  1.906e-21 -6.171e-03 -8.568e-03 -6.141e-03 -7.630e-03
   3  2.214e-02  3.929e-02  1.630e+00  2.337e-01  1.000e-09  1.000e-09  0.0156  1.630e+00  0.000e+00  2.065e-21 -3.872e-03 -4.535e-03 -3.913e-03 -7.140e-03
   4  2.788e-02  4.156e-02  2.601e+00  2.740e-01  1.000e-09  1.000e-09  0.0156  2.601e+00  0.000e+00  1.906e-21 -4.531e-03 -5.734e-03 -4.611e-03 -1.084e-02
   5  3.636e-02  4.613e-02  3.714e+00  3.258e-01  1.000e-09  1.000e-09  0.0156  3.714e+00  0.000e+00  2.012e-21 -5.402e-03 -8.481e-03 -5.448e-03 -1.141e-02
   6  5.178e-02  5.469e-02  2.439e+00  3.799e-01  1.000e-09  1.000e-09  0.0156  2.211e+00  0.000e+00  2.859e-21 -6.470e-03 -1.542e-02 -6.439e-03 -1.345e-02
   7  4.903e-02  5.079e-02  2.674e+00  3.751e-01  1.000e-09  1.000e-09  0.0078  2.674e+00  0.000e+00  2.733e-21  2.740e-03  2.747e-03  2.737e-03  2.443e-03
   8  5.754e-02  5.965e-02  6.415e+00  7.206e-02  1.000e-09  1.000e-09  0.0312  6.415e+00  0.000e+00  2.415e-21 -6.729e-03 -8.508e-03 -6.768e-03 -9.738e-03
   9  5.733e-02  5.839e-02  6.399e+00  5.891e-02  1.000e-09  1.000e-09  0.0078  6.399e+00  0.000e+00  2.508e-21  3.071e-04  2.048e-04  3.071e-04  2.074e-04
iter    cost       merit      stop      |grad|      preg       dreg      step   ||ffeas||  ||gfeas||  ||hfeas||   dV-exp       dV      dPhi-exp     dPhi
  10  6.047e-02  6.100e-02  6.534e+00  1.094e-01  1.000e-09  1.000e-09  0.0156  6.534e+00  0.000e+00  2.515e-21 -2.316e-03 -3.133e-03 -2.316e-03 -3.144e-03
  11  7.175e-02  7.203e-02  6.799e+00  2.500e-01  1.000e-09  1.000e-09  0.0312  6.799e+00  0.000e+00  2.568e-21 -9.844e-03 -1.128e-02 -9.845e-03 -1.129e-02
  12  1.780e-01  1.782e-01  7.575e+00  2.246e-01  1.000e-09  1.000e-09  0.0625  7.575e+00  0.000e+00  2.462e-21 -1.965e-02 -1.063e-01 -1.965e-02 -1.063e-01
  13  1.871e-01  1.872e-01  6.583e+00  4.794e-02  1.000e-09  1.000e-09  0.0625  6.583e+00  0.000e+00  2.250e-21 -5.039e-03 -9.083e-03 -5.038e-03 -9.073e-03
  14  1.977e-01  1.977e-01  7.031e+00  4.603e-02  1.000e-09  1.000e-09  0.1250  7.031e+00  0.000e+00  3.309e-21 -1.275e-02 -1.054e-02 -1.275e-02 -1.055e-02
  15  2.480e-01  2.481e-01  3.149e+01  5.458e-02  1.000e-09  1.000e-09  0.2500  3.149e+01  0.000e+00  3.732e-21 -2.512e-02 -5.033e-02 -2.514e-02 -5.039e-02
  16  2.447e-01  2.447e-01  1.239e+01  5.410e-02  1.000e-09  1.000e-09  0.2500  1.239e+01  0.000e+00  3.520e-21  5.918e-03  3.325e-03  5.924e-03  3.350e-03
  17  2.401e-01  2.402e-01  4.169e+01  3.840e-02  1.000e-08  1.000e-08  0.2500  4.169e+01  0.000e+00  3.309e-21  5.027e-03  4.530e-03  5.023e-03  4.511e-03
  18  2.626e-01  2.627e-01  1.902e+01  2.151e-02  1.000e-07  1.000e-07  0.5000  1.902e+01  0.000e+00  3.732e-21 -1.838e-02 -2.252e-02 -1.838e-02 -2.251e-02
  19  2.604e-01  2.604e-01  1.639e+01  2.743e-02  2.000e-08  2.000e-08  0.1250  1.639e+01  0.000e+00  3.984e-21  2.870e-03  2.205e-03  2.870e-03  2.206e-03
iter    cost       merit      stop      |grad|      preg       dreg      step   ||ffeas||  ||gfeas||  ||hfeas||   dV-exp       dV      dPhi-exp     dPhi
  20  2.662e-01  2.662e-01  1.271e+01  9.280e-03  2.000e-08  2.000e-08  0.2500  1.271e+01  0.000e+00  3.772e-21 -3.243e-03 -5.763e-03 -3.243e-03 -5.763e-03
  21  2.676e-01  2.676e-01  1.122e+01  1.024e-02  2.000e-07  2.000e-07  0.1250  1.122e+01  0.000e+00  3.243e-21 -1.389e-03 -1.388e-03 -1.389e-03 -1.388e-03
  22  2.688e-01  2.688e-01  9.964e+00  9.609e-03  2.000e-07  2.000e-07  0.1250  9.964e+00  0.000e+00  4.090e-21 -1.285e-03 -1.229e-03 -1.285e-03 -1.229e-03
  23  2.698e-01  2.698e-01  8.878e+00  8.524e-03  2.000e-07  2.000e-07  0.1250  8.878e+00  0.000e+00  2.038e-21 -1.133e-03 -1.017e-03 -1.133e-03 -1.017e-03
  24  2.706e-01  2.706e-01  7.931e+00  7.592e-03  2.000e-07  2.000e-07  0.1250  7.931e+00  0.000e+00  2.991e-21 -1.003e-03 -8.118e-04 -1.003e-03 -8.118e-04
  25  2.713e-01  2.713e-01  7.095e+00  6.863e-03  2.000e-07  2.000e-07  0.1250  7.095e+00  0.000e+00  3.626e-21 -9.008e-04 -6.217e-04 -9.008e-04 -6.217e-04
  26  2.718e-01  2.718e-01  6.346e+00  6.331e-03  2.000e-07  2.000e-07  0.1250  6.346e+00  0.000e+00  2.144e-21 -8.256e-04 -4.908e-04 -8.256e-04 -4.908e-04
  27  2.738e-01  2.738e-01  5.245e+00  5.933e-03  2.000e-07  2.000e-07  0.2500  5.245e+00  0.000e+00  1.509e-21 -1.591e-03 -2.041e-03 -1.591e-03 -2.041e-03
  28  2.744e-01  2.744e-01  4.202e+00  3.673e-03  2.000e-06  2.000e-06  0.2500  4.202e+00  0.000e+00  2.568e-21 -1.008e-03 -5.763e-04 -1.008e-03 -5.763e-04
  29  2.774e-01  2.774e-01  2.635e+00  4.337e-03  2.000e-05  2.000e-05  1.0000  2.635e+00  0.000e+00  6.922e-21 -4.686e-03 -3.052e-03 -4.686e-03 -3.052e-03
iter    cost       merit      stop      |grad|      preg       dreg      step   ||ffeas||  ||gfeas||  ||hfeas||   dV-exp       dV      dPhi-exp     dPhi
  30  2.793e-01  2.793e-01  2.802e-01  1.739e-03  2.000e-04  2.000e-04  1.0000  2.802e-01  0.000e+00  2.043e-19 -1.816e-03 -1.908e-03 -1.816e-03 -1.908e-03
  31  2.794e-01  2.794e-01  6.944e-03  2.061e-05  2.000e-03  2.000e-03  1.0000  6.944e-03  0.000e+00  7.947e-17 -2.135e-05 -2.366e-05 -2.135e-05 -2.366e-05
  32  2.794e-01  2.794e-01  4.549e-06  5.821e-06  2.000e-02  2.000e-02  1.0000  4.235e-07  0.000e+00  8.805e-20  5.820e-06  5.821e-06  1.413e-05  1.414e-05
  33  2.794e-01  2.794e-01  1.193e-07  1.527e-07  2.000e-01  2.000e-01  1.0000  2.965e-09  0.000e+00  8.448e-20  1.527e-07  1.527e-07  3.693e-07  3.693e-07
  34  2.794e-01  2.794e-01  1.210e-08  1.548e-08  2.000e+00  2.000e+00  1.0000  2.970e-11  0.000e+00  5.290e-21  1.548e-08  1.548e-08  1.699e-08  1.699e-08
Target state: [1. 0. 1. 0. 0. 0.]
Terminal state: [ 1. -0.  1.  0.  0. -0.]
