*** SOLVE (FeasShoot) ***
iter    cost       merit      stop      |grad|      preg       dreg      step   ||ffeas||  ||gfeas||  ||hfeas||   dV-exp       dV      dPhi-exp     dPhi
   0  8.355e-02  8.355e-02  1.164e+01  9.522e-04  1.000e-09  1.000e-09  1.0000  0.000e+00  0.000e+00  1.164e+01 -1.013e-01 -7.862e-02 -1.013e-01 -7.862e-02
   1  5.812e-02  1.529e-01  1.859e+01  9.130e-02  1.000e-09  1.000e-09  1.0000  0.000e+00  0.000e+00  1.859e+01  4.155e-02  2.543e-02  6.103e-03 -1.002e-02
   2  4.546e-02  7.463e-02  1.144e+01  7.373e-02  1.000e-09  1.000e-09  0.5000  0.000e+00  0.000e+00  1.144e+01  1.920e-02  1.266e-02  2.831e-02  3.089e-02
   3  3.619e-02  4.741e-02  6.416e+00  3.911e-02  1.000e-09  1.000e-09  0.5000  0.000e+00  0.000e+00  6.416e+00  1.328e-02  9.267e-03  1.767e-02  1.805e-02
   4  3.384e-02  3.965e-02  5.466e+00  1.575e-02  1.000e-09  1.000e-09  0.5000  0.000e+00  0.000e+00  5.466e+00  5.129e-03  2.347e-03  5.634e-03  3.357e-03
   5  3.177e-02  3.673e-02  4.532e+00  1.117e-02  1.000e-08  1.000e-08  0.5000  0.000e+00  0.000e+00  4.532e+00  3.840e-03  2.075e-03  4.351e-03  3.097e-03
   6  2.996e-02  3.363e-02  3.531e+00  7.726e-03  1.000e-07  1.000e-07  0.5000  0.000e+00  0.000e+00  3.531e+00  2.755e-03  1.806e-03  3.275e-03  2.846e-03
   7  2.851e-02  3.101e-02  2.592e+00  4.937e-03  1.000e-06  1.000e-06  0.5000  0.000e+00  0.000e+00  2.592e+00  1.831e-03  1.449e-03  2.285e-03  2.356e-03
   8  2.736e-02  2.832e-02  1.240e+00  2.362e-03  1.000e-05  1.000e-05  1.0000  0.000e+00  0.000e+00  1.240e+00  1.401e-03  1.148e-03  2.444e-03  2.191e-03
   9  2.686e-02  2.698e-02  1.994e-01  6.136e-04  1.000e-04  1.000e-04  1.0000  0.000e+00  0.000e+00  1.994e-01  5.010e-04  4.992e-04  1.102e-03  1.100e-03
iter    cost       merit      stop      |grad|      preg       dreg      step   ||ffeas||  ||gfeas||  ||hfeas||   dV-exp       dV      dPhi-exp     dPhi
  10  2.695e-02  2.695e-02  2.290e-03  8.586e-05  1.000e-03  1.000e-03  1.0000  0.000e+00  0.000e+00  2.290e-03 -8.817e-05 -8.830e-05 -3.129e-05 -3.142e-05
  11  2.695e-02  2.695e-02  2.332e-06  2.396e-06  1.000e-02  1.000e-02  1.0000  0.000e+00  0.000e+00  2.032e-06  2.395e-06  2.395e-06  5.813e-06  5.813e-06
  12  2.695e-02  2.695e-02  1.805e-07  1.854e-07  1.000e-01  1.000e-01  1.0000  0.000e+00  0.000e+00  2.941e-09  1.854e-07  1.854e-07  4.498e-07  4.498e-07
  13  2.695e-02  2.695e-02  1.805e-08  1.854e-08  1.000e+00  1.000e+00  1.0000  0.000e+00  0.000e+00  2.867e-11  1.854e-08  1.854e-08  1.892e-08  1.892e-08
  14  2.695e-02  2.695e-02  1.805e-09  1.853e-09  1.000e+01  1.000e+01  1.0000  0.000e+00  0.000e+00  3.060e-13  1.853e-09  1.853e-09  1.857e-09  1.857e-09
*** SOLVE (MultiShoot) ***
iter    cost       merit      stop      |grad|      preg       dreg      step   ||ffeas||  ||gfeas||  ||hfeas||   dV-exp       dV      dPhi-exp     dPhi
   0  1.062e-01  4.143e-01  4.728e+00  9.522e-04  1.000e-09  1.000e-09  1.0000  4.728e+00  0.000e+00  4.760e-12 -1.013e-01 -1.013e-01 -2.046e-01 -2.046e-01
   1  6.545e-02  1.748e-01  3.354e+00  1.026e-01  1.000e-09  1.000e-09  0.5000  3.354e+00  0.000e+00  2.115e-12  4.073e-02  4.073e-02  6.312e-02  8.550e-02
   2  4.353e-02  8.381e-02  2.472e+00  5.824e-02  1.000e-09  1.000e-09  0.5000  2.472e+00  0.000e+00  2.149e-12  2.192e-02  2.192e-02  2.911e-02  3.629e-02
   3  3.998e-02  5.114e-02  1.371e+00  9.845e-03  1.000e-09  1.000e-09  1.0000  1.371e+00  0.000e+00  4.002e-12  3.553e-03  3.553e-03  1.253e-02  1.253e-02
   4  2.873e-02  4.022e-02  9.801e-01  1.909e-02  1.000e-09  1.000e-09  1.0000  9.801e-01  0.000e+00  4.318e-12  1.125e-02  1.125e-02  1.583e-02  1.583e-02
   5  2.652e-02  2.760e-02  1.844e-01  4.556e-03  1.000e-09  1.000e-09  1.0000  1.844e-01  0.000e+00  7.232e-13  2.207e-03  2.207e-03  6.871e-03  6.871e-03
   6  2.553e-02  2.578e-02  3.152e-02  1.646e-03  1.000e-08  1.000e-08  1.0000  3.152e-02  0.000e+00  6.065e-12  9.876e-04  9.876e-04  2.157e-03  2.157e-03
   7  2.503e-02  2.527e-02  1.051e-02  7.150e-04  1.000e-07  1.000e-07  1.0000  1.051e-02  0.000e+00  6.974e-13  5.008e-04  5.008e-04  9.777e-04  9.777e-04
   8  2.479e-02  2.492e-02  3.840e-03  3.413e-04  1.000e-06  1.000e-06  1.0000  3.840e-03  0.000e+00  1.253e-12  2.466e-04  2.466e-04  4.703e-04  4.703e-04
   9  2.467e-02  2.471e-02  8.036e-04  1.322e-04  1.000e-05  1.000e-05  1.0000  8.036e-04  0.000e+00  3.981e-13  1.152e-04  1.152e-04  2.453e-04  2.453e-04
iter    cost       merit      stop      |grad|      preg       dreg      step   ||ffeas||  ||gfeas||  ||hfeas||   dV-exp       dV      dPhi-exp     dPhi
  10  2.465e-02  2.465e-02  2.153e-05  2.251e-05  1.000e-04  1.000e-04  1.0000  2.153e-05  0.000e+00  2.048e-13  2.206e-05  2.206e-05  5.272e-05  5.272e-05
  11  2.465e-02  2.465e-02  1.319e-06  1.357e-06  1.000e-03  1.000e-03  1.0000  2.477e-07  0.000e+00  9.784e-16  1.352e-06  1.352e-06  3.261e-06  3.261e-06
  12  2.465e-02  2.465e-02  1.025e-07  1.051e-07  1.000e-02  1.000e-02  1.0000  2.621e-09  0.000e+00  9.780e-17  1.051e-07  1.051e-07  2.536e-07  2.536e-07
  13  2.465e-02  2.465e-02  9.911e-09  1.016e-08  1.000e-01  1.000e-01  1.0000  2.636e-11  0.000e+00  6.044e-18  1.016e-08  1.016e-08  1.173e-08  1.173e-08
*** SOLVE (HybridShoot: 33) ***
iter    cost       merit      stop      |grad|      preg       dreg      step   ||ffeas||  ||gfeas||  ||hfeas||   dV-exp       dV      dPhi-exp     dPhi
   0  1.796e-01  7.249e+00  2.333e+01  9.522e-04  1.000e-09  1.000e-09  1.0000  2.333e+01  0.000e+00  4.760e-12 -1.013e-01 -1.747e-01 -6.219e+00 -6.292e+00
   1  1.424e-01  1.862e+00  1.135e+01  2.044e-01  1.000e-09  1.000e-09  0.5000  1.135e+01  0.000e+00  3.169e-12  6.786e-02  3.715e-02  9.755e-01  1.853e+00
   2  1.188e-01  8.787e-01  1.003e+01  1.966e-01  1.000e-09  1.000e-09  0.1250  1.003e+01  0.000e+00  2.784e-12  2.285e-02  2.360e-02  3.532e-02  1.234e-01
   3  8.087e-02  3.377e-01  6.781e+00  1.332e-01  1.000e-09  1.000e-09  0.5000  6.781e+00  0.000e+00  2.458e-12  3.869e-02  3.798e-02  1.003e-01  1.611e-01
   4  4.609e-02  1.115e-01  3.457e+00  8.874e-02  1.000e-09  1.000e-09  0.5000  3.457e+00  0.000e+00  1.293e-12  3.312e-02  3.478e-02  6.459e-02  9.773e-02
   5  3.861e-02  7.011e-02  3.327e+00  2.339e-02  1.000e-09  1.000e-09  0.5000  3.327e+00  0.000e+00  1.960e-12  7.776e-03  7.472e-03  8.390e-03  8.701e-03
   6  3.378e-02  5.237e-02  3.926e+00  1.376e-02  1.000e-08  1.000e-08  0.5000  3.926e+00  0.000e+00  2.558e-12  4.901e-03  4.829e-03  3.484e-03  1.995e-03
   7  3.047e-02  4.392e-02  5.682e+00  9.889e-03  1.000e-07  1.000e-07  1.0000  5.682e+00  0.000e+00  3.339e-12  5.077e-03  3.314e-03  9.198e-04 -8.433e-04
   8  2.554e-02  2.710e-02  1.317e+00  6.371e-03  1.000e-06  1.000e-06  1.0000  1.317e+00  0.000e+00  2.803e-12  4.725e-03  4.933e-03  9.911e-03  1.012e-02
   9  2.537e-02  2.563e-02  4.364e-01  5.672e-04  2.000e-07  2.000e-07  1.0000  4.364e-01  0.000e+00  1.792e-12  1.358e-04  1.690e-04  6.592e-04  6.924e-04
iter    cost       merit      stop      |grad|      preg       dreg      step   ||ffeas||  ||gfeas||  ||hfeas||   dV-exp       dV      dPhi-exp     dPhi
  10  2.493e-02  2.510e-02  1.230e-01  5.418e-04  2.000e-06  2.000e-06  1.0000  1.230e-01  0.000e+00  5.420e-13  4.111e-04  4.392e-04  8.329e-04  8.610e-04
  11  2.481e-02  2.482e-02  1.016e-02  1.327e-04  2.000e-05  2.000e-05  1.0000  1.016e-02  0.000e+00  1.552e-13  1.207e-04  1.232e-04  2.788e-04  2.814e-04
  12  2.479e-02  2.479e-02  1.695e-04  1.476e-05  2.000e-04  2.000e-04  1.0000  1.695e-04  0.000e+00  6.814e-15  1.456e-05  1.460e-05  3.501e-05  3.505e-05
  13  2.479e-02  2.479e-02  1.765e-06  9.555e-07  2.000e-03  2.000e-03  1.0000  1.765e-06  0.000e+00  6.054e-16  9.534e-07  9.539e-07  2.301e-06  2.302e-06
  14  2.479e-02  2.479e-02  8.328e-08  8.537e-08  2.000e-02  2.000e-02  1.0000  1.772e-08  0.000e+00  2.743e-17  8.534e-08  8.535e-08  2.060e-07  2.060e-07
  15  2.479e-02  2.479e-02  8.224e-09  8.428e-09  2.000e-01  2.000e-01  1.0000  1.773e-10  0.000e+00  4.527e-18  8.428e-09  8.428e-09  9.640e-09  9.640e-09
*** SOLVE (OdynSQP) ***
iter    cost       merit      stop      |grad|      preg       dreg      step   ||ffeas||  ||gfeas||  ||hfeas||   dV-exp       dV      dPhi-exp     dPhi
   0  6.414e-01  6.414e-01  1.758e+02  4.748e-03  1.000e-09  1.000e-09  1.0000  1.758e+02  0.000e+00  5.177e-03 -6.365e-01 -6.365e-01 -6.365e-01 -6.365e-01
   1  1.495e-01  6.595e-01  1.276e+02  8.961e-01  1.000e-09  1.000e-09  1.0000  1.276e+02  0.000e+00  1.171e-17  4.919e-01  4.919e-01  6.846e-01  6.846e-01
   2  5.094e-02  2.024e-01  7.578e+01  2.210e-01  1.000e-09  1.000e-09  1.0000  7.578e+01  0.000e+00  6.694e-18  9.861e-02  9.861e-02  2.021e-01  2.021e-01
   3  2.738e-02  4.613e-02  1.876e+01  4.337e-02  1.000e-09  1.000e-09  1.0000  1.876e+01  0.000e+00  8.250e-16  2.355e-02  2.355e-02  8.055e-02  8.055e-02
   4  2.814e-02  2.839e-02  5.022e-01  1.839e-03  1.000e-09  1.000e-09  1.0000  5.022e-01  0.000e+00  1.308e-16 -7.549e-04 -7.549e-04  8.366e-03  8.366e-03
   5  2.672e-02  2.703e-02  7.584e-02  2.694e-03  1.000e-08  1.000e-08  1.0000  7.584e-02  0.000e+00  6.386e-17  1.412e-03  1.412e-03  3.125e-03  3.125e-03
   6  2.590e-02  2.622e-02  2.048e-02  1.242e-03  1.000e-07  1.000e-07  1.0000  2.048e-02  0.000e+00  3.872e-19  8.257e-04  8.257e-04  1.687e-03  1.687e-03
   7  2.545e-02  2.572e-02  8.607e-03  6.182e-04  1.000e-06  1.000e-06  1.0000  8.607e-03  0.000e+00  4.968e-18  4.495e-04  4.495e-04  8.218e-04  8.218e-04
   8  2.523e-02  2.529e-02  1.767e-03  2.545e-04  1.000e-05  1.000e-05  1.0000  1.767e-03  0.000e+00  1.872e-16  2.210e-04  2.210e-04  4.718e-04  4.718e-04
   9  2.518e-02  2.519e-02  5.214e-05  4.503e-05  1.000e-04  1.000e-04  1.0000  5.214e-05  0.000e+00  8.774e-18  4.411e-05  4.411e-05  1.053e-04  1.053e-04
iter    cost       merit      stop      |grad|      preg       dreg      step   ||ffeas||  ||gfeas||  ||hfeas||   dV-exp       dV      dPhi-exp     dPhi
  10  2.518e-02  2.518e-02  2.666e-06  2.743e-06  1.000e-03  1.000e-03  1.0000  4.866e-07  0.000e+00  9.691e-16  2.733e-06  2.733e-06  6.600e-06  6.600e-06
  11  2.518e-02  2.518e-02  2.060e-07  2.113e-07  1.000e-02  1.000e-02  1.0000  4.671e-09  0.000e+00  5.320e-17  2.112e-07  2.112e-07  5.099e-07  5.099e-07
  12  2.518e-02  2.518e-02  1.989e-08  2.039e-08  1.000e-01  1.000e-01  1.0000  4.645e-11  0.000e+00  5.813e-18  2.039e-08  2.039e-08  2.326e-08  2.326e-08
  13  2.518e-02  2.518e-02  1.982e-09  2.032e-09  1.000e+00  1.000e+00  1.0000  4.654e-13  0.000e+00  2.454e-15  2.032e-09  2.032e-09  2.060e-09  2.060e-09
Target state: [0. 0. 0. 0.]
Terminal state: [ 0.  0. -0. -0.]
