*** SOLVE (FeasShoot) ***
iter    cost       merit      stop      |grad|      preg       dreg      step   ||ffeas||  ||gfeas||  ||hfeas||   dV-exp       dV      dPhi-exp     dPhi
   0  1.608e-01  1.608e-01  7.389e+00  1.061e-07  1.000e-09  1.000e-09  0.5000  7.854e-01  0.000e+00  6.604e+00 -2.480e-01 -1.608e-01 -2.480e-01 -1.608e-01
   1  1.867e-01  1.867e-01  1.217e+01  1.095e-01  1.000e-09  1.000e-09  0.5000  3.927e-01  0.000e+00  1.177e+01 -1.911e-02 -2.590e-02 -1.911e-02 -2.590e-02
   2  1.354e-01  1.651e-01  4.997e+00  1.634e-01  1.000e-09  1.000e-09  1.0000  0.000e+00  0.000e+00  4.997e+00  5.074e-02  5.134e-02  9.345e-02  9.405e-02
   3  1.351e-01  1.489e-01  4.630e+00  8.064e-02  1.000e-09  1.000e-09  1.0000  0.000e+00  0.000e+00  4.630e+00  1.672e-03  2.263e-04  2.765e-03  1.320e-03
   4  1.296e-01  1.480e-01  5.858e+00  8.290e-02  1.000e-08  1.000e-08  1.0000  0.000e+00  0.000e+00  5.858e+00  1.021e-02  5.565e-03  6.339e-03  1.698e-03
   5  1.269e-01  1.315e-01  2.916e+00  3.954e-02  1.000e-07  1.000e-07  0.5000  2.070e-17  0.000e+00  2.916e+00  5.015e-04  2.665e-03  2.818e-03  7.298e-03
   6  1.445e-01  1.463e-01  2.281e+00  1.468e-02  1.000e-06  1.000e-06  0.2500  2.646e-17  0.000e+00  2.281e+00 -1.914e-02 -1.754e-02 -1.901e-02 -1.704e-02
   7  1.479e-01  1.483e-01  1.132e+00  3.082e-02  2.000e-07  2.000e-07  0.5000  1.879e-17  0.000e+00  1.132e+00 -5.856e-03 -3.399e-03 -5.630e-03 -2.947e-03
   8  1.767e-01  1.769e-01  9.199e-01  3.786e-02  2.000e-06  2.000e-06  0.2500  2.413e-17  0.000e+00  9.199e-01 -3.083e-02 -2.887e-02 -3.082e-02 -2.883e-02
   9  3.224e-01  3.232e-01  7.213e+00  2.804e-02  4.000e-07  4.000e-07  1.0000  0.000e+00  0.000e+00  7.213e+00 -1.874e-01 -1.457e-01 -1.880e-01 -1.463e-01
iter    cost       merit      stop      |grad|      preg       dreg      step   ||ffeas||  ||gfeas||  ||hfeas||   dV-exp       dV      dPhi-exp     dPhi
  10  3.144e-01  3.174e-01  1.960e+00  2.592e-02  8.000e-08  8.000e-08  1.0000  0.000e+00  0.000e+00  1.960e+00  7.690e-03  8.054e-03  1.569e-02  1.605e-02
  11  2.450e-01  2.876e-01  8.950e-01  9.759e-02  1.600e-08  1.600e-08  1.0000  0.000e+00  0.000e+00  8.950e-01  6.538e-02  6.941e-02  1.161e-01  1.202e-01
  12  1.934e-01  3.146e-01  1.470e+00  8.975e-02  3.200e-09  3.200e-09  1.0000  0.000e+00  0.000e+00  1.470e+00  5.167e-02  5.154e-02  4.282e-03  4.155e-03
  13  1.699e-01  2.043e-01  8.339e-01  6.226e-02  1.000e-09  1.000e-09  0.5000  3.221e-17  0.000e+00  8.339e-01  2.188e-02  2.349e-02  3.499e-02  4.970e-02
  14  2.007e-01  2.152e-01  7.036e-01  1.687e-02  1.000e-09  1.000e-09  1.0000  0.000e+00  0.000e+00  7.036e-01 -3.080e-02 -3.076e-02 -2.812e-02 -2.807e-02
  15  1.897e-01  1.961e-01  4.080e-01  3.418e-02  1.000e-09  1.000e-09  0.5000  2.786e-17  0.000e+00  4.080e-01  1.048e-02  1.098e-02  1.280e-02  1.563e-02
  16  1.865e-01  1.907e-01  4.355e-01  1.760e-02  1.000e-09  1.000e-09  1.0000  0.000e+00  0.000e+00  4.355e-01  2.764e-03  3.254e-03  2.497e-03  2.988e-03
  17  1.604e-01  2.364e-01  6.226e-01  6.432e-02  1.000e-08  1.000e-08  0.5000  2.148e-17  0.000e+00  6.226e-01  2.539e-02  2.610e-02  1.396e-02  3.247e-03
  18  1.780e-01  2.171e-01  6.397e-01  2.857e-03  2.000e-09  2.000e-09  1.0000  0.000e+00  0.000e+00  6.397e-01 -1.830e-02 -1.766e-02 -1.934e-02 -1.870e-02
  19  1.398e-01  1.918e-01  4.352e-01  9.896e-02  1.000e-09  1.000e-09  0.5000  2.173e-17  0.000e+00  4.352e-01  3.811e-02  3.822e-02  5.032e-02  6.264e-02
iter    cost       merit      stop      |grad|      preg       dreg      step   ||ffeas||  ||gfeas||  ||hfeas||   dV-exp       dV      dPhi-exp     dPhi
  20  1.430e-01  1.730e-01  5.021e-01  8.804e-03  1.000e-09  1.000e-09  1.0000  0.000e+00  0.000e+00  5.021e-01 -3.870e-03 -3.191e-03 -7.862e-03 -7.183e-03
  21  1.323e-01  1.402e-01  2.644e-01  1.901e-02  1.000e-08  1.000e-08  1.0000  0.000e+00  0.000e+00  2.644e-01  1.050e-02  1.075e-02  1.759e-02  1.785e-02
  22  1.294e-01  1.339e-01  3.013e-01  1.087e-02  2.000e-09  2.000e-09  1.0000  0.000e+00  0.000e+00  3.013e-01  2.312e-03  2.878e-03  1.761e-03  2.327e-03
  23  1.305e-01  1.314e-01  1.280e-01  3.194e-03  2.000e-08  2.000e-08  1.0000  0.000e+00  0.000e+00  1.280e-01 -1.320e-03 -1.109e-03 -2.574e-05  1.853e-04
  24  1.323e-01  1.324e-01  1.666e-02  1.181e-03  2.000e-07  2.000e-07  1.0000  0.000e+00  0.000e+00  1.666e-02 -1.859e-03 -1.832e-03 -1.443e-03 -1.416e-03
  25  1.332e-01  1.332e-01  7.480e-04  8.303e-04  2.000e-06  2.000e-06  1.0000  0.000e+00  0.000e+00  3.082e-04 -8.476e-04 -8.471e-04 -8.171e-04 -8.166e-04
  26  1.332e-01  1.332e-01  6.336e-06  7.173e-06  2.000e-05  2.000e-05  1.0000  0.000e+00  0.000e+00  2.152e-07 -7.180e-06 -7.179e-06 -6.892e-06 -6.892e-06
  27  1.332e-01  1.332e-01  4.665e-07  5.287e-07  2.000e-04  2.000e-04  1.0000  0.000e+00  0.000e+00  2.090e-09  5.286e-07  5.286e-07  1.276e-06  1.276e-06
  28  1.332e-01  1.332e-01  4.650e-08  5.270e-08  2.000e-03  2.000e-03  1.0000  0.000e+00  0.000e+00  2.088e-11  5.270e-08  5.270e-08  5.995e-08  5.995e-08
  29  1.332e-01  1.332e-01  4.658e-09  5.278e-09  2.000e-02  2.000e-02  1.0000  0.000e+00  0.000e+00  2.089e-13  5.278e-09  5.278e-09  5.351e-09  5.351e-09
*** SOLVE (MultiShoot) ***
iter    cost       merit      stop      |grad|      preg       dreg      step   ||ffeas||  ||gfeas||  ||hfeas||   dV-exp       dV      dPhi-exp     dPhi
   0  9.388e-01  2.996e+01  1.654e+01  1.061e-07  1.000e-09  1.000e-09  1.0000  1.421e-14  0.000e+00  1.654e+01 -9.918e-01 -9.388e-01 -2.726e+01 -2.721e+01
   1  1.011e+00  3.253e+01  3.593e+01  4.667e-01  1.000e-09  1.000e-09  1.0000  1.421e-14  0.000e+00  3.593e+01 -3.955e-02 -7.191e-02 -1.704e+01 -1.708e+01
   2  4.533e-01  8.056e+00  1.733e+01  1.136e+00  1.000e-09  1.000e-09  1.0000  2.487e-14  0.000e+00  1.733e+01  5.554e-01  5.574e-01  8.712e+00  8.714e+00
   3  3.626e-01  3.085e+00  1.242e+01  4.412e-01  1.000e-09  1.000e-09  1.0000  1.066e-14  0.000e+00  1.242e+01  7.892e-02  9.065e-02  1.158e+00  1.169e+00
   4  2.250e-01  8.342e-01  5.556e+00  3.020e-01  1.000e-09  1.000e-09  1.0000  7.105e-15  0.000e+00  5.556e+00  1.548e-01  1.376e-01  9.069e-01  8.897e-01
   5  3.037e-01  5.706e-01  4.870e+00  1.276e-01  1.000e-09  1.000e-09  1.0000  7.105e-15  0.000e+00  4.870e+00 -6.856e-02 -7.861e-02 -3.095e-02 -4.100e-02
   6  1.530e-01  2.515e-01  2.601e+00  2.798e-01  1.000e-09  1.000e-09  1.0000  7.105e-15  0.000e+00  2.601e+00  1.290e-01  1.506e-01  2.149e-01  2.365e-01
   7  2.663e-01  3.858e-01  6.314e+00  2.473e-01  1.000e-09  1.000e-09  1.0000  7.105e-15  0.000e+00  6.314e+00 -9.384e-02 -1.133e-01 -1.641e-01 -1.835e-01
   8  1.390e-01  2.789e-01  4.686e+00  4.689e-01  1.000e-09  1.000e-09  1.0000  1.066e-14  0.000e+00  4.686e+00  1.320e-01  1.274e-01  1.806e-01  1.760e-01
   9  1.069e-01  1.666e-01  3.996e+00  1.100e-01  1.000e-09  1.000e-09  1.0000  3.553e-15  0.000e+00  3.996e+00  3.193e-02  3.200e-02  4.224e-02  4.231e-02
iter    cost       merit      stop      |grad|      preg       dreg      step   ||ffeas||  ||gfeas||  ||hfeas||   dV-exp       dV      dPhi-exp     dPhi
  10  1.562e-01  1.657e-01  1.269e+00  1.818e-02  1.000e-09  1.000e-09  1.0000  7.105e-15  0.000e+00  1.269e+00 -5.012e-02 -4.926e-02 -2.975e-02 -2.890e-02
  11  1.084e-01  1.316e-01  4.307e-01  7.049e-02  1.000e-09  1.000e-09  1.0000  3.553e-15  0.000e+00  4.307e-01  4.793e-02  4.783e-02  9.317e-02  9.307e-02
  12  1.110e-01  1.174e-01  2.377e-01  1.142e-03  1.000e-09  1.000e-09  1.0000  3.553e-15  0.000e+00  2.377e-01 -2.582e-03 -2.631e-03  2.624e-03  2.575e-03
  13  1.046e-01  1.153e-01  2.817e-01  1.242e-02  1.000e-08  1.000e-08  1.0000  3.553e-15  0.000e+00  2.817e-01  6.317e-03  6.446e-03  4.647e-03  4.777e-03
  14  1.120e-01  1.124e-01  1.985e-02  6.194e-03  1.000e-07  1.000e-07  1.0000  3.553e-15  0.000e+00  1.985e-02 -7.497e-03 -7.455e-03 -2.527e-03 -2.485e-03
  15  1.124e-01  1.124e-01  3.673e-04  3.994e-04  1.000e-06  1.000e-06  1.0000  3.553e-15  0.000e+00  1.917e-04 -4.086e-04 -4.083e-04 -2.220e-04 -2.217e-04
  16  1.124e-01  1.124e-01  1.811e-05  2.020e-05  1.000e-05  1.000e-05  1.0000  3.553e-15  0.000e+00  4.359e-06  2.014e-05  2.014e-05  4.826e-05  4.826e-05
  17  1.124e-01  1.124e-01  2.066e-06  2.299e-06  1.000e-04  1.000e-04  1.0000  3.553e-15  0.000e+00  4.497e-08  2.298e-06  2.298e-06  5.548e-06  5.548e-06
  18  1.124e-01  1.124e-01  2.231e-07  2.482e-07  1.000e-03  1.000e-03  1.0000  3.553e-15  0.000e+00  4.629e-10  2.482e-07  2.482e-07  5.992e-07  5.992e-07
  19  1.124e-01  1.124e-01  2.248e-08  2.501e-08  1.000e-02  1.000e-02  1.0000  3.553e-15  0.000e+00  4.642e-12  2.501e-08  2.501e-08  2.862e-08  2.862e-08
iter    cost       merit      stop      |grad|      preg       dreg      step   ||ffeas||  ||gfeas||  ||hfeas||   dV-exp       dV      dPhi-exp     dPhi
  20  1.124e-01  1.124e-01  2.250e-09  2.503e-09  1.000e-01  1.000e-01  1.0000  3.553e-15  0.000e+00  4.653e-14  2.503e-09  2.503e-09  2.539e-09  2.539e-09
*** SOLVE (HybridShoot: 33) ***
iter    cost       merit      stop      |grad|      preg       dreg      step   ||ffeas||  ||gfeas||  ||hfeas||   dV-exp       dV      dPhi-exp     dPhi
   0  6.910e+00  9.433e+02  2.375e+02  1.061e-07  1.000e-09  1.000e-09  1.0000  1.113e+02  0.000e+00  1.262e+02 -9.918e-01 -6.910e+00 -9.312e+02 -9.371e+02
   1  4.463e+00  2.354e+02  1.171e+02  6.301e+00  1.000e-09  1.000e-09  0.5000  5.565e+01  0.000e+00  6.147e+01  2.527e+00  2.448e+00  1.212e+02  2.397e+02
   2  2.599e+00  3.441e+01  3.227e+01  2.618e+00  1.000e-09  1.000e-09  1.0000  3.707e-12  0.000e+00  3.227e+01  1.931e+00  1.864e+00  8.557e+01  8.551e+01
   3  1.387e+00  8.472e+00  1.437e+01  1.784e+00  1.000e-09  1.000e-09  1.0000  1.424e-11  0.000e+00  1.437e+01  1.216e+00  1.212e+00  1.004e+01  1.003e+01
   4  7.222e-01  2.899e+00  8.831e+00  9.668e-01  1.000e-09  1.000e-09  1.0000  2.508e-11  0.000e+00  8.831e+00  6.766e-01  6.646e-01  2.043e+00  2.031e+00
   5  4.301e-01  5.939e-01  1.329e+00  3.809e-01  1.000e-09  1.000e-09  1.0000  6.390e-11  0.000e+00  1.329e+00  2.948e-01  2.921e-01  1.219e+00  1.216e+00
   6  3.079e-01  5.023e-01  1.532e+00  1.631e-01  1.000e-09  1.000e-09  1.0000  3.134e-10  0.000e+00  1.532e+00  1.180e-01  1.221e-01  9.229e-02  9.638e-02
   7  2.562e-01  3.527e-01  1.521e+00  1.305e-01  1.000e-09  1.000e-09  0.5000  1.496e-10  0.000e+00  1.521e+00  4.798e-02  5.170e-02  4.833e-02  5.239e-02
   8  2.374e-01  2.929e-01  1.368e+00  8.146e-02  1.000e-09  1.000e-09  0.2500  1.176e-10  0.000e+00  1.368e+00  1.797e-02  1.880e-02  1.952e-02  2.500e-02
   9  2.232e-01  2.531e-01  1.476e+00  3.723e-02  1.000e-09  1.000e-09  1.0000  8.005e-11  0.000e+00  1.476e+00  1.308e-02  1.423e-02  1.089e-02  1.204e-02
iter    cost       merit      stop      |grad|      preg       dreg      step   ||ffeas||  ||gfeas||  ||hfeas||   dV-exp       dV      dPhi-exp     dPhi
  10  1.727e-01  2.493e-01  1.747e+00  6.041e-02  1.000e-09  1.000e-09  1.0000  2.824e-10  0.000e+00  1.747e+00  4.529e-02  5.054e-02  3.342e-02  3.866e-02
  11  1.397e-01  2.077e-01  2.024e+00  7.592e-02  1.000e-09  1.000e-09  0.5000  1.503e-10  0.000e+00  2.024e+00  2.926e-02  3.301e-02  2.461e-02  2.371e-02
  12  1.421e-01  1.540e-01  7.042e-01  8.520e-03  1.000e-09  1.000e-09  1.0000  1.528e-10  0.000e+00  7.042e-01 -3.964e-03 -2.459e-03  1.823e-02  1.973e-02
  13  1.287e-01  1.452e-01  4.610e-01  3.268e-02  1.000e-09  1.000e-09  0.5000  9.779e-11  0.000e+00  4.610e-01  1.258e-02  1.343e-02  1.692e-02  2.212e-02
  14  1.235e-01  1.324e-01  5.000e-01  1.281e-02  1.000e-09  1.000e-09  0.5000  5.023e-11  0.000e+00  5.000e-01  4.509e-03  5.248e-03  4.160e-03  4.551e-03
  15  1.244e-01  1.306e-01  6.882e-01  6.556e-04  1.000e-08  1.000e-08  1.0000  6.567e-12  0.000e+00  6.882e-01 -2.163e-03 -9.760e-04 -3.846e-03 -2.659e-03
  16  1.278e-01  1.282e-01  1.023e-01  2.347e-03  1.000e-07  1.000e-07  1.0000  5.151e-13  0.000e+00  1.023e-01 -3.648e-03 -3.338e-03 -1.030e-03 -7.198e-04
  17  1.306e-01  1.306e-01  2.913e-03  2.762e-03  1.000e-06  1.000e-06  1.0000  1.350e-13  0.000e+00  2.913e-03 -2.840e-03 -2.837e-03 -2.618e-03 -2.615e-03
  18  1.307e-01  1.307e-01  4.318e-05  4.876e-05  1.000e-05  1.000e-05  1.0000  6.128e-14  0.000e+00  1.626e-06 -4.882e-05 -4.881e-05 -4.556e-05 -4.556e-05
  19  1.307e-01  1.307e-01  9.839e-07  1.113e-06  1.000e-04  1.000e-04  1.0000  4.530e-14  0.000e+00  1.680e-08  1.112e-06  1.112e-06  2.685e-06  2.685e-06
iter    cost       merit      stop      |grad|      preg       dreg      step   ||ffeas||  ||gfeas||  ||hfeas||   dV-exp       dV      dPhi-exp     dPhi
  20  1.307e-01  1.307e-01  1.001e-07  1.132e-07  1.000e-03  1.000e-03  1.0000  1.954e-14  0.000e+00  1.682e-10  1.131e-07  1.131e-07  1.294e-07  1.294e-07
  21  1.307e-01  1.307e-01  1.004e-08  1.136e-08  1.000e-02  1.000e-02  1.0000  2.665e-14  0.000e+00  1.684e-12  1.136e-08  1.136e-08  1.152e-08  1.152e-08
Target state: [1. 0. 1. 0. 0. 0.]
Terminal state: [ 1. -0.  1.  0. -0.  0.]
