*** SOLVE (MultiShoot) ***
iter    cost       merit      stop      |grad|      preg       dreg      step   ||ffeas||  ||gfeas||  ||hfeas||   dV-exp       dV      dPhi-exp     dPhi
   0  2.594e+02  4.691e+02  4.415e+00  5.158e+02  1.000e-09  1.000e-09  0.0625  1.048e+00  0.000e+00  3.367e+00  3.069e+01  2.993e+01  2.831e+01 -8.171e+00
   1  2.465e+02  5.241e+02  4.284e+00  4.559e+02  1.000e-09  1.000e-09  0.0312  1.025e+00  0.000e+00  3.258e+00  1.400e+01  1.290e+01  1.427e+01  2.144e+01
   2  2.467e+02  4.927e+02  4.214e+00  4.107e+02  1.000e-09  1.000e-09  0.0156  1.008e+00  0.000e+00  3.207e+00  6.359e+00 -1.501e-01  6.423e+00  3.898e+00
   3  2.573e+02  4.832e+02  3.856e+00  4.115e+02  1.000e-09  1.000e-09  0.0625  8.527e-01  0.000e+00  3.004e+00  2.479e+01 -1.066e+01  2.610e+01  1.031e+01
   4  2.299e+02  4.901e+02  3.510e+00  4.587e+02  1.000e-09  1.000e-09  0.0625  6.944e-01  0.000e+00  2.815e+00  2.766e+01  2.740e+01  2.927e+01  5.308e+01
   5  2.172e+02  4.509e+02  3.221e+00  4.106e+02  1.000e-09  1.000e-09  0.0625  5.829e-01  0.000e+00  2.638e+00  2.476e+01  1.277e+01  2.607e+01  3.376e+01
   6  2.071e+02  4.346e+02  3.105e+00  3.830e+02  1.000e-09  1.000e-09  0.0312  5.497e-01  0.000e+00  2.555e+00  1.176e+01  1.003e+01  1.202e+01  1.853e+01
   7  2.026e+02  4.090e+02  3.067e+00  3.559e+02  1.000e-09  1.000e-09  0.0156  5.519e-01  0.000e+00  2.515e+00  5.509e+00  4.516e+00  5.549e+00  7.061e+00
   8  2.033e+02  4.038e+02  3.046e+00  3.457e+02  1.000e-09  1.000e-09  0.0078  5.510e-01  0.000e+00  2.495e+00  2.688e+00 -6.497e-01  2.699e+00  7.031e-01
   9  1.991e+02  3.974e+02  3.013e+00  3.457e+02  1.000e-09  1.000e-09  0.0156  5.563e-01  0.000e+00  2.456e+00  5.352e+00  4.155e+00  5.386e+00  6.376e+00
iter    cost       merit      stop      |grad|      preg       dreg      step   ||ffeas||  ||gfeas||  ||hfeas||   dV-exp       dV      dPhi-exp     dPhi
  10  1.979e+02  3.915e+02  3.002e+00  3.363e+02  1.000e-09  1.000e-09  0.0039  5.549e-01  0.000e+00  2.447e+00  1.311e+00  1.240e+00  1.314e+00  1.947e+00
  11  1.980e+02  3.904e+02  2.996e+00  3.339e+02  1.000e-09  1.000e-09  0.0020  5.540e-01  0.000e+00  2.442e+00  6.513e-01 -1.753e-01  6.520e-01  1.883e-01
  12  1.933e+02  3.817e+02  2.955e+00  3.335e+02  1.000e-09  1.000e-09  0.0312  5.890e-01  0.000e+00  2.366e+00  1.023e+01  4.705e+00  1.031e+01  7.341e+00
  13  1.911e+02  3.802e+02  2.934e+00  3.257e+02  1.000e-09  1.000e-09  0.0078  5.866e-01  0.000e+00  2.347e+00  2.532e+00  2.249e+00  2.543e+00  3.598e+00
  14  1.912e+02  3.774e+02  2.928e+00  3.206e+02  1.000e-09  1.000e-09  0.0020  5.856e-01  0.000e+00  2.343e+00  6.254e-01 -9.620e-02  6.261e-01  2.597e-01
  15  1.872e+02  3.707e+02  2.891e+00  3.205e+02  1.000e-09  1.000e-09  0.0156  5.849e-01  0.000e+00  2.306e+00  4.961e+00  4.032e+00  4.998e+00  6.393e+00
  16  1.855e+02  3.653e+02  2.870e+00  3.121e+02  1.000e-09  1.000e-09  0.0078  5.822e-01  0.000e+00  2.288e+00  2.427e+00  1.690e+00  2.437e+00  2.991e+00
  17  1.797e+02  3.546e+02  2.808e+00  3.083e+02  1.000e-09  1.000e-09  0.0312  5.915e-01  0.000e+00  2.217e+00  9.457e+00  5.797e+00  9.578e+00  9.668e+00
  18  1.797e+02  3.546e+02  2.808e+00  2.963e+02  1.000e-09  1.000e-09  0.0020  5.915e-01  0.000e+00  2.217e+00  5.781e-01 -7.101e-01  5.787e-01 -3.764e-01
  19  1.797e+02  3.546e+02  2.808e+00  2.963e+02  1.000e-08  1.000e-08  0.0020  5.915e-01  0.000e+00  2.217e+00  5.780e-01 -7.083e-01  5.787e-01 -3.745e-01
iter    cost       merit      stop      |grad|      preg       dreg      step   ||ffeas||  ||gfeas||  ||hfeas||   dV-exp       dV      dPhi-exp     dPhi
  20  1.797e+02  3.546e+02  2.808e+00  2.962e+02  1.000e-07  1.000e-07  0.0020  5.915e-01  0.000e+00  2.217e+00  5.778e-01 -6.902e-01  5.784e-01 -3.564e-01
  21  1.797e+02  3.546e+02  2.808e+00  2.950e+02  1.000e-06  1.000e-06  0.0020  5.915e-01  0.000e+00  2.217e+00  5.755e-01 -5.324e-01  5.761e-01 -1.981e-01
  22  1.795e+02  3.462e+02  2.803e+00  2.866e+02  1.000e-05  1.000e-05  0.0020  5.903e-01  0.000e+00  2.212e+00  5.592e-01  1.292e-01  5.598e-01  4.544e-01
  23  1.784e+02  3.424e+02  2.781e+00  2.860e+02  1.000e-05  1.000e-05  0.0078  5.860e-01  0.000e+00  2.195e+00  2.224e+00  1.115e+00  2.234e+00  2.391e+00
  24  1.833e+02  3.369e+02  2.623e+00  2.835e+02  1.000e-05  1.000e-05  0.0625  5.648e-01  0.000e+00  2.058e+00  1.706e+01 -4.914e+00  1.764e+01  4.347e+00
  25  1.770e+02  3.390e+02  2.459e+00  2.932e+02  1.000e-05  1.000e-05  0.0625  5.300e-01  0.000e+00  1.929e+00  1.765e+01  6.387e+00  1.832e+01  1.714e+01
  26  1.806e+02  3.368e+02  2.301e+00  2.805e+02  1.000e-05  1.000e-05  0.0625  4.923e-01  0.000e+00  1.809e+00  1.690e+01 -3.614e+00  1.757e+01  7.137e+00
  27  1.567e+02  3.173e+02  2.123e+00  2.877e+02  1.000e-05  1.000e-05  0.1250  5.407e-01  0.000e+00  1.583e+00  3.337e+01  2.389e+01  3.505e+01  3.735e+01
  28  1.568e+02  3.019e+02  2.115e+00  2.392e+02  1.000e-05  1.000e-05  0.0039  5.387e-01  0.000e+00  1.576e+00  9.322e-01 -1.614e-01  9.344e-01  4.000e-01
  29  1.399e+02  2.743e+02  1.962e+00  2.392e+02  1.000e-05  1.000e-05  0.1250  5.828e-01  0.000e+00  1.379e+00  2.775e+01  1.696e+01  2.906e+01  2.745e+01
iter    cost       merit      stop      |grad|      preg       dreg      step   ||ffeas||  ||gfeas||  ||hfeas||   dV-exp       dV      dPhi-exp     dPhi
  30  1.400e+02  2.652e+02  1.954e+00  2.042e+02  1.000e-05  1.000e-05  0.0039  5.806e-01  0.000e+00  1.374e+00  7.959e-01 -7.713e-02  7.978e-01  4.098e-01
  31  1.391e+02  2.630e+02  1.939e+00  2.040e+02  1.000e-05  1.000e-05  0.0078  5.763e-01  0.000e+00  1.363e+00  1.586e+00  8.802e-01  1.594e+00  1.837e+00
  32  1.361e+02  2.528e+02  1.836e+00  2.020e+02  1.000e-05  1.000e-05  0.0625  5.583e-01  0.000e+00  1.278e+00  1.217e+01  2.943e+00  1.258e+01  9.494e+00
  33  1.449e+02  2.546e+02  1.658e+00  1.960e+02  1.000e-05  1.000e-05  0.1250  5.395e-01  0.000e+00  1.118e+00  2.277e+01 -8.748e+00  2.425e+01  3.064e+00
  34  1.451e+02  2.838e+02  1.645e+00  2.135e+02  1.000e-05  1.000e-05  0.0078  5.354e-01  0.000e+00  1.110e+00  1.661e+00 -2.584e-01  1.669e+00  8.253e-01
  35  1.453e+02  2.835e+02  1.632e+00  2.136e+02  1.000e-05  1.000e-05  0.0078  5.313e-01  0.000e+00  1.101e+00  1.661e+00 -1.972e-01  1.670e+00  8.829e-01
  36  1.394e+02  2.712e+02  1.543e+00  2.138e+02  1.000e-05  1.000e-05  0.0625  5.104e-01  0.000e+00  1.032e+00  1.291e+01  5.885e+00  1.339e+01  1.354e+01
  37  1.404e+02  2.696e+02  1.498e+00  2.022e+02  1.000e-05  1.000e-05  0.0312  4.977e-01  0.000e+00  1.000e+00  6.213e+00 -9.407e-01  6.334e+00  2.935e+00
  38  1.378e+02  2.656e+02  1.415e+00  2.041e+02  1.000e-05  1.000e-05  0.0625  4.775e-01  0.000e+00  9.376e-01  1.233e+01  2.564e+00  1.279e+01  1.002e+01
  39  1.379e+02  2.703e+02  1.404e+00  1.992e+02  1.000e-05  1.000e-05  0.0078  4.739e-01  0.000e+00  9.303e-01  1.550e+00 -6.842e-02  1.558e+00  9.628e-01
iter    cost       merit      stop      |grad|      preg       dreg      step   ||ffeas||  ||gfeas||  ||hfeas||   dV-exp       dV      dPhi-exp     dPhi
  40  1.359e+02  2.673e+02  1.383e+00  1.992e+02  1.000e-05  1.000e-05  0.0156  4.670e-01  0.000e+00  9.158e-01  3.087e+00  2.034e+00  3.119e+00  4.070e+00
  41  1.325e+02  2.558e+02  1.305e+00  1.951e+02  1.000e-05  1.000e-05  0.0625  4.466e-01  0.000e+00  8.586e-01  1.179e+01  3.370e+00  1.225e+01  1.070e+01
  42  1.288e+02  2.488e+02  1.231e+00  1.885e+02  1.000e-05  1.000e-05  0.0625  4.256e-01  0.000e+00  8.050e-01  1.139e+01  3.643e+00  1.185e+01  1.092e+01
  43  1.390e+02  2.492e+02  1.099e+00  1.814e+02  1.000e-05  1.000e-05  0.1250  3.941e-01  0.000e+00  7.045e-01  2.119e+01 -1.018e+01  2.284e+01  3.054e+00
  44  1.400e+02  2.784e+02  1.082e+00  2.016e+02  1.000e-05  1.000e-05  0.0156  3.882e-01  0.000e+00  6.935e-01  3.124e+00 -9.999e-01  3.158e+00  1.167e+00
  45  1.457e+02  2.722e+02  9.632e-01  2.035e+02  1.000e-05  1.000e-05  0.1250  3.563e-01  0.000e+00  6.069e-01  2.382e+01 -5.672e+00  2.576e+01  9.884e+00
  46  1.337e+02  2.708e+02  8.606e-01  2.172e+02  1.000e-05  1.000e-05  0.1250  3.295e-01  0.000e+00  5.311e-01  2.543e+01  1.198e+01  2.748e+01  2.833e+01
  47  1.492e+02  2.671e+02  7.334e-01  1.945e+02  1.000e-05  1.000e-05  0.2500  3.349e-01  0.000e+00  3.985e-01  4.251e+01 -1.548e+01  4.762e+01  4.965e+00
  48  1.512e+02  3.138e+02  7.594e-01  2.304e+02  2.000e-06  2.000e-06  0.0156  3.299e-01  0.000e+00  3.923e-01  3.572e+00 -2.025e+00  3.611e+00  5.014e-01
  49  1.501e+02  2.917e+02  7.784e-01  2.344e+02  2.000e-06  2.000e-06  0.2500  3.141e-01  0.000e+00  2.943e-01  5.131e+01  1.094e+00  5.793e+01  2.757e+01
iter    cost       merit      stop      |grad|      preg       dreg      step   ||ffeas||  ||gfeas||  ||hfeas||   dV-exp       dV      dPhi-exp     dPhi
  50  1.524e+02  3.107e+02  7.692e-01  2.350e+02  4.000e-07  4.000e-07  0.0625  2.956e-01  0.000e+00  2.759e-01  1.423e+01 -2.283e+00  1.487e+01  7.962e+00
  51  1.629e+02  2.900e+02  7.352e-01  2.399e+02  4.000e-07  4.000e-07  0.5000  2.841e-01  0.000e+00  1.379e-01  9.009e+01 -1.045e+01  1.126e+02  3.457e+01
  52  1.599e+02  3.428e+02  8.213e-01  2.630e+02  8.000e-08  8.000e-08  0.0312  2.754e-01  0.000e+00  1.336e-01  8.090e+00  3.003e+00  8.272e+00  8.832e+00
  53  1.562e+02  3.349e+02  8.210e-01  2.569e+02  8.000e-08  8.000e-08  0.0312  2.670e-01  0.000e+00  1.294e-01  7.904e+00  3.643e+00  8.082e+00  9.317e+00
  54  1.070e+02  2.241e+02  1.161e+00  2.496e+02  8.000e-08  8.000e-08  0.5000  1.945e-01  0.000e+00  6.462e-02  9.375e+01  4.922e+01  1.248e+02  1.112e+02
  55  1.028e+02  1.988e+02  7.371e-01  1.522e+02  1.600e-08  1.600e-08  0.1250  1.712e-01  0.000e+00  5.654e-02  1.785e+01  4.212e+00  1.950e+01  1.747e+01
  56  5.137e+01  1.110e+02  1.381e+00  1.439e+02  1.600e-08  1.600e-08  0.5000  1.031e-01  0.000e+00  2.826e-02  5.407e+01  5.142e+01  7.593e+01  9.514e+01
  57  5.140e+01  8.136e+01  4.018e-01  4.172e+01  3.200e-09  3.200e-09  0.0039  1.027e-01  0.000e+00  2.815e-02  1.626e-01 -2.994e-02  1.631e-01  8.743e-02
  58  3.059e+01  4.351e+01  6.656e-01  4.166e+01  3.200e-09  3.200e-09  1.0000  5.609e-02  0.000e+00  1.538e-04  2.103e+01  2.081e+01  3.815e+01  3.793e+01
  59  3.059e+01  4.351e+01  5.624e-02  3.240e+00  1.000e-09  1.000e-09  0.0020  5.609e-02  0.000e+00  1.538e-04  6.321e-03 -4.436e-01  6.346e-03 -4.309e-01
iter    cost       merit      stop      |grad|      preg       dreg      step   ||ffeas||  ||gfeas||  ||hfeas||   dV-exp       dV      dPhi-exp     dPhi
  60  3.059e+01  4.351e+01  5.624e-02  3.236e+00  1.000e-08  1.000e-08  0.0020  5.609e-02  0.000e+00  1.538e-04  6.315e-03 -4.421e-01  6.327e-03 -4.358e-01
  61  3.059e+01  4.351e+01  5.624e-02  3.202e+00  1.000e-07  1.000e-07  0.0020  5.609e-02  0.000e+00  1.538e-04  6.248e-03 -4.276e-01  6.257e-03 -4.230e-01
  62  3.059e+01  4.351e+01  5.624e-02  2.921e+00  1.000e-06  1.000e-06  0.0020  5.609e-02  0.000e+00  1.538e-04  5.700e-03 -3.172e-01  5.709e-03 -3.127e-01
  63  3.059e+01  4.351e+01  5.624e-02  1.924e+00  1.000e-05  1.000e-05  0.0020  5.609e-02  0.000e+00  1.538e-04  3.755e-03 -6.049e-02  3.762e-03 -5.699e-02
  64  3.059e+01  3.151e+01  5.613e-02  9.663e-01  1.000e-04  1.000e-04  0.0020  5.598e-02  0.000e+00  1.535e-04  1.886e-03  1.221e-03  1.890e-03  3.029e-03
  65  3.059e+01  3.130e+01  5.591e-02  7.785e-01  1.000e-04  1.000e-04  0.0039  5.576e-02  0.000e+00  1.529e-04  3.037e-03  2.485e-03  3.048e-03  5.287e-03
  66  3.059e+01  3.116e+01  5.569e-02  6.560e-01  1.000e-04  1.000e-04  0.0039  5.554e-02  0.000e+00  1.523e-04  2.559e-03  2.561e-03  2.567e-03  4.814e-03
  67  3.059e+01  3.116e+01  5.558e-02  6.518e-01  1.000e-04  1.000e-04  0.0020  5.543e-02  0.000e+00  1.520e-04  1.272e-03  4.119e-04  1.274e-03  1.531e-03
  68  3.058e+01  3.106e+01  5.515e-02  5.761e-01  1.000e-04  1.000e-04  0.0078  5.500e-02  0.000e+00  1.508e-04  4.487e-03  3.622e-03  4.516e-03  7.415e-03
  69  3.057e+01  3.099e+01  5.341e-02  5.360e-01  1.000e-04  1.000e-04  0.0312  5.326e-02  0.000e+00  1.460e-04  1.652e-02  1.248e-02  1.695e-02  2.625e-02
iter    cost       merit      stop      |grad|      preg       dreg      step   ||ffeas||  ||gfeas||  ||hfeas||   dV-exp       dV      dPhi-exp     dPhi
  70  3.057e+01  3.097e+01  5.257e-02  5.041e-01  1.000e-04  1.000e-04  0.0156  5.242e-02  0.000e+00  1.437e-04  7.823e-03  4.442e-04  7.923e-03  6.809e-03
  71  3.055e+01  3.093e+01  4.921e-02  5.039e-01  1.000e-04  1.000e-04  0.0625  4.907e-02  0.000e+00  1.346e-04  3.063e-02  1.487e-02  3.225e-02  4.067e-02
  72  3.029e+01  3.094e+01  8.271e-02  4.811e-01  1.000e-04  1.000e-04  1.0000  8.269e-02  0.000e+00  2.444e-05  2.693e-01  2.635e-01  7.358e-03  1.515e-03
  73  3.029e+01  3.094e+01  8.271e-02  1.633e+00  2.000e-05  2.000e-05  0.0020  8.269e-02  0.000e+00  2.444e-05  3.188e-03 -1.424e-01  3.194e-03 -1.391e-01
  74  3.029e+01  3.094e+01  8.271e-02  4.395e-01  2.000e-04  2.000e-04  0.0020  8.269e-02  0.000e+00  2.444e-05  8.580e-04 -8.407e-03  8.613e-04 -6.714e-03
  75  3.029e+01  3.072e+01  8.239e-02  1.048e-01  2.000e-03  2.000e-03  0.0039  8.237e-02  0.000e+00  2.435e-05  4.091e-04 -1.468e-03  4.158e-04  2.261e-04
  76  3.029e+01  3.051e+01  8.175e-02  4.488e-02  2.000e-03  2.000e-03  0.0078  8.172e-02  0.000e+00  2.416e-05  3.502e-04 -7.041e-04  3.634e-04  9.832e-04
  77  3.029e+01  3.040e+01  8.047e-02  3.050e-02  2.000e-03  2.000e-03  0.0156  8.045e-02  0.000e+00  2.378e-05  4.752e-04 -8.526e-04  5.014e-04  8.215e-04
  78  3.030e+01  3.034e+01  7.544e-02  2.248e-02  2.000e-03  2.000e-03  0.0625  7.542e-02  0.000e+00  2.231e-05  1.382e-03 -8.928e-04  1.588e-03  2.403e-03
  79  3.029e+01  3.032e+01  6.601e-02  2.382e-02  2.000e-03  2.000e-03  0.1250  6.599e-02  0.000e+00  1.956e-05  2.864e-03  3.991e-04  3.250e-03  3.489e-03
iter    cost       merit      stop      |grad|      preg       dreg      step   ||ffeas||  ||gfeas||  ||hfeas||   dV-exp       dV      dPhi-exp     dPhi
  80  3.028e+01  3.028e+01  5.282e-04  2.469e-02  2.000e-03  2.000e-03  1.0000  1.574e-04  0.000e+00  1.688e-06  1.652e-02  1.661e-02  4.007e-02  4.016e-02
  81  3.028e+01  3.028e+01  8.006e-05  5.988e-04  2.000e-02  2.000e-02  0.5000  7.922e-05  0.000e+00  8.452e-07  2.721e-04 -1.327e-04  4.456e-04  2.145e-04
  82  3.028e+01  3.028e+01  1.396e-05  7.976e-04  2.000e-01  2.000e-01  1.0000  1.028e-07  0.000e+00  6.512e-10  4.366e-04  4.374e-04  1.059e-03  1.060e-03
  83  3.028e+01  3.028e+01  3.715e-07  1.212e-05  2.000e+00  2.000e+00  1.0000  1.016e-09  0.000e+00  2.049e-12  1.162e-05  1.162e-05  2.805e-05  2.805e-05
  84  3.028e+01  3.028e+01  3.526e-08  1.107e-06  2.000e+01  2.000e+01  1.0000  1.015e-11  0.000e+00  4.885e-14  1.103e-06  1.103e-06  1.265e-06  1.265e-06
  85  3.028e+01  3.028e+01  3.510e-09  1.098e-07  2.000e+02  2.000e+02  1.0000  1.020e-13  0.000e+00  8.316e-13  1.098e-07  1.098e-07  1.113e-07  1.113e-07
Target end-effector pose:
   RF position: [ 0.4  -0.15  2.3 ]
   RF quaternion: [0. 1. 0. 0.]
   LF position: [0.4  0.15 2.3 ]
   LF quaternion: [0. 1. 0. 0.]
Terminal end-effector pose:
   RF position: [ 0.4  -0.15  2.3 ]
   RF quaternion: [ 0.  1. -0.  0.]
   LF position: [0.4  0.15 2.3 ]
   LF quaternion: [ 0.  1. -0.  0.]
