*** SOLVE walking (FeasShoot) ***
iter    cost       merit      stop      |grad|      preg       dreg      step   ||ffeas||  ||gfeas||  ||hfeas||   dV-exp       dV      dPhi-exp     dPhi
   0  2.061e+04  2.061e+04  3.877e+01  1.598e+06  1.000e-09  1.000e-09  1.0000  0.000e+00  0.000e+00  3.260e+01  7.989e+05  7.790e+05  7.989e+05  7.790e+05
   1  1.745e+04  1.885e+04  1.597e+00  4.008e+04  1.000e-09  1.000e-09  1.0000  0.000e+00  0.000e+00  1.597e+00  2.003e+04  3.156e+03  4.724e+04  3.037e+04
   2  8.200e+03  1.325e+04  2.057e+00  3.373e+04  1.000e-09  1.000e-09  1.0000  0.000e+00  0.000e+00  3.351e-01  1.687e+04  9.251e+03  3.591e+04  2.829e+04
   3  2.709e+03  5.121e+03  2.809e+00  1.522e+04  1.000e-09  1.000e-09  1.0000  0.000e+00  0.000e+00  7.435e-02  7.612e+03  5.491e+03  1.607e+04  1.395e+04
   4  7.740e+02  2.331e+03  2.735e+00  4.240e+03  1.000e-09  1.000e-09  1.0000  0.000e+00  0.000e+00  3.822e-02  2.120e+03  1.935e+03  3.592e+03  3.406e+03
   5  5.898e+02  6.665e+02  3.138e-01  3.708e+02  1.000e-09  1.000e-09  1.0000  0.000e+00  0.000e+00  3.762e-03  1.854e+02  1.842e+02  8.872e+02  8.860e+02
   6  5.886e+02  5.895e+02  2.029e-03  2.392e+00  1.000e-09  1.000e-09  1.0000  0.000e+00  0.000e+00  8.419e-05  1.196e+00  1.196e+00  3.865e+01  3.865e+01
   7  5.886e+02  5.886e+02  1.339e-08  1.480e-05  1.000e-09  1.000e-09  1.0000  0.000e+00  0.000e+00  1.900e-09  7.895e-06  7.897e-06  4.287e-01  4.287e-01
*** SOLVE walking (MultiShoot) ***
iter    cost       merit      stop      |grad|      preg       dreg      step   ||ffeas||  ||gfeas||  ||hfeas||   dV-exp       dV      dPhi-exp     dPhi
   0  2.064e+04  1.867e+05  3.871e+01  1.598e+06  1.000e-09  1.000e-09  1.0000  2.673e-02  0.000e+00  3.258e+01  7.989e+05  7.789e+05  6.329e+05  6.129e+05
   1  1.746e+04  2.153e+04  1.600e+00  4.015e+04  1.000e-09  1.000e-09  1.0000  9.647e-04  0.000e+00  1.599e+00  2.006e+04  3.182e+03  9.900e+04  8.213e+04
   2  8.198e+03  1.325e+04  2.058e+00  3.374e+04  1.000e-09  1.000e-09  1.0000  2.827e-04  0.000e+00  3.353e-01  1.687e+04  9.259e+03  3.592e+04  2.831e+04
   3  2.709e+03  5.120e+03  2.809e+00  1.522e+04  1.000e-09  1.000e-09  1.0000  8.513e-05  0.000e+00  7.436e-02  7.610e+03  5.489e+03  1.607e+04  1.395e+04
   4  7.740e+02  2.330e+03  2.735e+00  4.240e+03  1.000e-09  1.000e-09  1.0000  2.452e-05  0.000e+00  3.822e-02  2.120e+03  1.935e+03  3.593e+03  3.407e+03
   5  5.898e+02  6.664e+02  3.138e-01  3.708e+02  1.000e-09  1.000e-09  1.0000  6.827e-07  0.000e+00  3.762e-03  1.854e+02  1.842e+02  8.868e+02  8.856e+02
   6  5.886e+02  5.895e+02  2.029e-03  2.392e+00  1.000e-09  1.000e-09  1.0000  1.819e-08  0.000e+00  8.419e-05  1.196e+00  1.196e+00  3.861e+01  3.861e+01
   7  5.886e+02  5.886e+02  1.342e-08  1.482e-05  1.000e-09  1.000e-09  1.0000  6.322e-13  0.000e+00  1.900e-09  7.914e-06  7.916e-06  4.282e-01  4.282e-01
*** SOLVE walking (HybridShoot: 36) ***
iter    cost       merit      stop      |grad|      preg       dreg      step   ||ffeas||  ||gfeas||  ||hfeas||   dV-exp       dV      dPhi-exp     dPhi
   0  2.058e+04  1.863e+05  3.881e+01  1.598e+06  1.000e-09  1.000e-09  1.0000  2.876e-03  0.000e+00  3.258e+01  7.989e+05  7.790e+05  6.332e+05  6.133e+05
   1  1.745e+04  2.150e+04  1.594e+00  4.004e+04  1.000e-09  1.000e-09  1.0000  6.224e-04  0.000e+00  1.594e+00  2.001e+04  3.135e+03  9.879e+04  8.192e+04
   2  8.199e+03  1.327e+04  2.057e+00  3.373e+04  1.000e-09  1.000e-09  1.0000  2.147e-04  0.000e+00  3.353e-01  1.687e+04  9.251e+03  3.589e+04  2.827e+04
   3  2.709e+03  5.120e+03  2.809e+00  1.522e+04  1.000e-09  1.000e-09  1.0000  3.391e-05  0.000e+00  7.436e-02  7.611e+03  5.491e+03  1.607e+04  1.395e+04
   4  7.740e+02  2.330e+03  2.735e+00  4.240e+03  1.000e-09  1.000e-09  1.0000  7.015e-06  0.000e+00  3.822e-02  2.120e+03  1.935e+03  3.592e+03  3.407e+03
   5  5.898e+02  6.665e+02  3.138e-01  3.708e+02  1.000e-09  1.000e-09  1.0000  3.015e-06  0.000e+00  3.762e-03  1.854e+02  1.842e+02  8.870e+02  8.858e+02
   6  5.886e+02  5.895e+02  2.029e-03  2.392e+00  1.000e-09  1.000e-09  1.0000  1.349e-09  0.000e+00  8.419e-05  1.196e+00  1.196e+00  3.866e+01  3.866e+01
   7  5.886e+02  5.886e+02  1.340e-08  1.480e-05  1.000e-09  1.000e-09  1.0000  1.017e-13  0.000e+00  1.900e-09  7.901e-06  7.903e-06  4.284e-01  4.284e-01
*** SOLVE walking (OdynSQP) ***
iter    cost       merit      stop      |grad|      preg       dreg      step   ||ffeas||  ||gfeas||  ||hfeas||   dV-exp       dV      dPhi-exp     dPhi
   0  9.792e+05  4.138e+06  1.892e+00  2.555e+06  1.000e-09  1.000e-09  0.1250  3.089e-04  9.564e-01  9.354e-01  2.994e+05  2.992e+05  1.326e+05 -1.035e+06
   1  7.500e+05  2.771e+06  2.421e+00  1.957e+06  1.000e-09  1.000e-09  0.1250  5.024e-04  8.369e-01  1.584e+00  2.293e+05  2.292e+05  1.741e+05 -2.123e+05
   2  4.225e+05  2.331e+06  4.318e+00  1.498e+06  1.000e-09  1.000e-09  0.2500  1.070e-03  6.277e-01  3.689e+00  3.277e+05  3.275e+05  1.182e+05 -5.108e+05
   3  2.381e+05  1.289e+06  4.755e+00  8.432e+05  1.000e-09  1.000e-09  0.2500  1.161e-03  4.709e-01  4.283e+00  1.845e+05  1.844e+05  1.603e+05  8.766e+04
   4  6.020e+04  7.198e+05  5.969e+00  4.744e+05  1.000e-09  1.000e-09  0.5000  1.306e-03  2.356e-01  5.732e+00  1.779e+05  1.779e+05  1.108e+05  4.373e+04
   5  8.617e+02  2.071e+05  6.880e+01  1.187e+05  1.000e-09  1.000e-09  1.0000  5.022e-04  1.788e-03  3.730e+00  5.935e+04  5.933e+04  1.829e+05  1.829e+05
   6  8.439e+02  1.579e+03  2.661e-02  4.121e+01  1.000e-09  1.000e-09  1.0000  3.910e-06  9.438e-05  2.651e-02  1.777e+01  1.779e+01  1.024e+05  1.024e+05
   7  8.439e+02  8.499e+02  4.318e-04  7.453e-03  1.000e-09  1.000e-09  1.0000  1.139e-08  3.917e-04  4.006e-05 -9.595e-03 -9.541e-03  3.616e+02  3.616e+02
   8  8.439e+02  8.441e+02  3.264e-05  8.405e-05  1.000e-09  1.000e-09  1.0000  9.917e-11  3.250e-05  1.383e-07  7.908e-05  7.926e-05  2.757e+00  2.757e+00
   9  8.439e+02  8.439e+02  5.050e-08  1.810e-05  1.000e-09  1.000e-09  1.0000  5.310e-12  4.725e-08  3.243e-09 -1.814e-05 -1.814e-05  1.125e-01  1.125e-01
iter    cost       merit      stop      |grad|      preg       dreg      step   ||ffeas||  ||gfeas||  ||hfeas||   dV-exp       dV      dPhi-exp     dPhi
  10  8.439e+02  8.439e+02  2.769e-10  2.353e-07  1.000e-09  1.000e-09  1.0000  9.933e-14  2.151e-13  1.851e-10  2.340e-07  2.340e-07  8.711e-05  8.711e-05

*** SOLVE trotting (FeasShoot) ***
iter    cost       merit      stop      |grad|      preg       dreg      step   ||ffeas||  ||gfeas||  ||hfeas||   dV-exp       dV      dPhi-exp     dPhi
   0  2.589e+05  7.791e+05  2.732e+00  9.184e+05  1.000e-09  1.000e-09  0.2500  9.610e-04  0.000e+00  2.731e+00  2.009e+05  2.007e+05  2.348e+05  3.365e+05
   1  1.461e+05  5.822e+05  3.226e+00  5.169e+05  1.000e-09  1.000e-09  0.2500  7.207e-04  0.000e+00  3.225e+00  1.131e+05  1.128e+05  9.637e+04  4.594e+04
   2  3.757e+04  4.094e+05  5.502e+00  2.914e+05  1.000e-09  1.000e-09  0.5000  3.604e-04  0.000e+00  5.502e+00  1.093e+05  1.086e+05  3.236e+04 -4.526e+04
   3  8.226e+02  1.305e+05  4.509e+01  7.427e+04  1.000e-09  1.000e-09  1.0000  0.000e+00  0.000e+00  3.838e+00  3.714e+04  3.674e+04  9.335e+04  9.296e+04
   4  5.769e+02  1.573e+03  6.837e-01  7.920e+02  1.000e-09  1.000e-09  1.0000  0.000e+00  0.000e+00  5.894e-02  3.951e+02  2.456e+02  6.425e+04  6.410e+04
   5  4.274e+02  4.876e+02  3.491e-01  2.991e+02  1.000e-09  1.000e-09  1.0000  0.000e+00  0.000e+00  7.131e-03  1.496e+02  1.496e+02  5.872e+02  5.872e+02
   6  4.273e+02  4.422e+02  3.525e-03  9.698e-02  1.000e-09  1.000e-09  1.0000  0.000e+00  0.000e+00  3.525e-03  4.833e-02  3.839e-02  1.528e+01  1.527e+01
   7  4.273e+02  4.273e+02  2.341e-05  2.001e-02  1.000e-09  1.000e-09  1.0000  0.000e+00  0.000e+00  7.052e-07  1.003e-02  1.003e-02  7.453e+00  7.453e+00
   8  4.273e+02  4.273e+02  1.071e-10  3.207e-09  1.000e-09  1.000e-09  1.0000  0.000e+00  0.000e+00  1.071e-10  2.264e-09  2.275e-09  7.446e-04  7.446e-04
*** SOLVE trotting (MultiShoot) ***
iter    cost       merit      stop      |grad|      preg       dreg      step   ||ffeas||  ||gfeas||  ||hfeas||   dV-exp       dV      dPhi-exp     dPhi
   0  2.589e+05  7.797e+05  2.735e+00  9.184e+05  1.000e-09  1.000e-09  0.2500  4.147e-03  0.000e+00  2.731e+00  2.009e+05  2.007e+05  2.347e+05  3.359e+05
   1  1.461e+05  5.821e+05  3.229e+00  5.169e+05  1.000e-09  1.000e-09  0.2500  5.076e-03  0.000e+00  3.224e+00  1.131e+05  1.128e+05  9.638e+04  4.601e+04
   2  3.757e+04  4.096e+05  5.511e+00  2.914e+05  1.000e-09  1.000e-09  0.5000  7.140e-03  0.000e+00  5.504e+00  1.093e+05  1.086e+05  3.226e+04 -4.546e+04
   3  8.228e+02  1.306e+05  4.508e+01  7.427e+04  1.000e-09  1.000e-09  1.0000  4.750e-03  0.000e+00  3.841e+00  3.714e+04  3.674e+04  9.335e+04  9.295e+04
   4  5.769e+02  1.575e+03  6.841e-01  7.925e+02  1.000e-09  1.000e-09  1.0000  6.505e-06  0.000e+00  5.914e-02  3.953e+02  2.458e+02  6.429e+04  6.415e+04
   5  4.274e+02  4.876e+02  3.491e-01  2.991e+02  1.000e-09  1.000e-09  1.0000  4.172e-07  0.000e+00  7.136e-03  1.495e+02  1.495e+02  5.884e+02  5.884e+02
   6  4.273e+02  4.422e+02  3.525e-03  9.706e-02  1.000e-09  1.000e-09  1.0000  3.134e-09  0.000e+00  3.525e-03  4.842e-02  3.847e-02  1.528e+01  1.527e+01
   7  4.273e+02  4.273e+02  2.342e-05  2.001e-02  1.000e-09  1.000e-09  1.0000  4.986e-11  0.000e+00  7.048e-07  1.003e-02  1.003e-02  7.445e+00  7.445e+00
   8  4.273e+02  4.273e+02  1.069e-10  1.485e-09  1.000e-09  1.000e-09  1.0000  2.798e-14  0.000e+00  1.069e-10  5.432e-10  5.505e-10  7.434e-04  7.434e-04
*** SOLVE trotting (HybridShoot: 18) ***
iter    cost       merit      stop      |grad|      preg       dreg      step   ||ffeas||  ||gfeas||  ||hfeas||   dV-exp       dV      dPhi-exp     dPhi
   0  2.589e+05  7.792e+05  2.732e+00  9.184e+05  1.000e-09  1.000e-09  0.2500  1.816e-03  0.000e+00  2.730e+00  2.009e+05  2.007e+05  2.348e+05  3.364e+05
   1  1.461e+05  5.822e+05  3.227e+00  5.169e+05  1.000e-09  1.000e-09  0.2500  2.393e-03  0.000e+00  3.225e+00  1.131e+05  1.128e+05  9.635e+04  4.588e+04
   2  3.757e+04  4.095e+05  5.505e+00  2.914e+05  1.000e-09  1.000e-09  0.5000  2.349e-03  0.000e+00  5.502e+00  1.093e+05  1.086e+05  3.233e+04 -4.532e+04
   3  8.227e+02  1.305e+05  4.509e+01  7.427e+04  1.000e-09  1.000e-09  1.0000  5.966e-04  0.000e+00  3.839e+00  3.714e+04  3.674e+04  9.340e+04  9.300e+04
   4  5.770e+02  1.573e+03  6.839e-01  7.923e+02  1.000e-09  1.000e-09  1.0000  4.438e-06  0.000e+00  5.897e-02  3.953e+02  2.457e+02  6.425e+04  6.410e+04
   5  4.274e+02  4.877e+02  3.492e-01  2.992e+02  1.000e-09  1.000e-09  1.0000  8.825e-07  0.000e+00  7.137e-03  1.496e+02  1.496e+02  5.874e+02  5.874e+02
   6  4.273e+02  4.422e+02  3.525e-03  9.703e-02  1.000e-09  1.000e-09  1.0000  1.024e-07  0.000e+00  3.525e-03  4.839e-02  3.844e-02  1.530e+01  1.529e+01
   7  4.273e+02  4.273e+02  2.342e-05  2.001e-02  1.000e-09  1.000e-09  1.0000  6.930e-11  0.000e+00  7.050e-07  1.003e-02  1.003e-02  7.452e+00  7.452e+00
   8  4.273e+02  4.273e+02  1.074e-10  7.976e-10  1.000e-09  1.000e-09  1.0000  6.131e-14  0.000e+00  1.074e-10 -1.450e-10 -1.417e-10  7.443e-04  7.443e-04
*** SOLVE trotting (OdynSQP) ***
iter    cost       merit      stop      |grad|      preg       dreg      step   ||ffeas||  ||gfeas||  ||hfeas||   dV-exp       dV      dPhi-exp     dPhi
   0  2.587e+05  8.084e+05  2.707e+00  9.182e+05  1.000e-09  1.000e-09  0.2500  8.201e-03  0.000e+00  2.698e+00  2.009e+05  2.008e+05  2.274e+05  3.069e+05
   1  1.457e+05  5.815e+05  3.196e+00  5.167e+05  1.000e-09  1.000e-09  0.2500  6.152e-03  0.000e+00  3.190e+00  1.130e+05  1.130e+05  9.633e+04  4.622e+04
   2  3.673e+04  3.205e+05  4.163e+00  2.907e+05  1.000e-09  1.000e-09  0.5000  5.857e-03  0.000e+00  4.157e+00  1.090e+05  1.090e+05  7.607e+04  4.308e+04
   3  3.386e+02  9.079e+04  1.072e+02  7.277e+04  1.000e-09  1.000e-09  1.0000  3.747e-03  8.362e-14  2.650e+00  3.639e+04  3.639e+04  8.784e+04  8.784e+04
   4  3.364e+02  4.742e+02  8.085e-03  4.887e+00  1.000e-09  1.000e-09  1.0000  3.924e-06  6.034e-04  7.477e-03  2.192e+00  2.196e+00  4.509e+04  4.509e+04
   5  3.364e+02  3.364e+02  8.540e-06  2.037e-03  1.000e-09  1.000e-09  1.0000  1.436e-08  1.541e-07  8.371e-06 -2.279e-03 -2.274e-03  6.882e+01  6.882e+01
   6  3.364e+02  3.364e+02  2.056e-08  1.381e-06  1.000e-09  1.000e-09  1.0000  3.116e-11  0.000e+00  2.053e-08 -1.853e-06 -1.848e-06  3.630e-02  3.630e-02
   7  3.364e+02  3.364e+02  4.348e-09  1.466e-06  1.000e-09  1.000e-09  1.0000  9.079e-14  0.000e+00  6.637e-11 -1.467e-06 -1.467e-06  4.220e-05  4.220e-05

*** SOLVE pacing (FeasShoot) ***
iter    cost       merit      stop      |grad|      preg       dreg      step   ||ffeas||  ||gfeas||  ||hfeas||   dV-exp       dV      dPhi-exp     dPhi
   0  1.217e+05  6.124e+05  3.670e+01  9.189e+05  1.000e-09  1.000e-09  0.5000  1.041e-03  0.000e+00  3.670e+01  3.445e+05  3.380e+05  4.269e+05  5.028e+05
   1  2.563e+04  2.131e+05  2.804e+01  2.423e+05  1.000e-09  1.000e-09  1.0000  0.000e+00  0.000e+00  2.804e+01  1.209e+05  9.603e+04  1.788e+05  1.539e+05
   2  5.245e+03  1.034e+04  4.732e+00  4.965e+04  1.000e-09  1.000e-09  1.0000  0.000e+00  0.000e+00  1.525e+00  2.483e+04  2.038e+04  1.135e+05  1.090e+05
   3  1.028e+03  1.682e+03  4.316e+00  8.885e+03  1.000e-09  1.000e-09  1.0000  0.000e+00  0.000e+00  1.570e-01  4.443e+03  4.217e+03  1.014e+04  9.910e+03
   4  8.535e+02  1.024e+03  2.647e-01  4.524e+02  1.000e-09  1.000e-09  1.0000  0.000e+00  0.000e+00  8.203e-02  2.262e+02  1.749e+02  3.822e+02  3.308e+02
   5  8.022e+02  8.177e+02  6.431e-02  1.033e+02  1.000e-09  1.000e-09  1.0000  0.000e+00  0.000e+00  1.484e-02  5.165e+01  5.126e+01  1.216e+02  1.212e+02
   6  8.018e+02  8.025e+02  1.182e-03  8.269e-01  1.000e-09  1.000e-09  1.0000  0.000e+00  0.000e+00  1.182e-03  4.137e-01  4.030e-01  7.523e+00  7.512e+00
   7  8.018e+02  8.018e+02  1.505e-05  2.410e-02  1.000e-09  1.000e-09  1.0000  0.000e+00  0.000e+00  8.170e-07  1.208e-02  1.208e-02  3.192e-01  3.192e-01
   8  8.018e+02  8.018e+02  2.533e-07  4.065e-04  1.000e-09  1.000e-09  1.0000  0.000e+00  0.000e+00  1.055e-07  2.033e-04  2.096e-04  4.563e-04  4.625e-04
   9  8.018e+02  8.018e+02  2.287e-08  3.671e-05  1.000e-08  1.000e-08  1.0000  0.000e+00  0.000e+00  8.476e-09  1.836e-05  1.836e-05  4.248e-05  4.247e-05
iter    cost       merit      stop      |grad|      preg       dreg      step   ||ffeas||  ||gfeas||  ||hfeas||   dV-exp       dV      dPhi-exp     dPhi
  10  8.018e+02  8.018e+02  2.130e-12  8.024e-10  1.000e-07  1.000e-07  1.0000  0.000e+00  0.000e+00  2.130e-12  7.962e-10  8.001e-10  2.107e-06  2.107e-06
*** SOLVE pacing (MultiShoot) ***
iter    cost       merit      stop      |grad|      preg       dreg      step   ||ffeas||  ||gfeas||  ||hfeas||   dV-exp       dV      dPhi-exp     dPhi
   0  1.217e+05  6.131e+05  3.675e+01  9.189e+05  1.000e-09  1.000e-09  0.5000  2.916e-02  0.000e+00  3.672e+01  3.445e+05  3.380e+05  4.266e+05  5.022e+05
   1  2.569e+04  2.129e+05  2.800e+01  2.424e+05  1.000e-09  1.000e-09  1.0000  3.387e-02  0.000e+00  2.797e+01  1.209e+05  9.600e+04  1.794e+05  1.545e+05
   2  5.246e+03  1.034e+04  4.743e+00  4.977e+04  1.000e-09  1.000e-09  1.0000  2.530e-04  0.000e+00  1.525e+00  2.489e+04  2.044e+04  1.134e+05  1.090e+05
   3  1.028e+03  1.681e+03  4.317e+00  8.887e+03  1.000e-09  1.000e-09  1.0000  1.869e-05  0.000e+00  1.568e-01  4.444e+03  4.217e+03  1.014e+04  9.913e+03
   4  8.535e+02  1.024e+03  2.647e-01  4.524e+02  1.000e-09  1.000e-09  1.0000  2.822e-06  0.000e+00  8.201e-02  2.262e+02  1.749e+02  3.819e+02  3.305e+02
   5  8.022e+02  8.177e+02  6.430e-02  1.033e+02  1.000e-09  1.000e-09  1.0000  1.357e-06  0.000e+00  1.484e-02  5.165e+01  5.125e+01  1.215e+02  1.211e+02
   6  8.018e+02  8.025e+02  1.182e-03  8.266e-01  1.000e-09  1.000e-09  1.0000  4.709e-09  0.000e+00  1.182e-03  4.135e-01  4.027e-01  7.523e+00  7.512e+00
   7  8.018e+02  8.018e+02  1.506e-05  2.412e-02  1.000e-09  1.000e-09  1.0000  7.477e-11  0.000e+00  8.171e-07  1.209e-02  1.209e-02  3.193e-01  3.193e-01
   8  8.018e+02  8.018e+02  2.532e-07  4.065e-04  1.000e-09  1.000e-09  1.0000  9.444e-13  0.000e+00  1.055e-07  2.033e-04  2.096e-04  4.563e-04  4.625e-04
   9  8.018e+02  8.018e+02  2.287e-08  3.671e-05  1.000e-08  1.000e-08  1.0000  9.324e-15  0.000e+00  8.481e-09  1.836e-05  1.836e-05  4.247e-05  4.247e-05
iter    cost       merit      stop      |grad|      preg       dreg      step   ||ffeas||  ||gfeas||  ||hfeas||   dV-exp       dV      dPhi-exp     dPhi
  10  8.018e+02  8.018e+02  2.205e-12  7.843e-10  1.000e-07  1.000e-07  1.0000  1.111e-15  0.000e+00  2.204e-12  7.784e-10  7.785e-10  2.107e-06  2.107e-06
*** SOLVE pacing (HybridShoot: 20) ***
iter    cost       merit      stop      |grad|      preg       dreg      step   ||ffeas||  ||gfeas||  ||hfeas||   dV-exp       dV      dPhi-exp     dPhi
   0  1.217e+05  6.126e+05  3.672e+01  9.189e+05  1.000e-09  1.000e-09  0.5000  1.265e-02  0.000e+00  3.670e+01  3.445e+05  3.380e+05  4.268e+05  5.027e+05
   1  2.566e+04  2.131e+05  2.803e+01  2.423e+05  1.000e-09  1.000e-09  1.0000  1.196e-02  0.000e+00  2.802e+01  1.209e+05  9.601e+04  1.790e+05  1.541e+05
   2  5.247e+03  1.034e+04  4.737e+00  4.971e+04  1.000e-09  1.000e-09  1.0000  1.849e-04  0.000e+00  1.525e+00  2.486e+04  2.041e+04  1.135e+05  1.090e+05
   3  1.028e+03  1.682e+03  4.317e+00  8.889e+03  1.000e-09  1.000e-09  1.0000  5.347e-05  0.000e+00  1.569e-01  4.444e+03  4.218e+03  1.014e+04  9.914e+03
   4  8.535e+02  1.024e+03  2.648e-01  4.525e+02  1.000e-09  1.000e-09  1.0000  1.810e-05  0.000e+00  8.201e-02  2.262e+02  1.749e+02  3.823e+02  3.309e+02
   5  8.022e+02  8.177e+02  6.431e-02  1.033e+02  1.000e-09  1.000e-09  1.0000  5.108e-06  0.000e+00  1.484e-02  5.165e+01  5.125e+01  1.216e+02  1.212e+02
   6  8.018e+02  8.025e+02  1.182e-03  8.267e-01  1.000e-09  1.000e-09  1.0000  3.927e-08  0.000e+00  1.182e-03  4.136e-01  4.028e-01  7.527e+00  7.516e+00
   7  8.018e+02  8.018e+02  1.506e-05  2.411e-02  1.000e-09  1.000e-09  1.0000  2.050e-10  0.000e+00  8.169e-07  1.209e-02  1.209e-02  3.193e-01  3.193e-01
   8  8.018e+02  8.018e+02  2.532e-07  4.065e-04  1.000e-09  1.000e-09  1.0000  3.973e-12  0.000e+00  1.055e-07  2.033e-04  2.096e-04  4.563e-04  4.625e-04
   9  8.018e+02  8.018e+02  2.287e-08  3.671e-05  1.000e-08  1.000e-08  1.0000  3.548e-13  0.000e+00  8.470e-09  1.836e-05  1.836e-05  4.248e-05  4.248e-05
iter    cost       merit      stop      |grad|      preg       dreg      step   ||ffeas||  ||gfeas||  ||hfeas||   dV-exp       dV      dPhi-exp     dPhi
  10  8.018e+02  8.018e+02  2.263e-12  7.800e-10  1.000e-07  1.000e-07  1.0000  7.405e-14  0.000e+00  2.189e-12  7.735e-10  7.655e-10  2.105e-06  2.105e-06
*** SOLVE pacing (OdynSQP) ***
iter    cost       merit      stop      |grad|      preg       dreg      step   ||ffeas||  ||gfeas||  ||hfeas||   dV-exp       dV      dPhi-exp     dPhi
   0  1.151e+05  5.498e+05  3.234e+01  9.185e+05  1.000e-09  1.000e-09  0.5000  2.028e-02  0.000e+00  3.232e+01  3.443e+05  3.444e+05  4.546e+05  5.649e+05
   1  8.545e+02  2.190e+05  1.336e+02  2.292e+05  1.000e-09  1.000e-09  1.0000  2.016e-02  2.792e-04  3.245e+01  1.143e+05  1.143e+05  1.135e+05  1.134e+05
   2  8.082e+02  1.229e+03  1.253e-01  9.140e+01  1.000e-09  1.000e-09  1.0000  9.602e-05  3.371e-04  1.249e-01  4.629e+01  4.635e+01  1.087e+05  1.087e+05
   3  8.082e+02  8.090e+02  4.919e-04  1.698e-02  1.000e-09  1.000e-09  1.0000  1.881e-07  1.181e-07  4.916e-04 -2.427e-02 -2.422e-02  2.097e+02  2.097e+02
   4  8.082e+02  8.082e+02  4.638e-06  3.250e-04  1.000e-09  1.000e-09  1.0000  1.006e-09  1.906e-13  4.637e-06  2.762e-04  2.763e-04  4.095e-01  4.095e-01
   5  8.082e+02  8.082e+02  1.967e-07  9.834e-06  1.000e-09  1.000e-09  1.0000  7.215e-12  9.399e-14  1.967e-07  8.502e-06  8.503e-06  1.874e-03  1.874e-03
   6  8.082e+02  8.082e+02  6.773e-09  3.465e-07  1.000e-08  1.000e-08  1.0000  3.662e-13  5.469e-14  6.773e-09  2.984e-07  2.983e-07  4.018e-05  4.018e-05

*** SOLVE bounding (FeasShoot) ***
iter    cost       merit      stop      |grad|      preg       dreg      step   ||ffeas||  ||gfeas||  ||hfeas||   dV-exp       dV      dPhi-exp     dPhi
   0  2.146e+05  9.906e+05  8.844e+01  9.205e+05  1.000e-09  1.000e-09  1.0000  0.000e+00  0.000e+00  8.844e+01  4.588e+05  2.462e+05  3.382e+05  1.256e+05
   1  9.702e+04  1.438e+05  1.066e+01  4.250e+05  1.000e-09  1.000e-09  1.0000  0.000e+00  0.000e+00  1.066e+01  2.125e+05  1.175e+05  5.538e+05  4.588e+05
   2  1.229e+04  2.983e+04  7.725e+00  1.899e+05  1.000e-09  1.000e-09  1.0000  0.000e+00  0.000e+00  1.378e+00  9.495e+04  8.473e+04  2.131e+05  2.028e+05
   3  2.450e+03  5.484e+03  4.171e+00  2.044e+04  1.000e-09  1.000e-09  1.0000  0.000e+00  0.000e+00  2.863e-01  1.022e+04  9.841e+03  2.179e+04  2.141e+04
   4  2.071e+03  2.091e+03  1.839e-01  7.621e+02  1.000e-09  1.000e-09  1.0000  0.000e+00  0.000e+00  3.911e-03  3.811e+02  3.789e+02  1.878e+03  1.875e+03
   5  2.069e+03  2.081e+03  4.683e-03  4.627e+00  1.000e-09  1.000e-09  1.0000  0.000e+00  0.000e+00  4.683e-03  2.314e+00  2.009e+00  2.675e-01 -3.688e-02
   6  2.068e+03  2.069e+03  5.229e-04  6.224e-01  1.000e-09  1.000e-09  1.0000  0.000e+00  0.000e+00  5.229e-04  3.113e-01  3.113e-01  5.822e+00  5.822e+00
   7  2.068e+03  2.068e+03  6.025e-07  7.526e-05  1.000e-09  1.000e-09  1.0000  0.000e+00  0.000e+00  6.025e-07  6.652e-05  6.651e-05  3.460e-01  3.460e-01
   8  2.068e+03  2.068e+03  2.893e-08  6.605e-07  1.000e-09  1.000e-09  1.0000  0.000e+00  0.000e+00  2.893e-08  5.315e-07  5.314e-07  1.905e-04  1.905e-04
   9  2.068e+03  2.068e+03  1.595e-09  5.420e-08  1.000e-08  1.000e-08  1.0000  0.000e+00  0.000e+00  1.595e-09  4.383e-08  4.382e-08  4.570e-06  4.570e-06
*** SOLVE bounding (MultiShoot) ***
iter    cost       merit      stop      |grad|      preg       dreg      step   ||ffeas||  ||gfeas||  ||hfeas||   dV-exp       dV      dPhi-exp     dPhi
   0  2.152e+05  9.950e+05  8.887e+01  9.205e+05  1.000e-09  1.000e-09  1.0000  6.784e-01  0.000e+00  8.819e+01  4.588e+05  2.456e+05  3.344e+05  1.212e+05
   1  9.683e+04  1.453e+05  1.104e+01  4.262e+05  1.000e-09  1.000e-09  1.0000  4.079e-02  0.000e+00  1.100e+01  2.131e+05  1.183e+05  5.546e+05  4.598e+05
   2  1.229e+04  2.923e+04  7.711e+00  1.895e+05  1.000e-09  1.000e-09  1.0000  5.190e-04  0.000e+00  1.380e+00  9.477e+04  8.454e+04  2.132e+05  2.030e+05
   3  2.450e+03  5.485e+03  4.171e+00  2.044e+04  1.000e-09  1.000e-09  1.0000  4.525e-04  0.000e+00  2.866e-01  1.022e+04  9.840e+03  2.179e+04  2.141e+04
   4  2.071e+03  2.091e+03  1.839e-01  7.621e+02  1.000e-09  1.000e-09  1.0000  1.640e-06  0.000e+00  3.908e-03  3.811e+02  3.789e+02  1.878e+03  1.876e+03
   5  2.069e+03  2.081e+03  4.683e-03  4.628e+00  1.000e-09  1.000e-09  1.0000  1.996e-07  0.000e+00  4.683e-03  2.314e+00  2.010e+00  2.704e-01 -3.394e-02
   6  2.068e+03  2.069e+03  5.229e-04  6.224e-01  1.000e-09  1.000e-09  1.0000  1.747e-09  0.000e+00  5.229e-04  3.113e-01  3.113e-01  5.810e+00  5.810e+00
   7  2.068e+03  2.068e+03  6.024e-07  6.017e-05  1.000e-09  1.000e-09  1.0000  4.558e-11  0.000e+00  6.024e-07  5.145e-05  5.144e-05  3.452e-01  3.452e-01
   8  2.068e+03  2.068e+03  2.883e-08  6.496e-07  1.000e-09  1.000e-09  1.0000  1.193e-12  0.000e+00  2.883e-08  5.212e-07  5.211e-07  1.900e-04  1.900e-04
   9  2.068e+03  2.068e+03  1.587e-09  5.388e-08  1.000e-08  1.000e-08  1.0000  8.704e-14  0.000e+00  1.587e-09  4.355e-08  4.355e-08  4.544e-06  4.544e-06
*** SOLVE bounding (HybridShoot: 20) ***
iter    cost       merit      stop      |grad|      preg       dreg      step   ||ffeas||  ||gfeas||  ||hfeas||   dV-exp       dV      dPhi-exp     dPhi
   0  2.147e+05  9.934e+05  8.874e+01  9.205e+05  1.000e-09  1.000e-09  1.0000  1.143e-01  0.000e+00  8.863e+01  4.588e+05  2.461e+05  3.355e+05  1.228e+05
   1  9.674e+04  1.444e+05  1.086e+01  4.253e+05  1.000e-09  1.000e-09  1.0000  1.907e-03  0.000e+00  1.086e+01  2.126e+05  1.180e+05  5.543e+05  4.597e+05
   2  1.229e+04  2.944e+04  7.704e+00  1.893e+05  1.000e-09  1.000e-09  1.0000  3.057e-04  0.000e+00  1.378e+00  9.467e+04  8.445e+04  2.128e+05  2.025e+05
   3  2.449e+03  5.482e+03  4.171e+00  2.044e+04  1.000e-09  1.000e-09  1.0000  1.714e-05  0.000e+00  2.863e-01  1.022e+04  9.838e+03  2.178e+04  2.140e+04
   4  2.071e+03  2.092e+03  1.838e-01  7.614e+02  1.000e-09  1.000e-09  1.0000  6.704e-07  0.000e+00  3.925e-03  3.807e+02  3.785e+02  1.876e+03  1.874e+03
   5  2.069e+03  2.074e+03  2.016e-03  4.658e+00  1.000e-09  1.000e-09  0.5000  3.351e-07  0.000e+00  2.016e-03  1.747e+00  1.745e+00  4.274e+00  6.800e+00
   6  2.068e+03  2.070e+03  1.133e-03  1.181e+00  1.000e-09  1.000e-09  1.0000  4.208e-08  0.000e+00  1.133e-03  5.904e-01  5.904e-01  1.761e+00  1.761e+00
   7  2.068e+03  2.068e+03  1.571e-05  7.389e-04  1.000e-09  1.000e-09  1.0000  9.703e-10  0.000e+00  1.571e-05  4.324e-04  4.322e-04  7.399e-01  7.399e-01
   8  2.068e+03  2.068e+03  9.529e-08  3.157e-06  1.000e-09  1.000e-09  1.0000  3.939e-12  0.000e+00  9.528e-08  2.478e-06  2.478e-06  5.173e-03  5.173e-03
   9  2.068e+03  2.068e+03  1.075e-08  2.525e-07  1.000e-08  1.000e-08  1.0000  2.107e-13  0.000e+00  1.075e-08  2.030e-07  2.030e-07  1.420e-05  1.420e-05
*** SOLVE bounding (OdynSQP) ***
iter    cost       merit      stop      |grad|      preg       dreg      step   ||ffeas||  ||gfeas||  ||hfeas||   dV-exp       dV      dPhi-exp     dPhi
   0  5.837e+03  6.979e+05  8.778e+01  9.184e+05  1.000e-09  1.000e-09  1.0000  6.864e-01  4.523e-04  8.710e+01  4.577e+05  4.541e+05  4.194e+05  4.159e+05
   1  2.080e+03  6.394e+04  1.569e+01  7.488e+03  1.000e-09  1.000e-09  1.0000  1.700e-02  6.989e-04  1.568e+01  3.769e+03  3.757e+03  2.879e+05  2.879e+05
   2  2.072e+03  2.171e+03  5.026e-02  1.886e+01  1.000e-09  1.000e-09  1.0000  8.177e-05  1.799e-04  5.000e-02  7.262e+00  7.249e+00  3.084e+04  3.084e+04
   3  2.072e+03  2.074e+03  1.399e-03  3.828e-03  1.000e-09  1.000e-09  1.0000  1.418e-07  6.473e-04  7.513e-04 -1.522e-02 -1.533e-02  4.814e+01  4.814e+01
   4  2.072e+03  2.072e+03  3.607e-05  8.039e-04  1.000e-09  1.000e-09  1.0000  1.135e-08  5.264e-09  3.605e-05  5.323e-04  5.294e-04  6.719e-01  6.719e-01
   5  2.072e+03  2.072e+03  3.929e-06  9.319e-05  1.000e-09  1.000e-09  1.0000  3.227e-11  2.489e-14  3.929e-06  7.411e-05  7.407e-05  7.992e-03  7.992e-03
   6  2.072e+03  2.072e+03  3.573e-07  8.557e-06  1.000e-08  1.000e-08  1.0000  9.258e-12  2.268e-14  3.572e-07  6.781e-06  6.777e-06  4.467e-04  4.467e-04
   7  2.072e+03  2.072e+03  3.961e-08  9.270e-07  1.000e-07  1.000e-07  1.0000  2.025e-13  2.075e-14  3.961e-08  7.502e-07  7.500e-07  2.031e-05  2.031e-05
   8  2.072e+03  2.072e+03  4.161e-09  6.057e-07  1.000e-06  1.000e-06  1.0000  1.538e-11  2.000e-14  4.146e-09 -6.236e-07 -6.237e-07  4.681e-07  4.681e-07

*** SOLVE jumping (FeasShoot) ***
iter    cost       merit      stop      |grad|      preg       dreg      step   ||ffeas||  ||gfeas||  ||hfeas||   dV-exp       dV      dPhi-exp     dPhi
   0  1.219e+05  2.269e+06  2.390e+02  3.758e+06  1.000e-09  1.000e-09  1.0000  0.000e+00  0.000e+00  2.390e+02  1.877e+06  1.758e+06  2.411e+06  2.292e+06
   1  1.284e+05  1.799e+05  1.147e+01  2.378e+05  1.000e-09  1.000e-09  1.0000  0.000e+00  0.000e+00  1.147e+01  1.189e+05 -6.438e+03  1.141e+06  1.016e+06
   2  3.758e+04  1.660e+05  8.229e+00  2.506e+05  1.000e-09  1.000e-09  1.0000  0.000e+00  0.000e+00  8.229e+00  1.253e+05  9.078e+04  1.759e+05  1.414e+05
   3  3.254e+03  1.057e+04  1.061e+01  6.905e+04  1.000e-09  1.000e-09  1.0000  0.000e+00  0.000e+00  9.377e-01  3.453e+04  3.433e+04  9.141e+04  9.121e+04
   4  3.061e+03  3.270e+03  6.379e-02  3.907e+02  1.000e-09  1.000e-09  1.0000  0.000e+00  0.000e+00  5.337e-02  1.954e+02  1.928e+02  3.645e+03  3.643e+03
   5  3.059e+03  3.070e+03  5.963e-03  5.292e+00  1.000e-09  1.000e-09  1.0000  0.000e+00  0.000e+00  5.963e-03  2.647e+00  2.647e+00  9.511e+01  9.511e+01
   6  3.059e+03  3.064e+03  4.474e-03  1.373e-01  1.000e-09  1.000e-09  0.2500  1.626e-19  0.000e+00  4.474e-03  3.005e-02 -5.762e-01  3.931e-01  8.762e-01
   7  3.059e+03  3.059e+03  6.279e-04  1.186e+00  1.000e-09  1.000e-09  1.0000  0.000e+00  0.000e+00  6.279e-04  5.931e-01  5.980e-01  2.468e+00  2.473e+00
   8  3.059e+03  3.059e+03  3.652e-06  2.239e-02  1.000e-09  1.000e-09  1.0000  0.000e+00  0.000e+00  1.979e-06  1.118e-02  1.119e-02  1.638e-01  1.638e-01
   9  3.059e+03  3.059e+03  1.158e-08  7.087e-05  1.000e-09  1.000e-09  1.0000  0.000e+00  0.000e+00  3.472e-09  3.543e-05  3.543e-05  2.762e-04  2.762e-04
*** SOLVE jumping (MultiShoot) ***
iter    cost       merit      stop      |grad|      preg       dreg      step   ||ffeas||  ||gfeas||  ||hfeas||   dV-exp       dV      dPhi-exp     dPhi
   0  1.202e+05  2.275e+06  2.399e+02  3.758e+06  1.000e-09  1.000e-09  1.0000  5.869e-01  0.000e+00  2.393e+02  1.877e+06  1.760e+06  2.403e+06  2.286e+06
   1  1.283e+05  1.799e+05  1.150e+01  2.343e+05  1.000e-09  1.000e-09  1.0000  6.459e-03  0.000e+00  1.149e+01  1.172e+05 -8.119e+03  1.143e+06  1.018e+06
   2  3.758e+04  1.655e+05  8.219e+00  2.505e+05  1.000e-09  1.000e-09  1.0000  2.136e-04  0.000e+00  8.218e+00  1.252e+05  9.071e+04  1.762e+05  1.417e+05
   3  3.255e+03  1.056e+04  1.060e+01  6.904e+04  1.000e-09  1.000e-09  1.0000  8.323e-06  0.000e+00  9.390e-01  3.452e+04  3.433e+04  9.116e+04  9.097e+04
   4  3.061e+03  3.269e+03  6.405e-02  3.923e+02  1.000e-09  1.000e-09  1.0000  3.405e-07  0.000e+00  5.328e-02  1.962e+02  1.936e+02  3.642e+03  3.640e+03
   5  3.059e+03  3.070e+03  5.954e-03  5.288e+00  1.000e-09  1.000e-09  1.0000  7.015e-08  0.000e+00  5.954e-03  2.644e+00  2.643e+00  9.471e+01  9.471e+01
   6  3.059e+03  3.064e+03  4.467e-03  1.373e-01  1.000e-09  1.000e-09  0.2500  5.283e-08  0.000e+00  4.467e-03  3.004e-02 -5.762e-01  3.916e-01  8.701e-01
   7  3.059e+03  3.059e+03  6.280e-04  1.186e+00  1.000e-09  1.000e-09  1.0000  2.992e-09  0.000e+00  6.280e-04  5.931e-01  5.979e-01  2.460e+00  2.465e+00
   8  3.059e+03  3.059e+03  3.670e-06  2.245e-02  1.000e-09  1.000e-09  1.0000  1.541e-10  0.000e+00  1.979e-06  1.123e-02  1.124e-02  1.635e-01  1.635e-01
   9  3.059e+03  3.059e+03  1.162e-08  7.100e-05  1.000e-09  1.000e-09  1.0000  2.967e-13  0.000e+00  3.472e-09  3.556e-05  3.556e-05  2.757e-04  2.757e-04
*** SOLVE jumping (HybridShoot: 20) ***
iter    cost       merit      stop      |grad|      preg       dreg      step   ||ffeas||  ||gfeas||  ||hfeas||   dV-exp       dV      dPhi-exp     dPhi
   0  1.217e+05  2.271e+06  2.393e+02  3.758e+06  1.000e-09  1.000e-09  1.0000  2.470e-01  0.000e+00  2.390e+02  1.877e+06  1.758e+06  2.409e+06  2.290e+06
   1  1.282e+05  1.874e+05  1.320e+01  2.374e+05  1.000e-09  1.000e-09  1.0000  1.617e-03  0.000e+00  1.319e+01  1.187e+05 -6.441e+03  1.134e+06  1.009e+06
   2  3.759e+04  1.487e+05  8.207e+00  2.502e+05  1.000e-09  1.000e-09  1.0000  1.321e-04  0.000e+00  8.206e+00  1.251e+05  9.059e+04  1.927e+05  1.582e+05
   3  3.254e+03  9.608e+03  1.061e+01  6.906e+04  1.000e-09  1.000e-09  1.0000  1.794e-05  0.000e+00  9.381e-01  3.453e+04  3.433e+04  8.375e+04  8.356e+04
   4  3.061e+03  3.242e+03  6.376e-02  3.905e+02  1.000e-09  1.000e-09  1.0000  3.139e-06  0.000e+00  5.335e-02  1.953e+02  1.928e+02  3.191e+03  3.189e+03
   5  3.059e+03  3.069e+03  5.964e-03  5.290e+00  1.000e-09  1.000e-09  1.0000  5.194e-07  0.000e+00  5.963e-03  2.645e+00  2.645e+00  8.288e+01  8.288e+01
   6  3.059e+03  3.063e+03  4.474e-03  1.373e-01  1.000e-09  1.000e-09  0.2500  3.899e-07  0.000e+00  4.474e-03  3.004e-02 -5.762e-01  3.453e-01  6.847e-01
   7  3.059e+03  3.059e+03  6.279e-04  1.186e+00  1.000e-09  1.000e-09  1.0000  3.276e-08  0.000e+00  6.279e-04  5.931e-01  5.979e-01  2.221e+00  2.226e+00
   8  3.059e+03  3.059e+03  3.669e-06  2.245e-02  1.000e-09  1.000e-09  1.0000  1.687e-10  0.000e+00  1.979e-06  1.123e-02  1.124e-02  1.437e-01  1.437e-01
   9  3.059e+03  3.059e+03  1.162e-08  7.099e-05  1.000e-09  1.000e-09  1.0000  4.488e-13  0.000e+00  3.472e-09  3.554e-05  3.554e-05  2.446e-04  2.446e-04
*** SOLVE jumping (OdynSQP) ***
iter    cost       merit      stop      |grad|      preg       dreg      step   ||ffeas||  ||gfeas||  ||hfeas||   dV-exp       dV      dPhi-exp     dPhi
   0  3.316e+03  1.634e+06  5.829e+02  3.873e+06  1.000e-09  1.000e-09  1.0000  3.390e-01  5.770e-05  1.757e+02  1.934e+06  1.933e+06  3.065e+06  3.065e+06
   1  3.120e+03  1.059e+04  1.613e+00  3.395e+02  1.000e-09  1.000e-09  1.0000  3.242e-04  1.702e-07  1.612e+00  1.963e+02  1.954e+02  8.082e+05  8.082e+05
   2  3.119e+03  3.176e+03  2.431e-02  1.214e+00  1.000e-09  1.000e-09  1.0000  5.430e-07  1.941e-13  2.431e-02  1.130e+00  1.120e+00  3.681e+03  3.681e+03
   3  3.119e+03  3.120e+03  4.749e-04  1.643e-02  1.000e-09  1.000e-09  1.0000  7.856e-10  1.377e-13  4.749e-04  1.527e-02  1.504e-02  2.762e+01  2.762e+01
   4  3.119e+03  3.119e+03  7.752e-06  3.655e-04  1.000e-09  1.000e-09  1.0000  5.504e-11  1.172e-13  7.752e-06  3.425e-04  3.382e-04  2.709e-01  2.709e-01
   5  3.119e+03  3.119e+03  2.031e-07  7.433e-06  1.000e-09  1.000e-09  1.0000  5.461e-13  1.058e-13  2.031e-07  6.942e-06  6.837e-06  2.193e-03  2.193e-03
   6  3.119e+03  3.119e+03  3.256e-09  1.197e-07  1.000e-08  1.000e-08  1.0000  9.039e-12  1.020e-13  3.247e-09  1.090e-07  1.069e-07  2.904e-05  2.904e-05
