*** SOLVE (FeasShoot) ***
iter    cost       merit      stop      |grad|      preg       dreg      step   ||ffeas||  ||gfeas||  ||hfeas||   dV-exp       dV      dPhi-exp     dPhi
   0  1.016e-02  1.016e-02  1.802e+00  1.118e-03  1.000e-09  1.000e-09  1.0000  0.000e+00  0.000e+00  1.802e+00 -1.351e-02 -7.691e-03 -1.351e-02 -7.691e-03
   1  1.469e+00  1.469e+00  1.420e+02  8.552e-02  1.000e-09  1.000e-09  1.0000  0.000e+00  0.000e+00  1.420e+02 -2.295e-01 -1.459e+00 -2.295e-01 -1.459e+00
   2  1.403e+00  3.529e+00  1.080e+02  1.906e+00  1.000e-05  1.000e-05  0.0625  3.847e-17  0.000e+00  1.080e+02  1.193e-01  6.632e-02  1.612e-01  7.364e-01
   3  1.361e+00  4.079e+00  9.623e+01  1.902e+00  1.000e-05  1.000e-05  0.0312  4.159e-17  0.000e+00  9.623e+01  5.967e-02  4.249e-02  7.002e-02  3.739e-01
   4  1.322e+00  4.076e+00  8.742e+01  1.862e+00  1.000e-05  1.000e-05  0.0312  3.998e-17  0.000e+00  8.742e+01  5.843e-02  3.871e-02  6.710e-02  3.162e-01
   5  1.368e+00  3.165e+00  5.035e+01  1.862e+00  1.000e-05  1.000e-05  0.0625  5.924e-17  0.000e+00  5.035e+01  1.177e-01 -4.596e-02  2.003e-01  1.277e+00
   6  1.332e+00  2.856e+00  4.767e+01  1.354e+00  1.000e-05  1.000e-05  0.0625  4.289e-17  0.000e+00  4.767e+01  8.376e-02  3.630e-02  8.911e-02  1.219e-01
   7  1.294e+00  2.703e+00  4.561e+01  1.278e+00  1.000e-05  1.000e-05  0.0625  7.076e-17  0.000e+00  4.561e+01  7.893e-02  3.750e-02  8.292e-02  1.012e-01
   8  1.253e+00  2.561e+00  4.380e+01  1.215e+00  1.000e-05  1.000e-05  0.0625  6.179e-17  0.000e+00  4.380e+01  7.494e-02  4.082e-02  7.832e-02  9.489e-02
   9  1.208e+00  2.411e+00  4.190e+01  1.150e+00  1.000e-05  1.000e-05  0.0625  6.893e-17  0.000e+00  4.190e+01  7.083e-02  4.496e-02  7.422e-02  9.931e-02
iter    cost       merit      stop      |grad|      preg       dreg      step   ||ffeas||  ||gfeas||  ||hfeas||   dV-exp       dV      dPhi-exp     dPhi
  10  1.160e+00  2.251e+00  3.976e+01  1.077e+00  1.000e-05  1.000e-05  0.0625  6.026e-17  0.000e+00  3.976e+01  6.627e-02  4.874e-02  6.995e-02  1.076e-01
  11  1.095e+00  2.086e+00  3.772e+01  9.991e-01  1.000e-05  1.000e-05  0.1250  5.677e-17  0.000e+00  3.772e+01  1.207e-01  6.418e-02  1.274e-01  1.176e-01
  12  8.966e-01  1.563e+00  2.787e+01  8.896e-01  1.000e-05  1.000e-05  0.2500  4.378e-17  0.000e+00  2.787e+01  2.063e-01  1.987e-01  2.652e-01  4.343e-01
  13  7.570e-01  1.503e+00  3.081e+01  8.099e-01  2.000e-06  2.000e-06  0.2500  3.391e-17  0.000e+00  3.081e+01  1.814e-01  1.396e-01  1.636e-01  6.850e-02
  14  5.897e-01  8.884e-01  2.466e+01  3.981e-01  4.000e-07  4.000e-07  0.5000  1.828e-17  0.000e+00  2.466e+01  1.596e-01  1.672e-01  1.967e-01  2.416e-01
  15  5.443e-01  7.319e-01  3.098e+01  1.624e-01  8.000e-08  8.000e-08  0.5000  1.551e-17  0.000e+00  3.098e+01  6.305e-02  4.547e-02  4.391e-02  7.193e-03
  16  5.331e-01  6.259e-01  2.942e+01  1.440e-01  1.600e-08  1.600e-08  0.1250  4.233e-17  0.000e+00  2.942e+01  1.682e-02  1.119e-02  1.744e-02  1.614e-02
  17  5.164e-01  6.524e-01  4.639e+01  1.255e-01  1.600e-08  1.600e-08  0.2500  2.364e-17  0.000e+00  4.639e+01  2.731e-02  1.669e-02  1.486e-02 -3.310e-02
  18  5.330e-01  5.803e-01  2.513e+01  1.330e-01  3.200e-09  3.200e-09  0.5000  2.804e-17  0.000e+00  2.513e+01  4.853e-02 -1.661e-02  6.853e-02  2.339e-02
  19  4.398e-01  5.913e-01  2.278e+01  2.333e-01  1.000e-09  1.000e-09  0.5000  2.093e-17  0.000e+00  2.278e+01  8.756e-02  9.315e-02  9.537e-02  1.088e-01
iter    cost       merit      stop      |grad|      preg       dreg      step   ||ffeas||  ||gfeas||  ||hfeas||   dV-exp       dV      dPhi-exp     dPhi
  20  3.804e-01  5.120e-01  1.442e+01  2.887e-01  1.000e-09  1.000e-09  0.2500  2.705e-17  0.000e+00  1.442e+01  6.323e-02  5.942e-02  8.230e-02  1.357e-01
  21  3.064e-01  4.401e-01  7.653e+00  3.592e-01  1.000e-09  1.000e-09  0.2500  2.778e-17  0.000e+00  7.653e+00  7.838e-02  7.401e-02  1.079e-01  1.922e-01
  22  2.628e-01  5.983e-01  1.186e+01  3.240e-01  1.000e-09  1.000e-09  0.1250  4.240e-17  0.000e+00  1.186e+01  3.780e-02  4.358e-02  2.294e-02 -7.534e-02
  23  2.254e-01  4.596e-01  1.433e+01  2.816e-01  1.000e-09  1.000e-09  0.1250  4.943e-17  0.000e+00  1.433e+01  3.292e-02  3.740e-02  2.787e-02 -3.055e-03
  24  1.977e-01  3.604e-01  1.478e+01  2.189e-01  1.000e-09  1.000e-09  0.1250  6.644e-17  0.000e+00  1.478e+01  2.567e-02  2.776e-02  2.504e-02  2.279e-02
  25  1.786e-01  2.885e-01  1.408e+01  1.553e-01  1.000e-09  1.000e-09  0.1250  5.611e-17  0.000e+00  1.408e+01  1.825e-02  1.904e-02  1.893e-02  2.455e-02
  26  1.545e-01  2.269e-01  1.278e+01  1.064e-01  1.000e-09  1.000e-09  0.2500  3.183e-17  0.000e+00  1.278e+01  2.343e-02  2.412e-02  2.527e-02  3.148e-02
  27  1.449e-01  1.730e-01  9.916e+00  4.220e-02  1.000e-09  1.000e-09  0.2500  4.347e-17  0.000e+00  9.916e+00  9.211e-03  9.659e-03  1.124e-02  1.777e-02
  28  1.386e-01  1.453e-01  4.742e+00  1.684e-02  1.000e-09  1.000e-09  0.5000  1.991e-17  0.000e+00  4.742e+00  5.790e-03  6.300e-03  9.455e-03  1.363e-02
  29  1.372e-01  1.374e-01  3.663e-01  5.395e-03  1.000e-09  1.000e-09  1.0000  0.000e+00  0.000e+00  3.663e-01  3.624e-04  1.393e-03  3.462e-03  4.493e-03
iter    cost       merit      stop      |grad|      preg       dreg      step   ||ffeas||  ||gfeas||  ||hfeas||   dV-exp       dV      dPhi-exp     dPhi
  30  1.358e-01  1.378e-01  4.132e-01  3.853e-03  1.000e-09  1.000e-09  0.5000  1.792e-17  0.000e+00  4.132e-01  1.280e-03  1.404e-03  1.164e-03  1.172e-03
  31  1.354e-01  1.362e-01  3.009e-01  1.070e-03  1.000e-09  1.000e-09  1.0000  0.000e+00  0.000e+00  3.009e-01 -5.826e-05  3.478e-04  2.193e-04  6.254e-04
  32  1.339e-01  1.376e-01  4.620e-01  3.807e-03  1.000e-09  1.000e-09  0.5000  2.121e-17  0.000e+00  4.620e-01  1.364e-03  1.469e-03  7.333e-04  2.066e-04
  33  1.335e-01  1.351e-01  4.187e-01  1.205e-03  1.000e-09  1.000e-09  1.0000  0.000e+00  0.000e+00  4.187e-01  9.487e-05  4.895e-04  2.645e-04  6.591e-04
  34  1.316e-01  1.361e-01  6.376e-01  4.732e-03  1.000e-09  1.000e-09  0.5000  3.170e-17  0.000e+00  6.376e-01  1.700e-03  1.849e-03  9.281e-04  3.055e-04
  35  1.311e-01  1.328e-01  5.010e-01  1.622e-03  1.000e-09  1.000e-09  1.0000  0.000e+00  0.000e+00  5.010e-01  1.434e-04  5.383e-04  6.248e-04  1.020e-03
  36  1.284e-01  1.358e-01  8.454e-01  6.895e-03  1.000e-09  1.000e-09  0.5000  3.090e-17  0.000e+00  8.454e-01  2.498e-03  2.709e-03  9.770e-04 -3.342e-04
  37  1.276e-01  1.303e-01  6.015e-01  2.514e-03  1.000e-09  1.000e-09  1.0000  0.000e+00  0.000e+00  6.015e-01  3.375e-04  7.224e-04  1.415e-03  1.800e-03
  38  1.237e-01  1.353e-01  1.095e+00  9.776e-03  1.000e-09  1.000e-09  0.5000  1.925e-17  0.000e+00  1.095e+00  3.555e-03  3.890e-03  9.507e-04 -1.318e-03
  39  1.234e-01  1.277e-01  8.202e-01  2.293e-03  1.000e-09  1.000e-09  1.0000  0.000e+00  0.000e+00  8.202e-01 -2.076e-04  3.715e-04  1.242e-03  1.821e-03
iter    cost       merit      stop      |grad|      preg       dreg      step   ||ffeas||  ||gfeas||  ||hfeas||   dV-exp       dV      dPhi-exp     dPhi
  40  1.196e-01  1.283e-01  1.316e+00  9.553e-03  1.000e-09  1.000e-09  0.5000  1.382e-17  0.000e+00  1.316e+00  3.333e-03  3.731e-03  1.700e-03  4.656e-04
  41  1.207e-01  1.242e-01  1.064e+00  4.183e-04  1.000e-09  1.000e-09  1.0000  0.000e+00  0.000e+00  1.064e+00 -1.847e-03 -1.078e-03 -1.018e-03 -2.490e-04
  42  1.164e-01  1.254e-01  1.666e+00  1.148e-02  1.000e-09  1.000e-09  0.5000  1.903e-17  0.000e+00  1.666e+00  3.885e-03  4.346e-03  2.247e-03  1.071e-03
  43  1.183e-01  1.224e-01  1.508e+00  1.687e-04  1.000e-09  1.000e-09  1.0000  0.000e+00  0.000e+00  1.508e+00 -2.955e-03 -1.932e-03 -2.526e-03 -1.503e-03
  44  1.117e-01  1.262e-01  2.496e+00  1.753e-02  1.000e-09  1.000e-09  0.5000  1.368e-17  0.000e+00  2.496e+00  5.907e-03  6.565e-03  3.055e-03  8.620e-04
  45  1.149e-01  1.221e-01  2.496e+00  2.805e-04  1.000e-09  1.000e-09  1.0000  0.000e+00  0.000e+00  2.496e+00 -4.770e-03 -3.130e-03 -4.771e-03 -3.130e-03
  46  1.086e-01  1.249e-01  2.872e+00  2.883e-02  1.000e-09  1.000e-09  0.2500  4.274e-17  0.000e+00  2.872e+00  6.028e-03  6.306e-03  5.494e-03  4.168e-03
  47  1.172e-01  1.200e-01  9.665e-01  6.301e-03  1.000e-09  1.000e-09  1.0000  0.000e+00  0.000e+00  9.665e-01 -8.571e-03 -8.642e-03 -3.145e-03 -3.216e-03
  48  1.134e-01  1.190e-01  8.582e-01  9.226e-03  1.000e-09  1.000e-09  0.5000  1.379e-17  0.000e+00  8.582e-01  3.396e-03  3.767e-03  3.745e-03  4.464e-03
  49  1.141e-01  1.154e-01  4.064e-01  5.486e-04  1.000e-09  1.000e-09  1.0000  0.000e+00  0.000e+00  4.064e-01 -7.896e-04 -6.588e-04  6.653e-04  7.961e-04
iter    cost       merit      stop      |grad|      preg       dreg      step   ||ffeas||  ||gfeas||  ||hfeas||   dV-exp       dV      dPhi-exp     dPhi
  50  1.120e-01  1.153e-01  4.051e-01  5.310e-03  1.000e-09  1.000e-09  0.5000  3.221e-17  0.000e+00  4.051e-01  1.905e-03  2.080e-03  1.910e-03  2.090e-03
  51  1.124e-01  1.138e-01  3.448e-01  4.744e-04  1.000e-09  1.000e-09  1.0000  0.000e+00  0.000e+00  3.448e-01 -5.250e-04 -3.508e-04 -2.800e-04 -1.058e-04
  52  1.109e-01  1.129e-01  3.089e-01  3.934e-03  1.000e-09  1.000e-09  0.5000  1.373e-17  0.000e+00  3.089e-01  1.390e-03  1.505e-03  1.510e-03  1.746e-03
  53  1.112e-01  1.122e-01  2.776e-01  2.765e-04  1.000e-09  1.000e-09  1.0000  0.000e+00  0.000e+00  2.776e-01 -5.081e-04 -3.487e-04 -4.026e-04 -2.432e-04
  54  1.100e-01  1.117e-01  2.467e-01  3.279e-03  1.000e-09  1.000e-09  0.5000  2.277e-17  0.000e+00  2.467e-01  1.155e-03  1.252e-03  1.262e-03  1.465e-03
  55  1.102e-01  1.110e-01  2.267e-01  3.309e-04  1.000e-09  1.000e-09  1.0000  0.000e+00  0.000e+00  2.267e-01 -3.729e-04 -2.400e-04 -3.037e-04 -1.708e-04
  56  1.090e-01  1.107e-01  2.082e-01  3.017e-03  1.000e-09  1.000e-09  0.5000  1.875e-17  0.000e+00  2.082e-01  1.071e-03  1.161e-03  1.145e-03  1.308e-03
  57  1.092e-01  1.100e-01  1.996e-01  4.493e-04  1.000e-09  1.000e-09  1.0000  0.000e+00  0.000e+00  1.996e-01 -2.345e-04 -1.324e-04 -2.001e-04 -9.804e-05
  58  1.080e-01  1.098e-01  1.871e-01  2.968e-03  1.000e-08  1.000e-08  0.5000  2.026e-17  0.000e+00  1.871e-01  1.065e-03  1.155e-03  1.124e-03  1.271e-03
  59  1.081e-01  1.089e-01  1.737e-01  5.913e-04  2.000e-09  2.000e-09  1.0000  0.000e+00  0.000e+00  1.737e-01 -1.079e-04 -4.200e-05 -4.617e-05  1.971e-05
iter    cost       merit      stop      |grad|      preg       dreg      step   ||ffeas||  ||gfeas||  ||hfeas||   dV-exp       dV      dPhi-exp     dPhi
  60  1.069e-01  1.088e-01  1.687e-01  2.999e-03  2.000e-08  2.000e-08  0.5000  1.673e-17  0.000e+00  1.687e-01  1.091e-03  1.182e-03  1.119e-03  1.238e-03
  61  1.068e-01  1.077e-01  1.522e-01  7.180e-04  4.000e-09  4.000e-09  1.0000  0.000e+00  0.000e+00  1.522e-01  9.561e-06  5.361e-05  1.019e-04  1.460e-04
  62  1.057e-01  1.076e-01  1.542e-01  2.863e-03  1.000e-09  1.000e-09  0.5000  2.516e-17  0.000e+00  1.542e-01  1.050e-03  1.141e-03  1.038e-03  1.117e-03
  63  1.056e-01  1.065e-01  1.344e-01  6.589e-04  1.000e-09  1.000e-09  1.0000  0.000e+00  0.000e+00  1.344e-01  2.392e-05  7.136e-05  1.481e-04  1.955e-04
  64  1.047e-01  1.062e-01  1.375e-01  2.346e-03  1.000e-09  1.000e-09  0.5000  2.500e-17  0.000e+00  1.375e-01  8.562e-04  9.464e-04  8.380e-04  9.101e-04
  65  1.047e-01  1.053e-01  1.020e-01  3.919e-04  1.000e-09  1.000e-09  1.0000  0.000e+00  0.000e+00  1.020e-01 -8.716e-05 -4.209e-05  1.166e-04  1.616e-04
  66  1.040e-01  1.052e-01  1.094e-01  1.770e-03  1.000e-09  1.000e-09  0.5000  1.385e-17  0.000e+00  1.094e-01  6.392e-04  7.175e-04  5.983e-04  6.357e-04
  67  1.041e-01  1.045e-01  7.398e-02  2.380e-04  1.000e-09  1.000e-09  1.0000  0.000e+00  0.000e+00  7.398e-02 -1.257e-04 -9.334e-05  6.974e-05  1.021e-04
  68  1.035e-01  1.045e-01  8.367e-02  1.417e-03  1.000e-09  1.000e-09  0.5000  1.813e-17  0.000e+00  8.367e-02  5.115e-04  5.753e-04  4.527e-04  4.577e-04
  69  1.036e-01  1.039e-01  5.843e-02  2.133e-04  1.000e-09  1.000e-09  1.0000  0.000e+00  0.000e+00  5.843e-02 -8.953e-05 -7.386e-05  6.375e-05  7.942e-05
iter    cost       merit      stop      |grad|      preg       dreg      step   ||ffeas||  ||gfeas||  ||hfeas||   dV-exp       dV      dPhi-exp     dPhi
  70  1.031e-01  1.040e-01  6.605e-02  1.241e-03  1.000e-08  1.000e-08  0.5000  1.415e-17  0.000e+00  6.605e-02  4.510e-04  5.016e-04  3.985e-04  3.966e-04
  71  1.031e-01  1.034e-01  4.578e-02  2.360e-04  2.000e-09  2.000e-09  1.0000  0.000e+00  0.000e+00  4.578e-02 -4.042e-05 -4.431e-05  9.919e-05  9.530e-05
  72  1.027e-01  1.036e-01  5.487e-02  1.161e-03  2.000e-08  2.000e-08  0.5000  3.105e-17  0.000e+00  5.487e-02  4.267e-04  4.694e-04  3.493e-04  3.147e-04
  73  1.027e-01  1.030e-01  3.578e-02  2.748e-04  4.000e-09  4.000e-09  1.0000  0.000e+00  0.000e+00  3.578e-02  7.919e-06 -1.754e-05  1.705e-04  1.451e-04
  74  1.022e-01  1.033e-01  4.599e-02  1.158e-03  1.000e-09  1.000e-09  0.5000  2.105e-17  0.000e+00  4.599e-02  4.315e-04  4.667e-04  3.158e-04  2.353e-04
  75  1.022e-01  1.025e-01  3.113e-02  3.420e-04  1.000e-09  1.000e-09  1.0000  0.000e+00  0.000e+00  3.113e-02  6.733e-05  2.446e-05  2.356e-04  1.928e-04
  76  1.017e-01  1.028e-01  4.027e-02  1.179e-03  1.000e-09  1.000e-09  0.5000  2.670e-17  0.000e+00  4.027e-02  4.443e-04  4.753e-04  3.188e-04  2.244e-04
  77  1.017e-01  1.021e-01  2.903e-02  3.836e-04  1.000e-09  1.000e-09  1.0000  0.000e+00  0.000e+00  2.903e-02  1.073e-04  5.614e-05  2.616e-04  2.104e-04
  78  1.012e-01  1.022e-01  3.615e-02  1.130e-03  1.000e-09  1.000e-09  0.5000  2.213e-17  0.000e+00  3.615e-02  4.283e-04  4.570e-04  3.262e-04  2.527e-04
  79  1.011e-01  1.015e-01  2.419e-02  3.434e-04  1.000e-09  1.000e-09  1.0000  0.000e+00  0.000e+00  2.419e-02  9.693e-05  5.007e-05  2.687e-04  2.218e-04
iter    cost       merit      stop      |grad|      preg       dreg      step   ||ffeas||  ||gfeas||  ||hfeas||   dV-exp       dV      dPhi-exp     dPhi
  80  1.008e-01  1.017e-01  3.351e-02  9.527e-04  1.000e-09  1.000e-09  0.5000  2.021e-17  0.000e+00  3.351e-02  3.596e-04  3.876e-04  2.259e-04  1.202e-04
  81  1.008e-01  1.010e-01  1.833e-02  2.235e-04  1.000e-09  1.000e-09  1.0000  0.000e+00  0.000e+00  1.833e-02  3.484e-05 -2.722e-06  2.526e-04  2.150e-04
  82  1.005e-01  1.013e-01  2.987e-02  7.404e-04  1.000e-09  1.000e-09  0.5000  1.385e-17  0.000e+00  2.987e-02  2.759e-04  3.017e-04  1.125e-04 -2.509e-05
  83  1.005e-01  1.007e-01  1.556e-02  1.245e-04  1.000e-09  1.000e-09  1.0000  0.000e+00  0.000e+00  1.556e-02 -1.571e-05 -4.756e-05  1.869e-04  1.551e-04
  84  1.003e-01  1.009e-01  2.573e-02  5.980e-04  1.000e-09  1.000e-09  0.5000  1.620e-17  0.000e+00  2.573e-02  2.207e-04  2.431e-04  8.773e-05 -2.275e-05
  85  1.003e-01  1.005e-01  1.231e-02  8.374e-05  1.000e-09  1.000e-09  1.0000  0.000e+00  0.000e+00  1.231e-02 -3.098e-05 -6.041e-05  1.445e-04  1.151e-04
  86  1.001e-01  1.007e-01  2.200e-02  5.208e-04  1.000e-09  1.000e-09  0.5000  1.918e-17  0.000e+00  2.200e-02  1.918e-04  2.114e-04  5.321e-05 -6.578e-05
  87  1.002e-01  1.003e-01  9.873e-03  7.647e-05  1.000e-09  1.000e-09  1.0000  0.000e+00  0.000e+00  9.873e-03 -2.666e-05 -5.567e-05  1.467e-04  1.177e-04
  88  9.997e-02  1.006e-01  1.917e-02  4.840e-04  1.000e-09  1.000e-09  0.5000  1.752e-17  0.000e+00  1.917e-02  1.788e-04  1.962e-04  2.328e-05 -1.149e-04
  89  1.000e-01  1.002e-01  8.701e-03  8.523e-05  1.000e-09  1.000e-09  1.0000  0.000e+00  0.000e+00  8.701e-03 -1.460e-05 -4.498e-05  1.606e-04  1.302e-04
iter    cost       merit      stop      |grad|      preg       dreg      step   ||ffeas||  ||gfeas||  ||hfeas||   dV-exp       dV      dPhi-exp     dPhi
  90  9.983e-02  1.005e-01  1.698e-02  4.761e-04  1.000e-09  1.000e-09  0.5000  2.332e-17  0.000e+00  1.698e-02  1.771e-04  1.928e-04  1.917e-05 -1.231e-04
  91  9.986e-02  1.000e-01  8.778e-03  1.050e-04  1.000e-09  1.000e-09  1.0000  0.000e+00  0.000e+00  8.778e-03  2.208e-06 -3.106e-05  1.587e-04  1.254e-04
  92  9.966e-02  1.003e-01  1.520e-02  4.916e-04  1.000e-09  1.000e-09  0.5000  1.345e-17  0.000e+00  1.520e-02  1.845e-04  1.988e-04  5.579e-05 -5.855e-05
  93  9.967e-02  9.986e-02  9.287e-03  1.342e-04  1.000e-09  1.000e-09  1.0000  0.000e+00  0.000e+00  9.287e-03  2.325e-05 -1.387e-05  1.417e-04  1.046e-04
  94  9.946e-02  1.000e-01  1.372e-02  5.241e-04  1.000e-09  1.000e-09  0.5000  1.595e-17  0.000e+00  1.372e-02  1.985e-04  2.118e-04  1.065e-04  2.789e-05
  95  9.945e-02  9.966e-02  9.955e-03  1.683e-04  1.000e-09  1.000e-09  1.0000  0.000e+00  0.000e+00  9.955e-03  4.634e-05  5.800e-06  1.244e-04  8.391e-05
  96  9.923e-02  9.976e-02  1.261e-02  5.588e-04  1.000e-08  1.000e-08  0.5000  1.550e-17  0.000e+00  1.261e-02  2.132e-04  2.261e-04  1.573e-04  1.142e-04
  97  9.921e-02  9.942e-02  1.020e-02  1.941e-04  2.000e-09  2.000e-09  1.0000  0.000e+00  0.000e+00  1.020e-02  6.394e-05  2.264e-05  1.148e-04  7.346e-05
  98  9.898e-02  9.949e-02  1.220e-02  5.686e-04  2.000e-08  2.000e-08  0.5000  1.814e-17  0.000e+00  1.220e-02  2.177e-04  2.307e-04  1.752e-04  1.458e-04
  99  9.895e-02  9.915e-02  9.377e-03  1.913e-04  4.000e-09  4.000e-09  1.0000  0.000e+00  0.000e+00  9.377e-03  6.398e-05  2.618e-05  1.238e-04  8.601e-05
iter    cost       merit      stop      |grad|      preg       dreg      step   ||ffeas||  ||gfeas||  ||hfeas||   dV-exp       dV      dPhi-exp     dPhi
 100  9.873e-02  9.927e-02  1.256e-02  5.299e-04  4.000e-08  4.000e-08  0.5000  1.725e-17  0.000e+00  1.256e-02  2.023e-04  2.160e-04  1.345e-04  8.054e-05
 101  9.872e-02  9.888e-02  7.509e-03  1.515e-04  8.000e-09  8.000e-09  1.0000  0.000e+00  0.000e+00  7.509e-03  4.095e-05  9.618e-06  1.484e-04  1.171e-04
 102  9.854e-02  9.913e-02  1.348e-02  4.555e-04  1.600e-09  1.600e-09  0.5000  1.386e-17  0.000e+00  1.348e-02  1.719e-04  1.861e-04  4.010e-05 -7.739e-05
 103  9.855e-02  9.868e-02  5.772e-03  9.908e-05  1.000e-09  1.000e-09  1.0000  0.000e+00  0.000e+00  5.772e-03  9.360e-06 -1.551e-05  1.794e-04  1.546e-04
 104  9.847e-02  9.879e-02  7.075e-03  3.865e-04  1.000e-09  1.000e-09  0.2500  2.074e-17  0.000e+00  7.075e-03  8.421e-05  8.784e-05  6.907e-05  2.730e-05
 105  9.845e-02  9.851e-02  2.389e-03  6.682e-05  1.000e-08  1.000e-08  1.0000  0.000e+00  0.000e+00  2.389e-03  1.870e-05  1.377e-05  1.276e-04  1.227e-04
 106  9.839e-02  9.848e-02  1.638e-03  1.645e-04  2.000e-09  2.000e-09  0.5000  1.838e-17  0.000e+00  1.638e-03  6.396e-05  5.953e-05  8.449e-05  1.006e-04
 107  9.836e-02  9.840e-02  1.331e-03  7.869e-05  1.000e-09  1.000e-09  1.0000  0.000e+00  0.000e+00  1.331e-03  3.911e-05  3.645e-05  4.957e-05  4.690e-05
 108  9.830e-02  9.843e-02  1.537e-03  1.451e-04  1.000e-08  1.000e-08  0.5000  1.870e-17  0.000e+00  1.537e-03  5.548e-05  5.180e-05  4.697e-05  3.478e-05
 109  9.828e-02  9.832e-02  9.716e-04  6.256e-05  1.000e-07  1.000e-07  1.0000  0.000e+00  0.000e+00  9.716e-04  2.756e-05  2.632e-05  5.088e-05  4.964e-05
iter    cost       merit      stop      |grad|      preg       dreg      step   ||ffeas||  ||gfeas||  ||hfeas||   dV-exp       dV      dPhi-exp     dPhi
 110  9.823e-02  9.834e-02  1.121e-03  1.270e-04  1.000e-06  1.000e-06  0.5000  2.192e-17  0.000e+00  1.121e-03  4.898e-05  4.606e-05  4.142e-05  3.093e-05
 111  9.822e-02  9.826e-02  8.548e-04  2.881e-05  1.000e-05  1.000e-05  1.0000  0.000e+00  0.000e+00  8.548e-04  1.581e-05  1.421e-05  2.929e-05  2.769e-05
 112  9.820e-02  9.821e-02  1.024e-04  1.449e-05  1.000e-04  1.000e-04  1.0000  0.000e+00  0.000e+00  1.024e-04  1.379e-05  1.342e-05  3.286e-05  3.249e-05
 113  9.820e-02  9.820e-02  1.584e-06  1.749e-06  1.000e-03  1.000e-03  1.0000  0.000e+00  0.000e+00  1.568e-06  1.739e-06  1.735e-06  4.186e-06  4.182e-06
*** SOLVE (MultiShoot) ***
iter    cost       merit      stop      |grad|      preg       dreg      step   ||ffeas||  ||gfeas||  ||hfeas||   dV-exp       dV      dPhi-exp     dPhi
   0  1.581e-02  2.046e-01  1.556e+01  1.118e-03  1.000e-09  1.000e-09  1.0000  1.556e+01  0.000e+00  6.239e-14 -1.351e-02 -1.334e-02 -1.707e-01 -1.705e-01
   1  6.998e-02  1.680e-01  1.616e+01  3.151e-02  1.000e-09  1.000e-09  1.0000  1.616e+01  0.000e+00  1.622e-11 -2.867e-02 -5.417e-02 -3.231e-02 -5.781e-02
   2  3.964e-02  4.785e-02  2.706e+00  5.079e-02  1.000e-09  1.000e-09  1.0000  2.706e+00  0.000e+00  5.049e-12  2.781e-02  3.033e-02  6.862e-02  7.114e-02
   3  1.869e-02  5.544e-02  4.045e+00  3.376e-02  1.000e-09  1.000e-09  1.0000  4.045e+00  0.000e+00  2.750e-12  1.721e-02  2.095e-02  5.039e-03  8.782e-03
   4  3.528e-02  5.092e-02  3.443e+00  3.633e-03  1.000e-09  1.000e-09  1.0000  3.443e+00  0.000e+00  8.840e-12 -1.684e-02 -1.658e-02 -1.411e-02 -1.385e-02
   5  6.049e-02  6.777e-02  3.204e+00  1.116e-02  1.000e-09  1.000e-09  1.0000  3.204e+00  0.000e+00  6.621e-12 -2.758e-02 -2.521e-02 -2.703e-02 -2.467e-02
   6  3.216e-02  9.162e-02  3.677e+00  7.061e-02  1.000e-09  1.000e-09  1.0000  3.677e+00  0.000e+00  2.914e-12  3.627e-02  2.832e-02  2.863e-02  2.068e-02
   7  2.473e-02  3.889e-02  1.752e+00  2.222e-02  1.000e-09  1.000e-09  1.0000  1.752e+00  0.000e+00  1.231e-11  5.792e-03  7.438e-03  2.136e-02  2.301e-02
   8  2.882e-02  3.014e-02  3.275e-01  1.474e-03  1.000e-09  1.000e-09  1.0000  3.275e-01  0.000e+00  1.218e-12 -4.160e-03 -4.093e-03  1.598e-03  1.665e-03
   9  2.647e-02  2.772e-02  1.224e-01  4.106e-03  1.000e-09  1.000e-09  1.0000  1.224e-01  0.000e+00  6.177e-12  2.345e-03  2.354e-03  4.444e-03  4.453e-03
iter    cost       merit      stop      |grad|      preg       dreg      step   ||ffeas||  ||gfeas||  ||hfeas||   dV-exp       dV      dPhi-exp     dPhi
  10  2.566e-02  2.624e-02  6.121e-02  1.261e-03  1.000e-09  1.000e-09  1.0000  6.121e-02  0.000e+00  1.079e-11  8.120e-04  8.077e-04  1.392e-03  1.387e-03
  11  2.498e-02  2.588e-02  5.734e-02  1.159e-03  1.000e-09  1.000e-09  1.0000  5.734e-02  0.000e+00  1.215e-12  6.729e-04  6.823e-04  7.337e-04  7.430e-04
  12  2.465e-02  2.520e-02  6.675e-02  7.534e-04  1.000e-09  1.000e-09  1.0000  6.675e-02  0.000e+00  9.585e-12  3.334e-04  3.259e-04  2.553e-04  2.477e-04
  13  2.419e-02  2.478e-02  5.369e-02  1.307e-03  1.000e-09  1.000e-09  0.5000  5.369e-02  0.000e+00  3.913e-12  4.548e-04  4.577e-04  5.263e-04  6.007e-04
  14  2.450e-02  2.460e-02  1.870e-02  2.015e-04  1.000e-09  1.000e-09  1.0000  1.870e-02  0.000e+00  8.875e-12 -3.037e-04 -3.037e-04 -1.120e-04 -1.121e-04
  15  2.437e-02  2.441e-02  4.793e-03  1.991e-04  1.000e-09  1.000e-09  1.0000  4.793e-03  0.000e+00  2.303e-12  1.296e-04  1.298e-04  2.673e-04  2.675e-04
  16  2.431e-02  2.438e-02  2.867e-03  1.408e-04  1.000e-09  1.000e-09  0.5000  2.867e-03  0.000e+00  2.592e-12  5.695e-05  5.693e-05  8.190e-05  1.068e-04
  17  2.426e-02  2.434e-02  3.267e-03  8.428e-05  1.000e-09  1.000e-09  1.0000  3.267e-03  0.000e+00  1.136e-12  5.100e-05  5.108e-05  4.084e-05  4.092e-05
  18  2.423e-02  2.428e-02  2.479e-03  7.521e-05  1.000e-08  1.000e-08  0.5000  2.479e-03  0.000e+00  5.135e-13  3.124e-05  3.124e-05  3.981e-05  4.838e-05
  19  2.419e-02  2.423e-02  2.084e-03  5.354e-05  1.000e-07  1.000e-07  1.0000  2.084e-03  0.000e+00  3.581e-12  3.461e-05  3.463e-05  4.248e-05  4.251e-05
iter    cost       merit      stop      |grad|      preg       dreg      step   ||ffeas||  ||gfeas||  ||hfeas||   dV-exp       dV      dPhi-exp     dPhi
  20  2.416e-02  2.421e-02  2.516e-03  4.074e-05  1.000e-06  1.000e-06  1.0000  2.516e-03  0.000e+00  3.316e-12  2.893e-05  2.893e-05  2.036e-05  2.035e-05
  21  2.415e-02  2.415e-02  2.662e-04  2.072e-05  1.000e-05  1.000e-05  1.0000  2.662e-04  0.000e+00  8.804e-14  1.735e-05  1.735e-05  3.966e-05  3.967e-05
  22  2.414e-02  2.414e-02  1.932e-05  3.336e-06  1.000e-04  1.000e-04  1.0000  1.932e-05  0.000e+00  3.414e-14  3.244e-06  3.244e-06  7.542e-06  7.542e-06
*** SOLVE (HybridShoot: 33) ***
iter    cost       merit      stop      |grad|      preg       dreg      step   ||ffeas||  ||gfeas||  ||hfeas||   dV-exp       dV      dPhi-exp     dPhi
   0  1.214e-02  1.476e-01  1.556e+01  1.118e-03  1.000e-09  1.000e-09  1.0000  1.556e+01  0.000e+00  6.239e-14 -1.351e-02 -9.676e-03 -1.263e-01 -1.225e-01
   1  1.038e-01  2.151e-01  2.558e+01  5.715e-02  1.000e-09  1.000e-09  1.0000  2.558e+01  0.000e+00  1.377e-12 -1.324e-01 -9.163e-02 -1.760e-01 -1.352e-01
   2  6.815e-02  9.642e-02  1.299e+01  1.193e-01  1.000e-05  1.000e-05  0.5000  1.299e+01  0.000e+00  7.627e-13  3.460e-02  3.563e-02  4.829e-02  6.302e-02
   3  3.053e-02  2.244e-01  1.118e+01  2.039e-01  2.000e-06  2.000e-06  0.2500  1.118e+01  0.000e+00  5.602e-13  4.809e-02  3.761e-02  5.596e-02  6.908e-02
   4  5.384e-02  7.951e-02  2.961e+00  3.668e-02  4.000e-07  4.000e-07  1.0000  2.961e+00  0.000e+00  4.505e-13  4.886e-03 -2.330e-02  7.616e-02  4.797e-02
   5  3.561e-01  4.578e-01  2.346e+01  4.317e-02  8.000e-08  8.000e-08  1.0000  2.346e+01  0.000e+00  4.431e-11 -2.481e-01 -3.022e-01 -3.370e-01 -3.911e-01
   6  2.697e-01  4.576e-01  1.187e+01  2.603e-01  1.600e-05  1.600e-05  0.5000  1.187e+01  0.000e+00  2.216e-11  1.301e-01  8.636e-02  2.218e-01  2.699e-01
   7  1.781e-01  5.416e-01  1.397e+01  3.202e-01  3.200e-06  3.200e-06  0.5000  1.397e+01  0.000e+00  1.110e-11  1.341e-01  9.166e-02  1.068e-01  3.695e-02
   8  1.590e-01  4.092e-01  1.922e+01  5.508e-02  6.400e-07  6.400e-07  1.0000  1.922e+01  0.000e+00  7.076e-13 -7.560e-03  1.907e-02 -7.595e-02 -4.932e-02
   9  1.478e-01  2.438e-01  1.475e+01  3.292e-02  1.280e-07  1.280e-07  0.5000  1.475e+01  0.000e+00  3.630e-13  3.374e-03  1.119e-02  1.793e-02  4.029e-02
iter    cost       merit      stop      |grad|      preg       dreg      step   ||ffeas||  ||gfeas||  ||hfeas||   dV-exp       dV      dPhi-exp     dPhi
  10  1.486e-01  1.895e-01  1.255e+01  1.745e-02  2.560e-08  2.560e-08  1.0000  1.255e+01  0.000e+00  6.086e-13 -1.532e-02 -8.313e-04 -8.145e-03  6.339e-03
  11  1.800e-01  2.179e-01  2.332e+01  1.950e-02  5.120e-09  5.120e-09  1.0000  2.332e+01  0.000e+00  4.109e-12 -7.722e-03 -3.136e-02 -2.525e-02 -4.889e-02
  12  1.607e-01  1.997e-01  1.434e+01  8.273e-02  1.024e-09  1.024e-09  0.5000  1.434e+01  0.000e+00  3.576e-12  3.180e-02  1.931e-02  4.403e-02  4.377e-02
  13  1.452e-01  1.641e-01  7.811e+00  4.624e-02  1.000e-09  1.000e-09  1.0000  7.811e+00  0.000e+00  1.550e-12  2.426e-02  1.545e-02  4.004e-02  3.123e-02
  14  1.397e-01  1.570e-01  6.022e+00  3.820e-02  1.000e-09  1.000e-09  0.5000  6.022e+00  0.000e+00  2.904e-12  1.348e-02  5.571e-03  1.605e-02  1.072e-02
  15  1.383e-01  1.504e-01  4.522e+00  2.176e-02  1.000e-09  1.000e-09  1.0000  4.522e+00  0.000e+00  1.234e-11  1.132e-02  1.363e-03  1.534e-02  5.389e-03
  16  1.312e-01  1.494e-01  2.669e+00  3.242e-02  1.000e-09  1.000e-09  1.0000  2.669e+00  0.000e+00  5.529e-12  2.162e-02  7.128e-03  3.429e-02  1.979e-02
  17  1.106e-01  1.550e-01  3.310e+00  3.422e-02  1.000e-09  1.000e-09  1.0000  3.310e+00  0.000e+00  6.490e-12  2.503e-02  2.054e-02  1.643e-02  1.195e-02
  18  1.023e-01  1.113e-01  1.341e+00  1.883e-02  1.000e-09  1.000e-09  1.0000  1.341e+00  0.000e+00  5.656e-12  1.296e-02  8.309e-03  2.615e-02  2.150e-02
  19  9.446e-02  1.047e-01  1.077e+00  1.222e-02  1.000e-09  1.000e-09  1.0000  1.077e+00  0.000e+00  1.113e-11  8.914e-03  7.866e-03  1.142e-02  1.037e-02
iter    cost       merit      stop      |grad|      preg       dreg      step   ||ffeas||  ||gfeas||  ||hfeas||   dV-exp       dV      dPhi-exp     dPhi
  20  9.167e-02  9.577e-02  6.927e-01  6.286e-03  1.000e-09  1.000e-09  1.0000  6.927e-01  0.000e+00  7.567e-12  4.468e-03  2.790e-03  6.744e-03  5.067e-03
  21  8.851e-02  9.214e-02  4.371e-01  5.153e-03  1.000e-09  1.000e-09  1.0000  4.371e-01  0.000e+00  4.578e-12  4.027e-03  3.158e-03  6.149e-03  5.280e-03
  22  8.678e-02  8.822e-02  1.940e-01  2.918e-03  1.000e-09  1.000e-09  1.0000  1.940e-01  0.000e+00  8.198e-12  2.278e-03  1.729e-03  4.089e-03  3.540e-03
  23  8.569e-02  8.718e-02  1.424e-01  1.787e-03  1.000e-09  1.000e-09  1.0000  1.424e-01  0.000e+00  1.420e-11  1.417e-03  1.091e-03  1.956e-03  1.629e-03
  24  8.504e-02  8.575e-02  8.653e-02  1.023e-03  1.000e-09  1.000e-09  1.0000  8.653e-02  0.000e+00  3.421e-12  8.179e-04  6.504e-04  1.276e-03  1.109e-03
  25  8.469e-02  8.512e-02  5.666e-02  5.722e-04  1.000e-09  1.000e-09  1.0000  5.666e-02  0.000e+00  4.170e-12  4.529e-04  3.474e-04  6.763e-04  5.708e-04
  26  8.448e-02  8.468e-02  3.018e-02  3.240e-04  1.000e-09  1.000e-09  1.0000  3.018e-02  0.000e+00  4.478e-12  2.600e-04  2.101e-04  4.335e-04  3.836e-04
  27  8.437e-02  8.451e-02  1.989e-02  1.793e-04  1.000e-09  1.000e-09  1.0000  1.989e-02  0.000e+00  5.951e-12  1.401e-04  1.065e-04  2.084e-04  1.747e-04
  28  8.431e-02  8.437e-02  1.001e-02  1.048e-04  1.000e-09  1.000e-09  1.0000  1.001e-02  0.000e+00  3.070e-12  8.379e-05  6.753e-05  1.433e-04  1.270e-04
  29  8.427e-02  8.431e-02  5.504e-03  5.462e-05  1.000e-09  1.000e-09  1.0000  5.504e-03  0.000e+00  7.721e-12  4.326e-05  3.435e-05  7.109e-05  6.217e-05
iter    cost       merit      stop      |grad|      preg       dreg      step   ||ffeas||  ||gfeas||  ||hfeas||   dV-exp       dV      dPhi-exp     dPhi
  30  8.425e-02  8.427e-02  2.917e-03  2.962e-05  1.000e-08  1.000e-08  1.0000  2.917e-03  0.000e+00  1.815e-12  2.349e-05  1.942e-05  3.925e-05  3.519e-05
  31  8.424e-02  8.426e-02  1.871e-03  1.719e-05  1.000e-07  1.000e-07  1.0000  1.871e-03  0.000e+00  8.158e-12  1.320e-05  1.022e-05  1.997e-05  1.699e-05
  32  8.424e-02  8.424e-02  8.606e-04  9.911e-06  1.000e-06  1.000e-06  1.0000  8.606e-04  0.000e+00  1.480e-12  8.040e-06  6.710e-06  1.424e-05  1.291e-05
  33  8.423e-02  8.423e-02  1.856e-04  4.087e-06  1.000e-05  1.000e-05  1.0000  1.856e-04  0.000e+00  5.085e-14  3.701e-06  3.402e-06  7.849e-06  7.549e-06
  34  8.423e-02  8.423e-02  5.428e-06  7.851e-07  1.000e-04  1.000e-04  1.0000  5.428e-06  0.000e+00  2.545e-14  7.738e-07  7.649e-07  1.847e-06  1.838e-06
step integration (guess):  0.01
step integration (optimal):  0.012249233812603389
Target state: [1. 0. 1. 0. 0. 0.]
Terminal state: [ 1.  0.  1. -0.  0.  0.]
