*** SOLVE (FeasShoot) ***
iter    cost       merit      stop      |grad|      preg       dreg      step   ||ffeas||  ||gfeas||  ||hfeas||   dV-exp       dV      dPhi-exp     dPhi
   0  2.718e+02  2.718e+02  1.928e+04  1.054e+00  1.000e-09  1.000e-09  0.0039  0.000e+00  0.000e+00  3.170e+02 -8.026e+01 -2.718e+02 -8.026e+01 -2.718e+02
   1  2.557e+02  1.418e+03  3.007e+02  2.760e+02  1.000e-09  1.000e-09  0.0156  4.838e-17  0.000e+00  3.007e+02  4.455e+00  1.616e+01  5.442e+00  7.934e+01
   2  2.332e+02  9.145e+02  2.869e+02  2.653e+02  1.000e-09  1.000e-09  0.0312  6.093e-17  0.000e+00  2.869e+02  8.519e+00  2.244e+01  9.543e+00  5.522e+01
   3  2.232e+02  7.852e+02  2.779e+02  2.468e+02  1.000e-09  1.000e-09  0.0312  6.655e-17  0.000e+00  2.779e+02  7.867e+00  1.000e+01  8.437e+00  2.821e+01
   4  1.961e+02  6.562e+02  2.593e+02  2.405e+02  1.000e-09  1.000e-09  0.0625  6.512e-17  0.000e+00  2.593e+02  1.544e+01  2.714e+01  1.750e+01  6.011e+01
   5  1.815e+02  5.418e+02  2.420e+02  2.239e+02  1.000e-09  1.000e-09  0.0625  6.001e-17  0.000e+00  2.420e+02  1.418e+01  1.456e+01  1.579e+01  4.038e+01
   6  1.637e+02  4.893e+02  2.269e+02  2.128e+02  1.000e-09  1.000e-09  0.0625  7.263e-17  0.000e+00  2.269e+02  1.342e+01  1.784e+01  1.477e+01  3.944e+01
   7  1.516e+02  4.329e+02  2.125e+02  1.913e+02  1.000e-09  1.000e-09  0.0625  6.914e-17  0.000e+00  2.125e+02  1.203e+01  1.207e+01  1.322e+01  3.111e+01
   8  1.397e+02  3.877e+02  1.994e+02  1.772e+02  1.000e-09  1.000e-09  0.0625  7.216e-17  0.000e+00  1.994e+02  1.110e+01  1.194e+01  1.212e+01  2.825e+01
   9  1.290e+02  3.503e+02  1.879e+02  1.578e+02  1.000e-09  1.000e-09  0.0625  6.947e-17  0.000e+00  1.879e+02  9.887e+00  1.065e+01  1.074e+01  2.425e+01
iter    cost       merit      stop      |grad|      preg       dreg      step   ||ffeas||  ||gfeas||  ||hfeas||   dV-exp       dV      dPhi-exp     dPhi
  10  1.199e+02  3.117e+02  1.761e+02  1.419e+02  1.000e-09  1.000e-09  0.0625  7.462e-17  0.000e+00  1.761e+02  8.875e+00  9.153e+00  9.674e+00  2.194e+01
  11  1.160e+02  2.903e+02  1.707e+02  1.255e+02  1.000e-09  1.000e-09  0.0312  6.083e-17  0.000e+00  1.707e+02  3.923e+00  3.845e+00  4.096e+00  9.369e+00
  12  1.123e+02  2.763e+02  1.654e+02  1.199e+02  1.000e-09  1.000e-09  0.0312  9.297e-17  0.000e+00  1.654e+02  3.744e+00  3.685e+00  3.908e+00  8.930e+00
  13  1.088e+02  2.631e+02  1.603e+02  1.141e+02  1.000e-09  1.000e-09  0.0312  1.029e-16  0.000e+00  1.603e+02  3.564e+00  3.515e+00  3.719e+00  8.462e+00
  14  1.017e+02  2.423e+02  1.505e+02  1.086e+02  1.000e-09  1.000e-09  0.0625  7.331e-17  0.000e+00  1.505e+02  6.770e+00  7.140e+00  7.344e+00  1.632e+01
  15  9.857e+01  2.280e+02  1.458e+02  9.885e+01  1.000e-09  1.000e-09  0.0312  7.311e-17  0.000e+00  1.458e+02  3.084e+00  3.105e+00  3.213e+00  7.246e+00
  16  9.563e+01  2.162e+02  1.413e+02  9.340e+01  1.000e-09  1.000e-09  0.0312  6.787e-17  0.000e+00  1.413e+02  2.913e+00  2.943e+00  3.033e+00  6.812e+00
  17  9.055e+01  1.995e+02  1.326e+02  8.827e+01  1.000e-09  1.000e-09  0.0625  9.156e-17  0.000e+00  1.326e+02  5.489e+00  5.083e+00  5.935e+00  1.221e+01
  18  8.591e+01  1.816e+02  1.244e+02  7.912e+01  1.000e-09  1.000e-09  0.0625  1.621e-16  0.000e+00  1.244e+02  4.915e+00  4.635e+00  5.310e+00  1.095e+01
  19  8.150e+01  1.654e+02  1.166e+02  7.218e+01  1.000e-09  1.000e-09  0.0625  1.534e-16  0.000e+00  1.166e+02  4.474e+00  4.415e+00  4.827e+00  1.005e+01
iter    cost       merit      stop      |grad|      preg       dreg      step   ||ffeas||  ||gfeas||  ||hfeas||   dV-exp       dV      dPhi-exp     dPhi
  20  7.779e+01  1.516e+02  1.094e+02  6.658e+01  1.000e-09  1.000e-09  0.0625  1.338e-16  0.000e+00  1.094e+02  4.116e+00  3.704e+00  4.419e+00  8.551e+00
  21  7.583e+01  1.404e+02  1.026e+02  6.085e+01  1.000e-09  1.000e-09  0.0625  1.631e-16  0.000e+00  1.026e+02  3.753e+00  1.968e+00  4.018e+00  6.208e+00
  22  7.537e+01  1.350e+02  9.912e+01  5.653e+01  1.000e-09  1.000e-09  0.0312  1.266e-16  0.000e+00  9.912e+01  1.753e+00  4.539e-01  1.819e+00  2.561e+00
  23  7.704e+01  1.324e+02  9.298e+01  5.544e+01  1.000e-09  1.000e-09  0.0625  1.525e-16  0.000e+00  9.298e+01  3.410e+00 -1.667e+00  3.638e+00  1.988e+00
  24  7.323e+01  1.883e+02  1.781e+02  5.883e+01  1.000e-09  1.000e-09  0.1250  1.241e-16  0.000e+00  1.781e+02  7.092e+00  3.804e+00  2.190e-01 -5.118e+01
  25  7.855e+01  1.030e+02  7.557e+01  4.940e+01  1.000e-09  1.000e-09  0.1250  1.192e-16  0.000e+00  7.557e+01  5.892e+00 -5.316e+00  1.003e+01  2.780e+01
  26  7.427e+01  1.255e+02  7.483e+01  6.211e+01  1.000e-09  1.000e-09  0.0625  7.107e-17  0.000e+00  7.483e+01  3.780e+00  4.277e+00  3.812e+00  4.784e+00
  27  7.023e+01  1.054e+02  6.368e+01  5.332e+01  1.000e-09  1.000e-09  0.1250  6.223e-17  0.000e+00  6.368e+01  6.283e+00  4.045e+00  7.053e+00  1.020e+01
  28  6.574e+01  9.744e+01  5.898e+01  4.743e+01  1.000e-09  1.000e-09  0.1250  6.690e-17  0.000e+00  5.898e+01  5.562e+00  4.485e+00  5.877e+00  7.012e+00
  29  5.816e+01  8.094e+01  4.899e+01  3.993e+01  1.000e-09  1.000e-09  0.2500  5.062e-17  0.000e+00  4.899e+01  8.687e+00  7.583e+00  9.848e+00  1.223e+01
iter    cost       merit      stop      |grad|      preg       dreg      step   ||ffeas||  ||gfeas||  ||hfeas||   dV-exp       dV      dPhi-exp     dPhi
  30  5.002e+01  6.012e+01  2.984e+01  2.669e+01  1.000e-09  1.000e-09  0.5000  2.028e-17  0.000e+00  2.984e+01  9.576e+00  8.139e+00  1.282e+01  1.462e+01
  31  4.719e+01  5.629e+01  3.677e+01  1.201e+01  1.000e-09  1.000e-09  0.5000  2.543e-17  0.000e+00  3.677e+01  4.292e+00  2.826e+00  3.436e+00  1.113e+00
  32  4.490e+01  4.671e+01  1.033e+01  9.098e+00  1.000e-09  1.000e-09  0.5000  2.254e-17  0.000e+00  1.033e+01  3.401e+00  2.292e+00  5.714e+00  6.919e+00
  33  4.353e+01  4.540e+01  6.636e+00  4.341e+00  1.000e-09  1.000e-09  0.5000  1.758e-17  0.000e+00  6.636e+00  1.595e+00  1.373e+00  2.115e+00  2.414e+00
  34  4.338e+01  4.453e+01  6.755e+00  1.659e+00  1.000e-09  1.000e-09  1.0000  0.000e+00  0.000e+00  6.755e+00  7.908e-01  1.527e-01  7.706e-01  1.325e-01
  35  4.333e+01  4.376e+01  5.081e+00  3.133e-01  1.000e-09  1.000e-09  0.2500  2.067e-17  0.000e+00  5.081e+00  6.051e-02  4.777e-02  9.613e-02  1.902e-01
  36  4.332e+01  4.342e+01  2.408e+00  1.260e-01  1.000e-09  1.000e-09  0.5000  2.314e-17  0.000e+00  2.408e+00  2.303e-02  7.681e-03  7.992e-02  1.215e-01
  37  4.337e+01  4.339e+01  1.030e+00  7.920e-03  1.000e-09  1.000e-09  1.0000  0.000e+00  0.000e+00  1.030e+00 -5.363e-02 -4.534e-02 -2.431e-02 -1.603e-02
  38  4.335e+01  4.337e+01  8.015e-01  3.524e-02  1.000e-09  1.000e-09  0.5000  1.610e-17  0.000e+00  8.015e-01  1.310e-02  1.255e-02  1.582e-02  1.800e-02
  39  4.335e+01  4.336e+01  7.387e-01  2.625e-02  1.000e-09  1.000e-09  0.5000  2.100e-17  0.000e+00  7.387e-01  9.557e-03  8.954e-03  1.023e-02  1.029e-02
iter    cost       merit      stop      |grad|      preg       dreg      step   ||ffeas||  ||gfeas||  ||hfeas||   dV-exp       dV      dPhi-exp     dPhi
  40  4.334e+01  4.336e+01  9.734e-01  2.023e-02  1.000e-09  1.000e-09  1.0000  0.000e+00  0.000e+00  9.734e-01  9.059e-03  5.507e-03  4.946e-03  1.394e-03
  41  4.331e+01  4.336e+01  1.178e+00  4.249e-02  1.000e-09  1.000e-09  1.0000  0.000e+00  0.000e+00  1.178e+00  2.573e-02  2.933e-02  1.801e-02  2.161e-02
  42  4.329e+01  4.336e+01  1.492e+00  7.433e-02  1.000e-09  1.000e-09  0.2500  2.520e-17  0.000e+00  1.492e+00  1.612e-02  1.613e-02  1.280e-02  2.845e-03
  43  4.330e+01  4.331e+01  3.203e-01  2.962e-03  1.000e-09  1.000e-09  1.0000  0.000e+00  0.000e+00  3.203e-01 -9.616e-03 -9.892e-03  1.520e-02  1.493e-02
  44  4.330e+01  4.331e+01  4.107e-01  9.604e-03  1.000e-09  1.000e-09  0.5000  2.453e-17  0.000e+00  4.107e-01  3.267e-03  2.853e-03  2.568e-03  1.456e-03
  45  4.330e+01  4.331e+01  2.825e-01  1.014e-03  1.000e-09  1.000e-09  1.0000  0.000e+00  0.000e+00  2.825e-01 -2.538e-03 -2.535e-03 -1.547e-03 -1.545e-03
  46  4.330e+01  4.331e+01  3.967e-01  8.459e-03  1.000e-09  1.000e-09  0.5000  1.695e-17  0.000e+00  3.967e-01  2.980e-03  2.805e-03  1.980e-03  8.046e-04
  47  4.330e+01  4.331e+01  1.920e-01  1.745e-03  1.000e-09  1.000e-09  1.0000  0.000e+00  0.000e+00  1.920e-01 -2.691e-03 -2.791e-03 -8.987e-04 -9.981e-04
  48  4.330e+01  4.331e+01  2.689e-01  5.588e-03  1.000e-09  1.000e-09  0.5000  1.558e-17  0.000e+00  2.689e-01  1.966e-03  1.848e-03  1.315e-03  5.469e-04
  49  4.330e+01  4.331e+01  1.277e-01  1.156e-03  1.000e-09  1.000e-09  1.0000  0.000e+00  0.000e+00  1.277e-01 -1.775e-03 -1.888e-03 -5.809e-04 -6.934e-04
iter    cost       merit      stop      |grad|      preg       dreg      step   ||ffeas||  ||gfeas||  ||hfeas||   dV-exp       dV      dPhi-exp     dPhi
  50  4.330e+01  4.331e+01  1.782e-01  3.648e-03  1.000e-09  1.000e-09  0.5000  1.383e-17  0.000e+00  1.782e-01  1.281e-03  1.198e-03  8.643e-04  3.645e-04
  51  4.330e+01  4.330e+01  8.179e-02  7.626e-04  1.000e-09  1.000e-09  1.0000  0.000e+00  0.000e+00  8.179e-02 -1.155e-03 -1.232e-03 -3.588e-04 -4.360e-04
  52  4.330e+01  4.331e+01  1.145e-01  2.343e-03  1.000e-09  1.000e-09  0.5000  2.268e-17  0.000e+00  1.145e-01  8.224e-04  7.412e-04  5.520e-04  2.006e-04
  53  4.330e+01  4.330e+01  5.606e-02  4.400e-04  1.000e-09  1.000e-09  1.0000  0.000e+00  0.000e+00  5.606e-02 -7.116e-04 -7.763e-04 -2.286e-04 -2.933e-04
  54  4.330e+01  4.330e+01  7.817e-02  1.612e-03  1.000e-09  1.000e-09  0.5000  1.372e-17  0.000e+00  7.817e-02  5.648e-04  5.028e-04  3.825e-04  1.381e-04
  55  4.330e+01  4.330e+01  3.836e-02  2.987e-04  1.000e-09  1.000e-09  1.0000  0.000e+00  0.000e+00  3.836e-02 -4.854e-04 -5.324e-04 -1.571e-04 -2.041e-04
  56  4.330e+01  4.330e+01  5.332e-02  1.101e-03  1.000e-09  1.000e-09  0.5000  1.373e-17  0.000e+00  5.332e-02  3.853e-04  3.418e-04  2.627e-04  9.659e-05
  57  4.330e+01  4.330e+01  2.622e-02  2.052e-04  1.000e-09  1.000e-09  1.0000  0.000e+00  0.000e+00  2.622e-02 -3.330e-04 -3.659e-04 -1.110e-04 -1.439e-04
  58  4.330e+01  4.330e+01  3.644e-02  7.532e-04  1.000e-09  1.000e-09  0.5000  1.373e-17  0.000e+00  3.644e-02  2.633e-04  2.334e-04  1.798e-04  6.635e-05
  59  4.330e+01  4.330e+01  1.805e-02  1.406e-04  1.000e-09  1.000e-09  1.0000  0.000e+00  0.000e+00  1.805e-02 -2.286e-04 -2.514e-04 -7.827e-05 -1.010e-04
iter    cost       merit      stop      |grad|      preg       dreg      step   ||ffeas||  ||gfeas||  ||hfeas||   dV-exp       dV      dPhi-exp     dPhi
  60  4.330e+01  4.330e+01  2.511e-02  5.186e-04  1.000e-09  1.000e-09  0.5000  1.487e-17  0.000e+00  2.511e-02  1.812e-04  1.607e-04  1.236e-04  4.543e-05
  61  4.330e+01  4.330e+01  1.255e-02  9.682e-05  1.000e-09  1.000e-09  1.0000  0.000e+00  0.000e+00  1.255e-02 -1.578e-04 -1.736e-04 -5.525e-05 -7.103e-05
  62  4.330e+01  4.330e+01  1.662e-02  1.801e-04  1.000e-08  1.000e-08  1.0000  0.000e+00  0.000e+00  1.662e-02  8.656e-05  5.368e-05  4.642e-05  1.354e-05
  63  4.330e+01  4.330e+01  8.945e-03  3.010e-05  1.000e-07  1.000e-07  0.5000  2.357e-17  0.000e+00  8.945e-03 -2.206e-05 -2.531e-05 -3.148e-06  1.252e-05
  64  4.330e+01  4.330e+01  1.626e-05  7.655e-05  1.000e-06  1.000e-06  1.0000  0.000e+00  0.000e+00  1.626e-05 -7.678e-05 -7.687e-05 -5.478e-05 -5.488e-05
*** SOLVE (MultiShoot) ***
iter    cost       merit      stop      |grad|      preg       dreg      step   ||ffeas||  ||gfeas||  ||hfeas||   dV-exp       dV      dPhi-exp     dPhi
   0  2.018e+03  2.019e+03  2.606e+03  1.054e+00  1.000e-09  1.000e-09  0.0078  4.786e-01  0.000e+00  1.195e+03 -3.210e+02 -2.018e+03 -3.210e+02 -2.019e+03
   1  7.121e+02  1.011e+04  1.210e+03  2.836e+03  1.000e-09  1.000e-09  0.1250  1.624e+02  0.000e+00  1.048e+03  4.117e+02  1.305e+03  3.971e+02  1.189e+03
   2  3.700e+02  4.011e+03  9.378e+02  1.331e+03  1.000e-09  1.000e-09  0.2500  2.545e+02  0.000e+00  6.832e+02  3.353e+02  3.422e+02  5.998e+02  1.400e+03
   3  2.429e+02  1.746e+03  7.741e+02  9.870e+02  1.000e-09  1.000e-09  0.1250  2.113e+02  0.000e+00  5.628e+02  1.274e+02  1.271e+02  1.671e+02  4.448e+02
   4  1.603e+02  5.975e+02  4.504e+02  2.726e+02  1.000e-09  1.000e-09  0.5000  1.271e+02  0.000e+00  3.234e+02  1.063e+02  8.253e+01  2.634e+02  3.967e+02
   5  1.209e+02  2.723e+02  3.120e+02  1.191e+02  1.000e-09  1.000e-09  0.5000  1.263e+02  0.000e+00  1.857e+02  4.972e+01  3.947e+01  8.330e+01  1.066e+02
   6  1.163e+02  1.567e+02  1.668e+02  5.345e+01  1.000e-09  1.000e-09  1.0000  6.156e+01  0.000e+00  1.053e+02  1.698e+01  4.611e+00  5.222e+01  3.985e+01
   7  1.090e+02  1.324e+02  1.349e+02  4.321e+01  1.000e-09  1.000e-09  1.0000  6.226e+01  0.000e+00  7.266e+01  2.026e+01  7.301e+00  2.580e+01  1.284e+01
   8  1.031e+02  1.152e+02  1.398e+02  2.835e+01  1.000e-09  1.000e-09  1.0000  3.587e+01  0.000e+00  1.040e+02  7.733e+00  5.890e+00  7.307e+00  5.464e+00
   9  9.910e+01  1.025e+02  5.550e+01  1.781e+01  1.000e-09  1.000e-09  1.0000  3.426e+00  0.000e+00  5.208e+01  5.990e+00  3.970e+00  1.115e+01  9.130e+00
iter    cost       merit      stop      |grad|      preg       dreg      step   ||ffeas||  ||gfeas||  ||hfeas||   dV-exp       dV      dPhi-exp     dPhi
  10  9.671e+01  1.027e+02  6.591e+01  8.384e+00  1.000e-09  1.000e-09  1.0000  1.036e+01  0.000e+00  5.555e+01  3.558e+00  2.389e+00  2.605e+00  1.436e+00
  11  9.574e+01  9.792e+01  4.768e+01  4.767e+00  1.000e-09  1.000e-09  1.0000  7.933e+00  0.000e+00  3.974e+01  1.552e+00  9.742e-01  2.387e+00  1.809e+00
  12  9.438e+01  9.682e+01  5.539e+01  3.575e+00  1.000e-09  1.000e-09  1.0000  1.178e+01  0.000e+00  4.361e+01  1.471e+00  1.357e+00  1.131e+00  1.017e+00
  13  9.476e+01  9.538e+01  2.814e+01  2.985e+00  1.000e-09  1.000e-09  1.0000  1.935e+01  0.000e+00  8.795e+00  5.326e-01 -3.775e-01  1.133e+00  2.227e-01
  14  9.092e+01  9.676e+01  3.240e+01  1.066e+01  1.000e-09  1.000e-09  0.5000  2.073e+01  0.000e+00  1.167e+01  3.552e+00  3.844e+00  3.168e+00  3.077e+00
  15  9.400e+01  9.499e+01  1.092e+01  2.585e+00  1.000e-09  1.000e-09  1.0000  5.260e+00  0.000e+00  5.664e+00 -3.152e+00 -3.085e+00 -1.217e+00 -1.150e+00
  16  9.321e+01  9.462e+01  1.170e+01  2.703e+00  1.000e-09  1.000e-09  0.5000  8.555e+00  0.000e+00  3.148e+00  9.061e-01  7.969e-01  8.593e-01  7.032e-01
  17  9.359e+01  9.417e+01  9.703e+00  3.468e-01  1.000e-09  1.000e-09  1.0000  7.629e+00  0.000e+00  2.074e+00 -5.342e-01 -3.834e-01 -4.138e-01 -2.630e-01
  18  9.286e+01  9.416e+01  1.184e+01  2.698e+00  1.000e-09  1.000e-09  0.5000  1.076e+01  0.000e+00  1.072e+00  8.613e-01  7.291e-01  7.440e-01  4.944e-01
  19  9.340e+01  9.391e+01  9.188e+00  2.693e-01  1.000e-09  1.000e-09  1.0000  8.282e+00  0.000e+00  9.059e-01 -7.120e-01 -5.409e-01 -5.663e-01 -3.951e-01
iter    cost       merit      stop      |grad|      preg       dreg      step   ||ffeas||  ||gfeas||  ||hfeas||   dV-exp       dV      dPhi-exp     dPhi
  20  9.252e+01  9.452e+01  1.366e+01  3.254e+00  1.000e-09  1.000e-09  0.5000  1.235e+01  0.000e+00  1.309e+00  1.050e+00  8.839e-01  7.217e-01  2.278e-01
  21  9.302e+01  9.444e+01  1.929e+01  5.324e-01  1.000e-09  1.000e-09  1.0000  9.681e+00  0.000e+00  9.609e+00 -7.021e-01 -5.066e-01 -1.116e+00 -9.201e-01
  22  9.212e+01  9.353e+01  2.036e+01  3.527e+00  1.000e-09  1.000e-09  0.5000  1.495e+01  0.000e+00  5.417e+00  1.115e+00  9.045e-01  1.078e+00  8.302e-01
  23  9.269e+01  9.323e+01  1.576e+01  6.480e-01  1.000e-09  1.000e-09  1.0000  1.185e+01  0.000e+00  3.916e+00 -8.447e-01 -5.681e-01 -6.857e-01 -4.091e-01
  24  9.167e+01  9.372e+01  2.132e+01  4.227e+00  1.000e-09  1.000e-09  0.5000  1.896e+01  0.000e+00  2.361e+00  1.322e+00  1.015e+00  1.055e+00  4.802e-01
  25  9.215e+01  9.296e+01  1.672e+01  1.130e+00  1.000e-09  1.000e-09  1.0000  1.528e+01  0.000e+00  1.446e+00 -9.150e-01 -4.812e-01 -6.939e-01 -2.601e-01
  26  9.106e+01  9.353e+01  2.544e+01  5.111e+00  1.000e-09  1.000e-09  0.5000  2.463e+01  0.000e+00  8.113e-01  1.562e+00  1.096e+00  1.139e+00  2.485e-01
  27  9.134e+01  9.236e+01  2.095e+01  1.941e+00  1.000e-09  1.000e-09  1.0000  1.979e+01  0.000e+00  1.164e+00 -9.648e-01 -2.805e-01 -7.469e-01 -6.259e-02
  28  9.028e+01  9.265e+01  3.273e+01  6.048e+00  1.000e-09  1.000e-09  0.5000  3.171e+01  0.000e+00  1.017e+00  1.778e+00  1.063e+00  1.351e+00  2.105e-01
  29  9.015e+01  9.121e+01  2.925e+01  3.152e+00  1.000e-09  1.000e-09  1.0000  2.501e+01  0.000e+00  4.240e+00 -9.613e-01  1.234e-01 -8.354e-01  2.493e-01
iter    cost       merit      stop      |grad|      preg       dreg      step   ||ffeas||  ||gfeas||  ||hfeas||   dV-exp       dV      dPhi-exp     dPhi
  30  8.940e+01  9.034e+01  3.897e+01  6.416e+00  1.000e-09  1.000e-09  0.5000  3.784e+01  0.000e+00  1.139e+00  1.727e+00  7.512e-01  1.610e+00  5.170e-01
  31  8.907e+01  8.944e+01  3.085e+01  4.119e+00  1.000e-09  1.000e-09  1.0000  2.893e+01  0.000e+00  1.922e+00 -1.101e+00  3.316e-01 -1.003e+00  4.294e-01
  32  8.872e+01  8.897e+01  4.230e+01  6.183e+00  1.000e-09  1.000e-09  0.5000  4.057e+01  0.000e+00  1.725e+00  1.468e+00  3.526e-01  1.434e+00  2.837e-01
  33  8.845e+01  8.862e+01  5.616e+01  4.616e+00  1.000e-09  1.000e-09  1.0000  3.070e+01  0.000e+00  2.546e+01 -1.215e+00  2.640e-01 -1.256e+00  2.222e-01
  34  8.831e+01  8.839e+01  5.593e+01  6.087e+00  1.000e-09  1.000e-09  0.5000  4.227e+01  0.000e+00  1.367e+01  1.351e+00  1.449e-01  1.352e+00  1.453e-01
  35  8.803e+01  8.807e+01  5.228e+01  4.749e+00  1.000e-09  1.000e-09  1.0000  3.146e+01  0.000e+00  2.082e+01 -1.370e+00  2.756e-01 -1.367e+00  2.784e-01
  36  8.713e+01  8.715e+01  4.589e+01  5.905e+00  1.000e-09  1.000e-09  0.2500  2.990e+01  0.000e+00  1.599e+01  1.043e+00  8.973e-01  1.044e+00  8.997e-01
  37  9.348e+01  9.348e+01  9.249e+00  6.029e+00  1.000e-09  1.000e-09  1.0000  3.545e+00  0.000e+00  5.704e+00 -6.366e+00 -6.348e+00 -6.359e+00 -6.341e+00
  38  9.263e+01  9.448e+01  1.104e+01  2.694e+00  1.000e-09  1.000e-09  0.5000  7.751e+00  0.000e+00  3.290e+00  9.445e-01  8.474e-01  7.945e-01  5.475e-01
  39  9.298e+01  9.362e+01  7.639e+00  3.088e-01  1.000e-09  1.000e-09  1.0000  6.774e+00  0.000e+00  8.650e-01 -4.537e-01 -3.414e-01 -1.690e-01 -5.669e-02
iter    cost       merit      stop      |grad|      preg       dreg      step   ||ffeas||  ||gfeas||  ||hfeas||   dV-exp       dV      dPhi-exp     dPhi
  40  9.231e+01  9.362e+01  1.049e+01  2.453e+00  1.000e-09  1.000e-09  0.5000  1.004e+01  0.000e+00  4.549e-01  7.805e-01  6.689e-01  6.018e-01  3.115e-01
  41  9.288e+01  9.336e+01  7.784e+00  1.531e-01  1.000e-09  1.000e-09  1.0000  7.550e+00  0.000e+00  2.337e-01 -7.028e-01 -5.702e-01 -5.332e-01 -4.006e-01
  42  9.212e+01  9.381e+01  1.195e+01  2.813e+00  1.000e-09  1.000e-09  0.5000  1.159e+01  0.000e+00  3.597e-01  8.957e-01  7.546e-01  6.012e-01  1.656e-01
  43  9.270e+01  9.335e+01  9.235e+00  2.971e-01  1.000e-09  1.000e-09  1.0000  8.982e+00  0.000e+00  2.532e-01 -7.536e-01 -5.773e-01 -5.616e-01 -3.854e-01
  44  9.185e+01  9.381e+01  1.444e+01  3.292e+00  1.000e-09  1.000e-09  0.5000  1.401e+01  0.000e+00  4.308e-01  1.042e+00  8.529e-01  6.890e-01  1.469e-01
  45  9.242e+01  9.319e+01  1.140e+01  5.311e-01  1.000e-09  1.000e-09  1.0000  1.108e+01  0.000e+00  3.265e-01 -8.227e-01 -5.737e-01 -6.166e-01 -3.676e-01
  46  9.145e+01  9.374e+01  1.816e+01  3.962e+00  1.000e-09  1.000e-09  0.5000  1.761e+01  0.000e+00  5.578e-01  1.242e+00  9.710e-01  8.155e-01  1.170e-01
  47  9.197e+01  9.289e+01  1.452e+01  9.473e-01  1.000e-09  1.000e-09  1.0000  1.414e+01  0.000e+00  3.781e-01 -8.940e-01 -5.187e-01 -6.641e-01 -2.888e-01
  48  9.104e+01  9.267e+01  1.474e+01  4.834e+00  1.000e-09  1.000e-09  0.2500  1.432e+01  0.000e+00  4.173e-01  9.766e-01  9.273e-01  9.706e-01  9.032e-01
  49  9.363e+01  9.364e+01  2.397e-01  2.559e+00  1.000e-09  1.000e-09  1.0000  1.577e-01  0.000e+00  8.201e-02 -2.587e+00 -2.588e+00 -1.785e+00 -1.785e+00
iter    cost       merit      stop      |grad|      preg       dreg      step   ||ffeas||  ||gfeas||  ||hfeas||   dV-exp       dV      dPhi-exp     dPhi
  50  9.356e+01  9.381e+01  4.740e-01  1.975e-01  1.000e-09  1.000e-09  0.5000  3.823e-01  0.000e+00  9.171e-02  7.165e-02  7.017e-02  9.454e-03 -5.421e-02
  51  9.360e+01  9.367e+01  2.439e-01  2.193e-02  1.000e-09  1.000e-09  1.0000  2.160e-01  0.000e+00  2.791e-02 -4.234e-02 -4.200e-02  1.875e-02  1.909e-02
  52  9.357e+01  9.362e+01  3.059e-01  8.326e-02  1.000e-09  1.000e-09  0.5000  2.688e-01  0.000e+00  3.713e-02  2.714e-02  2.648e-02  2.254e-02  1.730e-02
  53  9.361e+01  9.362e+01  1.278e-01  2.431e-02  1.000e-09  1.000e-09  1.0000  1.020e-01  0.000e+00  2.584e-02 -3.407e-02 -3.415e-02 -2.088e-02 -2.096e-02
  54  9.360e+01  9.362e+01  1.653e-01  4.130e-02  1.000e-09  1.000e-09  0.5000  1.268e-01  0.000e+00  3.852e-02  1.350e-02  1.317e-02  1.084e-02  7.850e-03
  55  9.361e+01  9.362e+01  7.485e-02  1.230e-02  1.000e-09  1.000e-09  1.0000  4.433e-02  0.000e+00  3.052e-02 -1.679e-02 -1.702e-02 -1.036e-02 -1.060e-02
  56  9.361e+01  9.362e+01  1.012e-01  1.946e-02  1.000e-09  1.000e-09  0.5000  5.461e-02  0.000e+00  4.657e-02  6.394e-03  6.195e-03  4.857e-03  3.122e-03
  57  9.361e+01  9.362e+01  5.138e-02  5.611e-03  1.000e-09  1.000e-09  1.0000  1.767e-02  0.000e+00  3.371e-02 -7.656e-03 -7.940e-03 -4.750e-03 -5.033e-03
  58  9.361e+01  9.362e+01  7.522e-02  9.583e-03  1.000e-09  1.000e-09  0.5000  2.158e-02  0.000e+00  5.364e-02  3.189e-03  2.957e-03  2.137e-03  8.533e-04
  59  9.361e+01  9.362e+01  5.315e-02  2.138e-03  1.000e-09  1.000e-09  1.0000  6.583e-03  0.000e+00  4.657e-02 -3.287e-03 -3.663e-03 -2.313e-03 -2.689e-03
iter    cost       merit      stop      |grad|      preg       dreg      step   ||ffeas||  ||gfeas||  ||hfeas||   dV-exp       dV      dPhi-exp     dPhi
  60  9.361e+01  9.362e+01  8.009e-02  6.150e-03  1.000e-09  1.000e-09  0.5000  7.953e-03  0.000e+00  7.214e-02  2.085e-03  1.815e-03  1.292e-03  2.300e-04
  61  9.361e+01  9.362e+01  5.862e-02  7.722e-04  1.000e-09  1.000e-09  1.0000  2.266e-03  0.000e+00  5.635e-02 -1.638e-03 -2.094e-03 -1.007e-03 -1.462e-03
  62  9.361e+01  9.362e+01  8.692e-02  4.957e-03  1.000e-09  1.000e-09  0.5000  2.700e-03  0.000e+00  8.422e-02  1.699e-03  1.455e-03  1.065e-03  1.855e-04
  63  9.362e+01  9.362e+01  5.762e-02  3.780e-04  1.000e-09  1.000e-09  1.0000  9.575e-04  0.000e+00  5.666e-02 -1.101e-03 -1.542e-03 -4.442e-04 -8.852e-04
  64  9.361e+01  9.362e+01  8.023e-02  3.890e-03  1.000e-09  1.000e-09  0.5000  1.192e-03  0.000e+00  7.904e-02  1.328e-03  1.218e-03  9.293e-04  4.207e-04
  65  9.362e+01  9.362e+01  3.987e-02  4.445e-04  1.000e-09  1.000e-09  1.0000  4.040e-04  0.000e+00  3.947e-02 -9.361e-04 -1.274e-03 -2.248e-04 -5.628e-04
  66  9.361e+01  9.362e+01  6.250e-02  3.160e-03  1.000e-09  1.000e-09  0.5000  5.516e-04  0.000e+00  6.195e-02  1.100e-03  8.906e-04  5.975e-04 -1.143e-04
  67  9.362e+01  9.362e+01  4.903e-02  5.843e-05  1.000e-09  1.000e-09  1.0000  2.423e-04  0.000e+00  4.879e-02 -4.965e-04 -8.869e-04 -1.974e-04 -5.879e-04
  68  9.361e+01  9.362e+01  7.338e-02  3.488e-03  1.000e-09  1.000e-09  0.5000  3.076e-04  0.000e+00  7.307e-02  1.207e-03  1.027e-03  7.318e-04  7.719e-05
  69  9.362e+01  9.362e+01  4.904e-02  9.024e-05  1.000e-09  1.000e-09  1.0000  1.000e-04  0.000e+00  4.894e-02 -6.428e-04 -1.021e-03 -1.682e-04 -5.467e-04
iter    cost       merit      stop      |grad|      preg       dreg      step   ||ffeas||  ||gfeas||  ||hfeas||   dV-exp       dV      dPhi-exp     dPhi
  70  9.361e+01  9.362e+01  7.562e-02  3.706e-03  1.000e-09  1.000e-09  0.5000  1.213e-04  0.000e+00  7.549e-02  1.289e-03  1.022e-03  7.277e-04 -1.012e-04
  71  9.362e+01  9.362e+01  5.892e-02  1.147e-04  1.000e-09  1.000e-09  1.0000  2.092e-05  0.000e+00  5.890e-02 -5.590e-04 -1.029e-03 -2.061e-04 -6.760e-04
  72  9.361e+01  9.362e+01  7.693e-02  3.342e-03  1.000e-09  1.000e-09  0.5000  9.824e-06  0.000e+00  7.692e-02  1.132e-03  1.150e-03  8.731e-04  6.328e-04
  73  9.362e+01  9.362e+01  2.623e-02  6.036e-04  1.000e-09  1.000e-09  1.0000  2.641e-05  0.000e+00  2.620e-02 -9.301e-04 -1.157e-03 -2.025e-04 -4.297e-04
  74  9.361e+01  9.362e+01  4.320e-02  2.159e-03  1.000e-09  1.000e-09  0.5000  4.379e-05  0.000e+00  4.315e-02  7.545e-04  6.082e-04  3.573e-04 -1.862e-04
  75  9.362e+01  9.362e+01  3.886e-02  1.317e-04  1.000e-09  1.000e-09  1.0000  4.564e-05  0.000e+00  3.882e-02 -2.916e-04 -5.964e-04 -1.902e-04 -4.950e-04
  76  9.361e+01  9.362e+01  6.035e-02  2.929e-03  1.000e-09  1.000e-09  0.5000  7.124e-05  0.000e+00  6.028e-02  1.019e-03  8.293e-04  5.663e-04 -7.512e-05
  77  9.362e+01  9.362e+01  4.715e-02  6.950e-05  1.000e-09  1.000e-09  1.0000  6.169e-05  0.000e+00  4.708e-02 -4.586e-04 -8.370e-04 -1.807e-04 -5.592e-04
  78  9.361e+01  9.362e+01  7.063e-02  3.337e-03  1.000e-09  1.000e-09  0.5000  9.623e-05  0.000e+00  7.053e-02  1.155e-03  9.887e-04  6.988e-04  7.660e-05
  79  9.362e+01  9.362e+01  4.721e-02  8.573e-05  1.000e-09  1.000e-09  1.0000  7.477e-05  0.000e+00  4.713e-02 -6.147e-04 -9.779e-04 -1.598e-04 -5.230e-04
iter    cost       merit      stop      |grad|      preg       dreg      step   ||ffeas||  ||gfeas||  ||hfeas||   dV-exp       dV      dPhi-exp     dPhi
  80  9.361e+01  9.362e+01  7.282e-02  3.556e-03  1.000e-09  1.000e-09  0.5000  1.161e-04  0.000e+00  7.271e-02  1.237e-03  9.857e-04  6.975e-04 -9.326e-05
  81  9.362e+01  9.362e+01  5.677e-02  1.057e-04  1.000e-09  1.000e-09  1.0000  9.028e-05  0.000e+00  5.668e-02 -5.405e-04 -9.948e-04 -2.024e-04 -6.566e-04
  82  9.361e+01  9.362e+01  5.662e-02  4.102e-03  1.000e-09  1.000e-09  0.2500  9.067e-05  0.000e+00  5.653e-02  8.681e-04  8.398e-04  8.695e-04  8.456e-04
  83  9.362e+01  9.362e+01  2.825e-02  2.915e-04  1.000e-09  1.000e-09  1.0000  3.191e-05  0.000e+00  2.822e-02 -6.103e-04 -8.725e-04 -4.513e-05 -3.073e-04
  84  9.361e+01  9.362e+01  5.206e-02  2.757e-03  1.000e-09  1.000e-09  0.5000  4.596e-05  0.000e+00  5.202e-02  9.767e-04  7.079e-04  2.844e-04 -6.767e-04
  85  9.362e+01  9.362e+01  6.115e-02  4.240e-04  1.000e-09  1.000e-09  1.0000  3.139e-05  0.000e+00  6.112e-02 -2.262e-04 -6.708e-04 -4.904e-04 -9.350e-04
  86  9.361e+01  9.362e+01  1.068e-01  5.384e-03  1.000e-09  1.000e-09  0.5000  4.764e-05  0.000e+00  1.068e-01  1.895e-03  1.340e-03  7.231e-04 -1.003e-03
  87  9.361e+01  9.362e+01  9.889e-02  4.046e-04  1.000e-09  1.000e-09  1.0000  2.870e-05  0.000e+00  9.886e-02 -6.836e-04 -1.221e-03 -4.797e-04 -1.017e-03
  88  9.361e+01  9.362e+01  1.611e-01  7.596e-03  1.000e-09  1.000e-09  0.5000  3.942e-05  0.000e+00  1.611e-01  2.647e-03  1.894e-03  1.302e-03 -7.961e-04
  89  9.361e+01  9.362e+01  1.334e-01  3.921e-04  1.000e-09  1.000e-09  1.0000  1.291e-05  0.000e+00  1.334e-01 -1.123e-03 -1.850e-03 -5.250e-04 -1.252e-03
iter    cost       merit      stop      |grad|      preg       dreg      step   ||ffeas||  ||gfeas||  ||hfeas||   dV-exp       dV      dPhi-exp     dPhi
  90  9.361e+01  9.362e+01  1.927e-01  8.356e-03  1.000e-09  1.000e-09  0.5000  6.966e-06  0.000e+00  1.927e-01  2.861e-03  2.382e-03  1.882e-03  4.227e-04
  91  9.361e+01  9.362e+01  1.090e-01  5.048e-04  1.000e-09  1.000e-09  1.0000  2.869e-05  0.000e+00  1.089e-01 -1.822e-03 -2.410e-03 -4.378e-04 -1.025e-03
  92  9.361e+01  9.362e+01  1.783e-01  8.424e-03  1.000e-09  1.000e-09  0.5000  4.988e-05  0.000e+00  1.783e-01  2.937e-03  2.067e-03  1.426e-03 -9.546e-04
  93  9.361e+01  9.362e+01  1.484e-01  5.082e-04  1.000e-09  1.000e-09  1.0000  3.532e-05  0.000e+00  1.483e-01 -1.202e-03 -2.026e-03 -5.503e-04 -1.374e-03
  94  9.361e+01  9.362e+01  2.132e-01  9.325e-03  1.000e-09  1.000e-09  0.5000  5.821e-05  0.000e+00  2.132e-01  3.193e-03  2.621e-03  2.116e-03  4.685e-04
  95  9.361e+01  9.362e+01  1.181e-01  5.566e-04  1.000e-09  1.000e-09  1.0000  6.152e-05  0.000e+00  1.180e-01 -2.016e-03 -2.660e-03 -4.376e-04 -1.082e-03
  96  9.361e+01  9.362e+01  1.817e-01  8.366e-03  1.000e-09  1.000e-09  0.5000  9.716e-05  0.000e+00  1.816e-01  2.898e-03  2.174e-03  1.658e-03 -3.059e-04
  97  9.361e+01  9.362e+01  1.317e-01  1.405e-04  1.000e-09  1.000e-09  1.0000  6.472e-05  0.000e+00  1.317e-01 -1.417e-03 -2.163e-03 -4.424e-04 -1.188e-03
  98  9.361e+01  9.362e+01  1.933e-01  8.447e-03  1.000e-09  1.000e-09  0.5000  9.727e-05  0.000e+00  1.932e-01  2.895e-03  2.404e-03  1.849e-03  3.122e-04
  99  9.361e+01  9.362e+01  1.102e-01  4.894e-04  1.000e-09  1.000e-09  1.0000  7.235e-05  0.000e+00  1.102e-01 -1.823e-03 -2.417e-03 -4.116e-04 -1.006e-03
iter    cost       merit      stop      |grad|      preg       dreg      step   ||ffeas||  ||gfeas||  ||hfeas||   dV-exp       dV      dPhi-exp     dPhi
 100  9.361e+01  9.362e+01  1.804e-01  8.526e-03  1.000e-09  1.000e-09  0.5000  1.119e-04  0.000e+00  1.803e-01  2.972e-03  2.089e-03  1.443e-03 -9.705e-04
 101  9.361e+01  9.362e+01  1.502e-01  5.224e-04  1.000e-09  1.000e-09  1.0000  6.564e-05  0.000e+00  1.501e-01 -1.212e-03 -2.047e-03 -5.533e-04 -1.388e-03
 102  9.361e+01  9.362e+01  2.161e-01  9.470e-03  1.000e-09  1.000e-09  0.5000  9.772e-05  0.000e+00  2.160e-01  3.244e-03  2.652e-03  2.145e-03  4.554e-04
 103  9.361e+01  9.362e+01  1.203e-01  5.440e-04  1.000e-09  1.000e-09  1.0000  7.828e-05  0.000e+00  1.202e-01 -2.033e-03 -2.691e-03 -4.362e-04 -1.094e-03
 104  9.361e+01  9.362e+01  1.852e-01  8.548e-03  1.000e-09  1.000e-09  0.5000  1.209e-04  0.000e+00  1.851e-01  2.962e-03  2.213e-03  1.689e-03 -3.320e-04
 105  9.361e+01  9.362e+01  1.348e-01  1.636e-04  1.000e-09  1.000e-09  1.0000  7.662e-05  0.000e+00  1.347e-01 -1.434e-03 -2.199e-03 -4.466e-04 -1.211e-03
 106  9.361e+01  9.362e+01  1.981e-01  8.696e-03  1.000e-09  1.000e-09  0.5000  1.135e-04  0.000e+00  1.980e-01  2.982e-03  2.457e-03  1.897e-03  2.864e-04
 107  9.361e+01  9.362e+01  1.140e-01  4.672e-04  1.000e-09  1.000e-09  1.0000  8.060e-05  0.000e+00  1.140e-01 -1.852e-03 -2.473e-03 -4.111e-04 -1.032e-03
 108  9.361e+01  9.362e+01  1.869e-01  8.866e-03  1.000e-09  1.000e-09  0.5000  1.244e-04  0.000e+00  1.868e-01  3.092e-03  2.160e-03  1.494e-03 -1.036e-03
 109  9.361e+01  9.362e+01  1.561e-01  5.725e-04  1.000e-09  1.000e-09  1.0000  7.320e-05  0.000e+00  1.561e-01 -1.240e-03 -2.112e-03 -5.659e-04 -1.438e-03
iter    cost       merit      stop      |grad|      preg       dreg      step   ||ffeas||  ||gfeas||  ||hfeas||   dV-exp       dV      dPhi-exp     dPhi
 110  9.361e+01  9.362e+01  2.253e-01  9.946e-03  1.000e-09  1.000e-09  0.5000  1.086e-04  0.000e+00  2.252e-01  3.410e-03  2.751e-03  2.241e-03  4.131e-04
 111  9.361e+01  9.362e+01  1.272e-01  5.024e-04  1.000e-09  1.000e-09  1.0000  8.595e-05  0.000e+00  1.271e-01 -2.089e-03 -2.789e-03 -4.315e-04 -1.132e-03
 112  9.361e+01  9.362e+01  1.243e-01  8.380e-03  1.000e-09  1.000e-09  0.2500  8.655e-05  0.000e+00  1.242e-01  1.769e-03  1.718e-03  1.795e-03  1.823e-03
 113  9.362e+01  9.362e+01  3.870e-02  1.057e-03  1.000e-09  1.000e-09  1.0000  8.267e-06  0.000e+00  3.869e-02 -1.553e-03 -1.879e-03 -3.689e-05 -3.631e-04
 114  9.361e+01  9.362e+01  6.067e-02  3.005e-03  1.000e-09  1.000e-09  0.5000  4.146e-06  0.000e+00  6.067e-02  1.047e-03  8.466e-04  5.672e-04 -1.132e-04
 115  9.362e+01  9.362e+01  4.799e-02  8.405e-05  1.000e-09  1.000e-09  1.0000  3.264e-05  0.000e+00  4.796e-02 -4.535e-04 -8.366e-04 -1.765e-04 -5.596e-04
 116  9.361e+01  9.362e+01  7.186e-02  3.398e-03  1.000e-09  1.000e-09  0.5000  5.766e-05  0.000e+00  7.180e-02  1.176e-03  1.004e-03  7.120e-04  7.603e-05
 117  9.362e+01  9.362e+01  4.812e-02  8.354e-05  1.000e-09  1.000e-09  1.0000  5.858e-05  0.000e+00  4.806e-02 -6.237e-04 -9.944e-04 -1.624e-04 -5.330e-04
 118  9.361e+01  9.362e+01  7.424e-02  3.631e-03  1.000e-09  1.000e-09  0.5000  9.437e-05  0.000e+00  7.414e-02  1.263e-03  1.004e-03  7.120e-04 -9.847e-05
 119  9.362e+01  9.362e+01  5.793e-02  1.113e-04  1.000e-09  1.000e-09  1.0000  8.077e-05  0.000e+00  5.785e-02 -5.493e-04 -1.012e-03 -2.052e-04 -6.680e-04
iter    cost       merit      stop      |grad|      preg       dreg      step   ||ffeas||  ||gfeas||  ||hfeas||   dV-exp       dV      dPhi-exp     dPhi
 120  9.361e+01  9.362e+01  7.559e-02  3.272e-03  1.000e-09  1.000e-09  0.5000  1.159e-04  0.000e+00  7.548e-02  1.107e-03  1.132e-03  8.552e-04  6.283e-04
 121  9.362e+01  9.362e+01  2.557e-02  5.993e-04  1.000e-09  1.000e-09  1.0000  6.965e-05  0.000e+00  2.550e-02 -9.169e-04 -1.138e-03 -2.033e-04 -4.246e-04
 122  9.361e+01  9.362e+01  4.207e-02  2.098e-03  1.000e-09  1.000e-09  0.5000  9.783e-05  0.000e+00  4.197e-02  7.331e-04  5.936e-04  3.486e-04 -1.755e-04
 123  9.362e+01  9.362e+01  3.773e-02  1.238e-04  1.000e-09  1.000e-09  1.0000  7.415e-05  0.000e+00  3.765e-02 -2.865e-04 -5.825e-04 -1.853e-04 -4.812e-04
 124  9.361e+01  9.362e+01  5.857e-02  2.836e-03  1.000e-09  1.000e-09  0.5000  1.088e-04  0.000e+00  5.846e-02  9.860e-04  8.065e-04  5.489e-04 -6.773e-05
 125  9.362e+01  9.362e+01  4.562e-02  6.203e-05  1.000e-09  1.000e-09  1.0000  7.813e-05  0.000e+00  4.554e-02 -4.478e-04 -8.142e-04 -1.762e-04 -5.426e-04
 126  9.361e+01  9.362e+01  7.071e-02  3.488e-03  1.000e-09  1.000e-09  0.5000  1.190e-04  0.000e+00  7.059e-02  1.215e-03  9.662e-04  6.761e-04 -1.109e-04
 127  9.362e+01  9.362e+01  5.552e-02  1.096e-04  1.000e-09  1.000e-09  1.0000  9.109e-05  0.000e+00  5.543e-02 -5.207e-04 -9.633e-04 -1.948e-04 -6.374e-04
 128  9.361e+01  9.362e+01  5.538e-02  3.997e-03  1.000e-09  1.000e-09  0.2500  9.128e-05  0.000e+00  5.528e-02  8.458e-04  8.210e-04  8.473e-04  8.269e-04
 129  9.362e+01  9.362e+01  2.762e-02  2.862e-04  1.000e-09  1.000e-09  1.0000  3.234e-05  0.000e+00  2.759e-02 -5.974e-04 -8.540e-04 -4.705e-05 -3.037e-04
iter    cost       merit      stop      |grad|      preg       dreg      step   ||ffeas||  ||gfeas||  ||hfeas||   dV-exp       dV      dPhi-exp     dPhi
 130  9.361e+01  9.362e+01  5.087e-02  2.691e-03  1.000e-09  1.000e-09  0.5000  4.664e-05  0.000e+00  5.083e-02  9.531e-04  6.929e-04  2.785e-04 -6.564e-04
 131  9.362e+01  9.362e+01  5.961e-02  4.100e-04  1.000e-09  1.000e-09  1.0000  3.172e-05  0.000e+00  5.958e-02 -2.232e-04 -6.561e-04 -4.767e-04 -9.096e-04
 132  9.361e+01  9.362e+01  1.040e-01  5.233e-03  1.000e-09  1.000e-09  0.5000  4.815e-05  0.000e+00  1.040e-01  1.841e-03  1.307e-03  7.069e-04 -9.613e-04
 133  9.362e+01  9.362e+01  1.094e-01  7.111e-04  1.000e-09  1.000e-09  1.0000  2.921e-05  0.000e+00  1.094e-01 -5.070e-04 -1.336e-03 -6.444e-04 -1.474e-03
 134  9.361e+01  9.362e+01  1.702e-01  8.087e-03  1.000e-09  1.000e-09  0.5000  3.456e-05  0.000e+00  1.701e-01  2.809e-03  2.270e-03  1.560e-03 -2.287e-04
 135  9.361e+01  9.362e+01  1.124e-01  1.612e-04  1.000e-09  1.000e-09  1.0000  8.413e-06  0.000e+00  1.124e-01 -1.489e-03 -2.084e-03 -3.022e-04 -8.968e-04
 136  9.361e+01  9.362e+01  1.866e-01  8.743e-03  1.000e-09  1.000e-09  0.5000  2.087e-05  0.000e+00  1.866e-01  3.046e-03  2.138e-03  1.425e-03 -1.105e-03
 137  9.361e+01  9.362e+01  1.539e-01  5.317e-04  1.000e-09  1.000e-09  1.0000  2.308e-05  0.000e+00  1.539e-01 -1.253e-03 -2.117e-03 -5.395e-04 -1.403e-03
 138  9.361e+01  9.362e+01  2.219e-01  9.793e-03  1.000e-09  1.000e-09  0.5000  4.359e-05  0.000e+00  2.219e-01  3.357e-03  2.719e-03  2.211e-03  4.266e-04
 139  9.361e+01  9.362e+01  1.249e-01  5.132e-04  1.000e-09  1.000e-09  1.0000  5.870e-05  0.000e+00  1.249e-01 -2.067e-03 -2.753e-03 -4.319e-04 -1.118e-03
iter    cost       merit      stop      |grad|      preg       dreg      step   ||ffeas||  ||gfeas||  ||hfeas||   dV-exp       dV      dPhi-exp     dPhi
 140  9.361e+01  9.362e+01  1.220e-01  8.192e-03  1.000e-09  1.000e-09  0.2500  6.013e-05  0.000e+00  1.219e-01  1.729e-03  1.686e-03  1.754e-03  1.789e-03
 141  9.362e+01  9.362e+01  3.827e-02  1.036e-03  1.000e-09  1.000e-09  1.0000  3.784e-07  0.000e+00  3.827e-02 -1.523e-03 -1.846e-03 -4.823e-05 -3.705e-04
 142  9.361e+01  9.362e+01  5.999e-02  2.967e-03  1.000e-09  1.000e-09  0.5000  1.460e-05  0.000e+00  5.997e-02  1.034e-03  8.372e-04  5.603e-04 -1.094e-04
 143  9.362e+01  9.362e+01  4.737e-02  8.086e-05  1.000e-09  1.000e-09  1.0000  3.718e-05  0.000e+00  4.733e-02 -4.493e-04 -8.278e-04 -1.743e-04 -5.529e-04
 144  9.361e+01  9.362e+01  7.093e-02  3.350e-03  1.000e-09  1.000e-09  0.5000  6.352e-05  0.000e+00  7.087e-02  1.159e-03  9.917e-04  7.021e-04  7.780e-05
 145  9.362e+01  9.362e+01  4.741e-02  8.539e-05  1.000e-09  1.000e-09  1.0000  6.062e-05  0.000e+00  4.735e-02 -6.170e-04 -9.820e-04 -1.609e-04 -5.259e-04
 146  9.361e+01  9.362e+01  7.315e-02  3.574e-03  1.000e-09  1.000e-09  0.5000  9.694e-05  0.000e+00  7.305e-02  1.243e-03  9.899e-04  7.008e-04 -9.477e-05
 147  9.362e+01  9.362e+01  5.704e-02  1.073e-04  1.000e-09  1.000e-09  1.0000  8.140e-05  0.000e+00  5.696e-02 -5.424e-04 -9.989e-04 -2.029e-04 -6.594e-04
 148  9.361e+01  9.362e+01  5.689e-02  4.124e-03  1.000e-09  1.000e-09  0.2500  8.219e-05  0.000e+00  5.681e-02  8.727e-04  8.437e-04  8.742e-04  8.496e-04
 149  9.362e+01  9.362e+01  2.839e-02  2.926e-04  1.000e-09  1.000e-09  1.0000  2.760e-05  0.000e+00  2.836e-02 -6.131e-04 -8.764e-04 -4.498e-05 -3.083e-04
iter    cost       merit      stop      |grad|      preg       dreg      step   ||ffeas||  ||gfeas||  ||hfeas||   dV-exp       dV      dPhi-exp     dPhi
 150  9.361e+01  9.362e+01  5.232e-02  2.772e-03  1.000e-09  1.000e-09  0.5000  3.982e-05  0.000e+00  5.228e-02  9.818e-04  7.112e-04  2.858e-04 -6.809e-04
 151  9.362e+01  9.362e+01  6.148e-02  4.271e-04  1.000e-09  1.000e-09  1.0000  2.804e-05  0.000e+00  6.145e-02 -2.269e-04 -6.741e-04 -4.933e-04 -9.405e-04
 152  9.361e+01  9.362e+01  1.075e-01  5.417e-03  1.000e-09  1.000e-09  0.5000  4.278e-05  0.000e+00  1.074e-01  1.907e-03  1.348e-03  7.267e-04 -1.012e-03
 153  9.361e+01  9.362e+01  9.955e-02  4.100e-04  1.000e-09  1.000e-09  1.0000  2.621e-05  0.000e+00  9.952e-02 -6.860e-04 -1.228e-03 -4.830e-04 -1.025e-03
 154  9.361e+01  9.362e+01  1.622e-01  7.656e-03  1.000e-09  1.000e-09  0.5000  3.586e-05  0.000e+00  1.622e-01  2.668e-03  1.907e-03  1.311e-03 -8.081e-04
 155  9.361e+01  9.362e+01  1.345e-01  4.007e-04  1.000e-09  1.000e-09  1.0000  1.099e-05  0.000e+00  1.345e-01 -1.128e-03 -1.862e-03 -5.278e-04 -1.261e-03
 156  9.361e+01  9.362e+01  1.944e-01  8.443e-03  1.000e-09  1.000e-09  0.5000  4.298e-06  0.000e+00  1.944e-01  2.892e-03  2.401e-03  1.898e-03  4.144e-04
 157  9.361e+01  9.362e+01  1.103e-01  4.972e-04  1.000e-09  1.000e-09  1.0000  3.029e-05  0.000e+00  1.103e-01 -1.832e-03 -2.429e-03 -4.378e-04 -1.035e-03
 158  9.361e+01  9.362e+01  1.806e-01  8.543e-03  1.000e-09  1.000e-09  0.5000  5.239e-05  0.000e+00  1.805e-01  2.979e-03  2.092e-03  1.444e-03 -9.776e-04
 159  9.361e+01  9.362e+01  1.505e-01  5.257e-04  1.000e-09  1.000e-09  1.0000  3.705e-05  0.000e+00  1.504e-01 -1.212e-03 -2.049e-03 -5.550e-04 -1.391e-03
iter    cost       merit      stop      |grad|      preg       dreg      step   ||ffeas||  ||gfeas||  ||hfeas||   dV-exp       dV      dPhi-exp     dPhi
 160  9.361e+01  9.362e+01  2.165e-01  9.492e-03  1.000e-09  1.000e-09  0.5000  6.083e-05  0.000e+00  2.164e-01  3.251e-03  2.656e-03  2.150e-03  4.537e-04
 161  9.361e+01  9.362e+01  1.206e-01  5.422e-04  1.000e-09  1.000e-09  1.0000  6.368e-05  0.000e+00  1.205e-01 -2.036e-03 -2.696e-03 -4.362e-04 -1.096e-03
 162  9.361e+01  9.362e+01  1.857e-01  8.576e-03  1.000e-09  1.000e-09  0.5000  1.007e-04  0.000e+00  1.856e-01  2.972e-03  2.219e-03  1.694e-03 -3.365e-04
 163  9.361e+01  9.362e+01  1.353e-01  1.674e-04  1.000e-09  1.000e-09  1.0000  6.749e-05  0.000e+00  1.352e-01 -1.437e-03 -2.204e-03 -4.472e-04 -1.215e-03
 164  9.361e+01  9.362e+01  1.989e-01  8.734e-03  1.000e-09  1.000e-09  0.5000  1.016e-04  0.000e+00  1.988e-01  2.995e-03  2.465e-03  1.904e-03  2.822e-04
 165  9.361e+01  9.362e+01  1.146e-01  4.636e-04  1.000e-09  1.000e-09  1.0000  7.603e-05  0.000e+00  1.146e-01 -1.856e-03 -2.481e-03 -4.110e-04 -1.036e-03
 166  9.361e+01  9.362e+01  1.879e-01  8.918e-03  1.000e-09  1.000e-09  0.5000  1.180e-04  0.000e+00  1.878e-01  3.111e-03  2.170e-03  1.502e-03 -1.046e-03
 167  9.361e+01  9.362e+01  1.570e-01  5.804e-04  1.000e-09  1.000e-09  1.0000  7.039e-05  0.000e+00  1.570e-01 -1.245e-03 -2.123e-03 -5.677e-04 -1.446e-03
 168  9.361e+01  9.362e+01  2.267e-01  1.002e-02  1.000e-09  1.000e-09  0.5000  1.052e-04  0.000e+00  2.266e-01  3.435e-03  2.766e-03  2.256e-03  4.065e-04
 169  9.361e+01  9.362e+01  1.283e-01  4.958e-04  1.000e-09  1.000e-09  1.0000  8.506e-05  0.000e+00  1.282e-01 -2.097e-03 -2.804e-03 -4.306e-04 -1.137e-03
iter    cost       merit      stop      |grad|      preg       dreg      step   ||ffeas||  ||gfeas||  ||hfeas||   dV-exp       dV      dPhi-exp     dPhi
 170  9.361e+01  9.362e+01  1.253e-01  8.468e-03  1.000e-09  1.000e-09  0.2500  8.577e-05  0.000e+00  1.252e-01  1.787e-03  1.733e-03  1.813e-03  1.838e-03
 171  9.362e+01  9.362e+01  3.890e-02  1.068e-03  1.000e-09  1.000e-09  1.0000  7.775e-06  0.000e+00  3.890e-02 -1.567e-03 -1.895e-03 -3.159e-05 -3.596e-04
 172  9.361e+01  9.362e+01  6.100e-02  3.023e-03  1.000e-09  1.000e-09  0.5000  4.936e-06  0.000e+00  6.100e-02  1.053e-03  8.510e-04  5.703e-04 -1.150e-04
 173  9.362e+01  9.362e+01  4.826e-02  8.510e-05  1.000e-09  1.000e-09  1.0000  3.321e-05  0.000e+00  4.823e-02 -4.557e-04 -8.409e-04 -1.773e-04 -5.624e-04
 174  9.361e+01  9.362e+01  7.227e-02  3.419e-03  1.000e-09  1.000e-09  0.5000  5.851e-05  0.000e+00  7.221e-02  1.183e-03  1.009e-03  7.164e-04  7.539e-05
 175  9.362e+01  9.362e+01  4.842e-02  8.277e-05  1.000e-09  1.000e-09  1.0000  5.916e-05  0.000e+00  4.836e-02 -6.267e-04 -9.998e-04 -1.629e-04 -5.360e-04
 176  9.361e+01  9.362e+01  7.470e-02  3.656e-03  1.000e-09  1.000e-09  0.5000  9.526e-05  0.000e+00  7.461e-02  1.272e-03  1.010e-03  7.168e-04 -1.001e-04
 177  9.362e+01  9.362e+01  5.831e-02  1.130e-04  1.000e-09  1.000e-09  1.0000  8.145e-05  0.000e+00  5.823e-02 -5.523e-04 -1.018e-03 -2.061e-04 -6.715e-04
 178  9.361e+01  9.362e+01  7.612e-02  3.298e-03  1.000e-09  1.000e-09  0.5000  1.168e-04  0.000e+00  7.601e-02  1.116e-03  1.139e-03  8.617e-04  6.298e-04
 179  9.362e+01  9.362e+01  2.584e-02  6.009e-04  1.000e-09  1.000e-09  1.0000  7.028e-05  0.000e+00  2.577e-02 -9.221e-04 -1.146e-03 -2.033e-04 -4.268e-04
iter    cost       merit      stop      |grad|      preg       dreg      step   ||ffeas||  ||gfeas||  ||hfeas||   dV-exp       dV      dPhi-exp     dPhi
 180  9.361e+01  9.362e+01  4.252e-02  2.122e-03  1.000e-09  1.000e-09  0.5000  9.880e-05  0.000e+00  4.242e-02  7.416e-04  5.995e-04  3.523e-04 -1.791e-04
 181  9.362e+01  9.362e+01  3.817e-02  1.265e-04  1.000e-09  1.000e-09  1.0000  7.496e-05  0.000e+00  3.810e-02 -2.889e-04 -5.883e-04 -1.875e-04 -4.868e-04
 182  9.361e+01  9.362e+01  5.927e-02  2.873e-03  1.000e-09  1.000e-09  0.5000  1.100e-04  0.000e+00  5.916e-02  9.988e-04  8.156e-04  5.557e-04 -7.046e-05
 183  9.362e+01  9.362e+01  4.622e-02  6.476e-05  1.000e-09  1.000e-09  1.0000  7.909e-05  0.000e+00  4.614e-02 -4.522e-04 -8.234e-04 -1.782e-04 -5.493e-04
 184  9.361e+01  9.362e+01  7.164e-02  3.537e-03  1.000e-09  1.000e-09  0.5000  1.204e-04  0.000e+00  7.152e-02  1.232e-03  9.783e-04  6.856e-04 -1.141e-04
 185  9.362e+01  9.362e+01  5.629e-02  1.130e-04  1.000e-09  1.000e-09  1.0000  9.228e-05  0.000e+00  5.620e-02 -5.266e-04 -9.752e-04 -1.968e-04 -6.454e-04
 186  9.361e+01  9.362e+01  5.614e-02  4.057e-03  1.000e-09  1.000e-09  0.2500  9.247e-05  0.000e+00  5.604e-02  8.585e-04  8.319e-04  8.600e-04  8.380e-04
 187  9.362e+01  9.362e+01  2.800e-02  2.899e-04  1.000e-09  1.000e-09  1.0000  3.279e-05  0.000e+00  2.797e-02 -6.056e-04 -8.652e-04 -4.697e-05 -3.067e-04
 188  9.361e+01  9.362e+01  5.158e-02  2.730e-03  1.000e-09  1.000e-09  0.5000  4.723e-05  0.000e+00  5.154e-02  9.669e-04  7.017e-04  2.824e-04 -6.673e-04
 189  9.362e+01  9.362e+01  6.051e-02  4.180e-04  1.000e-09  1.000e-09  1.0000  3.206e-05  0.000e+00  6.048e-02 -2.252e-04 -6.650e-04 -4.844e-04 -9.242e-04
iter    cost       merit      stop      |grad|      preg       dreg      step   ||ffeas||  ||gfeas||  ||hfeas||   dV-exp       dV      dPhi-exp     dPhi
 190  9.361e+01  9.362e+01  1.057e-01  5.322e-03  1.000e-09  1.000e-09  0.5000  4.862e-05  0.000e+00  1.056e-01  1.873e-03  1.327e-03  7.164e-04 -9.858e-04
 191  9.362e+01  9.362e+01  1.113e-01  7.284e-04  1.000e-09  1.000e-09  1.0000  2.930e-05  0.000e+00  1.112e-01 -5.121e-04 -1.355e-03 -6.552e-04 -1.498e-03
 192  9.361e+01  9.362e+01  1.733e-01  8.253e-03  1.000e-09  1.000e-09  0.5000  3.443e-05  0.000e+00  1.733e-01  2.867e-03  2.306e-03  1.586e-03 -2.558e-04
 193  9.361e+01  9.362e+01  1.151e-01  1.433e-04  1.000e-09  1.000e-09  1.0000  9.316e-06  0.000e+00  1.151e-01 -1.506e-03 -2.119e-03 -3.048e-04 -9.176e-04
 194  9.361e+01  9.362e+01  1.812e-01  8.223e-03  1.000e-09  1.000e-09  0.5000  2.326e-05  0.000e+00  1.812e-01  2.845e-03  2.151e-03  1.549e-03 -4.405e-04
 195  9.361e+01  9.362e+01  1.293e-01  9.545e-05  1.000e-09  1.000e-09  1.0000  3.062e-05  0.000e+00  1.293e-01 -1.430e-03 -2.166e-03 -4.135e-04 -1.149e-03
 196  9.361e+01  9.362e+01  1.957e-01  8.782e-03  1.000e-09  1.000e-09  0.5000  5.210e-05  0.000e+00  1.956e-01  3.026e-03  2.399e-03  1.809e-03 -3.499e-05
 197  9.361e+01  9.362e+01  1.250e-01  1.913e-04  1.000e-09  1.000e-09  1.0000  5.251e-05  0.000e+00  1.249e-01 -1.696e-03 -2.389e-03 -3.987e-04 -1.092e-03
 198  9.361e+01  9.362e+01  1.895e-01  8.393e-03  1.000e-09  1.000e-09  0.5000  8.365e-05  0.000e+00  1.894e-01  2.888e-03  2.317e-03  1.724e-03 -1.163e-05
 199  9.361e+01  9.362e+01  1.188e-01  2.445e-04  1.000e-09  1.000e-09  1.0000  6.484e-05  0.000e+00  1.188e-01 -1.668e-03 -2.324e-03 -3.928e-04 -1.049e-03
iter    cost       merit      stop      |grad|      preg       dreg      step   ||ffeas||  ||gfeas||  ||hfeas||   dV-exp       dV      dPhi-exp     dPhi
 200  9.361e+01  9.362e+01  1.877e-01  8.630e-03  1.000e-09  1.000e-09  0.5000  9.997e-05  0.000e+00  1.876e-01  2.990e-03  2.237e-03  1.611e-03 -5.211e-04
 201  9.361e+01  9.362e+01  1.361e-01  1.589e-04  1.000e-09  1.000e-09  1.0000  6.739e-05  0.000e+00  1.360e-01 -1.455e-03 -2.231e-03 -4.215e-04 -1.198e-03
 202  9.361e+01  9.362e+01  2.001e-01  8.814e-03  1.000e-09  1.000e-09  0.5000  1.020e-04  0.000e+00  2.000e-01  3.024e-03  2.482e-03  1.921e-03  2.760e-04
 203  9.361e+01  9.362e+01  1.158e-01  4.536e-04  1.000e-09  1.000e-09  1.0000  7.674e-05  0.000e+00  1.158e-01 -1.862e-03 -2.495e-03 -4.103e-04 -1.043e-03
 204  9.361e+01  9.362e+01  1.800e-01  8.264e-03  1.000e-09  1.000e-09  0.5000  1.173e-04  0.000e+00  1.799e-01  2.862e-03  2.156e-03  1.601e-03 -3.659e-04
 205  9.361e+01  9.362e+01  1.301e-01  1.229e-04  1.000e-09  1.000e-09  1.0000  7.353e-05  0.000e+00  1.300e-01 -1.411e-03 -2.148e-03 -4.301e-04 -1.167e-03
 206  9.361e+01  9.362e+01  1.906e-01  8.314e-03  1.000e-09  1.000e-09  0.5000  1.086e-04  0.000e+00  1.905e-01  2.849e-03  2.376e-03  1.825e-03  3.273e-04
 207  9.361e+01  9.362e+01  1.082e-01  5.002e-04  1.000e-09  1.000e-09  1.0000  7.607e-05  0.000e+00  1.081e-01 -1.806e-03 -2.386e-03 -4.116e-04 -9.918e-04
 208  9.361e+01  9.362e+01  1.769e-01  8.343e-03  1.000e-09  1.000e-09  0.5000  1.167e-04  0.000e+00  1.768e-01  2.908e-03  2.050e-03  1.415e-03 -9.355e-04
 209  9.361e+01  9.362e+01  1.470e-01  4.953e-04  1.000e-09  1.000e-09  1.0000  6.714e-05  0.000e+00  1.469e-01 -1.197e-03 -2.012e-03 -5.460e-04 -1.361e-03
iter    cost       merit      stop      |grad|      preg       dreg      step   ||ffeas||  ||gfeas||  ||hfeas||   dV-exp       dV      dPhi-exp     dPhi
 210  9.361e+01  9.362e+01  2.111e-01  9.212e-03  1.000e-09  1.000e-09  0.5000  9.906e-05  0.000e+00  2.110e-01  3.154e-03  2.598e-03  2.094e-03  4.781e-04
 211  9.361e+01  9.362e+01  1.165e-01  5.660e-04  1.000e-09  1.000e-09  1.0000  7.705e-05  0.000e+00  1.164e-01 -2.003e-03 -2.636e-03 -4.384e-04 -1.072e-03
 212  9.361e+01  9.362e+01  1.790e-01  8.225e-03  1.000e-09  1.000e-09  0.5000  1.183e-04  0.000e+00  1.788e-01  2.848e-03  2.145e-03  1.634e-03 -2.850e-04
 213  9.361e+01  9.362e+01  1.293e-01  1.223e-04  1.000e-09  1.000e-09  1.0000  7.366e-05  0.000e+00  1.293e-01 -1.403e-03 -2.135e-03 -4.391e-04 -1.170e-03
 214  9.361e+01  9.362e+01  1.895e-01  8.253e-03  1.000e-09  1.000e-09  0.5000  1.085e-04  0.000e+00  1.894e-01  2.827e-03  2.363e-03  1.812e-03  3.324e-04
 215  9.361e+01  9.362e+01  1.073e-01  5.066e-04  1.000e-09  1.000e-09  1.0000  7.560e-05  0.000e+00  1.072e-01 -1.800e-03 -2.374e-03 -4.119e-04 -9.857e-04
 216  9.361e+01  9.362e+01  1.753e-01  8.258e-03  1.000e-09  1.000e-09  0.5000  1.159e-04  0.000e+00  1.752e-01  2.878e-03  2.033e-03  1.403e-03 -9.187e-04
 217  9.361e+01  9.362e+01  1.455e-01  4.831e-04  1.000e-09  1.000e-09  1.0000  6.636e-05  0.000e+00  1.454e-01 -1.190e-03 -1.995e-03 -5.427e-04 -1.348e-03
 218  9.361e+01  9.362e+01  2.120e-01  9.355e-03  1.000e-09  1.000e-09  0.5000  9.830e-05  0.000e+00  2.119e-01  3.210e-03  2.594e-03  2.072e-03  3.172e-04
 219  9.361e+01  9.362e+01  1.242e-01  4.116e-04  1.000e-09  1.000e-09  1.0000  7.800e-05  0.000e+00  1.241e-01 -1.935e-03 -2.623e-03 -4.320e-04 -1.120e-03
iter    cost       merit      stop      |grad|      preg       dreg      step   ||ffeas||  ||gfeas||  ||hfeas||   dV-exp       dV      dPhi-exp     dPhi
 220  9.361e+01  9.362e+01  1.223e-01  8.235e-03  1.000e-09  1.000e-09  0.2500  7.859e-05  0.000e+00  1.222e-01  1.738e-03  1.695e-03  1.755e-03  1.762e-03
 221  9.362e+01  9.362e+01  3.843e-02  1.042e-03  1.000e-09  1.000e-09  1.0000  5.814e-06  0.000e+00  3.842e-02 -1.530e-03 -1.850e-03 -3.468e-05 -3.542e-04
 222  9.361e+01  9.362e+01  6.032e-02  2.979e-03  1.000e-09  1.000e-09  0.5000  7.233e-06  0.000e+00  6.031e-02  1.037e-03  8.404e-04  5.608e-04 -1.128e-04
 223  9.362e+01  9.362e+01  4.783e-02  8.217e-05  1.000e-09  1.000e-09  1.0000  3.372e-05  0.000e+00  4.779e-02 -4.529e-04 -8.346e-04 -1.809e-04 -5.626e-04
 224  9.361e+01  9.362e+01  7.157e-02  3.382e-03  1.000e-09  1.000e-09  0.5000  5.907e-05  0.000e+00  7.151e-02  1.170e-03  9.997e-04  7.096e-04  7.832e-05
 225  9.362e+01  9.362e+01  4.786e-02  8.447e-05  1.000e-09  1.000e-09  1.0000  5.904e-05  0.000e+00  4.780e-02 -6.216e-04 -9.903e-04 -1.615e-04 -5.302e-04
 226  9.361e+01  9.362e+01  7.384e-02  3.611e-03  1.000e-09  1.000e-09  0.5000  9.492e-05  0.000e+00  7.375e-02  1.256e-03  9.990e-04  7.078e-04 -9.745e-05
 227  9.362e+01  9.362e+01  5.761e-02  1.099e-04  1.000e-09  1.000e-09  1.0000  8.083e-05  0.000e+00  5.753e-02 -5.467e-04 -1.007e-03 -2.044e-04 -6.651e-04
 228  9.361e+01  9.362e+01  8.092e-02  3.733e-03  1.000e-09  1.000e-09  0.5000  1.188e-04  0.000e+00  8.080e-02  1.281e-03  1.157e-03  8.793e-04  3.534e-04
 229  9.362e+01  9.362e+01  4.142e-02  3.279e-04  1.000e-09  1.000e-09  1.0000  7.857e-05  0.000e+00  4.134e-02 -8.194e-04 -1.169e-03 -1.385e-04 -4.877e-04
iter    cost       merit      stop      |grad|      preg       dreg      step   ||ffeas||  ||gfeas||  ||hfeas||   dV-exp       dV      dPhi-exp     dPhi
 230  9.361e+01  9.362e+01  6.500e-02  3.226e-03  1.000e-09  1.000e-09  0.5000  1.225e-04  0.000e+00  6.488e-02  1.125e-03  9.022e-04  6.071e-04 -1.327e-04
 231  9.362e+01  9.362e+01  5.145e-02  9.927e-05  1.000e-09  1.000e-09  1.0000  9.221e-05  0.000e+00  5.136e-02 -4.802e-04 -8.893e-04 -1.828e-04 -5.918e-04
 232  9.361e+01  9.362e+01  5.131e-02  3.670e-03  1.000e-09  1.000e-09  0.2500  9.206e-05  0.000e+00  5.122e-02  7.765e-04  7.618e-04  7.778e-04  7.673e-04
 233  9.362e+01  9.362e+01  2.559e-02  2.658e-04  1.000e-09  1.000e-09  1.0000  3.350e-05  0.000e+00  2.556e-02 -5.534e-04 -7.928e-04 -4.927e-05 -2.887e-04
 234  9.361e+01  9.362e+01  5.052e-02  2.839e-03  1.000e-09  1.000e-09  0.5000  5.042e-05  0.000e+00  5.047e-02  1.013e-03  6.426e-04  1.692e-04 -1.045e-03
 235  9.361e+01  9.362e+01  4.318e-02  6.978e-04  1.000e-09  1.000e-09  0.5000  3.505e-05  0.000e+00  4.314e-02  1.553e-04  1.725e-05  2.796e-04  2.658e-04
 236  9.362e+01  9.362e+01  2.941e-02  5.952e-05  1.000e-09  1.000e-09  1.0000  1.782e-05  0.000e+00  2.939e-02 -3.873e-04 -6.418e-04 -1.543e-04 -4.088e-04
 237  9.361e+01  9.362e+01  4.777e-02  2.393e-03  1.000e-09  1.000e-09  0.5000  3.376e-05  0.000e+00  4.773e-02  8.374e-04  6.651e-04  4.107e-04 -1.883e-04
 238  9.362e+01  9.362e+01  4.287e-02  1.593e-04  1.000e-09  1.000e-09  1.0000  4.167e-05  0.000e+00  4.283e-02 -3.111e-04 -6.462e-04 -1.972e-04 -5.323e-04
 239  9.361e+01  9.362e+01  6.665e-02  3.258e-03  1.000e-09  1.000e-09  0.5000  6.697e-05  0.000e+00  6.658e-02  1.133e-03  9.105e-04  6.281e-04 -1.001e-04
iter    cost       merit      stop      |grad|      preg       dreg      step   ||ffeas||  ||gfeas||  ||hfeas||   dV-exp       dV      dPhi-exp     dPhi
 240  9.362e+01  9.362e+01  5.249e-02  9.324e-05  1.000e-09  1.000e-09  1.0000  6.309e-05  0.000e+00  5.243e-02 -4.989e-04 -9.180e-04 -1.981e-04 -6.172e-04
 241  9.361e+01  9.362e+01  5.234e-02  3.755e-03  1.000e-09  1.000e-09  0.2500  6.433e-05  0.000e+00  5.228e-02  7.943e-04  7.771e-04  7.958e-04  7.829e-04
 242  9.362e+01  9.362e+01  2.611e-02  2.695e-04  1.000e-09  1.000e-09  1.0000  1.966e-05  0.000e+00  2.609e-02 -5.633e-04 -8.079e-04 -4.710e-05 -2.916e-04
 243  9.361e+01  9.362e+01  5.153e-02  2.897e-03  1.000e-09  1.000e-09  0.5000  3.009e-05  0.000e+00  5.150e-02  1.034e-03  6.554e-04  1.731e-04 -1.066e-03
 244  9.361e+01  9.362e+01  4.404e-02  7.129e-04  1.000e-09  1.000e-09  0.5000  2.189e-05  0.000e+00  4.402e-02  1.589e-04  1.773e-05  2.856e-04  2.712e-04
 245  9.362e+01  9.362e+01  2.999e-02  6.026e-05  1.000e-09  1.000e-09  1.0000  1.538e-05  0.000e+00  2.997e-02 -3.948e-04 -6.540e-04 -1.569e-04 -4.161e-04
 246  9.361e+01  9.362e+01  4.871e-02  2.443e-03  1.000e-09  1.000e-09  0.5000  3.060e-05  0.000e+00  4.868e-02  8.550e-04  6.775e-04  4.191e-04 -1.944e-04
 247  9.362e+01  9.362e+01  4.377e-02  1.648e-04  1.000e-09  1.000e-09  1.0000  4.059e-05  0.000e+00  4.373e-02 -3.161e-04 -6.582e-04 -2.011e-04 -5.433e-04
 248  9.361e+01  9.362e+01  6.806e-02  3.332e-03  1.000e-09  1.000e-09  0.5000  6.578e-05  0.000e+00  6.799e-02  1.159e-03  9.287e-04  6.423e-04 -1.051e-04
 249  9.362e+01  9.362e+01  5.367e-02  9.858e-05  1.000e-09  1.000e-09  1.0000  6.329e-05  0.000e+00  5.360e-02 -5.078e-04 -9.360e-04 -2.015e-04 -6.297e-04
iter    cost       merit      stop      |grad|      preg       dreg      step   ||ffeas||  ||gfeas||  ||hfeas||   dV-exp       dV      dPhi-exp     dPhi
 250  9.361e+01  9.362e+01  5.351e-02  3.846e-03  1.000e-09  1.000e-09  0.2500  6.461e-05  0.000e+00  5.345e-02  8.138e-04  7.937e-04  8.153e-04  7.998e-04
 251  9.362e+01  9.362e+01  2.668e-02  2.756e-04  1.000e-09  1.000e-09  1.0000  1.954e-05  0.000e+00  2.667e-02 -5.760e-04 -8.253e-04 -4.683e-05 -2.962e-04
 252  9.361e+01  9.362e+01  4.913e-02  2.596e-03  1.000e-09  1.000e-09  0.5000  2.856e-05  0.000e+00  4.911e-02  9.195e-04  6.711e-04  2.694e-04 -6.290e-04
 253  9.362e+01  9.362e+01  5.741e-02  3.906e-04  1.000e-09  1.000e-09  1.0000  2.184e-05  0.000e+00  5.739e-02 -2.181e-04 -6.342e-04 -4.577e-04 -8.739e-04
 254  9.361e+01  9.362e+01  9.996e-02  5.016e-03  1.000e-09  1.000e-09  0.5000  3.387e-05  0.000e+00  9.993e-02  1.764e-03  1.260e-03  6.835e-04 -9.017e-04
 255  9.362e+01  9.362e+01  1.048e-01  6.689e-04  1.000e-09  1.000e-09  1.0000  2.202e-05  0.000e+00  1.048e-01 -4.942e-04 -1.290e-03 -6.177e-04 -1.413e-03
 256  9.361e+01  9.362e+01  1.802e-01  9.168e-03  1.000e-09  1.000e-09  0.5000  2.925e-05  0.000e+00  1.801e-01  3.225e-03  2.243e-03  1.310e-03 -1.587e-03
 257  9.361e+01  9.362e+01  1.597e-01  7.133e-04  1.000e-09  1.000e-09  1.0000  3.319e-06  0.000e+00  1.597e-01 -1.135e-03 -2.011e-03 -6.156e-04 -1.491e-03
 258  9.361e+01  9.362e+01  2.305e-01  1.015e-02  1.000e-09  1.000e-09  0.5000  1.027e-05  0.000e+00  2.305e-01  3.479e-03  2.791e-03  2.287e-03  4.074e-04
 259  9.361e+01  9.362e+01  1.303e-01  4.943e-04  1.000e-09  1.000e-09  1.0000  4.784e-05  0.000e+00  1.302e-01 -2.125e-03 -2.846e-03 -4.376e-04 -1.159e-03
iter    cost       merit      stop      |grad|      preg       dreg      step   ||ffeas||  ||gfeas||  ||hfeas||   dV-exp       dV      dPhi-exp     dPhi
 260  9.361e+01  9.362e+01  1.273e-01  8.642e-03  1.000e-09  1.000e-09  0.2500  4.999e-05  0.000e+00  1.272e-01  1.824e-03  1.762e-03  1.851e-03  1.868e-03
 261  9.362e+01  9.362e+01  3.930e-02  1.087e-03  1.000e-09  1.000e-09  1.0000  4.007e-06  0.000e+00  3.929e-02 -1.593e-03 -1.925e-03 -1.993e-05 -3.518e-04
 262  9.361e+01  9.362e+01  6.168e-02  3.060e-03  1.000e-09  1.000e-09  0.5000  2.118e-05  0.000e+00  6.166e-02  1.066e-03  8.602e-04  5.758e-04 -1.208e-04
 263  9.362e+01  9.362e+01  4.888e-02  8.836e-05  1.000e-09  1.000e-09  1.0000  4.136e-05  0.000e+00  4.883e-02 -4.597e-04 -8.492e-04 -1.790e-04 -5.686e-04
 264  9.361e+01  9.362e+01  7.319e-02  3.466e-03  1.000e-09  1.000e-09  0.5000  6.950e-05  0.000e+00  7.312e-02  1.200e-03  1.021e-03  7.261e-04  7.392e-05
 265  9.362e+01  9.362e+01  4.910e-02  8.108e-05  1.000e-09  1.000e-09  1.0000  6.442e-05  0.000e+00  4.904e-02 -6.334e-04 -1.012e-03 -1.644e-04 -5.429e-04
 266  9.361e+01  9.362e+01  7.576e-02  3.712e-03  1.000e-09  1.000e-09  0.5000  1.026e-04  0.000e+00  7.566e-02  1.291e-03  1.024e-03  7.277e-04 -1.035e-04
 267  9.362e+01  9.362e+01  5.917e-02  1.168e-04  1.000e-09  1.000e-09  1.0000  8.550e-05  0.000e+00  5.909e-02 -5.591e-04 -1.030e-03 -2.084e-04 -6.792e-04
 268  9.361e+01  9.362e+01  7.731e-02  3.358e-03  1.000e-09  1.000e-09  0.5000  1.222e-04  0.000e+00  7.719e-02  1.137e-03  1.154e-03  8.763e-04  6.332e-04
 269  9.362e+01  9.362e+01  2.644e-02  6.047e-04  1.000e-09  1.000e-09  1.0000  7.281e-05  0.000e+00  2.637e-02 -9.337e-04 -1.162e-03 -2.034e-04 -4.317e-04
iter    cost       merit      stop      |grad|      preg       dreg      step   ||ffeas||  ||gfeas||  ||hfeas||   dV-exp       dV      dPhi-exp     dPhi
 270  9.361e+01  9.362e+01  4.353e-02  2.176e-03  1.000e-09  1.000e-09  0.5000  1.024e-04  0.000e+00  4.343e-02  7.606e-04  6.129e-04  3.606e-04 -1.871e-04
 271  9.362e+01  9.362e+01  3.918e-02  1.325e-04  1.000e-09  1.000e-09  1.0000  7.754e-05  0.000e+00  3.910e-02 -2.944e-04 -6.012e-04 -1.925e-04 -4.994e-04
 272  9.361e+01  9.362e+01  6.085e-02  2.954e-03  1.000e-09  1.000e-09  0.5000  1.137e-04  0.000e+00  6.073e-02  1.027e-03  8.358e-04  5.712e-04 -7.646e-05
 273  9.362e+01  9.362e+01  4.756e-02  7.080e-05  1.000e-09  1.000e-09  1.0000  8.170e-05  0.000e+00  4.748e-02 -4.622e-04 -8.435e-04 -1.825e-04 -5.638e-04
 274  9.361e+01  9.362e+01  7.125e-02  3.369e-03  1.000e-09  1.000e-09  0.5000  1.230e-04  0.000e+00  7.113e-02  1.166e-03  9.968e-04  7.054e-04  7.562e-05
 275  9.362e+01  9.362e+01  4.767e-02  8.482e-05  1.000e-09  1.000e-09  1.0000  8.672e-05  0.000e+00  4.759e-02 -6.195e-04 -9.863e-04 -1.611e-04 -5.279e-04
 276  9.361e+01  9.362e+01  7.355e-02  3.594e-03  1.000e-09  1.000e-09  0.5000  1.325e-04  0.000e+00  7.342e-02  1.250e-03  9.952e-04  7.049e-04 -9.549e-05
 277  9.362e+01  9.362e+01  5.736e-02  1.081e-04  1.000e-09  1.000e-09  1.0000  9.843e-05  0.000e+00  5.726e-02 -5.454e-04 -1.004e-03 -2.041e-04 -6.628e-04
 278  9.361e+01  9.362e+01  8.055e-02  3.714e-03  1.000e-09  1.000e-09  0.5000  1.411e-04  0.000e+00  8.041e-02  1.274e-03  1.152e-03  8.749e-04  3.534e-04
 279  9.362e+01  9.362e+01  4.119e-02  3.280e-04  1.000e-09  1.000e-09  1.0000  8.702e-05  0.000e+00  4.111e-02 -8.166e-04 -1.164e-03 -1.387e-04 -4.859e-04
iter    cost       merit      stop      |grad|      preg       dreg      step   ||ffeas||  ||gfeas||  ||hfeas||   dV-exp       dV      dPhi-exp     dPhi
 280  9.361e+01  9.362e+01  6.464e-02  3.206e-03  1.000e-09  1.000e-09  0.5000  1.338e-04  0.000e+00  6.450e-02  1.118e-03  8.975e-04  6.036e-04 -1.308e-04
 281  9.362e+01  9.362e+01  5.113e-02  9.752e-05  1.000e-09  1.000e-09  1.0000  9.755e-05  0.000e+00  5.104e-02 -4.782e-04 -8.848e-04 -1.821e-04 -5.887e-04
 282  9.361e+01  9.362e+01  5.100e-02  3.646e-03  1.000e-09  1.000e-09  0.2500  9.715e-05  0.000e+00  5.090e-02  7.713e-04  7.574e-04  7.726e-04  7.628e-04
 283  9.362e+01  9.362e+01  2.544e-02  2.643e-04  1.000e-09  1.000e-09  1.0000  3.608e-05  0.000e+00  2.540e-02 -5.501e-04 -7.881e-04 -4.944e-05 -2.874e-04
 284  9.361e+01  9.362e+01  5.023e-02  2.822e-03  1.000e-09  1.000e-09  0.5000  5.422e-05  0.000e+00  5.017e-02  1.007e-03  6.388e-04  1.679e-04 -1.039e-03
 285  9.361e+01  9.362e+01  4.293e-02  6.935e-04  1.000e-09  1.000e-09  0.5000  3.751e-05  0.000e+00  4.289e-02  1.543e-04  1.715e-05  2.779e-04  2.642e-04
 286  9.362e+01  9.362e+01  2.924e-02  5.927e-05  1.000e-09  1.000e-09  1.0000  1.826e-05  0.000e+00  2.922e-02 -3.851e-04 -6.382e-04 -1.534e-04 -4.066e-04
 287  9.361e+01  9.362e+01  4.749e-02  2.378e-03  1.000e-09  1.000e-09  0.5000  3.431e-05  0.000e+00  4.746e-02  8.323e-04  6.616e-04  4.083e-04 -1.865e-04
 288  9.362e+01  9.362e+01  4.260e-02  1.577e-04  1.000e-09  1.000e-09  1.0000  4.180e-05  0.000e+00  4.256e-02 -3.096e-04 -6.426e-04 -1.960e-04 -5.291e-04
 289  9.361e+01  9.362e+01  6.624e-02  3.237e-03  1.000e-09  1.000e-09  0.5000  6.707e-05  0.000e+00  6.617e-02  1.126e-03  9.052e-04  6.239e-04 -9.860e-05
iter    cost       merit      stop      |grad|      preg       dreg      step   ||ffeas||  ||gfeas||  ||hfeas||   dV-exp       dV      dPhi-exp     dPhi
 290  9.362e+01  9.362e+01  5.215e-02  9.167e-05  1.000e-09  1.000e-09  1.0000  6.291e-05  0.000e+00  5.208e-02 -4.963e-04 -9.127e-04 -1.970e-04 -6.135e-04
 291  9.361e+01  9.362e+01  5.200e-02  3.728e-03  1.000e-09  1.000e-09  0.2500  6.414e-05  0.000e+00  5.194e-02  7.886e-04  7.722e-04  7.901e-04  7.780e-04
 292  9.362e+01  9.362e+01  2.594e-02  2.677e-04  1.000e-09  1.000e-09  1.0000  1.964e-05  0.000e+00  2.592e-02 -5.596e-04 -8.026e-04 -4.718e-05 -2.902e-04
 293  9.361e+01  9.362e+01  5.120e-02  2.879e-03  1.000e-09  1.000e-09  0.5000  3.007e-05  0.000e+00  5.117e-02  1.027e-03  6.514e-04  1.717e-04 -1.060e-03
 294  9.361e+01  9.362e+01  4.377e-02  7.083e-04  1.000e-09  1.000e-09  0.5000  2.188e-05  0.000e+00  4.374e-02  1.578e-04  1.764e-05  2.838e-04  2.696e-04
 295  9.362e+01  9.362e+01  2.980e-02  5.997e-05  1.000e-09  1.000e-09  1.0000  1.532e-05  0.000e+00  2.979e-02 -3.924e-04 -6.501e-04 -1.560e-04 -4.137e-04
 296  9.361e+01  9.362e+01  4.842e-02  2.427e-03  1.000e-09  1.000e-09  0.5000  3.045e-05  0.000e+00  4.839e-02  8.495e-04  6.736e-04  4.165e-04 -1.925e-04
 297  9.362e+01  9.362e+01  4.349e-02  1.631e-04  1.000e-09  1.000e-09  1.0000  4.034e-05  0.000e+00  4.345e-02 -3.145e-04 -6.544e-04 -1.999e-04 -5.398e-04
 298  9.361e+01  9.362e+01  6.761e-02  3.309e-03  1.000e-09  1.000e-09  0.5000  6.538e-05  0.000e+00  6.755e-02  1.151e-03  9.230e-04  6.378e-04 -1.036e-04
 299  9.362e+01  9.362e+01  5.330e-02  9.691e-05  1.000e-09  1.000e-09  1.0000  6.287e-05  0.000e+00  5.324e-02 -5.050e-04 -9.303e-04 -2.004e-04 -6.258e-04
*** SOLVE (HybridShoot: 33) ***
iter    cost       merit      stop      |grad|      preg       dreg      step   ||ffeas||  ||gfeas||  ||hfeas||   dV-exp       dV      dPhi-exp     dPhi
   0  2.954e+02  2.995e+02  1.775e+04  1.054e+00  1.000e-09  1.000e-09  0.0039  4.731e+01  0.000e+00  3.426e+02 -8.026e+01 -2.953e+02 -8.027e+01 -2.995e+02
   1  2.626e+02  1.151e+03  3.768e+02  2.991e+02  1.000e-09  1.000e-09  0.0312  4.618e+01  0.000e+00  3.306e+02  9.684e+00  3.279e+01  1.065e+01  6.355e+01
   2  2.283e+02  9.016e+02  3.733e+02  2.728e+02  1.000e-09  1.000e-09  0.0625  6.295e+01  0.000e+00  3.104e+02  1.784e+01  3.429e+01  1.824e+01  4.059e+01
   3  2.168e+02  7.225e+02  3.628e+02  2.666e+02  1.000e-09  1.000e-09  0.0312  6.410e+01  0.000e+00  2.987e+02  8.425e+00  1.151e+01  8.883e+00  2.616e+01
   4  1.876e+02  6.054e+02  3.375e+02  2.539e+02  1.000e-09  1.000e-09  0.0625  6.379e+01  0.000e+00  2.737e+02  1.611e+01  2.920e+01  1.807e+01  6.053e+01
   5  1.793e+02  5.676e+02  3.253e+02  2.384e+02  1.000e-09  1.000e-09  0.0312  6.024e+01  0.000e+00  2.651e+02  7.492e+00  8.225e+00  7.947e+00  2.277e+01
   6  1.723e+02  5.138e+02  3.145e+02  2.207e+02  1.000e-09  1.000e-09  0.0312  5.762e+01  0.000e+00  2.568e+02  6.922e+00  7.030e+00  7.290e+00  1.883e+01
   7  1.658e+02  4.781e+02  3.045e+02  2.071e+02  1.000e-09  1.000e-09  0.0312  5.559e+01  0.000e+00  2.489e+02  6.491e+00  6.519e+00  6.811e+00  1.678e+01
   8  1.597e+02  4.486e+02  2.946e+02  1.957e+02  1.000e-09  1.000e-09  0.0312  5.349e+01  0.000e+00  2.411e+02  6.128e+00  6.130e+00  6.430e+00  1.577e+01
   9  1.540e+02  4.241e+02  2.849e+02  1.849e+02  1.000e-09  1.000e-09  0.0312  5.126e+01  0.000e+00  2.337e+02  5.790e+00  5.656e+00  6.078e+00  1.487e+01
iter    cost       merit      stop      |grad|      preg       dreg      step   ||ffeas||  ||gfeas||  ||hfeas||   dV-exp       dV      dPhi-exp     dPhi
  10  1.479e+02  4.044e+02  2.754e+02  1.772e+02  1.000e-09  1.000e-09  0.0312  4.900e+01  0.000e+00  2.264e+02  5.545e+00  6.063e+00  5.821e+00  1.492e+01
  11  1.309e+02  3.550e+02  2.518e+02  1.675e+02  1.000e-09  1.000e-09  0.0625  4.089e+01  0.000e+00  2.109e+02  1.049e+01  1.699e+01  1.180e+01  3.800e+01
  12  1.216e+02  3.115e+02  2.337e+02  1.430e+02  1.000e-09  1.000e-09  0.0625  3.665e+01  0.000e+00  1.971e+02  8.936e+00  9.352e+00  9.854e+00  2.404e+01
  13  1.135e+02  2.824e+02  2.182e+02  1.279e+02  1.000e-09  1.000e-09  0.0625  3.363e+01  0.000e+00  1.846e+02  7.988e+00  8.043e+00  8.738e+00  2.004e+01
  14  1.063e+02  2.578e+02  2.043e+02  1.162e+02  1.000e-09  1.000e-09  0.0625  3.125e+01  0.000e+00  1.730e+02  7.249e+00  7.274e+00  7.895e+00  1.761e+01
  15  9.961e+01  2.353e+02  1.917e+02  1.058e+02  1.000e-09  1.000e-09  0.0625  2.945e+01  0.000e+00  1.623e+02  6.592e+00  6.668e+00  7.148e+00  1.556e+01
  16  9.382e+01  2.133e+02  1.793e+02  9.587e+01  1.000e-09  1.000e-09  0.0625  2.709e+01  0.000e+00  1.522e+02  5.967e+00  5.792e+00  6.483e+00  1.405e+01
  17  8.848e+01  1.950e+02  1.673e+02  8.736e+01  1.000e-09  1.000e-09  0.0625  2.451e+01  0.000e+00  1.428e+02  5.431e+00  5.331e+00  5.908e+00  1.296e+01
  18  8.318e+01  1.763e+02  1.541e+02  7.930e+01  1.000e-09  1.000e-09  0.0625  2.233e+01  0.000e+00  1.318e+02  4.923e+00  5.303e+00  5.422e+00  1.329e+01
  19  7.872e+01  1.755e+02  1.683e+02  7.183e+01  1.000e-09  1.000e-09  0.1250  1.817e+01  0.000e+00  1.502e+02  8.826e+00  4.461e+00  7.803e+00 -3.721e+00
iter    cost       merit      stop      |grad|      preg       dreg      step   ||ffeas||  ||gfeas||  ||hfeas||   dV-exp       dV      dPhi-exp     dPhi
  20  7.425e+01  1.444e+02  1.546e+02  6.642e+01  1.000e-09  1.000e-09  0.0625  1.651e+01  0.000e+00  1.381e+02  4.101e+00  4.467e+00  4.491e+00  1.072e+01
  21  6.753e+01  1.218e+02  1.303e+02  5.843e+01  1.000e-09  1.000e-09  0.1250  1.256e+01  0.000e+00  1.178e+02  7.095e+00  6.725e+00  8.355e+00  1.681e+01
  22  6.174e+01  1.009e+02  1.104e+02  4.707e+01  1.000e-09  1.000e-09  0.1250  1.082e+01  0.000e+00  9.960e+01  5.654e+00  5.793e+00  6.537e+00  1.286e+01
  23  5.735e+01  8.590e+01  9.654e+01  3.807e+01  1.000e-09  1.000e-09  0.1250  9.302e+00  0.000e+00  8.724e+01  4.521e+00  4.383e+00  5.034e+00  8.488e+00
  24  5.068e+01  7.114e+01  8.508e+01  3.105e+01  1.000e-09  1.000e-09  0.2500  1.968e+01  0.000e+00  6.540e+01  6.838e+00  6.669e+00  7.527e+00  9.427e+00
  25  4.384e+01  5.223e+01  6.597e+01  1.947e+01  1.000e-09  1.000e-09  0.5000  3.435e+01  0.000e+00  3.162e+01  6.762e+00  6.844e+00  7.977e+00  9.274e+00
  26  4.331e+01  5.008e+01  1.065e+02  8.071e+00  1.000e-09  1.000e-09  0.5000  1.818e+01  0.000e+00  8.836e+01  2.691e+00  5.323e-01  1.401e+00 -2.048e+00
  27  4.466e+01  4.592e+01  3.989e+01  5.774e+00  1.000e-09  1.000e-09  1.0000  1.635e+01  0.000e+00  2.354e+01  1.993e+00 -1.348e+00  4.113e+00  7.714e-01
  28  4.121e+01  4.604e+01  2.892e+01  1.006e+01  1.000e-09  1.000e-09  0.5000  1.572e+01  0.000e+00  1.320e+01  3.681e+00  3.443e+00  4.598e+00  5.275e+00
  29  3.979e+01  4.097e+01  1.422e+01  3.309e+00  1.000e-09  1.000e-09  0.5000  7.137e+00  0.000e+00  7.086e+00  1.240e+00  1.427e+00  1.854e+00  2.654e+00
iter    cost       merit      stop      |grad|      preg       dreg      step   ||ffeas||  ||gfeas||  ||hfeas||   dV-exp       dV      dPhi-exp     dPhi
  30  3.908e+01  3.965e+01  1.152e+01  1.015e+00  1.000e-09  1.000e-09  1.0000  2.251e+00  0.000e+00  9.268e+00  4.965e-01  7.079e-01  6.314e-01  8.428e-01
  31  3.918e+01  3.945e+01  1.059e+01  2.106e-01  1.000e-09  1.000e-09  1.0000  1.411e+00  0.000e+00  9.181e+00 -3.729e-02 -1.056e-01 -1.417e-02 -8.252e-02
  32  3.909e+01  3.911e+01  1.577e+00  1.730e-01  1.000e-09  1.000e-09  1.0000  7.045e-01  0.000e+00  8.721e-01  7.798e-02  9.498e-02  1.904e-01  2.074e-01
  33  3.915e+01  3.916e+01  2.399e+00  2.885e-02  1.000e-09  1.000e-09  1.0000  1.297e+00  0.000e+00  1.101e+00 -1.270e-02 -5.764e-02 -1.782e-02 -6.276e-02
  34  3.914e+01  3.931e+01  3.914e+00  1.584e-01  1.000e-09  1.000e-09  1.0000  1.472e+00  0.000e+00  2.443e+00  7.341e-02  7.777e-03  7.155e-03 -5.848e-02
  35  3.911e+01  3.922e+01  3.226e+00  1.993e-01  1.000e-09  1.000e-09  0.5000  8.231e-01  0.000e+00  2.403e+00  7.293e-02  3.009e-02  8.454e-02  5.331e-02
  36  3.912e+01  3.913e+01  7.593e-01  5.056e-03  1.000e-09  1.000e-09  1.0000  1.498e-01  0.000e+00  6.096e-01 -1.410e-02 -7.644e-03  2.749e-02  3.394e-02
  37  3.912e+01  3.913e+01  1.298e+00  5.735e-03  1.000e-09  1.000e-09  1.0000  7.185e-02  0.000e+00  1.226e+00 -2.777e-03 -4.786e-03 -7.316e-03 -9.324e-03
  38  3.910e+01  3.918e+01  2.666e+00  5.870e-02  1.000e-09  1.000e-09  0.5000  5.603e-02  0.000e+00  2.610e+00  2.127e-02  2.141e-02  1.398e-03 -1.835e-02
  39  3.910e+01  3.916e+01  4.091e+00  1.440e-02  1.000e-09  1.000e-09  1.0000  5.704e-03  0.000e+00  4.085e+00 -4.023e-03 -3.064e-04 -2.473e-02 -2.101e-02
iter    cost       merit      stop      |grad|      preg       dreg      step   ||ffeas||  ||gfeas||  ||hfeas||   dV-exp       dV      dPhi-exp     dPhi
  40  3.906e+01  3.911e+01  2.634e+00  1.340e-01  1.000e-09  1.000e-09  1.0000  1.109e-02  0.000e+00  2.622e+00  6.072e-02  4.194e-02  9.162e-02  7.283e-02
  41  3.900e+01  3.914e+01  4.416e+00  1.231e-01  1.000e-09  1.000e-09  1.0000  2.140e-03  0.000e+00  4.414e+00  5.756e-02  5.921e-02  1.892e-03  3.542e-03
  42  3.897e+01  3.904e+01  5.006e+00  9.373e-02  1.000e-09  1.000e-09  0.5000  3.886e-03  0.000e+00  5.002e+00  3.202e-02  3.287e-02  2.742e-02  2.367e-02
  43  3.895e+01  3.896e+01  1.099e+00  4.096e-02  1.000e-09  1.000e-09  1.0000  4.050e-03  0.000e+00  1.094e+00  6.026e-03  1.310e-02  3.652e-02  4.360e-02
  44  3.891e+01  3.896e+01  9.185e-01  7.665e-02  1.000e-09  1.000e-09  1.0000  1.098e-02  0.000e+00  9.075e-01  4.090e-02  4.007e-02  5.048e-02  4.964e-02
  45  3.891e+01  3.891e+01  3.384e-02  2.524e-03  1.000e-09  1.000e-09  1.0000  7.197e-03  0.000e+00  2.665e-02  1.438e-03  1.421e-03  2.496e-02  2.495e-02
  46  3.891e+01  3.891e+01  6.375e-03  1.920e-04  1.000e-09  1.000e-09  1.0000  1.985e-03  0.000e+00  4.389e-03  5.151e-05 -8.034e-06  4.168e-04  3.572e-04
  47  3.891e+01  3.891e+01  5.513e-03  2.697e-04  1.000e-09  1.000e-09  0.5000  1.719e-03  0.000e+00  3.794e-03  9.214e-05  6.145e-05  1.017e-04  8.055e-05
  48  3.891e+01  3.891e+01  8.278e-05  7.264e-05  1.000e-08  1.000e-08  1.0000  3.787e-05  0.000e+00  4.491e-05 -7.453e-05 -7.542e-05 -1.435e-05 -1.524e-05
step integration (guess):  0.01
step integration (optimal):  0.023953947548714813
Target state: [1. 0. 1. 0. 0. 0.]
Terminal state: [ 1. -0.  1. -0. -0.  0.]
