*** SOLVE (FeasShoot) ***
iter    cost       merit      stop      |grad|      preg       dreg      step   ||ffeas||  ||gfeas||  ||hfeas||   dV-exp       dV      dPhi-exp     dPhi
   0  1.087e+01  1.148e+01  1.106e-01  5.794e+00  1.000e-09  1.000e-09  1.0000  0.000e+00  0.000e+00  1.106e-01  8.074e-01  1.326e+00  1.352e+00  1.871e+00
   1  1.314e+01  1.325e+01  1.537e-01  1.586e+00  1.000e-09  1.000e-09  1.0000  0.000e+00  0.000e+00  4.050e-02 -2.172e+00 -2.267e+00 -1.980e+00 -2.074e+00
   2  1.242e+01  1.252e+01  5.326e-02  8.394e-01  1.000e-09  1.000e-09  1.0000  0.000e+00  0.000e+00  4.203e-03  7.145e-01  7.213e-01  1.629e+00  1.636e+00
   3  1.244e+01  1.246e+01  1.934e-03  3.679e-02  1.000e-09  1.000e-09  1.0000  0.000e+00  0.000e+00  1.275e-03 -2.600e-02 -2.458e-02  1.090e-02  1.232e-02
   4  1.246e+01  1.246e+01  1.482e-03  7.033e-03  1.000e-09  1.000e-09  1.0000  0.000e+00  0.000e+00  2.684e-04 -1.995e-02 -2.183e-02 -1.361e-02 -1.548e-02
   5  1.246e+01  1.246e+01  1.007e-04  3.393e-03  1.000e-09  1.000e-09  1.0000  0.000e+00  0.000e+00  1.007e-04 -6.706e-04 -1.038e-03 -1.423e-04 -5.099e-04
   6  1.246e+01  1.246e+01  5.134e-05  4.208e-04  1.000e-09  1.000e-09  1.0000  0.000e+00  0.000e+00  2.706e-05 -6.913e-04 -8.132e-04 -5.753e-04 -6.972e-04
*** SOLVE (MultiShoot) ***
iter    cost       merit      stop      |grad|      preg       dreg      step   ||ffeas||  ||gfeas||  ||hfeas||   dV-exp       dV      dPhi-exp     dPhi
   0  1.038e+01  1.142e+01  1.899e-01  5.794e+00  1.000e-09  1.000e-09  1.0000  5.616e-03  0.000e+00  1.843e-01  8.074e-01  1.821e+00  9.166e-01  1.931e+00
   1  1.261e+01  1.266e+01  1.612e-01  1.605e+00  1.000e-09  1.000e-09  1.0000  1.153e-03  0.000e+00  1.603e-02 -2.194e+00 -2.234e+00 -1.719e+00 -1.759e+00
   2  1.246e+01  1.246e+01  1.058e-02  1.852e-01  1.000e-09  1.000e-09  1.0000  3.179e-05  0.000e+00  2.541e-04  1.423e-01  1.495e-01  3.423e-01  3.494e-01
   3  1.246e+01  1.246e+01  3.459e-04  2.938e-03  1.000e-09  1.000e-09  1.0000  4.650e-06  0.000e+00  2.302e-07 -4.658e-03 -4.422e-03 -2.995e-03 -2.759e-03
   4  1.246e+01  1.246e+01  2.039e-06  1.246e-04  1.000e-09  1.000e-09  1.0000  6.668e-07  0.000e+00  4.209e-14 -2.746e-05 -2.029e-05 -1.499e-05 -7.818e-06
*** SOLVE (HybridShoot: 33) ***
iter    cost       merit      stop      |grad|      preg       dreg      step   ||ffeas||  ||gfeas||  ||hfeas||   dV-exp       dV      dPhi-exp     dPhi
   0  1.059e+01  1.228e+01  3.072e-01  5.794e+00  1.000e-09  1.000e-09  1.0000  1.229e-01  0.000e+00  1.843e-01  8.074e-01  1.610e+00  2.716e-01  1.074e+00
   1  1.265e+01  1.277e+01  1.467e-01  1.453e+00  1.000e-09  1.000e-09  1.0000  2.499e-02  0.000e+00  1.603e-02 -2.002e+00 -2.065e+00 -1.271e+00 -1.333e+00
   2  1.246e+01  1.247e+01  1.383e-02  2.275e-01  1.000e-09  1.000e-09  1.0000  6.055e-04  0.000e+00  2.541e-04  1.861e-01  1.926e-01  4.465e-01  4.529e-01
   3  1.246e+01  1.246e+01  3.689e-04  3.735e-03  1.000e-09  1.000e-09  1.0000  3.435e-05  0.000e+00  2.302e-07 -4.967e-03 -4.793e-03 -2.293e-03 -2.119e-03
   4  1.246e+01  1.246e+01  5.050e-06  1.280e-04  1.000e-09  1.000e-09  1.0000  5.050e-06  0.000e+00  5.747e-14  2.480e-05  3.160e-05  7.266e-05  7.946e-05
step integration (guess):  0.01
step integration (optimal):  0.009220552545952039
Target end-effector pose:
   position: [0.6 0.2 0.5]
   quaternion: [0. 0. 0. 1.]
Terminal end-effector pose:
   position: [0.6 0.2 0.5]
   quaternion: [-2.87002669e-14  2.26772771e-15 -1.59096939e-14  1.00000000e+00]
