*** SOLVE (FeasShoot) ***
iter    cost       merit      stop      |grad|      preg       dreg      step   ||ffeas||  ||gfeas||  ||hfeas||   dV-exp       dV      dPhi-exp     dPhi
   0  1.368e+02  4.926e+02  2.334e+00  6.680e+02  1.000e-01  1.000e-01  1.0000  0.000e+00  0.000e+00  5.223e-01  3.215e+02  5.475e+02  4.249e+02  6.510e+02
   1  1.360e+02  2.094e+02  2.434e-01  1.494e+02  2.000e-02  2.000e-02  1.0000  0.000e+00  0.000e+00  2.156e-01  3.334e+01  7.745e-01  1.378e+02  1.053e+02
   2  2.024e+02  2.210e+02  5.284e-01  1.019e+02  4.000e-01  4.000e-01  1.0000  0.000e+00  0.000e+00  1.090e-01 -1.075e+02 -6.642e+01 -8.933e+01 -4.827e+01
   3  1.095e+03  1.107e+03  3.334e-01  1.820e+02  8.000e-01  8.000e-01  1.0000  0.000e+00  0.000e+00  1.342e-01 -3.655e+02 -8.931e+02 -3.677e+02 -8.952e+02
   4  7.469e+02  1.196e+03  5.815e-01  7.784e+02  1.600e-01  1.600e-01  1.0000  0.000e+00  0.000e+00  9.691e-02  4.349e+02  3.485e+02  6.075e+02  5.211e+02
   5  4.914e+02  5.172e+02  5.423e-01  3.432e+02  3.200e-01  3.200e-01  1.0000  0.000e+00  0.000e+00  6.566e-03  2.670e+02  2.556e+02  6.226e+02  6.112e+02
   6  3.561e+02  5.416e+02  3.892e-01  1.500e+02  6.400e-02  6.400e-02  1.0000  0.000e+00  0.000e+00  6.134e-03  1.390e+02  1.352e+02  1.520e+02  1.483e+02
   7  3.003e+02  3.132e+02  1.827e-01  5.587e+01  1.280e-01  1.280e-01  1.0000  0.000e+00  0.000e+00  8.570e-04  5.505e+01  5.586e+01  1.348e+02  1.356e+02
   8  2.791e+02  2.961e+02  7.220e-02  2.047e+01  2.560e-01  2.560e-01  1.0000  0.000e+00  0.000e+00  5.047e-04  2.022e+01  2.119e+01  3.209e+01  3.307e+01
   9  2.683e+02  2.746e+02  3.835e-02  1.040e+01  5.120e-01  5.120e-01  1.0000  0.000e+00  0.000e+00  2.171e-04  1.033e+01  1.080e+01  1.873e+01  1.921e+01
iter    cost       merit      stop      |grad|      preg       dreg      step   ||ffeas||  ||gfeas||  ||hfeas||   dV-exp       dV      dPhi-exp     dPhi
  10  2.653e+02  3.648e+02  1.642e-01  4.452e+01  1.024e-01  1.024e-01  0.0625  4.363e-17  0.000e+00  3.456e-04  2.779e+00  2.922e+00  4.674e-01 -3.407e+01
  11  2.594e+02  3.469e+02  1.757e-01  4.659e+01  1.024e-01  1.024e-01  0.1250  4.657e-17  0.000e+00  4.627e-04  5.811e+00  5.937e+00  3.044e+00 -1.620e+01
  12  2.367e+02  3.152e+02  1.890e-01  4.587e+01  1.024e-01  1.024e-01  0.5000  1.370e-17  0.000e+00  5.660e-04  2.270e+01  2.271e+01  1.553e+01  8.380e+00
  13  2.147e+02  2.453e+02  1.019e-01  2.226e+01  2.048e-01  2.048e-01  1.0000  0.000e+00  0.000e+00  4.407e-04  2.199e+01  2.197e+01  3.069e+01  3.066e+01
  14  2.046e+02  2.157e+02  4.835e-02  9.997e+00  4.096e-01  4.096e-01  1.0000  0.000e+00  0.000e+00  3.193e-04  9.940e+00  1.013e+01  1.415e+01  1.434e+01
  15  1.989e+02  2.905e+02  2.185e-01  4.448e+01  8.192e-02  8.192e-02  0.1250  5.587e-17  0.000e+00  4.684e-04  5.547e+00  5.677e+00  1.903e+00 -2.348e+01
  16  1.877e+02  2.451e+02  2.347e-01  4.517e+01  8.192e-02  8.192e-02  0.2500  2.844e-17  0.000e+00  4.244e-04  1.124e+01  1.118e+01  1.273e+01  1.713e+01
  17  1.772e+02  2.232e+02  1.142e-01  2.052e+01  1.638e-01  1.638e-01  0.5000  3.016e-17  0.000e+00  6.719e-04  1.022e+01  1.052e+01  1.740e+00 -6.438e+00
  18  1.672e+02  1.979e+02  5.595e-02  9.453e+00  3.277e-01  3.277e-01  1.0000  0.000e+00  0.000e+00  8.977e-04  9.411e+00  1.003e+01  1.679e+00  2.297e+00
  19  1.624e+02  1.692e+02  2.743e-02  4.492e+00  6.554e-01  6.554e-01  1.0000  0.000e+00  0.000e+00  3.966e-04  4.482e+00  4.816e+00  1.306e+01  1.340e+01
iter    cost       merit      stop      |grad|      preg       dreg      step   ||ffeas||  ||gfeas||  ||hfeas||   dV-exp       dV      dPhi-exp     dPhi
  20  1.596e+02  2.012e+02  1.326e-01  2.138e+01  1.311e-01  1.311e-01  0.1250  2.587e-17  0.000e+00  5.433e-04  2.672e+00  2.794e+00  1.266e+00 -8.451e+00
  21  1.482e+02  1.739e+02  1.498e-01  2.260e+01  1.311e-01  1.311e-01  0.5000  2.825e-17  0.000e+00  4.377e-04  1.124e+01  1.142e+01  1.434e+01  1.762e+01
  22  1.428e+02  1.671e+02  7.088e-02  1.025e+01  2.621e-01  2.621e-01  0.5000  2.066e-17  0.000e+00  7.306e-04  5.111e+00  5.337e+00  2.391e-01 -4.406e+00
  23  1.377e+02  1.520e+02  3.390e-02  4.714e+00  5.243e-01  5.243e-01  1.0000  0.000e+00  0.000e+00  8.591e-04  4.702e+00  5.117e+00  2.563e+00  2.978e+00
  24  1.362e+02  1.827e+02  1.604e-01  2.219e+01  1.049e-01  1.049e-01  0.0625  3.938e-17  0.000e+00  1.271e-03  1.386e+00  1.498e+00  4.435e-01 -1.358e+01
  25  1.333e+02  1.817e+02  1.622e-01  2.196e+01  1.049e-01  1.049e-01  0.1250  4.453e-17  0.000e+00  1.978e-03  2.743e+00  2.958e+00  5.804e-01 -1.434e+01
  26  1.110e+02  1.528e+02  1.954e-01  2.196e+01  1.049e-01  1.049e-01  1.0000  0.000e+00  0.000e+00  2.645e-03  2.188e+01  2.226e+01  1.135e+01  1.173e+01
  27  1.004e+02  1.270e+02  1.009e-01  1.031e+01  2.097e-01  2.097e-01  1.0000  0.000e+00  0.000e+00  3.373e-03  1.023e+01  1.061e+01  4.472e+00  4.847e+00
  28  9.593e+01  9.700e+01  4.620e-02  4.489e+00  4.194e-01  4.194e-01  1.0000  0.000e+00  0.000e+00  2.720e-04  4.478e+00  4.461e+00  1.673e+01  1.671e+01
  29  9.310e+01  1.079e+02  2.320e-01  2.211e+01  8.389e-02  8.389e-02  0.1250  2.830e-17  0.000e+00  1.289e-04  2.759e+00  2.831e+00  4.810e+00  1.924e+01
iter    cost       merit      stop      |grad|      preg       dreg      step   ||ffeas||  ||gfeas||  ||hfeas||   dV-exp       dV      dPhi-exp     dPhi
  30  9.035e+01  1.058e+02  2.380e-01  2.209e+01  8.389e-02  8.389e-02  0.1250  2.403e-17  0.000e+00  6.394e-05  2.756e+00  2.745e+00  4.714e+00  1.840e+01
  31  7.039e+01  1.908e+03  2.848e-01  2.053e+01  8.389e-02  8.389e-02  1.0000  0.000e+00  0.000e+00  4.045e-03  2.034e+01  1.996e+01 -1.788e+03 -1.789e+03
  32  6.195e+01  4.910e+02  1.305e-01  8.221e+00  1.678e-01  1.678e-01  1.0000  0.000e+00  0.000e+00  1.889e-03  8.218e+00  8.438e+00  4.980e+02  4.983e+02
  33  5.827e+01  1.611e+02  6.168e-02  3.680e+00  3.355e-01  3.355e-01  1.0000  0.000e+00  0.000e+00  9.056e-04  3.656e+00  3.681e+00  1.153e+02  1.153e+02
  34  5.656e+01  1.074e+02  2.804e-02  1.614e+00  6.711e-01  6.711e-01  1.0000  0.000e+00  0.000e+00  8.953e-04  1.614e+00  1.714e+00  2.200e+00  2.300e+00
  35  5.237e+01  7.854e+01  1.581e-01  8.543e+00  1.342e-01  1.342e-01  0.5000  1.372e-17  0.000e+00  9.216e-04  4.246e+00  4.190e+00  3.872e+00  3.443e+00
  36  4.852e+01  5.482e+01  7.658e-02  3.805e+00  2.684e-01  2.684e-01  1.0000  0.000e+00  0.000e+00  4.438e-04  3.793e+00  3.844e+00  1.058e+01  1.063e+01
  37  4.675e+01  4.996e+01  3.591e-02  1.719e+00  5.369e-01  5.369e-01  1.0000  0.000e+00  0.000e+00  4.517e-04  1.715e+00  1.774e+00  1.659e+00  1.718e+00
  38  4.647e+01  6.351e+01  1.751e-01  8.371e+00  1.074e-01  1.074e-01  0.0312  2.677e-17  0.000e+00  6.484e-04  2.615e-01  2.825e-01  9.995e-02 -4.888e+00
  39  4.435e+01  6.047e+01  1.809e-01  8.307e+00  1.074e-01  1.074e-01  0.2500  2.784e-17  0.000e+00  8.919e-04  2.070e+00  2.118e+00  9.700e-01 -2.284e+00
iter    cost       merit      stop      |grad|      preg       dreg      step   ||ffeas||  ||gfeas||  ||hfeas||   dV-exp       dV      dPhi-exp     dPhi
  40  4.421e+01  5.451e+01  8.839e-02  4.019e+00  2.147e-01  2.147e-01  0.0312  3.607e-17  0.000e+00  1.140e-03  1.256e-01  1.390e-01  5.546e-02 -2.104e+00
  41  4.319e+01  5.167e+01  8.682e-02  3.851e+00  2.147e-01  2.147e-01  0.2500  4.738e-17  0.000e+00  1.763e-03  9.618e-01  1.021e+00  2.128e-01 -1.975e+00
  42  4.131e+01  4.177e+01  4.399e-02  1.869e+00  4.295e-01  4.295e-01  1.0000  0.000e+00  0.000e+00  1.924e-04  1.861e+00  1.883e+00  5.637e+00  5.659e+00
  43  4.123e+01  6.009e+01  2.108e-01  8.963e+00  8.590e-02  8.590e-02  0.0078  5.476e-17  0.000e+00  2.853e-04  7.002e-02  7.353e-02  2.206e-02 -6.065e+00
  44  4.094e+01  5.895e+01  2.171e-01  9.224e+00  8.590e-02  8.590e-02  0.0312  5.806e-17  0.000e+00  3.951e-04  2.881e-01  2.928e-01  1.317e-01 -4.712e+00
  45  4.087e+01  5.890e+01  2.109e-01  8.915e+00  8.590e-02  8.590e-02  0.0078  4.361e-17  0.000e+00  5.650e-04  6.964e-02  7.458e-02  2.726e-02 -5.350e+00
  46  4.071e+01  6.004e+01  2.131e-01  8.931e+00  8.590e-02  8.590e-02  0.0156  4.370e-17  0.000e+00  8.596e-04  1.395e-01  1.514e-01  3.607e-02 -6.471e+00
  47  4.042e+01  5.887e+01  2.159e-01  9.027e+00  8.590e-02  8.590e-02  0.0312  5.015e-17  0.000e+00  1.241e-03  2.820e-01  2.928e-01  1.047e-01 -5.380e+00
  48  3.985e+01  5.708e+01  2.104e-01  8.619e+00  8.590e-02  8.590e-02  0.0625  4.334e-17  0.000e+00  1.743e-03  5.386e-01  5.757e-01  2.283e-01 -4.389e+00
  49  3.562e+01  5.370e+01  2.246e-01  8.306e+00  8.590e-02  8.590e-02  0.5000  3.697e-17  0.000e+00  2.683e-03  4.132e+00  4.228e+00  9.666e-01 -2.103e+00
iter    cost       merit      stop      |grad|      preg       dreg      step   ||ffeas||  ||gfeas||  ||hfeas||   dV-exp       dV      dPhi-exp     dPhi
  50  3.511e+01  4.623e+01  1.059e-01  3.860e+00  1.718e-01  1.718e-01  0.1250  3.932e-17  0.000e+00  3.299e-03  4.820e-01  5.037e-01  2.222e-01 -1.574e+00
  51  3.170e+01  3.569e+01  1.043e-01  3.430e+00  1.718e-01  1.718e-01  1.0000  0.000e+00  0.000e+00  2.366e-03  3.409e+00  3.413e+00  4.983e+00  4.986e+00
  52  2.791e+01  3.756e+01  5.164e-01  1.529e+01  3.436e-02  3.436e-02  0.2500  2.341e-17  0.000e+00  1.070e-03  3.800e+00  3.791e+00  6.720e+00  1.547e+01
  53  2.710e+01  3.701e+01  2.222e-01  6.387e+00  6.872e-02  6.872e-02  0.1250  5.261e-17  0.000e+00  1.189e-03  7.962e-01  8.122e-01  6.723e-01 -1.785e-01
  54  2.699e+01  3.929e+01  2.253e-01  6.433e+00  6.872e-02  6.872e-02  0.0156  6.405e-17  0.000e+00  1.623e-03  1.005e-01  1.051e-01  4.912e-02 -3.182e+00
  55  2.679e+01  3.879e+01  2.185e-01  6.218e+00  6.872e-02  6.872e-02  0.0312  6.100e-17  0.000e+00  2.245e-03  1.942e-01  2.015e-01  9.029e-02 -3.122e+00
  56  2.638e+01  4.049e+01  2.245e-01  6.310e+00  6.872e-02  6.872e-02  0.0625  5.197e-17  0.000e+00  3.606e-03  3.937e-01  4.097e-01  6.089e-02 -4.916e+00
  57  2.496e+01  3.302e+01  2.127e-01  5.606e+00  6.872e-02  6.872e-02  0.2500  4.084e-17  0.000e+00  3.685e-03  1.396e+00  1.420e+00  1.353e+00  1.246e+00
  58  2.421e+01  6.779e+01  8.846e-01  2.365e+01  1.374e-02  1.374e-02  0.0312  6.511e-17  0.000e+00  5.040e-03  7.378e-01  7.496e-01  3.717e-01 -1.097e+01
  59  2.386e+01  6.526e+01  8.158e-01  2.178e+01  1.374e-02  1.374e-02  0.0156  3.816e-17  0.000e+00  7.201e-03  3.400e-01  3.501e-01  1.459e-01 -1.207e+01
iter    cost       merit      stop      |grad|      preg       dreg      step   ||ffeas||  ||gfeas||  ||hfeas||   dV-exp       dV      dPhi-exp     dPhi
  60  2.320e+01  6.430e+01  8.141e-01  2.089e+01  1.374e-02  1.374e-02  0.0312  4.923e-17  0.000e+00  1.052e-02  6.516e-01  6.650e-01  2.467e-01 -1.229e+01
  61  2.259e+01  5.731e+01  7.508e-01  1.905e+01  1.374e-02  1.374e-02  0.0312  7.543e-17  0.000e+00  1.443e-02  5.940e-01  6.092e-01  2.996e-01 -8.814e+00
  62  1.826e+01  3.823e+01  8.412e-01  1.743e+01  1.374e-02  1.374e-02  0.2500  5.682e-17  0.000e+00  1.245e-02  4.282e+00  4.326e+00  5.076e+00  7.504e+00
  63  1.764e+01  5.252e+01  7.365e-01  1.929e+01  2.749e-03  2.749e-03  0.0312  4.340e-17  0.000e+00  2.214e-02  5.974e-01  6.176e-01  1.204e-01 -1.465e+01
  64  1.660e+01  4.520e+01  6.606e-01  1.658e+01  2.749e-03  2.749e-03  0.0625  3.622e-17  0.000e+00  3.631e-02  1.017e+00  1.045e+00  3.194e-01 -1.012e+01
  65  1.386e+01  3.515e+01  5.581e-01  1.213e+01  2.749e-03  2.749e-03  0.2500  3.256e-17  0.000e+00  5.407e-02  2.792e+00  2.743e+00  1.043e+00 -4.251e+00
  66  1.712e+01  2.398e+01  6.384e-02  2.810e+00  5.498e-04  5.498e-04  1.0000  0.000e+00  0.000e+00  3.486e-02  1.157e+00 -3.264e+00  4.941e+00  5.196e-01
  67  1.318e+01  1.593e+01  3.641e-01  9.763e+00  1.100e-04  1.100e-04  0.5000  2.057e-17  0.000e+00  1.300e-02  3.731e+00  3.944e+00  6.043e+00  8.568e+00
  68  1.235e+01  1.369e+01  5.772e-02  1.447e+00  2.199e-05  2.199e-05  1.0000  0.000e+00  0.000e+00  1.267e-02  7.706e-01  8.257e-01  8.058e-01  8.609e-01
  69  1.246e+01  1.264e+01  8.037e-03  6.822e-02  4.398e-06  4.398e-06  1.0000  0.000e+00  0.000e+00  3.283e-03 -1.082e-01 -1.150e-01  3.881e-01  3.812e-01
iter    cost       merit      stop      |grad|      preg       dreg      step   ||ffeas||  ||gfeas||  ||hfeas||   dV-exp       dV      dPhi-exp     dPhi
  70  1.253e+01  1.258e+01  5.443e-03  5.949e-02  8.796e-07  8.796e-07  1.0000  0.000e+00  0.000e+00  1.612e-03 -7.366e-02 -6.900e-02 -2.945e-02 -2.479e-02
  71  1.246e+01  1.251e+01  4.502e-03  7.421e-02  1.759e-07  1.759e-07  1.0000  0.000e+00  0.000e+00  8.615e-04  6.060e-02  7.395e-02  1.009e-01  1.142e-01
  72  1.247e+01  1.248e+01  5.754e-04  9.324e-03  3.518e-08  3.518e-08  1.0000  0.000e+00  0.000e+00  5.754e-04  1.930e-03 -6.139e-03  9.614e-03  1.546e-03
  73  1.248e+01  1.248e+01  7.181e-04  9.374e-03  7.037e-09  7.037e-09  1.0000  0.000e+00  0.000e+00  8.580e-05 -9.677e-03 -1.006e-02 -3.102e-03 -3.484e-03
  74  1.247e+01  1.248e+01  2.605e-04  8.031e-03  1.407e-09  1.407e-09  1.0000  0.000e+00  0.000e+00  2.605e-04  3.223e-03  7.522e-03 -6.151e-03 -1.852e-03
  75  1.246e+01  1.250e+01  1.562e-03  3.911e-02  1.000e-09  1.000e-09  0.2500  2.078e-17  0.000e+00  2.729e-04  8.648e-03  4.096e-03  8.290e-03  2.666e-03
  76  1.246e+01  1.252e+01  1.222e-03  3.802e-02  1.000e-09  1.000e-09  0.2500  2.071e-17  0.000e+00  6.166e-04  8.157e-03  1.450e-03  7.547e-04 -2.816e-02
  77  1.248e+01  1.248e+01  1.071e-03  1.431e-02  1.000e-09  1.000e-09  1.0000  0.000e+00  0.000e+00  1.185e-04 -1.444e-02 -1.344e-02  7.018e-03  8.014e-03
  78  1.248e+01  1.248e+01  3.233e-04  6.950e-03  1.000e-09  1.000e-09  0.2500  3.585e-17  0.000e+00  6.570e-05  1.575e-03 -2.869e-04  2.269e-03  2.487e-03
  79  1.248e+01  1.249e+01  3.672e-04  2.194e-03  1.000e-09  1.000e-09  1.0000  0.000e+00  0.000e+00  3.672e-04  4.241e-04 -6.294e-03 -7.492e-03 -1.421e-02
iter    cost       merit      stop      |grad|      preg       dreg      step   ||ffeas||  ||gfeas||  ||hfeas||   dV-exp       dV      dPhi-exp     dPhi
  80  1.248e+01  1.249e+01  4.499e-04  2.431e-03  1.000e-09  1.000e-09  1.0000  0.000e+00  0.000e+00  3.620e-04 -6.066e-03  3.402e-04 -5.998e-03  4.086e-04
  81  1.248e+01  1.250e+01  9.866e-04  1.701e-02  1.000e-09  1.000e-09  0.5000  2.015e-17  0.000e+00  4.218e-04  7.578e-03  1.894e-03  6.008e-03 -1.246e-03
  82  1.247e+01  1.248e+01  5.143e-04  1.423e-02  1.000e-09  1.000e-09  1.0000  0.000e+00  0.000e+00  4.142e-04  6.927e-03  1.195e-02  7.128e-03  1.215e-02
  83  1.247e+01  1.249e+01  8.474e-04  1.940e-02  1.000e-09  1.000e-09  0.5000  2.169e-17  0.000e+00  6.073e-04  7.702e-03  1.828e-03  3.901e-03 -5.774e-03
  84  1.247e+01  1.247e+01  2.407e-04  3.234e-03  1.000e-09  1.000e-09  1.0000  0.000e+00  0.000e+00  6.806e-06 -3.242e-03 -3.109e-03  8.576e-03  8.709e-03
  85  1.247e+01  1.275e+01  4.795e-04  5.266e-03  1.000e-09  1.000e-09  1.0000  0.000e+00  0.000e+00  4.795e-04  2.737e-03 -3.429e-03 -2.688e-01 -2.750e-01
  86  1.249e+01  1.263e+01  5.094e-04  3.275e-03  1.000e-09  1.000e-09  1.0000  0.000e+00  0.000e+00  5.094e-04 -6.245e-03 -1.454e-02 -1.483e-02 -2.313e-02
  87  1.248e+01  1.255e+01  6.137e-04  3.258e-02  1.000e-09  1.000e-09  0.1250  2.555e-17  0.000e+00  4.951e-04  3.693e-03  4.844e-03  3.950e-03  6.901e-03
  88  1.247e+01  1.257e+01  1.373e-03  1.232e-02  1.000e-09  1.000e-09  1.0000  0.000e+00  0.000e+00  1.373e-03  2.740e-04  1.546e-02 -6.280e-02 -4.761e-02
  89  1.247e+01  1.250e+01  9.355e-04  2.305e-02  1.000e-09  1.000e-09  1.0000  0.000e+00  0.000e+00  9.355e-04  1.219e-02 -1.045e-03  2.791e-02  1.468e-02
iter    cost       merit      stop      |grad|      preg       dreg      step   ||ffeas||  ||gfeas||  ||hfeas||   dV-exp       dV      dPhi-exp     dPhi
  90  1.249e+01  1.250e+01  1.567e-03  2.044e-02  1.000e-09  1.000e-09  1.0000  0.000e+00  0.000e+00  2.273e-04 -2.113e-02 -2.261e-02 -8.421e-03 -9.896e-03
  91  1.249e+01  1.250e+01  4.259e-04  1.442e-02  1.000e-09  1.000e-09  0.2500  4.427e-17  0.000e+00  4.259e-04  2.989e-03  6.111e-03  1.568e-03  4.245e-04
  92  1.248e+01  1.251e+01  9.773e-04  1.791e-02  1.000e-09  1.000e-09  0.2500  4.498e-17  0.000e+00  9.773e-04  3.878e-03  6.526e-03  3.337e-05 -8.854e-03
  93  1.248e+01  1.249e+01  4.343e-04  1.154e-02  1.000e-09  1.000e-09  0.5000  3.353e-17  0.000e+00  3.971e-04  4.349e-03 -2.657e-03  8.395e-03  5.435e-03
  94  1.247e+01  1.249e+01  1.961e-03  6.467e-04  1.000e-09  1.000e-09  1.0000  0.000e+00  0.000e+00  1.961e-03 -5.389e-03  6.895e-03 -1.629e-02 -4.010e-03
  95  1.247e+01  1.249e+01  2.654e-03  6.791e-02  1.000e-09  1.000e-09  0.2500  2.562e-17  0.000e+00  4.603e-04  1.497e-02  1.581e-03  2.474e-02  4.067e-02
  96  1.248e+01  1.249e+01  6.493e-04  8.308e-03  1.000e-09  1.000e-09  1.0000  0.000e+00  0.000e+00  3.117e-04 -8.755e-03 -1.128e-02 -6.820e-03 -9.343e-03
  97  1.250e+01  1.250e+01  3.152e-04  2.208e-03  1.000e-09  1.000e-09  1.0000  0.000e+00  0.000e+00  3.152e-04 -3.645e-03 -1.134e-02 -3.667e-03 -1.137e-02
  98  1.247e+01  1.249e+01  1.492e-03  5.032e-02  1.000e-09  1.000e-09  0.5000  2.019e-17  0.000e+00  1.553e-04  1.761e-02  2.286e-02  2.489e-02  3.743e-02
  99  1.247e+01  1.249e+01  8.232e-04  2.303e-02  1.000e-09  1.000e-09  0.0625  3.825e-17  0.000e+00  1.502e-04  1.393e-03 -1.890e-04  1.425e-03  3.343e-04
iter    cost       merit      stop      |grad|      preg       dreg      step   ||ffeas||  ||gfeas||  ||hfeas||   dV-exp       dV      dPhi-exp     dPhi
 100  1.247e+01  1.250e+01  1.361e-03  3.892e-02  1.000e-09  1.000e-09  0.0078  7.689e-17  0.000e+00  1.601e-04  3.028e-04  1.376e-05  2.894e-04 -1.710e-03
 101  1.248e+01  1.248e+01  1.701e-04  2.132e-03  1.000e-09  1.000e-09  1.0000  0.000e+00  0.000e+00  3.457e-05 -2.292e-03 -2.593e-03  8.653e-03  8.353e-03
 102  1.247e+01  1.249e+01  2.587e-04  6.226e-05  1.000e-09  1.000e-09  1.0000  0.000e+00  0.000e+00  2.587e-04 -2.541e-04  1.478e-03 -1.003e-02 -8.296e-03
 103  1.247e+01  1.248e+01  1.758e-04  3.335e-03  1.000e-09  1.000e-09  0.5000  2.242e-17  0.000e+00  8.327e-05  1.426e-03 -5.897e-04  3.339e-03  3.236e-03
 104  1.247e+01  1.249e+01  3.715e-04  7.412e-03  1.000e-09  1.000e-09  1.0000  0.000e+00  0.000e+00  3.715e-04  2.831e-03  5.382e-03 -1.117e-02 -8.616e-03
 105  1.247e+01  1.248e+01  6.338e-04  1.320e-02  1.000e-09  1.000e-09  0.5000  1.384e-17  0.000e+00  3.805e-04  5.435e-03  3.177e-03  5.286e-03  2.880e-03
 106  1.247e+01  1.247e+01  1.728e-04  4.822e-04  1.000e-09  1.000e-09  0.5000  2.777e-17  0.000e+00  1.728e-04 -1.712e-04 -3.010e-03  1.533e-03  3.983e-04
 107  1.246e+01  1.247e+01  3.642e-04  1.332e-02  1.000e-09  1.000e-09  1.0000  0.000e+00  0.000e+00  2.504e-04  4.903e-03  6.618e-03  1.757e-03  3.472e-03
 108  1.246e+01  1.252e+01  1.469e-03  4.272e-02  1.000e-09  1.000e-09  0.2500  3.805e-17  0.000e+00  5.215e-04  9.246e-03  4.473e-03  1.600e-03 -2.611e-02
 109  1.245e+01  1.250e+01  1.532e-03  4.863e-02  1.000e-09  1.000e-09  0.2500  3.609e-17  0.000e+00  8.250e-04  1.041e-02  4.503e-03  6.125e-03 -1.262e-02
iter    cost       merit      stop      |grad|      preg       dreg      step   ||ffeas||  ||gfeas||  ||hfeas||   dV-exp       dV      dPhi-exp     dPhi
 110  1.245e+01  1.250e+01  8.250e-04  3.532e-02  1.000e-09  1.000e-09  0.0020  3.265e-17  0.000e+00  8.250e-04  6.888e-05 -2.059e-06  6.878e-05 -5.535e-05
 111  1.248e+01  1.249e+01  1.122e-03  9.886e-03  1.000e-08  1.000e-08  1.0000  0.000e+00  0.000e+00  1.122e-03 -1.319e-02 -2.222e-02 -1.737e-02 -2.640e-02
 112  1.249e+01  1.249e+01  7.720e-04  5.131e-03  2.000e-09  2.000e-09  1.0000  0.000e+00  0.000e+00  7.720e-04 -6.708e-03 -1.291e-02 -4.242e-03 -1.044e-02
 113  1.248e+01  1.248e+01  1.631e-03  6.070e-03  1.000e-09  1.000e-09  1.0000  0.000e+00  0.000e+00  1.631e-03 -1.944e-03  1.036e-02 -4.975e-03  7.333e-03
 114  1.248e+01  1.249e+01  1.172e-03  2.331e-02  1.000e-09  1.000e-09  1.0000  0.000e+00  0.000e+00  7.505e-04  1.579e-02  2.171e-03  2.797e-02  1.435e-02
 115  1.249e+01  1.249e+01  1.220e-03  1.334e-02  1.000e-09  1.000e-09  1.0000  0.000e+00  0.000e+00  8.521e-04 -1.646e-02 -1.250e-02 -1.716e-02 -1.321e-02
 116  1.248e+01  1.251e+01  1.114e-03  1.754e-02  1.000e-09  1.000e-09  1.0000  0.000e+00  0.000e+00  9.572e-04  1.503e-02  4.699e-03  1.238e-02  2.052e-03
 117  1.249e+01  1.249e+01  6.554e-04  8.750e-03  1.000e-09  1.000e-09  1.0000  0.000e+00  0.000e+00  5.405e-05 -8.843e-03 -8.641e-03  2.533e-03  2.735e-03
 118  1.249e+01  1.250e+01  1.405e-04  7.501e-04  1.000e-09  1.000e-09  1.0000  0.000e+00  0.000e+00  1.405e-04  6.259e-04 -1.866e-03 -8.046e-04 -3.296e-03
 119  1.249e+01  1.249e+01  2.359e-04  8.753e-03  1.000e-09  1.000e-09  0.5000  2.379e-17  0.000e+00  1.863e-04  2.984e-03  6.896e-03  2.243e-03  5.414e-03
iter    cost       merit      stop      |grad|      preg       dreg      step   ||ffeas||  ||gfeas||  ||hfeas||   dV-exp       dV      dPhi-exp     dPhi
 120  1.249e+01  1.249e+01  8.268e-04  1.693e-02  1.000e-09  1.000e-09  0.0020  4.486e-17  0.000e+00  1.863e-04  3.305e-05 -1.444e-06  3.282e-05 -1.170e-04
 121  1.249e+01  1.249e+01  1.438e-03  3.339e-02  1.000e-08  1.000e-08  0.0020  4.486e-17  0.000e+00  1.863e-04  6.516e-05 -1.924e-06  6.368e-05 -7.598e-04
 122  1.248e+01  1.250e+01  4.890e-04  7.910e-03  1.000e-07  1.000e-07  0.5000  2.243e-17  0.000e+00  2.053e-04  3.625e-03  5.891e-03  2.919e-03  4.478e-03
 123  1.248e+01  1.248e+01  3.551e-04  4.885e-03  2.000e-08  2.000e-08  1.0000  0.000e+00  0.000e+00  5.244e-05  4.785e-03  5.740e-03  1.047e-02  1.142e-02
 124  1.247e+01  1.248e+01  6.269e-05  9.177e-04  4.000e-09  4.000e-09  1.0000  0.000e+00  0.000e+00  3.648e-05  8.447e-04  1.728e-03  1.212e-03  2.096e-03
*** SOLVE (MultiShoot) ***
iter    cost       merit      stop      |grad|      preg       dreg      step   ||ffeas||  ||gfeas||  ||hfeas||   dV-exp       dV      dPhi-exp     dPhi
   0  2.002e+02  6.457e+02  1.622e+00  6.540e+02  1.000e-01  1.000e-01  1.0000  4.603e-01  0.000e+00  1.843e-01  3.262e+02  4.841e+02  3.467e+02  5.046e+02
   1  2.065e+02  2.678e+02  1.771e-01  1.091e+02  2.000e-01  2.000e-01  1.0000  1.611e-01  0.000e+00  1.603e-02 -2.682e+01 -6.380e+00  1.347e+02  1.552e+02
   2  2.366e+03  2.416e+03  2.247e+00  5.402e+01  4.000e+00  4.000e+00  0.5000  2.805e-01  0.000e+00  7.974e-03 -1.316e+03 -2.160e+03 -1.326e+03 -2.179e+03
   3  9.298e+02  2.396e+03  1.796e+00  2.315e+03  8.000e+00  8.000e+00  1.0000  1.770e-01  0.000e+00  7.161e-05  1.672e+03  1.436e+03  2.594e+03  2.358e+03
   4  5.451e+02  6.584e+02  7.115e-01  5.664e+02  1.600e+00  1.600e+00  1.0000  2.737e-02  0.000e+00  1.598e-08  3.886e+02  3.847e+02  1.008e+03  1.004e+03
   5  1.916e+02  7.091e+02  1.717e+00  4.623e+02  3.200e-01  3.200e-01  1.0000  2.998e-02  0.000e+00  1.200e-13  3.307e+02  3.535e+02  2.858e+02  3.085e+02
   6  9.139e+01  3.719e+02  8.505e-01  1.192e+02  6.400e-02  6.400e-02  1.0000  3.250e-02  0.000e+00  5.460e-12  7.858e+01  1.002e+02  5.681e+01  7.848e+01
   7  9.884e+01  1.297e+02  9.064e-02  4.034e+00  1.280e-01  1.280e-01  1.0000  7.143e-03  0.000e+00  2.936e-12 -9.050e+00 -7.452e+00  1.004e+02  1.020e+02
   8  9.032e+01  9.789e+01  9.396e-02  8.685e+00  2.560e-01  2.560e-01  1.0000  3.507e-03  0.000e+00  1.575e-12  8.581e+00  8.523e+00  1.643e+01  1.637e+01
   9  8.642e+01  8.898e+01  4.485e-02  3.944e+00  5.120e-01  5.120e-01  1.0000  1.598e-03  0.000e+00  5.328e-12  3.921e+00  3.898e+00  6.969e+00  6.946e+00
iter    cost       merit      stop      |grad|      preg       dreg      step   ||ffeas||  ||gfeas||  ||hfeas||   dV-exp       dV      dPhi-exp     dPhi
  10  8.418e+01  1.207e+02  2.079e-01  1.802e+01  1.024e-01  1.024e-01  0.1250  2.306e-03  0.000e+00  1.977e-10  2.248e+00  2.248e+00  8.481e-01 -8.947e+00
  11  7.557e+01  1.152e+02  2.239e-01  1.738e+01  1.024e-01  1.024e-01  0.5000  3.734e-03  0.000e+00  2.145e-10  8.631e+00  8.604e+00  1.045e+00 -6.568e+00
  12  6.764e+01  8.500e+01  1.164e-01  8.089e+00  2.048e-01  2.048e-01  1.0000  3.269e-03  0.000e+00  2.512e-11  7.989e+00  7.932e+00  1.046e+01  1.040e+01
  13  6.394e+01  6.711e+01  5.723e-02  3.742e+00  4.096e-01  4.096e-01  1.0000  1.196e-03  0.000e+00  2.441e-12  3.716e+00  3.701e+00  9.222e+00  9.207e+00
  14  6.193e+01  9.047e+01  2.529e-01  1.605e+01  8.192e-02  8.192e-02  0.1250  1.501e-03  0.000e+00  1.538e-12  2.004e+00  2.005e+00  1.279e+00 -3.798e+00
  15  5.998e+01  8.508e+01  2.518e-01  1.559e+01  8.192e-02  8.192e-02  0.1250  1.717e-03  0.000e+00  8.802e-10  1.945e+00  1.948e+00  1.551e+00 -1.207e+00
  16  5.636e+01  8.542e+01  2.495e-01  1.445e+01  8.192e-02  8.192e-02  0.2500  2.441e-03  0.000e+00  9.411e-10  3.603e+00  3.624e+00  1.449e+00 -4.992e+00
  17  4.908e+01  6.381e+01  1.463e-01  7.424e+00  1.638e-01  1.638e-01  1.0000  2.474e-03  0.000e+00  1.158e-12  7.324e+00  7.284e+00  7.123e+00  7.083e+00
  18  4.613e+01  5.194e+01  6.216e-02  2.932e+00  3.277e-01  3.277e-01  1.0000  1.952e-03  0.000e+00  8.297e-12  2.929e+00  2.950e+00  4.486e+00  4.506e+00
  19  4.266e+01  7.442e+01  3.134e-01  1.385e+01  6.554e-02  6.554e-02  0.2500  3.172e-03  0.000e+00  2.297e-11  3.453e+00  3.467e+00  3.981e-01 -8.750e+00
iter    cost       merit      stop      |grad|      preg       dreg      step   ||ffeas||  ||gfeas||  ||hfeas||   dV-exp       dV      dPhi-exp     dPhi
  20  3.624e+01  5.443e+01  1.706e-01  6.403e+00  1.311e-01  1.311e-01  1.0000  3.633e-03  0.000e+00  2.753e-12  6.353e+00  6.417e+00  4.043e+00  4.107e+00
  21  3.381e+01  3.854e+01  6.861e-02  2.396e+00  2.621e-01  2.621e-01  1.0000  1.890e-03  0.000e+00  3.400e-11  2.388e+00  2.432e+00  6.751e+00  6.794e+00
  22  3.238e+01  5.233e+01  3.394e-01  1.138e+01  5.243e-02  5.243e-02  0.1250  2.330e-03  0.000e+00  2.976e-11  1.422e+00  1.428e+00  9.514e-01 -2.334e+00
  23  2.968e+01  5.422e+01  3.450e-01  1.076e+01  5.243e-02  5.243e-02  0.2500  3.782e-03  0.000e+00  2.238e-11  2.680e+00  2.704e+00  3.235e-01 -6.720e+00
  24  2.485e+01  3.976e+01  1.839e-01  4.803e+00  1.049e-01  1.049e-01  1.0000  4.594e-03  0.000e+00  8.209e-13  4.754e+00  4.828e+00  2.117e+00  2.192e+00
  25  2.271e+01  4.949e+01  6.962e-01  1.700e+01  2.097e-02  2.097e-02  0.1250  5.218e-03  0.000e+00  7.190e-13  2.117e+00  2.141e+00  1.717e+00 -1.063e+00
  26  2.109e+01  4.352e+01  5.540e-01  1.290e+01  2.097e-02  2.097e-02  0.1250  6.697e-03  0.000e+00  6.322e-13  1.602e+00  1.623e+00  9.822e-01 -3.332e+00
  27  1.848e+01  3.303e+01  4.954e-01  1.027e+01  2.097e-02  2.097e-02  0.2500  7.070e-03  0.000e+00  4.984e-13  2.528e+00  2.606e+00  2.336e+00  1.839e+00
  28  1.626e+01  5.407e+01  8.337e-01  1.846e+01  4.194e-03  4.194e-03  0.1250  1.300e-02  0.000e+00  4.395e-13  2.244e+00  2.219e+00  8.733e-02 -1.503e+01
  29  1.458e+01  3.761e+01  3.421e-01  7.346e+00  4.194e-03  4.194e-03  0.2500  1.585e-02  0.000e+00  3.388e-13  1.711e+00  1.684e+00  6.770e-01 -2.450e+00
iter    cost       merit      stop      |grad|      preg       dreg      step   ||ffeas||  ||gfeas||  ||hfeas||   dV-exp       dV      dPhi-exp     dPhi
  30  1.289e+01  2.577e+01  1.843e-01  4.433e+00  8.389e-04  8.389e-04  1.0000  1.772e-02  0.000e+00  1.652e-13  2.560e+00  1.687e+00  1.199e+00  3.262e-01
  31  1.212e+01  1.485e+01  5.084e-02  1.746e+00  1.678e-04  1.678e-04  1.0000  7.524e-03  0.000e+00  3.024e-13  6.668e-01  7.729e-01  4.372e+00  4.478e+00
  32  1.247e+01  1.259e+01  2.797e-02  3.353e-01  3.355e-05  3.355e-05  1.0000  6.268e-04  0.000e+00  1.781e-13 -3.768e-01 -3.572e-01  8.767e-01  8.963e-01
  33  1.246e+01  1.252e+01  9.077e-04  2.624e-02  6.711e-06  6.711e-06  0.5000  5.660e-04  0.000e+00  1.353e-13  9.617e-03  9.424e-03  1.238e-02  1.495e-02
  34  1.249e+01  1.252e+01  1.842e-03  2.014e-02  1.342e-06  1.342e-06  1.0000  6.852e-04  0.000e+00  2.807e-13 -2.484e-02 -2.372e-02 -3.026e-02 -2.914e-02
  35  1.252e+01  1.254e+01  2.091e-03  1.634e-02  2.684e-07  2.684e-07  1.0000  1.106e-03  0.000e+00  1.095e-13 -2.827e-02 -2.977e-02 -3.783e-02 -3.933e-02
  36  1.248e+01  1.249e+01  3.028e-03  4.187e-02  5.369e-08  5.369e-08  1.0000  2.088e-04  0.000e+00  5.475e-14  4.081e-02  4.053e-02  8.811e-02  8.783e-02
  37  1.248e+01  1.249e+01  4.007e-04  2.320e-03  1.074e-08  1.074e-08  1.0000  4.007e-04  0.000e+00  2.772e-14 -4.650e-03 -4.388e-03 -9.707e-03 -9.445e-03
  38  1.250e+01  1.251e+01  1.189e-03  9.287e-03  2.147e-09  2.147e-09  1.0000  8.788e-04  0.000e+00  3.520e-13 -1.604e-02 -1.679e-02 -2.234e-02 -2.309e-02
  39  1.247e+01  1.248e+01  1.819e-03  2.485e-02  1.000e-09  1.000e-09  1.0000  5.005e-05  0.000e+00  7.869e-14  2.451e-02  2.460e-02  5.753e-02  5.761e-02
iter    cost       merit      stop      |grad|      preg       dreg      step   ||ffeas||  ||gfeas||  ||hfeas||   dV-exp       dV      dPhi-exp     dPhi
  40  1.248e+01  1.248e+01  1.177e-04  1.582e-03  1.000e-09  1.000e-09  1.0000  8.608e-06  0.000e+00  3.250e-13 -1.586e-03 -1.587e-03 -7.608e-04 -7.610e-04
  41  1.247e+01  1.350e+01  8.074e-04  1.515e-02  1.000e-09  1.000e-09  1.0000  8.074e-04  0.000e+00  1.617e-13  7.690e-03  8.001e-03 -1.012e+00 -1.012e+00
  42  1.251e+01  1.265e+01  2.962e-03  3.912e-02  1.000e-09  1.000e-09  1.0000  2.229e-04  0.000e+00  9.738e-14 -4.000e-02 -3.926e-02  3.330e-01  3.338e-01
  43  1.249e+01  1.261e+01  2.243e-03  7.400e-02  1.000e-09  1.000e-09  0.2500  3.666e-04  0.000e+00  1.036e-13  1.577e-02  1.602e-02  4.302e-03 -2.984e-02
  44  1.249e+01  1.254e+01  3.046e-04  3.395e-04  1.000e-09  1.000e-09  1.0000  3.046e-04  0.000e+00  2.181e-13 -1.569e-03 -1.606e-03  8.331e-03  8.294e-03
  45  1.248e+01  1.249e+01  8.731e-04  1.210e-02  1.000e-09  1.000e-09  1.0000  1.695e-04  0.000e+00  1.568e-13  1.177e-02  1.195e-02  2.254e-02  2.273e-02
  46  1.248e+01  1.249e+01  4.126e-04  6.887e-03  1.000e-09  1.000e-09  0.5000  1.699e-04  0.000e+00  1.249e-13  3.112e-03  3.098e-03  3.102e-03  3.077e-03
  47  1.248e+01  1.249e+01  3.171e-04  7.715e-04  1.000e-09  1.000e-09  1.0000  3.171e-04  0.000e+00  1.165e-13 -2.391e-03 -2.387e-03 -5.841e-03 -5.837e-03
  48  1.247e+01  1.248e+01  6.832e-04  9.844e-03  1.000e-09  1.000e-09  1.0000  1.897e-04  0.000e+00  2.099e-13  9.203e-03  9.525e-03  1.449e-02  1.481e-02
  49  1.247e+01  1.247e+01  2.135e-04  2.952e-03  1.000e-09  1.000e-09  1.0000  4.626e-05  0.000e+00  6.041e-14  2.876e-03  2.918e-03  5.982e-03  6.024e-03
iter    cost       merit      stop      |grad|      preg       dreg      step   ||ffeas||  ||gfeas||  ||hfeas||   dV-exp       dV      dPhi-exp     dPhi
  50  1.242e+01  1.547e+01  3.592e-03  9.576e-02  1.000e-09  1.000e-09  1.0000  2.053e-03  0.000e+00  1.458e-13  4.819e-02  4.919e-02 -2.938e+00 -2.937e+00
  51  1.255e+01  1.275e+01  1.014e-02  1.339e-01  1.000e-09  1.000e-09  1.0000  2.651e-04  0.000e+00  1.822e-13 -1.374e-01 -1.347e-01  1.193e+00  1.196e+00
  52  1.252e+01  1.273e+01  5.401e-03  1.691e-01  1.000e-09  1.000e-09  0.2500  5.358e-04  0.000e+00  1.812e-13  3.627e-02  3.636e-02  9.652e-03 -7.013e-02
  53  1.251e+01  1.264e+01  1.308e-03  3.795e-02  1.000e-09  1.000e-09  0.2500  6.470e-04  0.000e+00  9.600e-14  8.220e-03  8.373e-03  2.753e-03 -1.349e-02
  54  1.249e+01  1.256e+01  1.070e-03  2.106e-02  1.000e-09  1.000e-09  1.0000  6.765e-04  0.000e+00  8.907e-14  1.444e-02  1.626e-02  1.154e-02  1.336e-02
  55  1.247e+01  1.248e+01  1.476e-03  2.059e-02  1.000e-09  1.000e-09  1.0000  1.981e-04  0.000e+00  2.274e-13  1.988e-02  1.983e-02  4.340e-02  4.335e-02
  56  1.248e+01  1.248e+01  3.176e-04  3.408e-03  1.000e-09  1.000e-09  1.0000  2.924e-04  0.000e+00  8.383e-14 -4.280e-03 -4.122e-03 -6.599e-03 -6.440e-03
  57  1.247e+01  1.251e+01  1.436e-03  4.889e-02  1.000e-09  1.000e-09  0.2500  4.386e-04  0.000e+00  9.258e-14  1.038e-02  1.052e-02  6.921e-03 -3.295e-03
  58  1.245e+01  1.251e+01  1.652e-03  5.248e-02  1.000e-09  1.000e-09  0.5000  8.193e-04  0.000e+00  5.624e-14  1.867e-02  1.838e-02  4.906e-03 -9.159e-03
  59  1.250e+01  1.253e+01  3.634e-03  4.061e-02  1.000e-09  1.000e-09  1.0000  9.609e-04  0.000e+00  5.322e-14 -4.906e-02 -5.068e-02 -5.418e-02 -5.580e-02
iter    cost       merit      stop      |grad|      preg       dreg      step   ||ffeas||  ||gfeas||  ||hfeas||   dV-exp       dV      dPhi-exp     dPhi
  60  1.246e+01  1.253e+01  4.023e-03  8.293e-02  1.000e-09  1.000e-09  0.5000  8.437e-04  0.000e+00  1.874e-13  3.428e-02  3.377e-02  3.899e-02  4.320e-02
  61  1.249e+01  1.253e+01  1.913e-03  1.573e-02  1.000e-09  1.000e-09  1.0000  9.148e-04  0.000e+00  7.678e-14 -2.581e-02 -2.645e-02 -2.868e-02 -2.931e-02
  62  1.247e+01  1.247e+01  1.650e-03  2.307e-02  1.000e-09  1.000e-09  1.0000  7.813e-05  0.000e+00  1.065e-13  2.222e-02  2.281e-02  5.124e-02  5.183e-02
  63  1.246e+01  1.251e+01  5.253e-04  8.189e-03  1.000e-09  1.000e-09  1.0000  5.253e-04  0.000e+00  1.359e-13  4.789e-03  4.966e-03 -3.437e-02 -3.419e-02
  64  1.247e+01  1.251e+01  1.075e-03  7.797e-03  1.000e-09  1.000e-09  1.0000  1.075e-03  0.000e+00  4.827e-14 -3.154e-03 -2.430e-03 -2.722e-02 -2.650e-02
  65  1.247e+01  1.250e+01  1.287e-03  5.004e-02  1.000e-09  1.000e-09  1.0000  1.287e-03  0.000e+00  1.929e-13 -2.269e-03 -7.979e-03 -6.908e-03 -1.262e-02
  66  1.246e+01  1.247e+01  1.439e-03  3.672e-02  1.000e-09  1.000e-09  1.0000  7.219e-04  0.000e+00  1.967e-13  1.936e-02  1.777e-02  3.151e-02  2.991e-02
  67  1.246e+01  1.246e+01  4.088e-04  5.974e-03  1.000e-09  1.000e-09  1.0000  3.392e-05  0.000e+00  3.846e-14 -5.503e-03 -5.819e-03  1.892e-03  1.576e-03
  68  1.245e+01  1.283e+01  1.075e-03  2.299e-02  1.000e-09  1.000e-09  1.0000  1.075e-03  0.000e+00  2.892e-13  8.373e-03  8.788e-03 -3.586e-01 -3.581e-01
  69  1.247e+01  1.259e+01  1.209e-03  1.060e-02  1.000e-09  1.000e-09  1.0000  6.797e-04  0.000e+00  2.930e-13 -1.628e-02 -1.694e-02  5.334e-02  5.268e-02
iter    cost       merit      stop      |grad|      preg       dreg      step   ||ffeas||  ||gfeas||  ||hfeas||   dV-exp       dV      dPhi-exp     dPhi
  70  1.246e+01  1.251e+01  9.373e-04  2.105e-02  1.000e-09  1.000e-09  1.0000  6.108e-04  0.000e+00  3.136e-14  1.261e-02  1.241e-02  1.868e-02  1.848e-02
  71  1.248e+01  1.250e+01  1.323e-03  1.431e-02  1.000e-09  1.000e-09  1.0000  4.905e-04  0.000e+00  2.412e-13 -1.782e-02 -1.826e-02 -1.252e-02 -1.296e-02
  72  1.247e+01  1.248e+01  7.486e-04  1.196e-02  1.000e-09  1.000e-09  1.0000  3.616e-04  0.000e+00  4.676e-14  1.008e-02  1.001e-02  1.386e-02  1.379e-02
  73  1.246e+01  1.247e+01  3.840e-04  1.075e-02  1.000e-09  1.000e-09  1.0000  3.840e-04  0.000e+00  2.057e-13  1.000e-03  1.279e-03  6.708e-04  9.498e-04
  74  1.245e+01  1.248e+01  1.153e-03  3.316e-02  1.000e-09  1.000e-09  0.5000  5.758e-04  0.000e+00  1.844e-14  1.217e-02  1.221e-02  6.636e-03  1.145e-03
  75  1.246e+01  1.248e+01  8.442e-04  6.722e-03  1.000e-09  1.000e-09  1.0000  5.370e-04  0.000e+00  3.109e-13 -1.136e-02 -1.047e-02 -1.024e-02 -9.351e-03
  76  1.248e+01  1.249e+01  1.487e-03  1.927e-02  1.000e-09  1.000e-09  1.0000  2.385e-04  0.000e+00  8.789e-14 -2.005e-02 -2.012e-02 -1.574e-02 -1.581e-02
  77  1.247e+01  1.249e+01  6.012e-04  9.657e-03  1.000e-09  1.000e-09  1.0000  3.882e-04  0.000e+00  2.850e-13  8.101e-03  8.358e-03  8.406e-04  1.097e-03
  78  1.247e+01  1.248e+01  7.538e-04  1.445e-02  1.000e-09  1.000e-09  0.5000  3.372e-04  0.000e+00  2.867e-13  6.151e-03  6.157e-03  7.103e-03  8.063e-03
  79  1.246e+01  1.247e+01  3.920e-04  1.563e-02  1.000e-09  1.000e-09  1.0000  3.920e-04  0.000e+00  2.520e-14  4.709e-03  5.555e-03  3.614e-03  4.461e-03
iter    cost       merit      stop      |grad|      preg       dreg      step   ||ffeas||  ||gfeas||  ||hfeas||   dV-exp       dV      dPhi-exp     dPhi
  80  1.245e+01  1.247e+01  7.113e-04  2.348e-02  1.000e-09  1.000e-09  0.5000  4.966e-04  0.000e+00  1.655e-13  8.261e-03  8.340e-03  6.438e-03  4.695e-03
  81  1.244e+01  1.253e+01  2.632e-03  8.324e-02  1.000e-09  1.000e-09  0.2500  8.813e-04  0.000e+00  6.977e-14  1.782e-02  1.783e-02  8.034e-03 -2.130e-02
  82  1.247e+01  1.249e+01  2.847e-03  3.739e-02  1.000e-09  1.000e-09  1.0000  2.171e-04  0.000e+00  1.130e-13 -3.836e-02 -3.860e-02 -4.581e-03 -4.815e-03
  83  1.247e+01  1.247e+01  4.243e-04  6.095e-03  1.000e-09  1.000e-09  1.0000  1.152e-04  0.000e+00  6.366e-14  5.715e-03  5.867e-03  9.547e-03  9.699e-03
  84  1.247e+01  1.248e+01  2.842e-04  5.676e-03  1.000e-09  1.000e-09  0.5000  2.006e-04  0.000e+00  5.127e-14  2.376e-03  2.389e-03  3.494e-04 -1.664e-03
  85  1.246e+01  1.250e+01  1.300e-03  3.827e-02  1.000e-09  1.000e-09  0.2500  3.467e-04  0.000e+00  8.081e-14  8.269e-03  8.365e-03  3.720e-03 -9.832e-03
  86  1.248e+01  1.251e+01  1.291e-03  1.500e-02  1.000e-09  1.000e-09  1.0000  4.765e-04  0.000e+00  5.152e-14 -1.740e-02 -1.769e-02 -2.549e-02 -2.578e-02
  87  1.247e+01  1.247e+01  5.929e-04  8.145e-03  1.000e-09  1.000e-09  1.0000  6.749e-05  0.000e+00  5.317e-14  7.985e-03  7.942e-03  2.072e-02  2.068e-02
  88  1.247e+01  1.247e+01  3.414e-04  1.665e-03  1.000e-09  1.000e-09  1.0000  3.414e-04  0.000e+00  1.720e-13  2.647e-04  4.187e-04 -4.001e-03 -3.847e-03
  89  1.247e+01  1.247e+01  7.649e-04  6.186e-03  1.000e-09  1.000e-09  1.0000  7.649e-04  0.000e+00  1.717e-13 -1.603e-03 -1.320e-03 -4.900e-03 -4.617e-03
iter    cost       merit      stop      |grad|      preg       dreg      step   ||ffeas||  ||gfeas||  ||hfeas||   dV-exp       dV      dPhi-exp     dPhi
  90  1.244e+01  1.251e+01  2.151e-03  5.446e-02  1.000e-09  1.000e-09  1.0000  1.287e-03  0.000e+00  7.406e-14  2.890e-02  2.949e-02  7.390e-04  1.324e-03
  91  1.250e+01  1.250e+01  4.539e-03  5.993e-02  1.000e-09  1.000e-09  1.0000  1.309e-04  0.000e+00  9.811e-14 -6.127e-02 -5.997e-02 -3.007e-02 -2.878e-02
  92  1.250e+01  1.251e+01  5.354e-04  2.293e-03  1.000e-09  1.000e-09  1.0000  5.354e-04  0.000e+00  7.132e-14 -5.311e-03 -5.687e-03 -1.077e-02 -1.115e-02
  93  1.248e+01  1.251e+01  1.742e-03  2.608e-02  1.000e-09  1.000e-09  1.0000  5.037e-04  0.000e+00  4.845e-14  2.348e-02  2.437e-02  2.546e-02  2.635e-02
  94  1.246e+01  1.248e+01  1.261e-03  2.433e-02  1.000e-09  1.000e-09  1.0000  4.273e-04  0.000e+00  8.622e-14  1.698e-02  1.868e-02  2.066e-02  2.236e-02
  95  1.243e+01  1.255e+01  3.123e-03  8.826e-02  1.000e-09  1.000e-09  0.5000  8.654e-04  0.000e+00  2.468e-13  3.255e-02  3.261e-02  1.835e-03 -2.882e-02
  96  1.247e+01  1.248e+01  3.349e-03  4.450e-02  1.000e-09  1.000e-09  1.0000  1.175e-04  0.000e+00  1.968e-14 -4.512e-02 -4.482e-02  7.310e-03  7.611e-03
  97  1.248e+01  1.249e+01  5.072e-04  4.843e-04  1.000e-09  1.000e-09  1.0000  5.072e-04  0.000e+00  8.196e-14 -2.382e-03 -2.187e-03 -1.604e-02 -1.585e-02
  98  1.247e+01  1.248e+01  6.830e-04  2.629e-02  1.000e-09  1.000e-09  0.5000  6.830e-04  0.000e+00  1.228e-13  6.985e-03  6.867e-03  5.445e-03  3.787e-03
  99  1.247e+01  1.247e+01  4.201e-04  2.970e-03  1.000e-09  1.000e-09  1.0000  4.201e-04  0.000e+00  3.800e-13 -1.467e-04 -6.310e-05  2.157e-03  2.241e-03
iter    cost       merit      stop      |grad|      preg       dreg      step   ||ffeas||  ||gfeas||  ||hfeas||   dV-exp       dV      dPhi-exp     dPhi
 100  1.249e+01  1.249e+01  1.381e-03  1.782e-02  1.000e-09  1.000e-09  1.0000  2.337e-04  0.000e+00  2.233e-13 -1.862e-02 -1.829e-02 -1.780e-02 -1.747e-02
 101  1.250e+01  1.250e+01  5.706e-04  4.005e-03  1.000e-09  1.000e-09  1.0000  5.698e-04  0.000e+00  1.200e-13 -7.700e-03 -7.471e-03 -8.436e-03 -8.207e-03
 102  1.251e+01  1.251e+01  1.694e-03  1.722e-02  1.000e-09  1.000e-09  1.0000  1.694e-03  0.000e+00  4.958e-14 -1.012e-02 -1.416e-02 -1.135e-02 -1.539e-02
 103  1.242e+01  1.258e+01  6.538e-03  1.357e-01  1.000e-09  1.000e-09  1.0000  2.201e-03  0.000e+00  2.069e-13  8.775e-02  8.711e-02  5.024e-02  4.960e-02
 104  1.249e+01  1.258e+01  4.049e-03  2.868e-02  1.000e-09  1.000e-09  1.0000  2.480e-03  0.000e+00  1.062e-13 -5.461e-02 -6.409e-02 -6.493e-02 -7.441e-02
 105  1.245e+01  1.248e+01  2.816e-03  6.430e-02  1.000e-09  1.000e-09  1.0000  1.121e-03  0.000e+00  3.087e-14  3.788e-02  3.547e-02  6.754e-02  6.513e-02
 106  1.247e+01  1.248e+01  1.213e-03  7.579e-03  1.000e-09  1.000e-09  1.0000  7.542e-04  0.000e+00  1.316e-13 -1.634e-02 -1.729e-02 -1.234e-02 -1.330e-02
 107  1.243e+01  1.253e+01  3.561e-03  9.293e-02  1.000e-09  1.000e-09  0.5000  1.122e-03  0.000e+00  9.015e-14  3.519e-02  3.556e-02  1.854e-02  2.259e-03
 108  1.248e+01  1.249e+01  3.353e-03  4.402e-02  1.000e-09  1.000e-09  1.0000  3.055e-04  0.000e+00  3.548e-13 -4.519e-02 -4.536e-02 -8.209e-03 -8.387e-03
 109  1.247e+01  1.248e+01  6.230e-04  9.896e-03  1.000e-09  1.000e-09  1.0000  3.436e-04  0.000e+00  2.542e-14  8.392e-03  8.318e-03  6.899e-03  6.825e-03
iter    cost       merit      stop      |grad|      preg       dreg      step   ||ffeas||  ||gfeas||  ||hfeas||   dV-exp       dV      dPhi-exp     dPhi
 110  1.246e+01  1.248e+01  6.530e-04  1.968e-02  1.000e-09  1.000e-09  0.5000  6.530e-04  0.000e+00  1.079e-13  6.005e-03  6.441e-03  2.970e-03  3.706e-04
 111  1.246e+01  1.247e+01  8.690e-04  5.530e-02  1.000e-09  1.000e-09  1.0000  8.690e-04  0.000e+00  1.823e-13  6.594e-03  5.278e-03  3.478e-03  2.162e-03
 112  1.239e+01  1.268e+01  1.094e-02  3.099e-01  1.000e-09  1.000e-09  0.2500  1.205e-03  0.000e+00  1.084e-13  6.726e-02  6.707e-02  4.700e-02 -1.396e-02
 113  1.245e+01  1.254e+01  4.741e-03  5.057e-02  1.000e-09  1.000e-09  1.0000  6.901e-04  0.000e+00  8.076e-14 -6.378e-02 -6.338e-02 -1.714e-03 -1.311e-03
 114  1.249e+01  1.252e+01  2.788e-03  3.467e-02  1.000e-09  1.000e-09  1.0000  4.511e-04  0.000e+00  3.423e-13 -3.761e-02 -3.602e-02 -2.322e-02 -2.163e-02
 115  1.250e+01  1.255e+01  1.568e-03  1.452e-02  1.000e-09  1.000e-09  1.0000  1.568e-03  0.000e+00  1.780e-13 -6.658e-03 -8.940e-03 -4.027e-02 -4.255e-02
 116  1.245e+01  1.251e+01  3.570e-03  6.562e-02  1.000e-09  1.000e-09  1.0000  1.206e-03  0.000e+00  1.134e-14  4.804e-02  4.555e-02  6.387e-02  6.138e-02
 117  1.250e+01  1.251e+01  3.708e-03  4.829e-02  1.000e-09  1.000e-09  1.0000  3.344e-04  0.000e+00  3.582e-14 -5.007e-02 -5.048e-02 -3.100e-02 -3.141e-02
 118  1.249e+01  1.253e+01  1.590e-03  2.881e-02  1.000e-09  1.000e-09  0.5000  4.224e-04  0.000e+00  7.255e-14  1.256e-02  1.293e-02  8.531e-03  4.862e-03
 119  1.248e+01  1.251e+01  1.660e-03  2.973e-02  1.000e-09  1.000e-09  0.5000  4.744e-04  0.000e+00  1.511e-14  1.303e-02  1.343e-02  1.106e-02  9.491e-03
iter    cost       merit      stop      |grad|      preg       dreg      step   ||ffeas||  ||gfeas||  ||hfeas||   dV-exp       dV      dPhi-exp     dPhi
 120  1.247e+01  1.247e+01  7.429e-04  1.026e-02  1.000e-09  1.000e-09  1.0000  3.951e-05  0.000e+00  6.560e-14  1.000e-02  1.007e-02  2.646e-02  2.653e-02
 121  1.246e+01  1.273e+01  9.069e-04  1.704e-02  1.000e-09  1.000e-09  1.0000  9.069e-04  0.000e+00  3.364e-13  8.158e-03  8.789e-03 -2.477e-01 -2.471e-01
 122  1.249e+01  1.260e+01  2.136e-03  2.157e-02  1.000e-09  1.000e-09  1.0000  7.560e-04  0.000e+00  3.184e-13 -2.882e-02 -2.973e-02 -6.550e-03 -7.470e-03
 123  1.247e+01  1.249e+01  1.554e-03  2.318e-02  1.000e-09  1.000e-09  1.0000  3.206e-04  0.000e+00  7.606e-14  2.093e-02  2.181e-02  5.303e-02  5.392e-02
 124  1.245e+01  1.251e+01  2.428e-03  6.379e-02  1.000e-09  1.000e-09  0.2500  4.067e-04  0.000e+00  9.931e-14  1.400e-02  1.400e-02  1.087e-02  1.469e-03
 125  1.245e+01  1.249e+01  6.517e-04  3.010e-02  1.000e-09  1.000e-09  0.2500  6.517e-04  0.000e+00  9.189e-14  6.067e-03  6.114e-03  1.608e-03 -1.172e-02
 126  1.246e+01  1.250e+01  1.204e-03  2.774e-04  1.000e-09  1.000e-09  1.0000  1.204e-03  0.000e+00  4.940e-13 -1.542e-02 -1.260e-02 -3.552e-02 -3.270e-02
 127  1.251e+01  1.254e+01  3.659e-03  2.130e-02  1.000e-09  1.000e-09  1.0000  1.756e-03  0.000e+00  1.802e-13 -4.944e-02 -5.275e-02 -5.947e-02 -6.279e-02
 128  1.247e+01  1.247e+01  3.342e-03  4.708e-02  1.000e-09  1.000e-09  1.0000  2.251e-04  0.000e+00  1.015e-14  4.500e-02  4.652e-02  1.010e-01  1.026e-01
 129  1.246e+01  1.248e+01  4.700e-04  1.257e-02  1.000e-09  1.000e-09  0.5000  3.609e-04  0.000e+00  9.906e-14  4.724e-03  4.750e-03  1.996e-03 -7.047e-04
iter    cost       merit      stop      |grad|      preg       dreg      step   ||ffeas||  ||gfeas||  ||hfeas||   dV-exp       dV      dPhi-exp     dPhi
 130  1.247e+01  1.247e+01  6.040e-04  7.615e-03  1.000e-09  1.000e-09  1.0000  1.579e-04  0.000e+00  5.509e-14 -8.135e-03 -8.169e-03 -4.059e-03 -4.094e-03
 131  1.247e+01  1.247e+01  2.981e-04  5.606e-03  1.000e-09  1.000e-09  0.5000  1.536e-04  0.000e+00  5.364e-14  2.405e-03  2.423e-03  2.483e-03  2.578e-03
 132  1.247e+01  1.247e+01  1.800e-04  2.366e-03  1.000e-09  1.000e-09  1.0000  7.568e-05  0.000e+00  5.959e-14 -2.424e-03 -2.430e-03 -1.009e-03 -1.015e-03
 133  1.247e+01  1.247e+01  7.952e-05  1.118e-03  1.000e-09  1.000e-09  1.0000  6.251e-05  0.000e+00  5.052e-14  1.071e-03  1.067e-03  1.337e-03  1.333e-03
*** SOLVE (HybridShoot: 33) ***
iter    cost       merit      stop      |grad|      preg       dreg      step   ||ffeas||  ||gfeas||  ||hfeas||   dV-exp       dV      dPhi-exp     dPhi
   0  3.348e+02  9.577e+02  9.616e-01  6.930e+02  1.000e-01  1.000e-01  0.5000  7.832e-01  0.000e+00  1.273e-01  2.540e+02  3.495e+02  1.731e+02  1.878e+02
   1  1.929e+02  4.875e+02  8.613e-01  3.056e+02  2.000e-01  2.000e-01  0.5000  7.927e-01  0.000e+00  6.856e-02  1.116e+02  1.418e+02  1.200e+02  1.587e+02
   2  1.600e+02  2.780e+02  6.899e-01  1.029e+02  4.000e-01  4.000e-01  0.5000  6.547e-01  0.000e+00  3.522e-02  2.819e+01  3.289e+01  4.285e+01  6.219e+01
   3  5.089e+02  6.176e+02  1.271e+00  1.042e+02  8.000e-01  8.000e-01  1.0000  1.266e+00  0.000e+00  4.285e-03 -2.748e+02 -3.489e+02 -3.245e+02 -3.986e+02
   4  1.351e+03  1.637e+03  6.692e+00  1.172e+02  1.600e+00  1.600e+00  1.0000  6.692e+00  0.000e+00  5.823e-06 -5.001e+02 -8.423e+02 -7.319e+02 -1.074e+03
   5  4.280e+02  9.371e+02  2.798e+00  1.926e+03  3.200e-01  3.200e-01  1.0000  2.798e+00  0.000e+00  1.873e-10  8.524e+02  9.232e+02  1.561e+03  1.632e+03
   6  1.420e+02  3.587e+02  1.846e+00  5.361e+02  6.400e-02  6.400e-02  1.0000  1.846e+00  0.000e+00  3.237e-12  2.300e+02  2.861e+02  3.417e+02  3.978e+02
   7  1.870e+02  1.925e+02  2.456e-01  7.202e+00  1.280e-01  1.280e-01  1.0000  9.363e-02  0.000e+00  1.042e-10 -4.617e+01 -4.505e+01  5.672e+01  5.785e+01
   8  1.666e+02  1.675e+02  1.233e-01  2.129e+01  2.560e-01  2.560e-01  1.0000  2.962e-03  0.000e+00  6.890e-13  2.067e+01  2.046e+01  4.926e+01  4.905e+01
   9  1.599e+02  1.742e+02  4.017e-02  6.502e+00  5.120e-01  5.120e-01  1.0000  4.608e-03  0.000e+00  9.089e-13  6.463e+00  6.680e+00  1.333e+00  1.551e+00
iter    cost       merit      stop      |grad|      preg       dreg      step   ||ffeas||  ||gfeas||  ||hfeas||   dV-exp       dV      dPhi-exp     dPhi
  10  1.590e+02  2.132e+02  1.650e-01  2.686e+01  1.024e-01  1.024e-01  0.0312  6.617e-03  0.000e+00  7.010e-13  8.390e-01  8.828e-01  3.251e-01 -1.556e+01
  11  1.552e+02  2.122e+02  1.870e-01  2.966e+01  1.024e-01  1.024e-01  0.1250  9.037e-03  0.000e+00  2.555e-13  3.700e+00  3.788e+00  1.793e+00 -1.148e+01
  12  1.514e+02  2.092e+02  1.922e-01  2.991e+01  1.024e-01  1.024e-01  0.1250  1.248e-02  0.000e+00  3.143e-12  3.730e+00  3.803e+00  1.733e+00 -1.217e+01
  13  1.223e+02  1.862e+02  2.431e-01  3.064e+01  1.024e-01  1.024e-01  1.0000  1.860e-02  0.000e+00  1.661e-12  2.998e+01  2.906e+01  9.004e+00  8.082e+00
  14  1.101e+02  1.482e+02  1.110e-01  1.242e+01  2.048e-01  2.048e-01  1.0000  2.220e-02  0.000e+00  1.413e-12  1.234e+01  1.225e+01  6.165e+00  6.081e+00
  15  1.046e+02  1.063e+02  5.218e-02  5.536e+00  4.096e-01  4.096e-01  1.0000  1.909e-03  0.000e+00  6.708e-13  5.512e+00  5.458e+00  2.291e+01  2.286e+01
  16  1.038e+02  1.391e+02  2.346e-01  2.487e+01  8.192e-02  8.192e-02  0.0312  1.918e-03  0.000e+00  1.133e-10  7.771e-01  7.860e-01  7.719e-01  6.211e-01
  17  1.031e+02  1.584e+02  2.379e-01  2.510e+01  8.192e-02  8.192e-02  0.0312  3.002e-03  0.000e+00  1.116e-10  7.840e-01  7.911e-01  1.591e-01 -1.920e+01
  18  9.994e+01  1.486e+02  2.411e-01  2.474e+01  8.192e-02  8.192e-02  0.1250  4.198e-03  0.000e+00  1.069e-10  3.086e+00  3.116e+00  1.354e+00 -1.074e+01
  19  9.692e+01  1.471e+02  2.406e-01  2.393e+01  8.192e-02  8.192e-02  0.1250  6.259e-03  0.000e+00  6.684e-10  2.986e+00  3.025e+00  9.201e-01 -1.350e+01
iter    cost       merit      stop      |grad|      preg       dreg      step   ||ffeas||  ||gfeas||  ||hfeas||   dV-exp       dV      dPhi-exp     dPhi
  20  8.525e+01  1.320e+02  2.688e-01  2.362e+01  8.192e-02  8.192e-02  0.5000  8.838e-03  0.000e+00  6.012e-10  1.170e+01  1.166e+01  4.879e+00 -1.981e+00
  21  8.396e+01  1.134e+02  1.203e-01  1.025e+01  1.638e-01  1.638e-01  0.1250  1.115e-02  0.000e+00  5.276e-10  1.281e+00  1.295e+00  5.177e-01 -4.812e+00
  22  8.148e+01  1.011e+02  1.178e-01  9.730e+00  1.638e-01  1.638e-01  0.2500  1.483e-02  0.000e+00  4.100e-10  2.432e+00  2.473e+00  1.213e+00 -2.400e+00
  23  7.646e+01  8.477e+01  6.235e-02  4.844e+00  3.277e-01  3.277e-01  1.0000  1.257e-02  0.000e+00  2.653e-10  4.829e+00  5.029e+00  6.325e+00  6.525e+00
  24  7.073e+01  1.152e+02  3.129e-01  2.284e+01  6.554e-02  6.554e-02  0.2500  1.744e-02  0.000e+00  2.918e-09  5.686e+00  5.727e+00  2.579e+00 -6.703e+00
  25  6.565e+01  9.616e+01  1.513e-01  1.013e+01  1.311e-01  1.311e-01  0.5000  2.392e-02  0.000e+00  1.866e-09  5.055e+00  5.081e+00  9.236e-01 -3.181e+00
  26  6.054e+01  7.059e+01  8.170e-02  5.056e+00  2.621e-01  2.621e-01  1.0000  1.576e-02  0.000e+00  3.460e-11  5.027e+00  5.109e+00  1.023e+01  1.031e+01
  27  4.941e+01  9.269e+01  4.372e-01  2.262e+01  5.243e-02  5.243e-02  0.5000  2.166e-02  0.000e+00  3.496e-10  1.117e+01  1.113e+01  5.267e+00 -6.672e-01
  28  4.505e+01  7.493e+01  1.829e-01  8.395e+00  1.049e-01  1.049e-01  0.5000  2.992e-02  0.000e+00  2.336e-10  4.204e+00  4.361e+00  8.167e-02 -3.884e+00
  29  4.143e+01  5.965e+01  8.378e-02  3.553e+00  2.097e-01  2.097e-01  1.0000  3.648e-02  0.000e+00  4.001e-13  3.554e+00  3.624e+00  2.744e-01  3.439e-01
iter    cost       merit      stop      |grad|      preg       dreg      step   ||ffeas||  ||gfeas||  ||hfeas||   dV-exp       dV      dPhi-exp     dPhi
  30  3.682e+01  7.673e+01  4.766e-01  1.841e+01  4.194e-02  4.194e-02  0.2500  5.654e-02  0.000e+00  2.987e-11  4.578e+00  4.609e+00  1.037e+00 -9.552e+00
  31  3.274e+01  5.516e+01  2.332e-01  7.955e+00  8.389e-02  8.389e-02  0.5000  6.352e-02  0.000e+00  1.481e-11  3.956e+00  4.075e+00  2.725e+00  1.614e+00
  32  2.975e+01  3.188e+01  9.713e-02  3.013e+00  1.678e-01  1.678e-01  1.0000  1.204e-02  0.000e+00  2.437e-11  2.987e+00  2.986e+00  1.207e+01  1.207e+01
  33  2.801e+01  5.413e+01  4.644e-01  1.385e+01  3.355e-02  3.355e-02  0.1250  1.633e-02  0.000e+00  2.138e-11  1.725e+00  1.741e+00  8.671e-01 -5.126e+00
  34  2.726e+01  5.258e+01  4.156e-01  1.208e+01  3.355e-02  3.355e-02  0.0625  2.464e-02  0.000e+00  2.004e-11  7.536e-01  7.520e-01  2.198e-01 -7.788e+00
  35  2.421e+01  4.854e+01  4.586e-01  1.187e+01  3.355e-02  3.355e-02  0.2500  3.629e-02  0.000e+00  1.494e-11  2.949e+00  3.047e+00  9.969e-01 -4.761e+00
  36  2.309e+01  3.753e+01  1.842e-01  4.484e+00  6.711e-02  6.711e-02  0.2500  4.310e-02  0.000e+00  1.117e-11  1.118e+00  1.128e+00  5.478e-01 -1.153e+00
  37  2.193e+01  6.468e+01  7.620e-01  1.849e+01  1.342e-02  1.342e-02  0.0625  7.383e-02  0.000e+00  1.047e-11  1.151e+00  1.160e+00  3.924e-02 -1.664e+01
  38  1.989e+01  5.503e+01  7.398e-01  1.627e+01  1.342e-02  1.342e-02  0.1250  1.175e-01  0.000e+00  9.152e-12  2.021e+00  2.039e+00  3.874e-01 -1.103e+01
  39  1.703e+01  3.595e+01  5.703e-01  1.146e+01  1.342e-02  1.342e-02  0.2500  1.266e-01  0.000e+00  6.851e-12  2.792e+00  2.861e+00  2.454e+00  1.511e+00
iter    cost       merit      stop      |grad|      preg       dreg      step   ||ffeas||  ||gfeas||  ||hfeas||   dV-exp       dV      dPhi-exp     dPhi
  40  1.441e+01  2.670e+01  5.190e-01  1.156e+01  2.684e-03  2.684e-03  0.2500  1.361e-01  0.000e+00  5.239e-12  2.667e+00  2.614e+00  2.452e+00  1.753e+00
  41  1.296e+01  1.717e+01  1.481e-01  3.795e+00  5.369e-04  5.369e-04  0.5000  9.323e-02  0.000e+00  2.632e-12  1.465e+00  1.454e+00  2.433e+00  3.390e+00
  42  1.260e+01  1.445e+01  8.184e-02  9.053e-01  1.074e-04  1.074e-04  0.5000  8.184e-02  0.000e+00  1.462e-12  3.479e-01  3.597e-01  4.764e-01  6.167e-01
  43  1.246e+01  1.292e+01  4.105e-02  2.499e-01  2.147e-05  2.147e-05  1.0000  4.105e-02  0.000e+00  2.288e-13  1.214e-01  1.384e-01  5.817e-01  5.987e-01
  44  1.249e+01  1.253e+01  5.850e-03  2.522e-02  4.295e-06  4.295e-06  1.0000  5.850e-03  0.000e+00  3.431e-14 -3.709e-02 -3.426e-02  1.616e-01  1.644e-01
  45  1.247e+01  1.250e+01  3.610e-03  3.034e-02  8.590e-07  8.590e-07  1.0000  3.610e-03  0.000e+00  5.957e-14  2.609e-02  2.184e-02  4.036e-02  3.611e-02
  46  1.248e+01  1.248e+01  2.071e-03  4.851e-04  1.718e-07  1.718e-07  1.0000  2.071e-03  0.000e+00  1.309e-13 -9.015e-03 -6.204e-03 -4.114e-03 -1.302e-03
  47  1.247e+01  1.248e+01  1.038e-03  1.642e-02  3.436e-08  3.436e-08  1.0000  9.472e-04  0.000e+00  1.810e-13  1.398e-02  1.189e-02  2.482e-02  2.273e-02
  48  1.247e+01  1.248e+01  5.722e-04  6.353e-03  6.872e-09  6.872e-09  1.0000  5.722e-04  0.000e+00  4.120e-13 -6.770e-03 -6.365e-03 -4.962e-03 -4.557e-03
  49  1.247e+01  1.248e+01  5.347e-04  1.142e-02  1.374e-09  1.374e-09  0.2500  4.505e-04  0.000e+00  3.266e-13  2.591e-03  1.619e-03  3.138e-03  3.808e-03
iter    cost       merit      stop      |grad|      preg       dreg      step   ||ffeas||  ||gfeas||  ||hfeas||   dV-exp       dV      dPhi-exp     dPhi
  50  1.247e+01  1.248e+01  4.742e-04  3.559e-03  1.000e-09  1.000e-09  0.0156  4.742e-04  0.000e+00  3.211e-13  5.496e-05  5.966e-06  5.162e-05 -2.079e-04
  51  1.247e+01  1.247e+01  4.467e-04  1.684e-03  1.000e-09  1.000e-09  1.0000  4.467e-04  0.000e+00  1.420e-13 -1.840e-03 -1.061e-03 -1.716e-03 -9.366e-04
  52  1.247e+01  1.249e+01  9.706e-04  2.454e-02  1.000e-09  1.000e-09  0.1250  5.606e-04  0.000e+00  9.338e-14  2.889e-03  1.894e-03  2.293e-03 -2.870e-03
  53  1.247e+01  1.254e+01  2.278e-03  6.440e-02  1.000e-09  1.000e-09  0.0312  9.559e-04  0.000e+00  8.515e-14  1.980e-03  1.307e-03  1.014e-03 -2.960e-02
  54  1.247e+01  1.248e+01  4.213e-04  5.672e-03  1.000e-09  1.000e-09  1.0000  1.062e-05  0.000e+00  9.784e-14 -5.677e-03 -5.648e-03  3.128e-02  3.131e-02
  55  1.247e+01  1.248e+01  2.630e-05  4.301e-05  1.000e-09  1.000e-09  1.0000  2.630e-05  0.000e+00  1.724e-13  4.203e-05  7.880e-05 -2.645e-04 -2.277e-04
step integration (guess):  0.01
step integration (optimal):  0.00902389859258328
Target end-effector pose:
   position: [0.6 0.2 0.5]
   quaternion: [0. 0. 0. 1.]
Terminal end-effector pose:
   position: [0.6 0.2 0.5]
   quaternion: [-6.22615332e-15  4.02547799e-14 -8.61303874e-14  1.00000000e+00]
