*** SOLVE (FeasShoot) ***
iter    cost       merit      stop      |grad|      preg       dreg      step   ||ffeas||  ||gfeas||  ||hfeas||   dV-exp       dV      dPhi-exp     dPhi
   0  7.673e-03  1.267e-02  7.566e-01  1.033e-02  1.000e-09  1.000e-09  0.2500  0.000e+00  0.000e+00  7.566e-01  2.225e-03  2.253e-03  2.627e-03  3.862e-03
   1  5.745e-03  1.043e-02  1.180e+00  5.293e-03  1.000e-09  1.000e-09  0.5000  3.469e-18  0.000e+00  1.180e+00  1.849e-03  1.928e-03  1.009e-03  2.474e-04
   2  5.435e-03  6.442e-03  5.073e-01  1.003e-03  1.000e-09  1.000e-09  0.5000  2.407e-35  0.000e+00  5.073e-01  2.895e-04  3.092e-04  9.572e-04  1.644e-03
   3  5.342e-03  5.698e-03  3.591e-01  3.212e-04  1.000e-09  1.000e-09  0.5000  6.939e-18  0.000e+00  3.591e-01  9.122e-05  9.330e-05  1.648e-04  2.404e-04
   4  5.296e-03  5.464e-03  3.366e-01  1.461e-04  1.000e-09  1.000e-09  0.5000  2.168e-19  0.000e+00  3.366e-01  4.470e-05  4.556e-05  5.027e-05  5.671e-05
   5  5.269e-03  5.318e-03  1.965e-01  7.124e-05  1.000e-08  1.000e-08  1.0000  0.000e+00  0.000e+00  1.965e-01  2.440e-05  2.718e-05  5.916e-05  6.193e-05
   6  5.241e-03  5.247e-03  2.866e-02  3.269e-05  1.000e-07  1.000e-07  1.0000  0.000e+00  0.000e+00  2.866e-02  2.705e-05  2.805e-05  6.006e-05  6.106e-05
   7  5.238e-03  5.238e-03  1.021e-03  3.740e-06  1.000e-06  1.000e-06  1.0000  0.000e+00  0.000e+00  1.021e-03  3.468e-06  3.531e-06  8.246e-06  8.309e-06
   8  5.237e-03  5.238e-03  1.391e-05  2.403e-07  1.000e-05  1.000e-05  1.0000  0.000e+00  0.000e+00  1.391e-05  2.345e-07  2.388e-07  5.649e-07  5.692e-07
*** SOLVE (MultiShoot) ***
iter    cost       merit      stop      |grad|      preg       dreg      step   ||ffeas||  ||gfeas||  ||hfeas||   dV-exp       dV      dPhi-exp     dPhi
   0  7.697e-03  1.267e-02  7.525e-01  1.033e-02  1.000e-09  1.000e-09  0.2500  2.472e-03  0.000e+00  7.500e-01  2.225e-03  2.229e-03  2.634e-03  3.864e-03
   1  5.827e-03  1.063e-02  1.191e+00  5.317e-03  1.000e-09  1.000e-09  0.5000  9.313e-03  0.000e+00  1.182e+00  1.860e-03  1.870e-03  9.761e-04  1.031e-04
   2  5.495e-03  6.528e-03  5.128e-01  1.089e-03  1.000e-09  1.000e-09  0.5000  6.308e-03  0.000e+00  5.065e-01  3.307e-04  3.320e-04  1.014e-03  1.698e-03
   3  5.371e-03  5.741e-03  3.672e-01  3.909e-04  1.000e-09  1.000e-09  0.5000  2.756e-03  0.000e+00  3.645e-01  1.239e-04  1.241e-04  1.972e-04  2.707e-04
   4  5.310e-03  5.481e-03  3.383e-01  1.793e-04  1.000e-09  1.000e-09  0.5000  1.072e-03  0.000e+00  3.372e-01  6.045e-05  6.055e-05  6.774e-05  7.514e-05
   5  5.271e-03  5.320e-03  1.930e-01  8.670e-05  1.000e-08  1.000e-08  1.0000  2.415e-04  0.000e+00  1.927e-01  3.883e-05  3.902e-05  7.541e-05  7.561e-05
   6  5.242e-03  5.248e-03  2.881e-02  3.502e-05  1.000e-07  1.000e-07  1.0000  9.576e-05  0.000e+00  2.871e-02  2.936e-05  2.940e-05  6.505e-05  6.509e-05
   7  5.238e-03  5.238e-03  1.033e-03  4.679e-06  1.000e-06  1.000e-06  1.0000  8.530e-06  0.000e+00  1.024e-03  4.404e-06  4.406e-06  1.047e-05  1.047e-05
   8  5.237e-03  5.237e-03  1.422e-05  3.002e-07  1.000e-05  1.000e-05  1.0000  2.624e-07  0.000e+00  1.396e-05  2.944e-07  2.944e-07  7.092e-07  7.092e-07
*** SOLVE (HybridShoot: 11) ***
iter    cost       merit      stop      |grad|      preg       dreg      step   ||ffeas||  ||gfeas||  ||hfeas||   dV-exp       dV      dPhi-exp     dPhi
   0  7.692e-03  1.268e-02  7.553e-01  1.033e-02  1.000e-09  1.000e-09  0.2500  5.267e-03  0.000e+00  7.500e-01  2.225e-03  2.234e-03  2.629e-03  3.852e-03
   1  5.803e-03  1.062e-02  1.200e+00  5.316e-03  1.000e-09  1.000e-09  0.5000  1.873e-02  0.000e+00  1.181e+00  1.859e-03  1.888e-03  9.680e-04  1.062e-04
   2  5.475e-03  6.516e-03  5.191e-01  1.071e-03  1.000e-09  1.000e-09  0.5000  1.171e-02  0.000e+00  5.074e-01  3.213e-04  3.279e-04  1.004e-03  1.693e-03
   3  5.361e-03  5.728e-03  3.659e-01  3.693e-04  1.000e-09  1.000e-09  0.5000  5.189e-03  0.000e+00  3.607e-01  1.135e-04  1.139e-04  1.903e-04  2.675e-04
   4  5.306e-03  5.476e-03  3.398e-01  1.687e-04  1.000e-09  1.000e-09  0.5000  2.735e-03  0.000e+00  3.370e-01  5.530e-05  5.553e-05  6.187e-05  6.865e-05
   5  5.271e-03  5.320e-03  1.965e-01  8.163e-05  1.000e-08  1.000e-08  1.0000  7.619e-04  0.000e+00  1.957e-01  3.401e-05  3.496e-05  6.992e-05  7.088e-05
   6  5.242e-03  5.248e-03  2.880e-02  3.430e-05  1.000e-07  1.000e-07  1.0000  1.946e-04  0.000e+00  2.860e-02  2.866e-05  2.907e-05  6.359e-05  6.401e-05
   7  5.238e-03  5.238e-03  1.034e-03  4.298e-06  1.000e-06  1.000e-06  1.0000  1.781e-05  0.000e+00  1.017e-03  4.025e-06  4.050e-06  9.569e-06  9.594e-06
   8  5.237e-03  5.237e-03  1.475e-05  2.768e-07  1.000e-05  1.000e-05  1.0000  9.257e-07  0.000e+00  1.383e-05  2.711e-07  2.727e-07  6.528e-07  6.544e-07
step integration (guess):  0.03
step integration (optimal):  0.02999101071178638
Target pose:
   position: [1. 0. 1.]
   quaternion: [0. 0. 0. 1.]
Terminal pose:
   position: [ 1. -0.  1.]
   quaternion: [-0. -0.  0.  1.]
