*** SOLVE (FeasShoot) ***
iter    cost       merit      stop      |grad|      preg       dreg      step   ||ffeas||  ||gfeas||  ||hfeas||   dV-exp       dV      dPhi-exp     dPhi
   0  6.531e-03  7.291e-03  1.563e-01  1.026e-02  1.000e-09  1.000e-09  1.0000  0.000e+00  0.000e+00  1.563e-01  4.408e-03  3.369e-03  9.946e-03  8.906e-03
   1  5.609e-03  7.010e-03  1.043e-01  2.970e-03  1.000e-09  1.000e-09  0.5000  0.000e+00  0.000e+00  1.043e-01  1.110e-03  9.220e-04  1.459e-03  1.620e-03
   2  5.401e-03  5.632e-03  3.442e-02  5.465e-04  1.000e-09  1.000e-09  1.0000  0.000e+00  0.000e+00  3.442e-02  2.035e-04  2.076e-04  6.729e-04  6.771e-04
   3  5.288e-03  5.304e-03  2.941e-03  2.306e-04  1.000e-09  1.000e-09  1.0000  0.000e+00  0.000e+00  2.941e-03  1.299e-04  1.133e-04  2.996e-04  2.830e-04
   4  5.247e-03  5.421e-03  4.798e-03  1.524e-04  1.000e-09  1.000e-09  0.5000  2.168e-19  0.000e+00  4.798e-03  5.684e-05  4.117e-05  2.304e-05 -2.644e-05
   5  5.230e-03  5.258e-03  1.566e-03  2.266e-05  1.000e-08  1.000e-08  1.0000  0.000e+00  0.000e+00  1.566e-03  9.093e-06  1.715e-05  6.793e-05  7.598e-05
   6  5.224e-03  5.234e-03  1.096e-03  1.524e-05  1.000e-07  1.000e-07  1.0000  0.000e+00  0.000e+00  1.096e-03  8.411e-06  5.649e-06  1.269e-05  9.927e-06
   7  5.217e-03  5.230e-03  1.417e-03  1.072e-05  1.000e-06  1.000e-06  1.0000  0.000e+00  0.000e+00  1.417e-03  7.118e-06  7.237e-06  4.140e-06  4.259e-06
   8  5.217e-03  5.217e-03  2.540e-05  1.179e-07  1.000e-05  1.000e-05  1.0000  0.000e+00  0.000e+00  2.540e-05 -2.101e-07 -2.914e-07  6.246e-06  6.164e-06
*** SOLVE (MultiShoot) ***
iter    cost       merit      stop      |grad|      preg       dreg      step   ||ffeas||  ||gfeas||  ||hfeas||   dV-exp       dV      dPhi-exp     dPhi
   0  5.416e-03  6.316e-03  1.850e-01  1.026e-02  1.000e-09  1.000e-09  1.0000  1.850e-01  0.000e+00  1.301e-15  4.408e-03  4.484e-03  9.806e-03  9.881e-03
   1  5.036e-03  6.070e-03  3.237e-01  1.176e-03  1.000e-09  1.000e-09  0.5000  3.237e-01  0.000e+00  6.504e-16  3.975e-04  3.800e-04  1.760e-04 -6.299e-05
   2  5.420e-03  5.899e-03  3.003e-01  1.422e-04  1.000e-09  1.000e-09  1.0000  3.003e-01  0.000e+00  6.939e-18 -4.211e-04 -3.840e-04 -3.836e-04 -3.466e-04
   3  5.203e-03  5.237e-03  3.353e-02  3.381e-04  1.000e-09  1.000e-09  1.0000  3.353e-02  0.000e+00  2.082e-17  2.116e-04  2.170e-04  4.802e-04  4.855e-04
   4  5.187e-03  5.200e-03  2.739e-02  5.566e-05  1.000e-09  1.000e-09  0.5000  2.739e-02  0.000e+00  9.778e-18  1.557e-05  1.619e-05  1.711e-05  1.929e-05
   5  5.216e-03  5.219e-03  1.353e-02  2.260e-05  1.000e-08  1.000e-08  1.0000  1.353e-02  0.000e+00  1.427e-17 -2.916e-05 -2.945e-05 -2.567e-05 -2.596e-05
   6  5.208e-03  5.226e-03  2.171e-02  1.335e-05  1.000e-07  1.000e-07  1.0000  2.171e-02  0.000e+00  1.545e-17  7.935e-06  8.201e-06  1.081e-06  1.347e-06
   7  5.208e-03  5.213e-03  1.279e-02  3.031e-06  1.000e-06  1.000e-06  1.0000  1.279e-02  0.000e+00  6.778e-18 -1.729e-07 -2.386e-07  3.565e-06  3.500e-06
   8  5.210e-03  5.210e-03  1.760e-04  1.254e-06  1.000e-05  1.000e-05  1.0000  1.760e-04  0.000e+00  4.337e-18 -1.539e-06 -1.536e-06  1.102e-06  1.105e-06
   9  5.210e-03  5.210e-03  1.658e-07  1.383e-07  1.000e-04  1.000e-04  1.0000  1.658e-07  0.000e+00  6.127e-18 -1.398e-07 -1.398e-07 -1.214e-07 -1.213e-07
*** SOLVE (HybridShoot: 11) ***
iter    cost       merit      stop      |grad|      preg       dreg      step   ||ffeas||  ||gfeas||  ||hfeas||   dV-exp       dV      dPhi-exp     dPhi
   0  5.759e-03  1.046e-02  9.667e-01  1.026e-02  1.000e-09  1.000e-09  1.0000  9.667e-01  0.000e+00  1.301e-15  4.408e-03  4.141e-03  6.002e-03  5.735e-03
   1  5.193e-03  6.504e-03  5.390e-01  1.921e-03  1.000e-09  1.000e-09  1.0000  5.390e-01  0.000e+00  6.939e-18  7.963e-04  5.661e-04  1.837e-03  1.607e-03
   2  4.687e-03  5.877e-03  9.023e-01  1.796e-03  1.000e-09  1.000e-09  1.0000  9.023e-01  0.000e+00  1.110e-16  4.978e-04  5.059e-04  1.839e-05  2.644e-05
   3  5.698e-03  6.328e-03  9.542e-01  1.340e-04  1.000e-09  1.000e-09  1.0000  9.542e-01  0.000e+00  5.317e-17 -3.989e-04 -1.011e-03 -4.331e-04 -1.045e-03
   4  4.764e-03  6.651e-03  1.168e+00  2.790e-03  1.000e-09  1.000e-09  1.0000  1.168e+00  0.000e+00  1.041e-17  1.079e-03  9.340e-04  7.333e-04  5.885e-04
   5  5.468e-03  6.580e-03  1.377e+00  3.044e-04  1.000e-09  1.000e-09  1.0000  1.377e+00  0.000e+00  1.135e-17 -2.758e-04 -7.041e-04 -4.442e-04 -8.726e-04
   6  4.831e-03  5.689e-03  1.145e+00  2.144e-03  1.000e-09  1.000e-09  1.0000  1.145e+00  0.000e+00  5.551e-17  7.215e-04  6.369e-04  8.950e-04  8.104e-04
   7  5.511e-03  5.820e-03  8.241e-01  3.484e-04  1.000e-09  1.000e-09  1.0000  8.241e-01  0.000e+00  1.874e-17 -1.784e-04 -6.799e-04 -5.832e-05 -5.598e-04
   8  4.838e-03  6.246e-03  1.079e+00  2.194e-03  1.000e-09  1.000e-09  1.0000  1.079e+00  0.000e+00  2.082e-17  7.523e-04  6.730e-04  4.196e-04  3.403e-04
   9  5.664e-03  6.554e-03  1.365e+00  3.282e-04  1.000e-09  1.000e-09  1.0000  1.365e+00  0.000e+00  2.776e-17 -1.771e-04 -8.260e-04 -3.635e-04 -1.012e-03
iter    cost       merit      stop      |grad|      preg       dreg      step   ||ffeas||  ||gfeas||  ||hfeas||   dV-exp       dV      dPhi-exp     dPhi
  10  4.896e-03  6.071e-03  1.291e+00  2.346e-03  1.000e-09  1.000e-09  1.0000  1.291e+00  0.000e+00  5.551e-17  8.697e-04  7.682e-04  9.372e-04  8.356e-04
  11  4.873e-03  5.172e-03  6.574e-01  3.607e-04  1.000e-09  1.000e-09  0.5000  6.574e-01  0.000e+00  3.469e-17  5.570e-05  2.344e-05  1.999e-04  3.118e-04
  12  5.372e-03  5.384e-03  5.501e-02  2.951e-04  1.000e-09  1.000e-09  1.0000  5.501e-02  0.000e+00  1.781e-17 -5.111e-04 -4.990e-04 -3.740e-04 -3.619e-04
  13  5.309e-03  5.567e-03  6.626e-02  2.931e-04  1.000e-09  1.000e-09  0.2500  6.626e-02  0.000e+00  1.388e-17  6.434e-05  6.278e-05  5.337e-05  1.889e-05
  14  5.261e-03  5.383e-03  6.254e-02  9.170e-05  1.000e-08  1.000e-08  1.0000  6.254e-02  0.000e+00  1.110e-16  4.764e-05  4.782e-05  5.489e-05  5.507e-05
  15  5.239e-03  5.252e-03  1.306e-02  6.710e-05  1.000e-07  1.000e-07  1.0000  1.306e-02  0.000e+00  1.388e-17  3.459e-05  2.172e-05  8.288e-05  7.001e-05
  16  5.220e-03  5.258e-03  1.743e-02  3.743e-05  1.000e-06  1.000e-06  1.0000  1.743e-02  0.000e+00  1.116e-17  1.959e-05  1.882e-05  1.022e-05  9.445e-06
  17  5.230e-03  5.230e-03  7.161e-04  7.229e-06  1.000e-05  1.000e-05  1.0000  7.161e-04  0.000e+00  6.939e-18 -9.160e-06 -9.329e-06  8.750e-06  8.581e-06
  18  5.231e-03  5.231e-03  1.624e-06  8.076e-07  1.000e-04  1.000e-04  1.0000  1.624e-06  0.000e+00  1.735e-18 -8.172e-07 -8.156e-07 -4.344e-07 -4.328e-07
step integration (guess):  0.03
step integration (optimal):  0.027972723516194026
Target pose:
   position: [1. 0. 1.]
   quaternion: [0. 0. 0. 1.]
Terminal pose:
   position: [ 1. -0.  1.]
   quaternion: [-0.  0.  0.  1.]
