*** SOLVE (FeasShoot) ***
iter    cost       merit      stop      |grad|      preg       dreg      step   ||ffeas||  ||gfeas||  ||hfeas||   dV-exp       dV      dPhi-exp     dPhi
   0  1.522e+02  1.767e+02  4.666e-01  1.619e+02  1.000e-09  1.000e-09  1.0000  0.000e+00  0.000e+00  2.405e-02  7.147e+01  8.473e+01  1.490e+02  1.623e+02
   1  1.454e+02  1.503e+02  3.727e-02  1.613e+01  1.000e-09  1.000e-09  1.0000  0.000e+00  0.000e+00  9.624e-03  5.457e+00  6.748e+00  1.282e+01  1.411e+01
   2  1.478e+02  1.480e+02  1.607e-02  1.880e+00  1.000e-09  1.000e-09  1.0000  0.000e+00  0.000e+00  1.063e-03 -2.391e+00 -2.357e+00 -2.056e-01 -1.712e-01
   3  1.479e+02  1.479e+02  1.608e-03  1.425e-01  1.000e-09  1.000e-09  1.0000  0.000e+00  0.000e+00  2.149e-04 -2.395e-01 -1.348e-01 -1.313e-01 -2.659e-02
   4  1.479e+02  1.480e+02  5.442e-04  1.787e-01  1.000e-09  1.000e-09  0.5000  1.355e-20  0.000e+00  9.176e-05  6.494e-02 -1.958e-02  9.812e-02  4.677e-02
   5  1.480e+02  1.481e+02  3.108e-04  3.267e-02  1.000e-09  1.000e-09  1.0000  0.000e+00  0.000e+00  3.108e-04  2.703e-03 -7.926e-02 -5.630e-02 -1.383e-01
   6  1.478e+02  1.486e+02  2.209e-03  7.514e-01  1.000e-09  1.000e-09  0.5000  1.355e-20  0.000e+00  5.332e-04  2.700e-01  2.312e-01  1.020e-01 -1.048e-01
   7  1.479e+02  1.479e+02  8.444e-04  1.020e-01  1.000e-09  1.000e-09  1.0000  0.000e+00  0.000e+00  3.307e-05 -1.257e-01 -1.363e-01  2.521e-01  2.416e-01
   8  1.479e+02  1.479e+02  9.315e-05  3.729e-02  1.000e-09  1.000e-09  0.5000  1.694e-21  0.000e+00  3.153e-05  1.279e-02  8.418e-03  1.325e-02  9.340e-03
*** SOLVE (MultiShoot) ***
iter    cost       merit      stop      |grad|      preg       dreg      step   ||ffeas||  ||gfeas||  ||hfeas||   dV-exp       dV      dPhi-exp     dPhi
   0  1.764e+02  2.763e+02  4.029e-01  1.619e+02  1.000e-09  1.000e-09  0.5000  4.794e-02  0.000e+00  4.987e-02  5.834e+01  6.049e+01  5.946e+01  6.273e+01
   1  1.431e+02  1.699e+02  1.810e-01  6.266e+01  1.000e-09  1.000e-09  1.0000  5.247e-02  0.000e+00  1.704e-04  2.607e+01  3.335e+01  4.913e+01  5.641e+01
   2  1.464e+02  1.482e+02  2.646e-02  7.895e-01  1.000e-09  1.000e-09  1.0000  6.974e-03  0.000e+00  1.207e-06 -3.900e+00 -3.341e+00  7.755e+00  8.315e+00
   3  1.479e+02  1.485e+02  8.964e-03  7.056e-01  1.000e-09  1.000e-09  1.0000  5.321e-03  0.000e+00  4.676e-09 -1.334e+00 -1.452e+00 -1.123e+00 -1.241e+00
   4  1.476e+02  1.477e+02  1.173e-03  7.398e-01  1.000e-09  1.000e-09  1.0000  9.588e-04  0.000e+00  1.340e-09  1.744e-01  2.396e-01  4.527e-01  5.180e-01
   5  1.479e+02  1.482e+02  6.935e-03  2.062e-01  1.000e-09  1.000e-09  1.0000  6.935e-03  0.000e+00  6.233e-10 -3.183e-01 -3.254e-01 -5.090e-01 -5.161e-01
   6  1.479e+02  1.479e+02  2.448e-04  6.827e-02  1.000e-09  1.000e-09  1.0000  1.087e-04  0.000e+00  7.538e-10  3.645e-02  3.730e-02  1.454e-01  1.462e-01
   7  1.479e+02  1.479e+02  2.630e-03  3.351e-03  1.000e-09  1.000e-09  1.0000  2.630e-03  0.000e+00  1.074e-10 -1.470e-02 -1.445e-02 -3.481e-02 -3.456e-02
   8  1.479e+02  1.479e+02  4.213e-04  1.377e-01  1.000e-09  1.000e-09  1.0000  4.213e-04  0.000e+00  7.217e-11  4.290e-02  3.483e-02  9.438e-02  8.631e-02
   9  1.479e+02  1.479e+02  1.744e-04  1.069e-01  1.000e-09  1.000e-09  1.0000  1.744e-04  0.000e+00  5.476e-11  1.029e-02  1.587e-02  1.890e-02  2.448e-02
iter    cost       merit      stop      |grad|      preg       dreg      step   ||ffeas||  ||gfeas||  ||hfeas||   dV-exp       dV      dPhi-exp     dPhi
  10  1.479e+02  1.479e+02  1.795e-03  2.797e-03  1.000e-09  1.000e-09  1.0000  1.795e-03  0.000e+00  9.397e-11 -4.357e-02 -4.534e-02 -7.182e-02 -7.359e-02
  11  1.479e+02  1.479e+02  2.705e-04  4.446e-03  1.000e-09  1.000e-09  1.0000  2.705e-04  0.000e+00  1.246e-10 -1.068e-02 -1.064e-02  2.609e-03  2.653e-03
  12  1.479e+02  1.479e+02  2.113e-04  7.191e-03  1.000e-09  1.000e-09  1.0000  2.113e-04  0.000e+00  5.705e-12  5.636e-03  5.649e-03  7.401e-03  7.413e-03
  13  1.479e+02  1.479e+02  2.582e-04  3.655e-02  1.000e-09  1.000e-09  0.0625  2.582e-04  0.000e+00  6.291e-12  2.212e-03  2.212e-03  1.856e-03 -3.473e-03
  14  1.479e+02  1.479e+02  2.747e-04  7.760e-03  1.000e-09  1.000e-09  0.5000  2.747e-04  0.000e+00  3.669e-11  2.484e-03  2.496e-03  1.984e-03  1.496e-03
  15  1.479e+02  1.479e+02  5.464e-04  3.382e-02  1.000e-09  1.000e-09  0.2500  5.464e-04  0.000e+00  3.023e-11  7.059e-03  7.071e-03  3.004e-03 -9.149e-03
  16  1.479e+02  1.479e+02  6.987e-05  2.787e-02  1.000e-09  1.000e-09  1.0000  6.987e-05  0.000e+00  2.019e-11  1.012e-04 -1.063e-03  1.433e-02  1.316e-02
*** SOLVE (HybridShoot: 33) ***
iter    cost       merit      stop      |grad|      preg       dreg      step   ||ffeas||  ||gfeas||  ||hfeas||   dV-exp       dV      dPhi-exp     dPhi
   0  1.767e+02  3.154e+02  4.022e-01  1.619e+02  1.000e-09  1.000e-09  0.5000  8.595e-02  0.000e+00  4.987e-02  5.834e+01  6.019e+01  4.006e+01  2.363e+01
   1  1.443e+02  2.179e+02  1.812e-01  6.318e+01  1.000e-09  1.000e-09  1.0000  1.441e-01  0.000e+00  1.697e-04  2.633e+01  3.240e+01  2.204e+01  2.811e+01
   2  1.467e+02  1.546e+02  3.110e-02  3.610e-01  1.000e-09  1.000e-09  1.0000  3.109e-02  0.000e+00  1.192e-06 -2.605e+00 -2.357e+00  2.627e+01  2.652e+01
   3  1.481e+02  1.495e+02  1.091e-02  7.917e-01  1.000e-09  1.000e-09  1.0000  1.091e-02  0.000e+00  1.881e-09 -1.254e+00 -1.448e+00  1.322e+00  1.128e+00
   4  1.478e+02  1.480e+02  3.192e-03  8.925e-01  1.000e-09  1.000e-09  1.0000  3.192e-03  0.000e+00  9.802e-09  4.728e-01  3.351e-01  9.656e-01  8.278e-01
   5  1.479e+02  1.480e+02  9.527e-04  1.230e-01  1.000e-09  1.000e-09  1.0000  9.527e-04  0.000e+00  3.988e-08 -1.191e-01 -1.539e-01 -4.767e-02 -8.248e-02
   6  1.479e+02  1.480e+02  1.160e-03  2.261e-01  1.000e-09  1.000e-09  1.0000  1.160e-03  0.000e+00  1.979e-08  7.379e-02  4.564e-02  5.085e-02  2.270e-02
   7  1.479e+02  1.479e+02  6.906e-04  9.674e-02  1.000e-09  1.000e-09  0.5000  6.906e-04  0.000e+00  9.912e-09  2.669e-02  1.809e-02  3.967e-02  4.406e-02
   8  1.479e+02  1.479e+02  3.377e-04  4.937e-02  1.000e-09  1.000e-09  1.0000  9.150e-05  0.000e+00  6.559e-13 -5.029e-02 -5.229e-02 -3.372e-02 -3.572e-02
   9  1.479e+02  1.479e+02  1.578e-04  2.885e-03  1.000e-09  1.000e-09  1.0000  1.578e-04  0.000e+00  1.736e-12  1.077e-03  1.230e-03 -3.730e-05  1.155e-04
iter    cost       merit      stop      |grad|      preg       dreg      step   ||ffeas||  ||gfeas||  ||hfeas||   dV-exp       dV      dPhi-exp     dPhi
  10  1.479e+02  1.480e+02  2.496e-04  5.344e-02  1.000e-09  1.000e-09  0.5000  2.496e-04  0.000e+00  2.346e-12  2.000e-02  3.750e-03  8.953e-03 -1.835e-02
  11  1.479e+02  1.479e+02  3.079e-04  3.502e-02  1.000e-09  1.000e-09  1.0000  3.079e-04  0.000e+00  4.768e-11  8.372e-03  7.646e-03  1.364e-03  6.379e-04
  12  1.479e+02  1.480e+02  5.031e-04  9.034e-02  1.000e-09  1.000e-09  1.0000  5.031e-04  0.000e+00  3.209e-10  3.304e-02  1.724e-02  3.105e-03 -1.269e-02
  13  1.479e+02  1.483e+02  5.093e-03  2.602e-02  1.000e-09  1.000e-09  1.0000  5.093e-03  0.000e+00  1.074e-09 -2.296e-02 -5.783e-02 -3.747e-01 -4.096e-01
  14  1.478e+02  1.481e+02  4.703e-03  3.493e-01  1.000e-09  1.000e-09  0.5000  4.703e-03  0.000e+00  6.838e-10  1.327e-01  1.185e-01  1.426e-01  1.383e-01
  15  1.479e+02  1.479e+02  2.388e-03  1.096e-01  1.000e-09  1.000e-09  0.5000  2.388e-03  0.000e+00  3.456e-10 -5.531e-02 -6.171e-02 -2.584e-02 -2.763e-03
  16  1.479e+02  1.479e+02  6.131e-04  5.324e-02  1.000e-09  1.000e-09  1.0000  6.131e-04  0.000e+00  5.651e-11 -5.730e-02 -5.063e-02 -3.471e-02 -2.804e-02
  17  1.479e+02  1.480e+02  3.332e-04  4.534e-02  1.000e-09  1.000e-09  0.5000  3.332e-04  0.000e+00  5.753e-11  1.847e-02 -2.313e-03  2.777e-02  1.630e-02
  18  1.479e+02  1.479e+02  4.069e-04  2.662e-02  1.000e-09  1.000e-09  1.0000  4.069e-04  0.000e+00  1.655e-10  8.516e-03  1.972e-02  5.823e-03  1.702e-02
  19  1.479e+02  1.480e+02  5.240e-04  1.383e-01  1.000e-09  1.000e-09  0.0625  5.240e-04  0.000e+00  1.563e-10  8.381e-03  4.164e-03  6.566e-03 -2.488e-02
iter    cost       merit      stop      |grad|      preg       dreg      step   ||ffeas||  ||gfeas||  ||hfeas||   dV-exp       dV      dPhi-exp     dPhi
  20  1.479e+02  1.480e+02  9.073e-04  8.384e-02  1.000e-09  1.000e-09  0.1250  9.073e-04  0.000e+00  1.692e-10  9.817e-03  4.963e-03  3.871e-03 -4.261e-02
  21  1.479e+02  1.480e+02  1.119e-03  1.859e-02  1.000e-09  1.000e-09  0.1250  1.119e-03  0.000e+00  1.488e-10  2.118e-03  6.471e-04  4.754e-04 -1.249e-02
  22  1.479e+02  1.479e+02  5.456e-04  7.097e-03  1.000e-09  1.000e-09  0.5000  5.456e-04  0.000e+00  8.761e-11  1.355e-03 -1.268e-02  1.025e-02  5.113e-03
  23  1.479e+02  1.479e+02  6.019e-05  7.686e-03  1.000e-09  1.000e-09  1.0000  5.963e-05  0.000e+00  1.773e-11 -8.964e-03 -2.854e-03 -1.425e-03  4.685e-03
step integration (guess):  0.01
step integration (optimal):  0.006012118006806101
Target CoM position =  [0.0867 0.001  0.5155]
Reached CoM position =  [0.0867 0.001  0.5155]
