*** SOLVE (FeasShoot) ***
iter    cost       merit      stop      |grad|      preg       dreg      step   ||ffeas||  ||gfeas||  ||hfeas||   dV-exp       dV      dPhi-exp     dPhi
   0  2.272e+02  3.837e+02  3.132e-01  1.619e+02  1.000e-09  1.000e-09  0.0625  0.000e+00  0.000e+00  1.533e-01  9.766e+00  9.728e+00  6.363e+00 -4.471e+01
   1  2.184e+02  3.859e+02  2.935e-01  1.463e+02  1.000e-09  1.000e-09  0.0625  3.970e-22  0.000e+00  2.792e-01  8.826e+00  8.790e+00  4.106e+00 -6.673e+01
   2  2.104e+02  3.249e+02  3.817e-01  1.322e+02  1.000e-09  1.000e-09  0.0625  1.588e-21  0.000e+00  3.817e-01  7.974e+00  7.939e+00  6.053e+00 -2.280e+01
   3  1.967e+02  3.432e+02  7.515e-01  1.194e+02  1.000e-09  1.000e-09  0.1250  1.482e-21  0.000e+00  7.515e-01  1.388e+01  1.376e+01  4.863e+00 -5.834e+01
   4  1.855e+02  2.816e+02  9.857e-01  9.698e+01  1.000e-09  1.000e-09  0.1250  2.372e-20  0.000e+00  9.857e-01  1.126e+01  1.116e+01  8.407e+00 -1.167e+01
   5  1.690e+02  2.535e+02  1.734e+00  7.847e+01  1.000e-09  1.000e-09  0.2500  2.033e-20  0.000e+00  1.734e+00  1.680e+01  1.656e+01  7.673e+00 -1.994e+01
   6  1.516e+02  2.275e+02  3.115e+00  4.999e+01  1.000e-09  1.000e-09  0.5000  1.059e-22  0.000e+00  3.115e+00  1.757e+01  1.739e+01  7.519e-01 -1.625e+01
   7  1.455e+02  1.777e+02  2.643e+00  1.659e+01  1.000e-09  1.000e-09  1.0000  0.000e+00  0.000e+00  2.643e+00  5.150e+00  6.063e+00  1.089e+01  1.181e+01
   8  1.480e+02  1.499e+02  3.116e-01  2.053e+00  1.000e-09  1.000e-09  1.0000  0.000e+00  0.000e+00  3.116e-01 -2.504e+00 -2.529e+00  1.170e+01  1.168e+01
   9  1.479e+02  1.479e+02  1.660e-03  1.783e-01  1.000e-09  1.000e-09  1.0000  0.000e+00  0.000e+00  1.660e-03  1.365e-01  1.407e-01  1.081e+00  1.085e+00
iter    cost       merit      stop      |grad|      preg       dreg      step   ||ffeas||  ||gfeas||  ||hfeas||   dV-exp       dV      dPhi-exp     dPhi
  10  1.479e+02  1.479e+02  5.083e-04  2.953e-02  1.000e-09  1.000e-09  1.0000  0.000e+00  0.000e+00  5.083e-04 -2.960e-03 -1.455e-02 -1.207e-03 -1.279e-02
  11  1.479e+02  1.479e+02  3.617e-04  3.276e-02  1.000e-09  1.000e-09  0.5000  1.694e-21  0.000e+00  3.617e-04  1.022e-02  7.654e-03  1.189e-02  1.099e-02
  12  1.479e+02  1.479e+02  7.799e-05  1.161e-02  1.000e-09  1.000e-09  1.0000  0.000e+00  0.000e+00  9.499e-07 -1.161e-02 -1.161e-02 -7.505e-03 -7.505e-03
*** SOLVE (MultiShoot) ***
iter    cost       merit      stop      |grad|      preg       dreg      step   ||ffeas||  ||gfeas||  ||hfeas||   dV-exp       dV      dPhi-exp     dPhi
   0  2.271e+02  3.867e+02  3.133e-01  1.619e+02  1.000e-09  1.000e-09  0.0625  3.332e-04  0.000e+00  1.560e-01  9.766e+00  9.772e+00  6.173e+00 -4.771e+01
   1  2.183e+02  3.857e+02  2.934e-01  1.463e+02  1.000e-09  1.000e-09  0.0625  6.212e-04  0.000e+00  2.839e-01  8.823e+00  8.828e+00  4.108e+00 -6.661e+01
   2  2.103e+02  3.247e+02  3.889e-01  1.321e+02  1.000e-09  1.000e-09  0.0625  8.681e-04  0.000e+00  3.880e-01  7.968e+00  7.972e+00  6.050e+00 -2.272e+01
   3  1.964e+02  3.442e+02  7.733e-01  1.193e+02  1.000e-09  1.000e-09  0.1250  1.806e-03  0.000e+00  7.715e-01  1.386e+01  1.388e+01  4.680e+00 -5.954e+01
   4  1.852e+02  2.822e+02  1.016e+00  9.667e+01  1.000e-09  1.000e-09  0.1250  2.465e-03  0.000e+00  1.013e+00  1.122e+01  1.124e+01  8.328e+00 -1.192e+01
   5  1.684e+02  2.558e+02  1.831e+00  7.805e+01  1.000e-09  1.000e-09  0.2500  4.771e-03  0.000e+00  1.826e+00  1.670e+01  1.683e+01  6.973e+00 -2.208e+01
   6  1.578e+02  2.061e+02  2.021e+00  4.922e+01  1.000e-09  1.000e-09  0.2500  5.581e-03  0.000e+00  2.016e+00  1.047e+01  1.055e+01  9.330e+00  6.001e+00
   7  1.472e+02  1.782e+02  2.603e+00  2.986e+01  1.000e-09  1.000e-09  0.5000  7.952e-03  0.000e+00  2.595e+00  1.020e+01  1.065e+01  6.725e+00  3.705e+00
   8  1.454e+02  1.575e+02  2.031e+00  7.195e+00  1.000e-09  1.000e-09  1.0000  7.199e-03  0.000e+00  2.024e+00  6.317e-01  1.780e+00  4.045e+00  5.193e+00
   9  1.479e+02  1.480e+02  2.116e-02  1.831e+00  1.000e-09  1.000e-09  1.0000  2.565e-03  0.000e+00  1.860e-02 -2.468e+00 -2.557e+00  3.531e+00  3.442e+00
iter    cost       merit      stop      |grad|      preg       dreg      step   ||ffeas||  ||gfeas||  ||hfeas||   dV-exp       dV      dPhi-exp     dPhi
  10  1.478e+02  1.478e+02  5.572e-03  4.729e-01  1.000e-09  1.000e-09  1.0000  5.980e-04  0.000e+00  4.974e-03  1.629e-01  1.900e-01  3.343e-01  3.614e-01
  11  1.479e+02  1.479e+02  3.379e-03  8.149e-02  1.000e-09  1.000e-09  1.0000  3.713e-04  0.000e+00  3.007e-03 -7.951e-02 -9.434e-02 -6.745e-02 -8.229e-02
  12  1.478e+02  1.478e+02  2.871e-03  1.916e-01  1.000e-09  1.000e-09  1.0000  3.197e-04  0.000e+00  2.551e-03  1.701e-02  3.121e-02  2.067e-02  3.487e-02
  13  1.479e+02  1.479e+02  2.217e-03  6.480e-02  1.000e-09  1.000e-09  1.0000  2.439e-04  0.000e+00  1.973e-03 -4.227e-02 -4.992e-02 -3.992e-02 -4.757e-02
  14  1.479e+02  1.479e+02  1.889e-03  1.191e-01  1.000e-09  1.000e-09  1.0000  2.104e-04  0.000e+00  1.679e-03  7.544e-03  1.520e-02  9.138e-03  1.680e-02
  15  1.479e+02  1.479e+02  1.507e-03  5.016e-02  1.000e-09  1.000e-09  1.0000  1.659e-04  0.000e+00  1.341e-03 -2.354e-02 -2.772e-02 -2.261e-02 -2.679e-02
  16  1.479e+02  1.479e+02  1.293e-03  7.811e-02  1.000e-09  1.000e-09  1.0000  1.438e-04  0.000e+00  1.149e-03  3.347e-03  7.748e-03  4.027e-03  8.428e-03
  17  1.479e+02  1.479e+02  1.053e-03  3.801e-02  1.000e-09  1.000e-09  1.0000  1.160e-04  0.000e+00  9.365e-04 -1.403e-02 -1.641e-02 -1.365e-02 -1.603e-02
  18  1.479e+02  1.479e+02  9.063e-04  5.296e-02  1.000e-09  1.000e-09  1.0000  1.008e-04  0.000e+00  8.055e-04  1.351e-03  3.983e-03  1.619e-03  4.251e-03
  19  1.479e+02  1.479e+02  7.481e-04  2.860e-02  1.000e-09  1.000e-09  1.0000  8.253e-05  0.000e+00  6.656e-04 -8.742e-03 -1.012e-02 -8.597e-03 -9.977e-03
iter    cost       merit      stop      |grad|      preg       dreg      step   ||ffeas||  ||gfeas||  ||hfeas||   dV-exp       dV      dPhi-exp     dPhi
  20  1.479e+02  1.479e+02  6.455e-04  3.669e-02  1.000e-09  1.000e-09  1.0000  7.175e-05  0.000e+00  5.738e-04  3.859e-04  2.002e-03  4.614e-04  2.078e-03
  21  1.479e+02  1.479e+02  5.379e-04  2.145e-02  1.000e-09  1.000e-09  1.0000  5.938e-05  0.000e+00  4.785e-04 -5.615e-03 -6.426e-03 -5.576e-03 -6.387e-03
  22  1.479e+02  1.479e+02  4.647e-04  2.581e-02  1.000e-09  1.000e-09  1.0000  5.162e-05  0.000e+00  4.130e-04 -6.734e-05  9.451e-04 -5.385e-05  9.586e-04
  23  1.479e+02  1.479e+02  3.898e-04  1.606e-02  1.000e-09  1.000e-09  1.0000  4.306e-05  0.000e+00  3.468e-04 -3.689e-03 -4.168e-03 -3.682e-03 -4.161e-03
  24  1.479e+02  1.479e+02  3.369e-04  1.835e-02  1.000e-09  1.000e-09  1.0000  3.742e-05  0.000e+00  2.995e-04 -2.598e-04  3.837e-04 -2.574e-04  3.861e-04
  25  1.479e+02  1.479e+02  2.841e-04  1.201e-02  1.000e-09  1.000e-09  1.0000  3.139e-05  0.000e+00  2.527e-04 -2.466e-03 -2.748e-03 -2.465e-03 -2.747e-03
  26  1.479e+02  1.479e+02  2.456e-04  1.316e-02  1.000e-09  1.000e-09  1.0000  2.726e-05  0.000e+00  2.183e-04 -3.202e-04  9.361e-05 -3.198e-04  9.405e-05
  27  1.479e+02  1.479e+02  2.079e-04  8.975e-03  1.000e-08  1.000e-08  1.0000  2.298e-05  0.000e+00  1.849e-04 -1.672e-03 -1.837e-03 -1.671e-03 -1.837e-03
  28  1.479e+02  1.479e+02  1.797e-04  9.487e-03  2.000e-09  2.000e-09  1.0000  1.994e-05  0.000e+00  1.597e-04 -3.171e-04 -4.839e-05 -3.170e-04 -4.831e-05
  29  1.479e+02  1.479e+02  1.525e-04  6.698e-03  2.000e-08  2.000e-08  1.0000  1.686e-05  0.000e+00  1.356e-04 -1.146e-03 -1.241e-03 -1.146e-03 -1.241e-03
iter    cost       merit      stop      |grad|      preg       dreg      step   ||ffeas||  ||gfeas||  ||hfeas||   dV-exp       dV      dPhi-exp     dPhi
  30  1.479e+02  1.479e+02  1.318e-04  6.870e-03  4.000e-09  4.000e-09  1.0000  1.461e-05  0.000e+00  1.171e-04 -2.849e-04 -1.090e-04 -2.849e-04 -1.090e-04
  31  1.479e+02  1.479e+02  1.121e-04  4.995e-03  1.000e-09  1.000e-09  1.0000  1.240e-05  0.000e+00  9.971e-05 -7.932e-04 -8.472e-04 -7.931e-04 -8.472e-04
  32  1.479e+02  1.479e+02  9.683e-05  4.998e-03  1.000e-09  1.000e-09  1.0000  1.074e-05  0.000e+00  8.609e-05 -2.410e-04 -1.249e-04 -2.410e-04 -1.249e-04
*** SOLVE (HybridShoot: 33) ***
iter    cost       merit      stop      |grad|      preg       dreg      step   ||ffeas||  ||gfeas||  ||hfeas||   dV-exp       dV      dPhi-exp     dPhi
   0  2.271e+02  3.873e+02  3.133e-01  1.619e+02  1.000e-09  1.000e-09  0.0625  8.793e-04  0.000e+00  1.560e-01  9.766e+00  9.753e+00  6.138e+00 -4.829e+01
   1  2.183e+02  3.858e+02  2.935e-01  1.463e+02  1.000e-09  1.000e-09  0.0625  1.652e-03  0.000e+00  2.839e-01  8.824e+00  8.811e+00  4.107e+00 -6.667e+01
   2  2.104e+02  3.248e+02  3.904e-01  1.322e+02  1.000e-09  1.000e-09  0.0625  2.326e-03  0.000e+00  3.881e-01  7.970e+00  7.957e+00  6.051e+00 -2.276e+01
   3  1.965e+02  3.444e+02  7.765e-01  1.193e+02  1.000e-09  1.000e-09  0.1250  4.951e-03  0.000e+00  7.715e-01  1.386e+01  1.383e+01  4.674e+00 -5.970e+01
   4  1.853e+02  2.825e+02  1.020e+00  9.679e+01  1.000e-09  1.000e-09  0.1250  6.908e-03  0.000e+00  1.013e+00  1.124e+01  1.120e+01  8.336e+00 -1.202e+01
   5  1.686e+02  2.563e+02  1.841e+00  7.822e+01  1.000e-09  1.000e-09  0.2500  1.424e-02  0.000e+00  1.826e+00  1.674e+01  1.670e+01  6.979e+00 -2.235e+01
   6  1.582e+02  2.066e+02  2.034e+00  4.954e+01  1.000e-09  1.000e-09  0.2500  1.773e-02  0.000e+00  2.016e+00  1.054e+01  1.049e+01  9.391e+00  5.889e+00
   7  1.477e+02  1.789e+02  2.626e+00  3.023e+01  1.000e-09  1.000e-09  0.5000  3.052e-02  0.000e+00  2.596e+00  1.036e+01  1.047e+01  6.838e+00  3.420e+00
   8  1.460e+02  1.583e+02  2.069e+00  7.725e+00  1.000e-09  1.000e-09  1.0000  4.585e-02  0.000e+00  2.024e+00  1.120e+00  1.710e+00  4.432e+00  5.023e+00
   9  1.481e+02  1.482e+02  4.877e-02  1.303e+00  1.000e-09  1.000e-09  1.0000  1.340e-02  0.000e+00  3.537e-02 -1.883e+00 -2.104e+00  4.130e+00  3.909e+00
iter    cost       merit      stop      |grad|      preg       dreg      step   ||ffeas||  ||gfeas||  ||hfeas||   dV-exp       dV      dPhi-exp     dPhi
  10  1.479e+02  1.479e+02  7.923e-03  6.052e-01  1.000e-09  1.000e-09  1.0000  2.968e-03  0.000e+00  4.955e-03  2.938e-01  2.222e-01  6.454e-01  5.737e-01
  11  1.478e+02  1.478e+02  5.072e-03  1.786e-01  1.000e-09  1.000e-09  0.5000  1.859e-03  0.000e+00  3.213e-03  5.013e-02  3.392e-02  5.626e-02  4.619e-02
  12  1.479e+02  1.479e+02  5.974e-04  8.817e-02  1.000e-09  1.000e-09  1.0000  8.227e-06  0.000e+00  5.008e-05 -8.897e-02 -8.927e-02 -7.818e-02 -7.849e-02
  13  1.479e+02  1.479e+02  2.696e-05  1.389e-03  1.000e-09  1.000e-09  1.0000  8.776e-06  0.000e+00  1.818e-05  2.816e-04 -7.558e-05  4.979e-04  1.407e-04
step integration (guess):  0.01
step integration (optimal):  0.006091097194618055
Target CoM position =  [0.0867 0.001  0.5155]
Reached CoM position =  [0.0867 0.001  0.5155]
