*** biped gait friction and inertial parameter estimation (fwddyn) ***
iter    cost       merit      stop      |grad|      preg       dreg      step   ||ffeas||  ||gfeas||  ||hfeas||   dV-exp       dV      dPhi-exp     dPhi
   0  1.193e-03  1.193e-03  2.062e-04  0.000e+00  1.000e-09  1.000e-09  1.0000  0.000e+00  0.000e+00  0.000e+00 -2.064e-04 -1.193e-03 -2.064e-04 -1.193e-03
   1  1.701e-04  1.701e-04  1.024e-03  2.043e-03  1.000e-08  1.000e-08  1.0000  0.000e+00  0.000e+00  0.000e+00  1.024e-03  1.023e-03  1.024e-03  1.023e-03
   2  1.689e-04  1.689e-04  1.934e-06  3.315e-06  1.000e-07  1.000e-07  1.0000  0.000e+00  0.000e+00  0.000e+00  1.935e-06  1.188e-06  1.935e-06  1.188e-06
   3  1.687e-04  1.687e-04  5.014e-07  1.210e-06  1.000e-06  1.000e-06  0.5000  0.000e+00  0.000e+00  0.000e+00  4.280e-07  1.652e-07  4.280e-07  1.652e-07
   4  1.686e-04  1.686e-04  4.235e-07  7.565e-07  1.000e-05  1.000e-05  0.5000  0.000e+00  0.000e+00  0.000e+00  2.950e-07  1.022e-07  2.950e-07  1.022e-07
   5  1.686e-04  1.686e-04  3.139e-07  5.376e-07  1.000e-04  1.000e-04  0.5000  0.000e+00  0.000e+00  0.000e+00  2.129e-07  4.460e-08  2.129e-07  4.460e-08
   6  1.684e-04  1.684e-04  1.972e-07  2.885e-07  1.000e-03  1.000e-03  1.0000  0.000e+00  0.000e+00  0.000e+00  1.972e-07  1.586e-07  1.972e-07  1.586e-07
   7  1.683e-04  1.683e-04  1.232e-07  1.295e-07  1.000e-02  1.000e-02  1.0000  0.000e+00  0.000e+00  0.000e+00  1.232e-07  1.220e-07  1.232e-07  1.220e-07
   8  1.677e-04  1.677e-04  5.922e-07  6.430e-07  1.000e-01  1.000e-01  1.0000  0.000e+00  0.000e+00  0.000e+00  5.923e-07  5.920e-07  5.923e-07  5.920e-07
   9  1.671e-04  1.671e-04  5.835e-07  6.394e-07  1.000e+00  1.000e+00  1.0000  0.000e+00  0.000e+00  0.000e+00  5.836e-07  5.847e-07  5.836e-07  5.847e-07
iter    cost       merit      stop      |grad|      preg       dreg      step   ||ffeas||  ||gfeas||  ||hfeas||   dV-exp       dV      dPhi-exp     dPhi
  10  1.670e-04  1.670e-04  1.044e-07  1.068e-07  1.000e+01  1.000e+01  1.0000  0.000e+00  0.000e+00  0.000e+00  1.044e-07  1.047e-07  1.044e-07  1.047e-07
  11  1.670e-04  1.670e-04  1.123e-08  1.126e-08  1.000e+02  1.000e+02  1.0000  0.000e+00  0.000e+00  0.000e+00  1.123e-08  1.126e-08  1.123e-08  1.126e-08

Estimated vs. ground-truth inertial parameters:
  body 1: mass est=13.8027  gt=13.5381
  body 2: mass est=1.7798  gt=1.8857
  body 3: mass est=2.2739  gt=2.3761
  body 4: mass est=6.7023  gt=6.8273
  body 5: mass est=3.8025  gt=3.6367
  body 6: mass est=1.2252  gt=1.2443
  body 7: mass est=1.6608  gt=1.6146
  body 8: mass est=1.7807  gt=1.8857
  body 9: mass est=2.2724  gt=2.3761
  body 10: mass est=6.7097  gt=6.8273
  body 11: mass est=3.8384  gt=3.6367
  body 12: mass est=1.2258  gt=1.2443
  body 13: mass est=1.6394  gt=1.6146

Estimated vs. ground-truth friction parameters:
  leg_left_1_joint: coulomb est=0.1154 gt=0.1500, sharpness est=7.4832 gt=10.0000, viscous est=0.1430 gt=0.2000
  leg_left_2_joint: coulomb est=0.1097 gt=0.1500, sharpness est=7.1577 gt=10.0000, viscous est=0.1415 gt=0.2000
  leg_left_3_joint: coulomb est=0.1074 gt=0.1500, sharpness est=7.0234 gt=10.0000, viscous est=0.1477 gt=0.2000
  leg_left_4_joint: coulomb est=0.1280 gt=0.1500, sharpness est=7.1015 gt=10.0000, viscous est=0.1560 gt=0.2000
  leg_left_5_joint: coulomb est=0.1140 gt=0.1500, sharpness est=7.0073 gt=10.0000, viscous est=0.1757 gt=0.2000
  leg_left_6_joint: coulomb est=0.1645 gt=0.1500, sharpness est=8.4444 gt=10.0000, viscous est=0.1526 gt=0.2000
  leg_right_1_joint: coulomb est=0.1118 gt=0.1500, sharpness est=7.3013 gt=10.0000, viscous est=0.1422 gt=0.2000
  leg_right_2_joint: coulomb est=0.1105 gt=0.1500, sharpness est=7.2441 gt=10.0000, viscous est=0.1417 gt=0.2000
  leg_right_3_joint: coulomb est=0.1095 gt=0.1500, sharpness est=6.9830 gt=10.0000, viscous est=0.1503 gt=0.2000
  leg_right_4_joint: coulomb est=0.1367 gt=0.1500, sharpness est=7.1605 gt=10.0000, viscous est=0.1620 gt=0.2000
  leg_right_5_joint: coulomb est=0.1181 gt=0.1500, sharpness est=7.0295 gt=10.0000, viscous est=0.1624 gt=0.2000
  leg_right_6_joint: coulomb est=0.1635 gt=0.1500, sharpness est=8.8387 gt=10.0000, viscous est=0.1498 gt=0.2000
