*** manipulator inertial parameter estimation (invdyn) ***
iter    cost       merit      stop      |grad|      preg       dreg      step   ||ffeas||  ||gfeas||  ||hfeas||   dV-exp       dV      dPhi-exp     dPhi
   0  8.143e-02  8.143e-02  4.346e+01  2.290e-20  1.000e-09  1.000e-09  1.0000  0.000e+00  0.000e+00  4.346e+01 -8.143e-02 -8.143e-02 -8.143e-02 -8.143e-02
   1  5.404e-03  3.528e-02  1.196e+01  1.606e-01  1.000e-09  1.000e-09  1.0000  0.000e+00  0.000e+00  1.196e+01  7.603e-02  7.603e-02  1.548e-01  1.548e-01
   2  9.807e-03  1.472e-02  3.935e+00  2.067e-03  1.000e-09  1.000e-09  1.0000  0.000e+00  0.000e+00  3.935e+00 -4.403e-03 -4.403e-03  5.620e-03  5.620e-03
   3  1.524e-02  1.587e-02  1.015e+00  2.623e-03  1.000e-08  1.000e-08  1.0000  0.000e+00  0.000e+00  1.015e+00 -5.433e-03 -5.433e-03 -3.609e-03 -3.609e-03
   4  1.644e-02  1.656e-02  3.813e-01  3.675e-03  1.000e-07  1.000e-07  1.0000  0.000e+00  0.000e+00  3.813e-01 -1.202e-03 -1.202e-03 -1.004e-03 -1.004e-03
   5  8.461e-03  2.243e-02  3.868e-01  2.229e-02  1.000e-06  1.000e-06  0.5000  2.290e-17  0.000e+00  3.868e-01  7.981e-03  7.981e-03  7.882e-03  7.783e-03
   6  1.102e-02  2.030e-02  5.140e-01  7.385e-04  1.000e-05  1.000e-05  1.0000  0.000e+00  0.000e+00  5.140e-01 -2.561e-03 -2.561e-03 -4.856e-03 -4.856e-03
   7  5.821e-03  1.775e-02  6.029e-01  1.368e-02  1.000e-04  1.000e-04  0.5000  1.984e-17  0.000e+00  6.029e-01  5.200e-03  5.200e-03  4.321e-03  3.441e-03
   8  4.736e-03  8.152e-03  3.454e-01  2.215e-03  1.000e-03  1.000e-03  1.0000  0.000e+00  0.000e+00  3.454e-01  1.086e-03  1.086e-03  3.633e-03  3.633e-03
   9  5.056e-03  6.312e-03  2.541e-01  4.618e-04  1.000e-02  1.000e-02  1.0000  0.000e+00  0.000e+00  2.541e-01 -3.202e-04 -3.202e-04  1.314e-04  1.314e-04
iter    cost       merit      stop      |grad|      preg       dreg      step   ||ffeas||  ||gfeas||  ||hfeas||   dV-exp       dV      dPhi-exp     dPhi
  10  5.026e-03  5.373e-03  1.401e-01  6.224e-04  1.000e-01  1.000e-01  1.0000  0.000e+00  0.000e+00  1.401e-01  2.936e-05  2.936e-05  3.112e-04  3.112e-04
  11  6.112e-03  6.290e-03  1.444e-01  4.116e-04  1.000e+00  1.000e+00  1.0000  0.000e+00  0.000e+00  1.444e-01 -1.085e-03 -1.085e-03 -1.091e-03 -1.091e-03
  12  6.408e-03  6.443e-03  5.674e-02  2.609e-04  1.000e+01  1.000e+01  1.0000  0.000e+00  0.000e+00  5.674e-02 -2.959e-04 -2.959e-04 -2.417e-04 -2.417e-04
  13  7.803e-03  7.805e-03  7.740e-03  1.135e-03  1.000e+02  1.000e+02  1.0000  0.000e+00  0.000e+00  7.740e-03 -1.396e-03 -1.396e-03 -1.380e-03 -1.380e-03
  14  8.074e-03  8.074e-03  4.066e-04  2.644e-04  1.000e+03  1.000e+03  1.0000  0.000e+00  0.000e+00  4.066e-04 -2.713e-04 -2.713e-04 -2.701e-04 -2.701e-04
  15  8.089e-03  8.089e-03  1.446e-05  1.456e-05  1.000e+04  1.000e+04  1.0000  0.000e+00  0.000e+00  4.175e-07 -1.458e-05 -1.458e-05 -1.454e-05 -1.454e-05
  16  8.089e-03  8.089e-03  1.185e-08  1.195e-08  1.000e+05  1.000e+05  1.0000  0.000e+00  0.000e+00  6.233e-13 -1.195e-08 -1.195e-08 -1.193e-08 -1.193e-08

Estimated vs. ground-truth inertial parameters:
  body 1: mass est=0.5316  gt=0.7477
  body 2: mass est=0.6526  gt=0.9900
  body 3: mass est=0.6135  gt=0.6763
  body 4: mass est=0.2986  gt=0.4630
  body 5: mass est=0.3790  gt=0.4630
  body 6: mass est=1.1432  gt=1.0300

Estimated vs. ground-truth friction parameters:
  j2s6s200_joint_1: coulomb est=0.0685 gt=0.1500, sharpness est=1.6596 gt=3.0000, viscous est=0.0930 gt=0.2000
  j2s6s200_joint_2: coulomb est=0.1040 gt=0.1500, sharpness est=2.0887 gt=3.0000, viscous est=0.1388 gt=0.2000
  j2s6s200_joint_3: coulomb est=0.1007 gt=0.1500, sharpness est=2.0270 gt=3.0000, viscous est=0.1358 gt=0.2000
  j2s6s200_joint_4: coulomb est=0.0891 gt=0.1500, sharpness est=2.3538 gt=3.0000, viscous est=0.1107 gt=0.2000
  j2s6s200_joint_5: coulomb est=0.1042 gt=0.1500, sharpness est=2.0820 gt=3.0000, viscous est=0.1393 gt=0.2000
  j2s6s200_joint_6: coulomb est=0.0406 gt=0.1500, sharpness est=3.5251 gt=3.0000, viscous est=0.0335 gt=0.2000
