*** manipulator inertial parameter estimation (fwddyn) ***
iter    cost       merit      stop      |grad|      preg       dreg      step   ||ffeas||  ||gfeas||  ||hfeas||   dV-exp       dV      dPhi-exp     dPhi
   0  2.655e+02  2.655e+02  1.780e+02  6.053e+01  1.000e-09  1.000e-09  1.0000  1.780e+02  0.000e+00  0.000e+00 -1.994e+02 -2.352e+02 -1.994e+02 -2.352e+02
   1  7.258e+00  1.687e+01  3.087e+01  5.147e+02  1.000e-09  1.000e-09  1.0000  4.697e+00  0.000e+00  0.000e+00  2.549e+02  2.582e+02  6.095e+02  6.128e+02
   2  1.215e-01  1.885e+00  6.426e+00  1.443e+01  1.000e-09  1.000e-09  1.0000  8.048e-01  0.000e+00  0.000e+00  7.206e+00  7.136e+00  1.574e+01  1.567e+01
   3  2.354e-01  7.291e-01  4.505e-01  2.071e-01  1.000e-09  1.000e-09  0.5000  4.505e-01  0.000e+00  0.000e+00  6.950e-02 -1.140e-01  2.636e-01  2.742e-01
   4  2.883e-02  1.954e-01  2.679e-01  4.009e-01  1.000e-09  1.000e-09  1.0000  2.679e-01  0.000e+00  0.000e+00  1.961e-01  2.066e-01  3.097e-01  3.202e-01
   5  1.062e-02  9.005e-02  2.555e-01  4.119e-02  1.000e-09  1.000e-09  1.0000  2.555e-01  0.000e+00  0.000e+00  2.165e-02  1.821e-02  2.551e-02  2.208e-02
   6  6.908e-03  3.627e-02  1.889e-01  1.337e-02  1.000e-09  1.000e-09  0.5000  1.889e-01  0.000e+00  0.000e+00  4.202e-03  3.710e-03  9.380e-03  1.407e-02
   7  4.619e-03  1.216e-02  9.704e-02  7.619e-03  1.000e-09  1.000e-09  1.0000  9.704e-02  0.000e+00  0.000e+00  3.265e-03  2.289e-03  1.040e-02  9.427e-03
   8  2.976e-03  5.726e-03  7.078e-02  5.353e-03  1.000e-08  1.000e-08  0.5000  7.078e-02  0.000e+00  0.000e+00  1.859e-03  1.643e-03  2.369e-03  2.664e-03
   9  1.926e-03  3.583e-03  6.218e-02  2.910e-03  1.000e-07  1.000e-07  1.0000  6.218e-02  0.000e+00  0.000e+00  1.321e-03  1.050e-03  1.550e-03  1.279e-03
iter    cost       merit      stop      |grad|      preg       dreg      step   ||ffeas||  ||gfeas||  ||hfeas||   dV-exp       dV      dPhi-exp     dPhi
  10  3.999e-03  4.784e-03  5.888e-02  1.063e-03  1.000e-06  1.000e-06  1.0000  5.888e-02  0.000e+00  0.000e+00 -1.895e-03 -2.074e-03 -1.851e-03 -2.030e-03
  11  3.517e-03  4.006e-03  4.266e-02  2.617e-03  1.000e-05  1.000e-05  0.5000  4.266e-02  0.000e+00  0.000e+00  7.724e-04  4.826e-04  8.655e-04  6.687e-04
  12  2.950e-03  3.535e-03  3.346e-02  2.342e-03  1.000e-04  1.000e-04  0.5000  3.346e-02  0.000e+00  0.000e+00  7.157e-04  5.664e-04  7.960e-04  7.269e-04
  13  3.674e-03  3.815e-03  1.608e-02  1.972e-04  1.000e-03  1.000e-03  1.0000  1.608e-02  0.000e+00  0.000e+00 -7.663e-04 -7.237e-04 -6.146e-04 -5.720e-04
  14  3.796e-03  3.866e-03  1.592e-02  2.667e-04  1.000e-02  1.000e-02  1.0000  1.592e-02  0.000e+00  0.000e+00 -5.881e-05 -1.223e-04 -5.809e-05 -1.215e-04
  15  3.876e-03  3.882e-03  2.750e-03  1.056e-04  1.000e-01  1.000e-01  1.0000  2.750e-03  0.000e+00  0.000e+00 -7.265e-05 -7.980e-05 -4.392e-05 -5.107e-05
  16  4.051e-03  4.051e-03  1.742e-04  1.637e-04  1.000e+00  1.000e+00  1.0000  5.239e-06  0.000e+00  0.000e+00 -1.750e-04 -1.749e-04 -1.720e-04 -1.720e-04
  17  4.050e-03  4.050e-03  1.099e-06  1.116e-06  1.000e+01  1.000e+01  1.0000  1.535e-08  0.000e+00  0.000e+00  1.103e-06  1.103e-06  2.674e-06  2.674e-06
  18  4.050e-03  4.050e-03  1.852e-07  1.861e-07  1.000e+02  1.000e+02  1.0000  1.501e-10  0.000e+00  0.000e+00  1.860e-07  1.860e-07  1.906e-07  1.906e-07
  19  4.050e-03  4.050e-03  1.854e-08  1.862e-08  1.000e+03  1.000e+03  1.0000  1.508e-12  0.000e+00  0.000e+00  1.862e-08  1.862e-08  1.866e-08  1.866e-08
iter    cost       merit      stop      |grad|      preg       dreg      step   ||ffeas||  ||gfeas||  ||hfeas||   dV-exp       dV      dPhi-exp     dPhi
  20  4.050e-03  4.050e-03  1.854e-09  1.862e-09  1.000e+04  1.000e+04  1.0000  1.508e-14  0.000e+00  0.000e+00  1.862e-09  1.862e-09  1.862e-09  1.862e-09

Estimated vs. ground-truth inertial parameters:
  body 1: mass est=0.5234  gt=0.7477
  body 2: mass est=0.4718  gt=0.9900
  body 3: mass est=0.4971  gt=0.6763
  body 4: mass est=0.3498  gt=0.4630
  body 5: mass est=0.3402  gt=0.4630
  body 6: mass est=1.1620  gt=1.0300

Estimated vs. ground-truth friction parameters:
  j2s6s200_joint_1: coulomb est=0.0974 gt=0.1500, sharpness est=2.0095 gt=3.0000, viscous est=0.1314 gt=0.2000
  j2s6s200_joint_2: coulomb est=0.1094 gt=0.1500, sharpness est=2.1412 gt=3.0000, viscous est=0.1450 gt=0.2000
  j2s6s200_joint_3: coulomb est=0.1052 gt=0.1500, sharpness est=2.1034 gt=3.0000, viscous est=0.1402 gt=0.2000
  j2s6s200_joint_4: coulomb est=0.0972 gt=0.1500, sharpness est=2.0874 gt=3.0000, viscous est=0.1279 gt=0.2000
  j2s6s200_joint_5: coulomb est=0.1049 gt=0.1500, sharpness est=2.0937 gt=3.0000, viscous est=0.1401 gt=0.2000
  j2s6s200_joint_6: coulomb est=0.0805 gt=0.1500, sharpness est=2.2236 gt=3.0000, viscous est=0.0959 gt=0.2000
