*** quadrotor inertial parameter estimation (fwddyn) ***
iter    cost       merit      stop      |grad|      preg       dreg      step   ||ffeas||  ||gfeas||  ||hfeas||   dV-exp       dV      dPhi-exp     dPhi
   0  1.389e-06  1.389e-06  1.869e+00  0.000e+00  1.000e-09  1.000e-09  0.0625  1.869e+00  0.000e+00  0.000e+00 -3.678e-07 -1.389e-06 -3.678e-07 -1.389e-06
   1  4.846e-06  4.846e-06  1.752e+00  9.415e-06  1.000e-09  1.000e-09  0.0625  1.752e+00  0.000e+00  0.000e+00 -9.273e-07 -3.457e-06 -9.273e-07 -3.457e-06
   2  2.877e-05  2.877e-05  1.533e+00  1.451e-05  1.000e-09  1.000e-09  0.1250  1.533e+00  0.000e+00  0.000e+00 -3.085e-06 -2.393e-05 -3.085e-06 -2.393e-05
   3  2.876e-05  2.876e-05  1.527e+00  9.130e-06  1.000e-09  1.000e-09  0.0039  1.527e+00  0.000e+00  0.000e+00  3.434e-08  9.934e-09  3.434e-08  9.934e-09
   4  2.875e-05  2.875e-05  1.521e+00  8.430e-06  1.000e-09  1.000e-09  0.0039  1.521e+00  0.000e+00  0.000e+00  3.162e-08  7.454e-09  3.162e-08  7.454e-09
   5  2.875e-05  2.875e-05  1.515e+00  7.737e-06  1.000e-09  1.000e-09  0.0039  1.515e+00  0.000e+00  0.000e+00  2.891e-08  4.996e-09  2.891e-08  4.996e-09
   6  2.875e-05  2.875e-05  1.509e+00  7.049e-06  1.000e-09  1.000e-09  0.0039  1.509e+00  0.000e+00  0.000e+00  2.623e-08  2.559e-09  2.623e-08  2.559e-09
   7  2.875e-05  2.875e-05  1.504e+00  6.367e-06  1.000e-09  1.000e-09  0.0039  1.504e+00  0.000e+00  0.000e+00  2.358e-08  1.433e-10  2.358e-08  1.433e-10
   8  2.874e-05  2.874e-05  1.501e+00  5.692e-06  1.000e-09  1.000e-09  0.0020  1.501e+00  0.000e+00  0.000e+00  1.080e-08  4.985e-09  1.080e-08  4.985e-09
   9  2.874e-05  2.874e-05  1.498e+00  5.345e-06  1.000e-09  1.000e-09  0.0020  1.498e+00  0.000e+00  0.000e+00  1.012e-08  4.339e-09  1.012e-08  4.339e-09
iter    cost       merit      stop      |grad|      preg       dreg      step   ||ffeas||  ||gfeas||  ||hfeas||   dV-exp       dV      dPhi-exp     dPhi
  10  2.873e-05  2.873e-05  1.495e+00  5.000e-06  1.000e-09  1.000e-09  0.0020  1.495e+00  0.000e+00  0.000e+00  9.446e-09  3.695e-09  9.446e-09  3.695e-09
  11  2.873e-05  2.873e-05  1.492e+00  4.656e-06  1.000e-09  1.000e-09  0.0020  1.492e+00  0.000e+00  0.000e+00  8.776e-09  3.055e-09  8.776e-09  3.055e-09
  12  2.873e-05  2.873e-05  1.489e+00  4.314e-06  1.000e-09  1.000e-09  0.0020  1.489e+00  0.000e+00  0.000e+00  8.109e-09  2.418e-09  8.109e-09  2.418e-09
  13  2.873e-05  2.873e-05  1.486e+00  3.974e-06  1.000e-09  1.000e-09  0.0020  1.486e+00  0.000e+00  0.000e+00  7.445e-09  1.784e-09  7.445e-09  1.784e-09
  14  2.873e-05  2.873e-05  1.483e+00  3.635e-06  1.000e-09  1.000e-09  0.0020  1.483e+00  0.000e+00  0.000e+00  6.785e-09  1.152e-09  6.785e-09  1.152e-09
  15  2.872e-05  2.872e-05  1.480e+00  3.298e-06  1.000e-09  1.000e-09  0.0020  1.480e+00  0.000e+00  0.000e+00  6.127e-09  5.236e-10  6.127e-09  5.236e-10
  16  2.872e-05  2.872e-05  1.480e+00  2.962e-06  1.000e-09  1.000e-09  0.0020  1.480e+00  0.000e+00  0.000e+00  5.472e-09 -1.020e-10  5.472e-09 -1.020e-10
  17  2.872e-05  2.872e-05  1.480e+00  2.962e-06  1.000e-08  1.000e-08  0.0020  1.480e+00  0.000e+00  0.000e+00  5.472e-09 -1.020e-10  5.472e-09 -1.020e-10
  18  2.872e-05  2.872e-05  1.480e+00  2.962e-06  1.000e-07  1.000e-07  0.0020  1.480e+00  0.000e+00  0.000e+00  5.472e-09 -1.022e-10  5.472e-09 -1.022e-10
  19  2.872e-05  2.872e-05  1.480e+00  2.961e-06  1.000e-06  1.000e-06  0.0020  1.480e+00  0.000e+00  0.000e+00  5.470e-09 -1.040e-10  5.470e-09 -1.040e-10
iter    cost       merit      stop      |grad|      preg       dreg      step   ||ffeas||  ||gfeas||  ||hfeas||   dV-exp       dV      dPhi-exp     dPhi
  20  2.872e-05  2.872e-05  1.480e+00  2.952e-06  1.000e-05  1.000e-05  0.0020  1.480e+00  0.000e+00  0.000e+00  5.452e-09 -1.220e-10  5.452e-09 -1.220e-10
  21  2.872e-05  2.872e-05  1.480e+00  2.859e-06  1.000e-04  1.000e-04  0.0020  1.480e+00  0.000e+00  0.000e+00  5.271e-09 -3.018e-10  5.271e-09 -3.018e-10
  22  2.872e-05  2.872e-05  1.480e+00  1.944e-06  1.000e-03  1.000e-03  0.0020  1.480e+00  0.000e+00  0.000e+00  3.487e-09 -2.075e-09  3.487e-09 -2.075e-09
  23  3.039e-05  3.039e-05  1.434e+00  6.446e-06  1.000e-02  1.000e-02  0.0312  1.434e+00  0.000e+00  0.000e+00 -2.744e-07 -1.665e-06 -2.744e-07 -1.665e-06
  24  3.660e-05  3.660e-05  1.344e+00  8.526e-06  1.000e-02  1.000e-02  0.0625  1.344e+00  0.000e+00  0.000e+00 -8.145e-07 -6.212e-06 -8.145e-07 -6.212e-06
  25  4.245e-05  4.245e-05  1.260e+00  7.424e-06  1.000e-02  1.000e-02  0.0625  1.260e+00  0.000e+00  0.000e+00 -7.342e-07 -5.844e-06 -7.342e-07 -5.844e-06
  26  4.389e-05  4.389e-05  1.221e+00  6.456e-06  1.000e-02  1.000e-02  0.0312  1.221e+00  0.000e+00  0.000e+00 -2.665e-07 -1.449e-06 -2.665e-07 -1.449e-06
  27  4.913e-05  4.913e-05  1.145e+00  8.343e-06  1.000e-02  1.000e-02  0.0625  1.145e+00  0.000e+00  0.000e+00 -7.707e-07 -5.234e-06 -7.707e-07 -5.234e-06
  28  5.392e-05  5.392e-05  1.073e+00  7.750e-06  1.000e-02  1.000e-02  0.0625  1.073e+00  0.000e+00  0.000e+00 -7.222e-07 -4.797e-06 -7.222e-07 -4.797e-06
  29  5.830e-05  5.830e-05  1.006e+00  7.479e-06  1.000e-02  1.000e-02  0.0625  1.006e+00  0.000e+00  0.000e+00 -6.936e-07 -4.374e-06 -6.936e-07 -4.374e-06
iter    cost       merit      stop      |grad|      preg       dreg      step   ||ffeas||  ||gfeas||  ||hfeas||   dV-exp       dV      dPhi-exp     dPhi
  30  6.228e-05  6.228e-05  9.432e-01  7.525e-06  1.000e-02  1.000e-02  0.0625  9.432e-01  0.000e+00  0.000e+00 -6.847e-07 -3.980e-06 -6.847e-07 -3.980e-06
  31  7.597e-05  7.597e-05  8.253e-01  7.856e-06  1.000e-02  1.000e-02  0.1250  8.253e-01  0.000e+00  0.000e+00 -1.792e-06 -1.369e-05 -1.792e-06 -1.369e-05
  32  7.597e-05  7.597e-05  8.236e-01  2.726e-06  1.000e-02  1.000e-02  0.0020  8.236e-01  0.000e+00  0.000e+00  5.130e-09  2.619e-09  5.130e-09  2.619e-09
  33  7.597e-05  7.597e-05  8.220e-01  2.523e-06  1.000e-02  1.000e-02  0.0020  8.220e-01  0.000e+00  0.000e+00  4.734e-09  2.235e-09  4.734e-09  2.235e-09
  34  7.597e-05  7.597e-05  8.204e-01  2.320e-06  1.000e-02  1.000e-02  0.0020  8.204e-01  0.000e+00  0.000e+00  4.339e-09  1.854e-09  4.339e-09  1.854e-09
  35  7.596e-05  7.596e-05  8.188e-01  2.119e-06  1.000e-02  1.000e-02  0.0020  8.188e-01  0.000e+00  0.000e+00  3.946e-09  1.474e-09  3.946e-09  1.474e-09
  36  7.596e-05  7.596e-05  8.172e-01  1.919e-06  1.000e-02  1.000e-02  0.0020  8.172e-01  0.000e+00  0.000e+00  3.556e-09  1.096e-09  3.556e-09  1.096e-09
  37  7.596e-05  7.596e-05  8.156e-01  1.719e-06  1.000e-02  1.000e-02  0.0020  8.156e-01  0.000e+00  0.000e+00  3.167e-09  7.206e-10  3.167e-09  7.206e-10
  38  7.596e-05  7.596e-05  8.140e-01  1.521e-06  1.000e-02  1.000e-02  0.0020  8.140e-01  0.000e+00  0.000e+00  2.781e-09  3.468e-10  2.781e-09  3.468e-10
  39  7.596e-05  7.596e-05  8.140e-01  1.324e-06  1.000e-02  1.000e-02  0.0020  8.140e-01  0.000e+00  0.000e+00  2.396e-09 -2.508e-11  2.396e-09 -2.508e-11
iter    cost       merit      stop      |grad|      preg       dreg      step   ||ffeas||  ||gfeas||  ||hfeas||   dV-exp       dV      dPhi-exp     dPhi
  40  1.398e-04  1.398e-04  6.105e-01  5.834e-05  1.000e-01  1.000e-01  0.2500  6.105e-01  0.000e+00  0.000e+00 -1.745e-05 -6.385e-05 -1.745e-05 -6.385e-05
  41  2.841e-03  2.841e-03  7.079e-04  2.642e-04  1.000e+00  1.000e+00  1.0000  0.000e+00  0.000e+00  0.000e+00 -7.099e-04 -2.701e-03 -7.099e-04 -2.701e-03
  42  2.232e-03  2.232e-03  6.077e-04  6.713e-04  1.000e+01  1.000e+01  1.0000  0.000e+00  0.000e+00  0.000e+00  6.090e-04  6.088e-04  6.090e-04  6.088e-04
  43  2.179e-03  2.179e-03  5.297e-05  5.367e-05  1.000e+02  1.000e+02  1.0000  0.000e+00  0.000e+00  0.000e+00  5.308e-05  5.308e-05  5.308e-05  5.308e-05
  44  2.174e-03  2.174e-03  5.222e-06  5.240e-06  1.000e+03  1.000e+03  1.0000  0.000e+00  0.000e+00  0.000e+00  5.234e-06  5.234e-06  5.234e-06  5.234e-06
  45  2.173e-03  2.173e-03  5.215e-07  5.227e-07  1.000e+04  1.000e+04  1.0000  0.000e+00  0.000e+00  0.000e+00  5.226e-07  5.226e-07  5.226e-07  5.226e-07
  46  2.173e-03  2.173e-03  5.214e-08  5.226e-08  1.000e+05  1.000e+05  1.0000  0.000e+00  0.000e+00  0.000e+00  5.226e-08  5.226e-08  5.226e-08  5.226e-08
  47  2.173e-03  2.173e-03  5.214e-09  5.226e-09  1.000e+06  1.000e+06  1.0000  0.000e+00  0.000e+00  0.000e+00  5.226e-09  5.226e-09  5.226e-09  5.226e-09

Estimated vs. ground-truth inertial parameters:
  body 1: mass est=1.4597  gt=1.4770
total-mass error: 0.017348732510896303
