*** quadruped gait friction and inertial parameter estimation (fwddyn) ***
iter    cost       merit      stop      |grad|      preg       dreg      step   ||ffeas||  ||gfeas||  ||hfeas||   dV-exp       dV      dPhi-exp     dPhi
   0  2.625e-04  2.625e-04  7.511e-01  5.356e-07  1.000e-09  1.000e-09  0.2500  7.511e-01  0.000e+00  1.068e-07 -3.644e-05 -2.545e-04 -3.644e-05 -2.545e-04
   1  2.598e-04  2.598e-04  7.276e-01  2.222e-04  1.000e-08  1.000e-08  0.0312  7.276e-01  0.000e+00  1.043e-11  6.416e-06  2.765e-06  6.416e-06  2.765e-06
   2  2.577e-04  2.577e-04  7.049e-01  1.903e-04  1.000e-08  1.000e-08  0.0312  7.049e-01  0.000e+00  9.230e-12  5.448e-06  2.111e-06  5.448e-06  2.111e-06
   3  2.562e-04  2.562e-04  6.829e-01  1.606e-04  1.000e-08  1.000e-08  0.0312  6.829e-01  0.000e+00  8.260e-12  4.548e-06  1.499e-06  4.548e-06  1.499e-06
   4  2.552e-04  2.552e-04  6.615e-01  1.330e-04  1.000e-08  1.000e-08  0.0312  6.615e-01  0.000e+00  7.379e-12  3.713e-06  9.283e-07  3.713e-06  9.283e-07
   5  2.548e-04  2.548e-04  6.409e-01  1.074e-04  1.000e-08  1.000e-08  0.0312  6.409e-01  0.000e+00  6.580e-12  2.939e-06  3.964e-07  2.939e-06  3.964e-07
   6  2.542e-04  2.542e-04  6.309e-01  8.376e-05  1.000e-08  1.000e-08  0.0156  6.309e-01  0.000e+00  3.659e-13  1.210e-06  6.331e-07  1.210e-06  6.331e-07
   7  2.537e-04  2.537e-04  6.210e-01  7.145e-05  1.000e-08  1.000e-08  0.0156  6.210e-01  0.000e+00  3.482e-13  1.021e-06  4.708e-07  1.021e-06  4.708e-07
   8  2.534e-04  2.534e-04  6.113e-01  5.966e-05  1.000e-08  1.000e-08  0.0156  6.113e-01  0.000e+00  3.233e-13  8.392e-07  3.153e-07  8.392e-07  3.153e-07
   9  2.533e-04  2.533e-04  6.017e-01  4.836e-05  1.000e-08  1.000e-08  0.0156  6.017e-01  0.000e+00  3.091e-13  6.656e-07  1.664e-07  6.656e-07  1.664e-07
iter    cost       merit      stop      |grad|      preg       dreg      step   ||ffeas||  ||gfeas||  ||hfeas||   dV-exp       dV      dPhi-exp     dPhi
  10  2.531e-04  2.531e-04  5.970e-01  3.756e-05  1.000e-08  1.000e-08  0.0078  5.970e-01  0.000e+00  7.105e-15  2.716e-07  1.573e-07  2.716e-07  1.573e-07
  11  2.530e-04  2.530e-04  5.924e-01  3.210e-05  1.000e-08  1.000e-08  0.0078  5.924e-01  0.000e+00  2.132e-14  2.293e-07  1.179e-07  2.293e-07  1.179e-07
  12  2.529e-04  2.529e-04  5.877e-01  2.676e-05  1.000e-08  1.000e-08  0.0078  5.877e-01  0.000e+00  2.132e-14  1.879e-07  7.933e-08  1.879e-07  7.933e-08
  13  2.529e-04  2.529e-04  5.832e-01  2.155e-05  1.000e-08  1.000e-08  0.0078  5.832e-01  0.000e+00  2.132e-14  1.475e-07  4.167e-08  1.475e-07  4.167e-08
  14  3.811e-04  3.811e-04  4.374e-01  1.646e-05  1.000e-08  1.000e-08  0.2500  4.374e-01  0.000e+00  1.711e-08 -1.690e-05 -1.282e-04 -1.690e-05 -1.282e-04
  15  3.793e-04  3.793e-04  4.100e-01  1.164e-04  1.000e-07  1.000e-07  0.0625  4.100e-01  0.000e+00  2.258e-11  6.103e-06  1.734e-06  6.103e-06  1.734e-06
  16  3.787e-04  3.787e-04  3.844e-01  8.444e-05  1.000e-07  1.000e-07  0.0625  3.844e-01  0.000e+00  1.753e-11  4.229e-06  6.054e-07  4.229e-06  6.054e-07
  17  1.676e-03  1.676e-03  1.825e-04  5.672e-05  1.000e-07  1.000e-07  1.0000  0.000e+00  0.000e+00  2.132e-14 -1.828e-04 -1.297e-03 -1.828e-04 -1.297e-03
  18  5.418e-04  5.418e-04  1.134e-03  2.270e-03  1.000e-06  1.000e-06  1.0000  0.000e+00  0.000e+00  1.275e-10  1.135e-03  1.134e-03  1.135e-03  1.134e-03
  19  5.404e-04  5.404e-04  1.432e-06  2.862e-06  1.000e-05  1.000e-05  1.0000  0.000e+00  0.000e+00  1.066e-14  1.432e-06  1.385e-06  1.432e-06  1.385e-06
iter    cost       merit      stop      |grad|      preg       dreg      step   ||ffeas||  ||gfeas||  ||hfeas||   dV-exp       dV      dPhi-exp     dPhi
  20  5.404e-04  5.404e-04  4.592e-09  6.799e-09  1.000e-04  1.000e-04  1.0000  0.000e+00  0.000e+00  4.592e-09  3.521e-09  5.803e-10  3.521e-09  5.803e-10

Estimated vs. ground-truth inertial parameters:
  body 1: mass est=17.4162  gt=16.8435
  body 2: mass est=1.3164  gt=1.4246
  body 3: mass est=1.6538  gt=1.6350
  body 4: mass est=0.3132  gt=0.3484
  body 5: mass est=1.3109  gt=1.4246
  body 6: mass est=1.6257  gt=1.6350
  body 7: mass est=0.3085  gt=0.3484
  body 8: mass est=1.3146  gt=1.4246
  body 9: mass est=1.6448  gt=1.6350
  body 10: mass est=0.3139  gt=0.3484
  body 11: mass est=1.3140  gt=1.4246
  body 12: mass est=1.6351  gt=1.6350
  body 13: mass est=0.3083  gt=0.3484

Estimated vs. ground-truth friction parameters:
  LF_HAA: coulomb est=0.1253 gt=0.1500, sharpness est=21.2838 gt=30.0000, viscous est=0.1481 gt=0.2000
  LF_HFE: coulomb est=0.1123 gt=0.1500, sharpness est=20.9963 gt=30.0000, viscous est=0.2084 gt=0.2000
  LF_KFE: coulomb est=0.1373 gt=0.1500, sharpness est=21.6101 gt=30.0000, viscous est=0.2023 gt=0.2000
  LH_HAA: coulomb est=0.1326 gt=0.1500, sharpness est=21.4399 gt=30.0000, viscous est=0.1475 gt=0.2000
  LH_HFE: coulomb est=0.1112 gt=0.1500, sharpness est=20.9927 gt=30.0000, viscous est=0.2094 gt=0.2000
  LH_KFE: coulomb est=0.1299 gt=0.1500, sharpness est=21.0618 gt=30.0000, viscous est=0.2037 gt=0.2000
  RF_HAA: coulomb est=0.1329 gt=0.1500, sharpness est=21.3178 gt=30.0000, viscous est=0.1505 gt=0.2000
  RF_HFE: coulomb est=0.1138 gt=0.1500, sharpness est=21.0002 gt=30.0000, viscous est=0.2097 gt=0.2000
  RF_KFE: coulomb est=0.1314 gt=0.1500, sharpness est=21.0783 gt=30.0000, viscous est=0.2037 gt=0.2000
  RH_HAA: coulomb est=0.1413 gt=0.1500, sharpness est=21.5913 gt=30.0000, viscous est=0.1488 gt=0.2000
  RH_HFE: coulomb est=0.1129 gt=0.1500, sharpness est=21.0143 gt=30.0000, viscous est=0.2088 gt=0.2000
  RH_KFE: coulomb est=0.1338 gt=0.1500, sharpness est=21.2773 gt=30.0000, viscous est=0.2033 gt=0.2000

Parameter constraint violation: equality=4.592e-09, inequality=0.000e+00
